01:26:21 **** Incremental Build of configuration Nios II for project FPGAEncrypt ****
make all 
Info: Building ../FPGAEncrypt_bsp/
C:/intelFPGA_lite/18.1/nios2eds/bin/gnu/H-x86_64-mingw32/bin/make --no-print-directory -C ../FPGAEncrypt_bsp/
[BSP build complete]
Info: Compiling iniche_init.c to obj/default/iniche_init.o
nios2-elf-gcc -xc -MP -MMD -c -I../FPGAEncrypt_bsp//drivers/inc -I../FPGAEncrypt_bsp//drivers/inc/iniche -I../FPGAEncrypt_bsp//iniche/inc -I../FPGAEncrypt_bsp//iniche/src/h -I../FPGAEncrypt_bsp//iniche/src/h/nios2 -I../FPGAEncrypt_bsp//iniche/src/nios2 -I../FPGAEncrypt_bsp//UCOSII/inc -I../FPGAEncrypt_bsp//HAL/inc -I../FPGAEncrypt_bsp/ -I../FPGAEncrypt_bsp//drivers/inc  -pipe -D__hal__ -DALT_NO_INSTRUCTION_EMULATION -DALTERA_TRIPLE_SPEED_MAC -DALT_INICHE -D__ucosii__ -DALTERA_AUTONEG_TIMEOUT_THRESHOLD=2500 -DALTERA_CHECKLINK_TIMEOUT_THRESHOLD=10000 -DALTERA_NOMDIO_TIMEOUT_THRESHOLD=1000000    -O0 -g -Wall   -mno-hw-div -mhw-mul -mno-hw-mulx -mgpopt=global  -o obj/default/iniche_init.o iniche_init.c
iniche_init.c: In function 'tcp_server_send':
iniche_init.c:54:13: warning: unused variable 'sent' [-Wunused-variable]
         int sent = send(client, out, offset, 0);
             ^
iniche_init.c:32:11: warning: unused variable 'err' [-Wunused-variable]
     INT8U err;
           ^
iniche_init.c: In function 'tcp_server_recv':
iniche_init.c:116:9: warning: unused variable 'inst_cont' [-Wunused-variable]
     int inst_cont = 0;
         ^
Info: Linking FPGAEncrypt.elf
nios2-elf-g++  -T'../FPGAEncrypt_bsp//linker.x' -msys-crt0='../FPGAEncrypt_bsp//obj/HAL/src/crt0.o' -msys-lib=ucosii_bsp -L../FPGAEncrypt_bsp/   -Wl,-Map=FPGAEncrypt.map   -O0 -g -Wall   -mno-hw-div -mhw-mul -mno-hw-mulx -mgpopt=global  -o FPGAEncrypt.elf obj/default/alt_error_handler.o obj/default/iniche_init.o obj/default/led.o obj/default/network_utilities.o obj/default/simple_socket_server.o obj/default/tse_my_system.o -lm -msys-lib=m
nios2-elf-insert FPGAEncrypt.elf --thread_model ucosii --cpu_name cpu --qsys true --simulation_enabled false --id 4207856382 --sidp 0x10024b8 --timestamp 1765941175 --stderr_dev jtag_uart --stdin_dev jtag_uart --stdout_dev jtag_uart --sopc_system_name q_sys --quartus_project_dir "C:/vhdl/projetofinal/uprocessador_cyclone" --jdi ../..//output_files/FPGAEncrypt.jdi --sopcinfo C:/vhdl/projetofinal/uprocessador_cyclone/workspace/FPGAEncrypt_bsp/../../q_sys.sopcinfo
Info: (FPGAEncrypt.elf) 393 KBytes program size (code + initialized data).
Info:                   15990 KBytes free for stack + heap.
Info: Creating FPGAEncrypt.objdump
nios2-elf-objdump --disassemble --syms --all-header --source FPGAEncrypt.elf >FPGAEncrypt.objdump
[FPGAEncrypt build complete]
01:26:28 **** Build of configuration Nios II for project FPGAEncrypt ****
make all 
Info: Building ../FPGAEncrypt_bsp/
C:/intelFPGA_lite/18.1/nios2eds/bin/gnu/H-x86_64-mingw32/bin/make --no-print-directory -C ../FPGAEncrypt_bsp/
[BSP build complete]
[FPGAEncrypt build complete]
01:26:30 **** Incremental Build of configuration Nios II for project FPGAEncrypt ****
make all 
Info: Building ../FPGAEncrypt_bsp/
C:/intelFPGA_lite/18.1/nios2eds/bin/gnu/H-x86_64-mingw32/bin/make --no-print-directory -C ../FPGAEncrypt_bsp/
[BSP build complete]
[FPGAEncrypt build complete]
01:29:27 **** Build of configuration Nios II for project FPGAEncrypt ****
make all 
Info: Building ../FPGAEncrypt_bsp/
C:/intelFPGA_lite/18.1/nios2eds/bin/gnu/H-x86_64-mingw32/bin/make --no-print-directory -C ../FPGAEncrypt_bsp/
[BSP build complete]
[FPGAEncrypt build complete]
01:29:28 **** Incremental Build of configuration Nios II for project FPGAEncrypt ****
make all 
Info: Building ../FPGAEncrypt_bsp/
C:/intelFPGA_lite/18.1/nios2eds/bin/gnu/H-x86_64-mingw32/bin/make --no-print-directory -C ../FPGAEncrypt_bsp/
[BSP build complete]
[FPGAEncrypt build complete]
01:30:05 **** Build of configuration Nios II for project FPGAEncrypt ****
make all 
Info: Building ../FPGAEncrypt_bsp/
C:/intelFPGA_lite/18.1/nios2eds/bin/gnu/H-x86_64-mingw32/bin/make --no-print-directory -C ../FPGAEncrypt_bsp/
[BSP build complete]
[FPGAEncrypt build complete]
01:30:08 **** Incremental Build of configuration Nios II for project FPGAEncrypt ****
make all 
Info: Building ../FPGAEncrypt_bsp/
C:/intelFPGA_lite/18.1/nios2eds/bin/gnu/H-x86_64-mingw32/bin/make --no-print-directory -C ../FPGAEncrypt_bsp/
[BSP build complete]
[FPGAEncrypt build complete]
