Archive member included to satisfy reference by file (symbol)

c:/intelfpga_lite/18.1/nios2eds/bin/gnu/h-x86_64-mingw32/bin/../lib/gcc/nios2-elf/5.3.0/../../../../../H-x86_64-mingw32/nios2-elf/lib\libc.a(lib_a-ctype_.o)
                              obj/default/network_utilities.o (__ctype_ptr__)
c:/intelfpga_lite/18.1/nios2eds/bin/gnu/h-x86_64-mingw32/bin/../lib/gcc/nios2-elf/5.3.0/../../../../../H-x86_64-mingw32/nios2-elf/lib\libc.a(lib_a-fprintf.o)
                              obj/default/alt_error_handler.o (fprintf)
c:/intelfpga_lite/18.1/nios2eds/bin/gnu/h-x86_64-mingw32/bin/../lib/gcc/nios2-elf/5.3.0/../../../../../H-x86_64-mingw32/nios2-elf/lib\libc.a(lib_a-fwrite.o)
                              obj/default/alt_error_handler.o (fwrite)
c:/intelfpga_lite/18.1/nios2eds/bin/gnu/h-x86_64-mingw32/bin/../lib/gcc/nios2-elf/5.3.0/../../../../../H-x86_64-mingw32/nios2-elf/lib\libc.a(lib_a-getc.o)
                              obj/default/network_utilities.o (getc)
c:/intelfpga_lite/18.1/nios2eds/bin/gnu/h-x86_64-mingw32/bin/../lib/gcc/nios2-elf/5.3.0/../../../../../H-x86_64-mingw32/nios2-elf/lib\libc.a(lib_a-impure.o)
                              obj/default/alt_error_handler.o (_impure_ptr)
c:/intelfpga_lite/18.1/nios2eds/bin/gnu/h-x86_64-mingw32/bin/../lib/gcc/nios2-elf/5.3.0/../../../../../H-x86_64-mingw32/nios2-elf/lib\libc.a(lib_a-memcpy.o)
                              obj/default/simple_socket_server.o (memcpy)
c:/intelfpga_lite/18.1/nios2eds/bin/gnu/h-x86_64-mingw32/bin/../lib/gcc/nios2-elf/5.3.0/../../../../../H-x86_64-mingw32/nios2-elf/lib\libc.a(lib_a-memmove.o)
                              obj/default/simple_socket_server.o (memmove)
c:/intelfpga_lite/18.1/nios2eds/bin/gnu/h-x86_64-mingw32/bin/../lib/gcc/nios2-elf/5.3.0/../../../../../H-x86_64-mingw32/nios2-elf/lib\libc.a(lib_a-memset.o)
                              obj/default/simple_socket_server.o (memset)
c:/intelfpga_lite/18.1/nios2eds/bin/gnu/h-x86_64-mingw32/bin/../lib/gcc/nios2-elf/5.3.0/../../../../../H-x86_64-mingw32/nios2-elf/lib\libc.a(lib_a-perror.o)
                              obj/default/alt_error_handler.o (perror)
c:/intelfpga_lite/18.1/nios2eds/bin/gnu/h-x86_64-mingw32/bin/../lib/gcc/nios2-elf/5.3.0/../../../../../H-x86_64-mingw32/nios2-elf/lib\libc.a(lib_a-printf.o)
                              obj/default/alt_error_handler.o (printf)
c:/intelfpga_lite/18.1/nios2eds/bin/gnu/h-x86_64-mingw32/bin/../lib/gcc/nios2-elf/5.3.0/../../../../../H-x86_64-mingw32/nios2-elf/lib\libc.a(lib_a-putc.o)
                              obj/default/network_utilities.o (putc)
c:/intelfpga_lite/18.1/nios2eds/bin/gnu/h-x86_64-mingw32/bin/../lib/gcc/nios2-elf/5.3.0/../../../../../H-x86_64-mingw32/nios2-elf/lib\libc.a(lib_a-putchar.o)
                              obj/default/network_utilities.o (putchar)
c:/intelfpga_lite/18.1/nios2eds/bin/gnu/h-x86_64-mingw32/bin/../lib/gcc/nios2-elf/5.3.0/../../../../../H-x86_64-mingw32/nios2-elf/lib\libc.a(lib_a-puts.o)
                              obj/default/alt_error_handler.o (puts)
c:/intelfpga_lite/18.1/nios2eds/bin/gnu/h-x86_64-mingw32/bin/../lib/gcc/nios2-elf/5.3.0/../../../../../H-x86_64-mingw32/nios2-elf/lib\libc.a(lib_a-rget.o)
                              c:/intelfpga_lite/18.1/nios2eds/bin/gnu/h-x86_64-mingw32/bin/../lib/gcc/nios2-elf/5.3.0/../../../../../H-x86_64-mingw32/nios2-elf/lib\libc.a(lib_a-getc.o) (__srget_r)
c:/intelfpga_lite/18.1/nios2eds/bin/gnu/h-x86_64-mingw32/bin/../lib/gcc/nios2-elf/5.3.0/../../../../../H-x86_64-mingw32/nios2-elf/lib\libc.a(lib_a-sprintf.o)
                              obj/default/simple_socket_server.o (sprintf)
c:/intelfpga_lite/18.1/nios2eds/bin/gnu/h-x86_64-mingw32/bin/../lib/gcc/nios2-elf/5.3.0/../../../../../H-x86_64-mingw32/nios2-elf/lib\libc.a(lib_a-strchr.o)
                              obj/default/simple_socket_server.o (strchr)
c:/intelfpga_lite/18.1/nios2eds/bin/gnu/h-x86_64-mingw32/bin/../lib/gcc/nios2-elf/5.3.0/../../../../../H-x86_64-mingw32/nios2-elf/lib\libc.a(lib_a-strerror.o)
                              c:/intelfpga_lite/18.1/nios2eds/bin/gnu/h-x86_64-mingw32/bin/../lib/gcc/nios2-elf/5.3.0/../../../../../H-x86_64-mingw32/nios2-elf/lib\libc.a(lib_a-perror.o) (_strerror_r)
c:/intelfpga_lite/18.1/nios2eds/bin/gnu/h-x86_64-mingw32/bin/../lib/gcc/nios2-elf/5.3.0/../../../../../H-x86_64-mingw32/nios2-elf/lib\libc.a(lib_a-strlen.o)
                              c:/intelfpga_lite/18.1/nios2eds/bin/gnu/h-x86_64-mingw32/bin/../lib/gcc/nios2-elf/5.3.0/../../../../../H-x86_64-mingw32/nios2-elf/lib\libc.a(lib_a-puts.o) (strlen)
c:/intelfpga_lite/18.1/nios2eds/bin/gnu/h-x86_64-mingw32/bin/../lib/gcc/nios2-elf/5.3.0/../../../../../H-x86_64-mingw32/nios2-elf/lib\libc.a(lib_a-svfprintf.o)
                              c:/intelfpga_lite/18.1/nios2eds/bin/gnu/h-x86_64-mingw32/bin/../lib/gcc/nios2-elf/5.3.0/../../../../../H-x86_64-mingw32/nios2-elf/lib\libc.a(lib_a-sprintf.o) (___svfprintf_internal_r)
[...]
Memory Configuration

Name             Origin             Length             Attributes
ext_epcq_flash_avl_mem_BEFORE_RESET 0x0000000000000000 0x0000000000300000
reset            0x0000000000300000 0x0000000000000020
ext_epcq_flash_avl_mem 0x0000000000300020 0x00000000004fffe0
descriptor_memory 0x0000000001004000 0x0000000000002000
sll_hyperbus_controller_top_0_BEFORE_EXCEPTION 0x0000000005000000 0x0000000000000120
sll_hyperbus_controller_top_0 0x0000000005000120 0x0000000000fffee0
onchip_ram       0x0000000007000800 0x0000000000000800
*default*        0x0000000000000000 0xffffffffffffffff

Linker script and memory map

LOAD ../FPGAEncrypt_bsp//obj/HAL/src/crt0.o
LOAD obj/default/alt_error_handler.o
LOAD obj/default/iniche_init.o
LOAD obj/default/led.o
LOAD obj/default/network_utilities.o
LOAD obj/default/simple_socket_server.o
LOAD obj/default/tse_my_system.o
LOAD c:/intelfpga_lite/18.1/nios2eds/bin/gnu/h-x86_64-mingw32/bin/../lib/gcc/nios2-elf/5.3.0/../../../../../H-x86_64-mingw32/nios2-elf/lib\libstdc++.a
LOAD c:/intelfpga_lite/18.1/nios2eds/bin/gnu/h-x86_64-mingw32/bin/../lib/gcc/nios2-elf/5.3.0/../../../../../H-x86_64-mingw32/nios2-elf/lib\libm.a
LOAD c:/intelfpga_lite/18.1/nios2eds/bin/gnu/h-x86_64-mingw32/bin/../lib/gcc/nios2-elf/5.3.0\libgcc.a
START GROUP
LOAD c:/intelfpga_lite/18.1/nios2eds/bin/gnu/h-x86_64-mingw32/bin/../lib/gcc/nios2-elf/5.3.0/../../../../../H-x86_64-mingw32/nios2-elf/lib\libc.a
LOAD c:/intelfpga_lite/18.1/nios2eds/bin/gnu/h-x86_64-mingw32/bin/../lib/gcc/nios2-elf/5.3.0\libgcc.a
LOAD ../FPGAEncrypt_bsp/\libucosii_bsp.a
LOAD c:/intelfpga_lite/18.1/nios2eds/bin/gnu/h-x86_64-mingw32/bin/../lib/gcc/nios2-elf/5.3.0/../../../../../H-x86_64-mingw32/nios2-elf/lib\libm.a
END GROUP
LOAD c:/intelfpga_lite/18.1/nios2eds/bin/gnu/h-x86_64-mingw32/bin/../lib/gcc/nios2-elf/5.3.0\libgcc.a
                0x0000000000000000                __alt_mem_ext_epcq_flash_avl_mem = 0x0
                0x0000000001004000                __alt_mem_descriptor_memory = 0x1004000
                0x0000000005000000                __alt_mem_sll_hyperbus_controller_top_0 = 0x5000000
                0x0000000007000800                __alt_mem_onchip_ram = 0x7000800

.entry          0x0000000000300000        0x0
 *(.entry)
 .entry         0x0000000000300000        0x0 ../FPGAEncrypt_bsp//obj/HAL/src/crt0.o
                0x0000000000300000                __reset

.exceptions     0x0000000005000120      0x224
                [!provide]                        PROVIDE (__ram_exceptions_start, ABSOLUTE (.))
                0x0000000005000120                . = ALIGN (0x20)
 *(.irq)
 *(.exceptions.entry.label)
 .exceptions.entry.label
                0x0000000005000120        0x0 ../FPGAEncrypt_bsp/\libucosii_bsp.a(alt_irq_entry.o)
                0x0000000005000120                alt_irq_entry
 .exceptions.entry.label
                0x0000000005000120        0x0 ../FPGAEncrypt_bsp/\libucosii_bsp.a(alt_exception_entry.o)
                0x0000000005000120                alt_exception
 *(.exceptions.entry.user)
 *(.exceptions.entry.ecc_fatal)
 *(.exceptions.entry)
 .exceptions.entry
                0x0000000005000120       0x54 ../FPGAEncrypt_bsp/\libucosii_bsp.a(alt_exception_entry.o)
 *(.exceptions.irqtest.user)
 *(.exceptions.irqtest)
 .exceptions.irqtest
                0x0000000005000174       0x10 ../FPGAEncrypt_bsp/\libucosii_bsp.a(alt_irq_entry.o)
 *(.exceptions.irqhandler.user)
 *(.exceptions.irqhandler)
 .exceptions.irqhandler
                0x0000000005000184        0x4 ../FPGAEncrypt_bsp/\libucosii_bsp.a(alt_irq_entry.o)
 *(.exceptions.irqreturn.user)
 *(.exceptions.irqreturn)
 .exceptions.irqreturn
                0x0000000005000188        0x4 ../FPGAEncrypt_bsp/\libucosii_bsp.a(alt_irq_entry.o)
 *(.exceptions.notirq.label)
 .exceptions.notirq.label
                0x000000000500018c        0x0 ../FPGAEncrypt_bsp/\libucosii_bsp.a(alt_irq_entry.o)
 *(.exceptions.notirq.user)
 *(.exceptions.notirq)
 .exceptions.notirq
                0x000000000500018c        0x8 ../FPGAEncrypt_bsp/\libucosii_bsp.a(alt_exception_entry.o)
 *(.exceptions.soft.user)
 *(.exceptions.soft)
 *(.exceptions.unknown.user)
 *(.exceptions.unknown)
 .exceptions.unknown
                0x0000000005000194       0x14 ../FPGAEncrypt_bsp/\libucosii_bsp.a(alt_exception_entry.o)
 *(.exceptions.exit.label)
 .exceptions.exit.label
                0x00000000050001a8        0x0 ../FPGAEncrypt_bsp/\libucosii_bsp.a(alt_irq_entry.o)
 .exceptions.exit.label
                0x00000000050001a8        0x0 ../FPGAEncrypt_bsp/\libucosii_bsp.a(alt_exception_entry.o)
 *(.exceptions.exit.user)
 *(.exceptions.exit)
 .exceptions.exit
                0x00000000050001a8       0x54 ../FPGAEncrypt_bsp/\libucosii_bsp.a(alt_exception_entry.o)
 *(.exceptions)
 .exceptions    0x00000000050001fc       0xd4 ../FPGAEncrypt_bsp/\libucosii_bsp.a(alt_irq_handler.o)
                0x00000000050001fc                alt_irq_handler
 .exceptions    0x00000000050002d0       0x74 ../FPGAEncrypt_bsp/\libucosii_bsp.a(alt_instruction_exception_entry.o)
                0x00000000050002d0                alt_instruction_exception_entry
                [!provide]                        PROVIDE (__ram_exceptions_end, ABSOLUTE (.))
                [!provide]                        PROVIDE (__flash_exceptions_start, LOADADDR (.exceptions))

.text           0x0000000005000344    0x4c38c
                [!provide]                        PROVIDE (stext, ABSOLUTE (.))
 *(.interp)
 *(.hash)
 *(.dynsym)
 *(.dynstr)
 *(.gnu.version)
 *(.gnu.version_d)
 *(.gnu.version_r)
 *(.rel.init)
 *(.rela.init)
 *(.rel.text .rel.text.* .rel.gnu.linkonce.t.*)
 *(.rela.text .rela.text.* .rela.gnu.linkonce.t.*)
 *(.rel.fini)
 *(.rela.fini)
 *(.rel.rodata .rel.rodata.* .rel.gnu.linkonce.r.*)
 *(.rela.rodata .rela.rodata.* .rela.gnu.linkonce.r.*)
 *(.rel.data .rel.data.* .rel.gnu.linkonce.d.*)
 *(.rela.data .rela.data.* .rela.gnu.linkonce.d.*)
 *(.rel.tdata .rel.tdata.* .rel.gnu.linkonce.td.*)
 *(.rela.tdata .rela.tdata.* .rela.gnu.linkonce.td.*)
 *(.rel.tbss .rel.tbss.* .rel.gnu.linkonce.tb.*)
 *(.rela.tbss .rela.tbss.* .rela.gnu.linkonce.tb.*)
 *(.rel.ctors)
 *(.rela.ctors)
 *(.rel.dtors)
 *(.rela.dtors)
 *(.rel.got)
 *(.rela.got)
 *(.rel.sdata .rel.sdata.* .rel.gnu.linkonce.s.*)
 *(.rela.sdata .rela.sdata.* .rela.gnu.linkonce.s.*)
 *(.rel.sbss .rel.sbss.* .rel.gnu.linkonce.sb.*)
 *(.rela.sbss .rela.sbss.* .rela.gnu.linkonce.sb.*)
 *(.rel.sdata2 .rel.sdata2.* .rel.gnu.linkonce.s2.*)
 *(.rela.sdata2 .rela.sdata2.* .rela.gnu.linkonce.s2.*)
 *(.rel.sbss2 .rel.sbss2.* .rel.gnu.linkonce.sb2.*)
 *(.rela.sbss2 .rela.sbss2.* .rela.gnu.linkonce.sb2.*)
 *(.rel.bss .rel.bss.* .rel.gnu.linkonce.b.*)
 *(.rela.bss .rela.bss.* .rela.gnu.linkonce.b.*)
 *(.rel.plt)
 *(.rela.plt)
 *(.rel.dyn)
 *(.init)
 *(.plt)
 *(.text .stub .text.* .gnu.linkonce.t.*)
 .text          0x0000000005000344       0x48 ../FPGAEncrypt_bsp//obj/HAL/src/crt0.o
                0x0000000005000344                _start
 .text          0x000000000500038c      0xa60 obj/default/alt_error_handler.o
                0x000000000500038c                alt_uCOSIIErrorHandler
                0x00000000050008f0                alt_NetworkErrorHandler
                0x0000000005000b54                alt_SSSErrorHandler
 .text          0x0000000005000dec       0x84 obj/default/iniche_init.o
                0x0000000005000dec                main
 .text          0x0000000005000e70      0x354 obj/default/led.o
                0x0000000005000e70                led_bit_toggle
                0x0000000005000f7c                LED7SegLightshowTask
                0x0000000005000ff0                LEDManagementTask
 .text          0x00000000050011c4      0x450 obj/default/network_utilities.o
                0x00000000050011c4                get_mac_addr
                0x0000000005001218                get_ip_addr
                0x0000000005001274                get_serial_number
                0x0000000005001430                generate_and_store_mac_addr
                0x0000000005001484                generate_mac_addr
                0x00000000050015bc                get_board_mac_addr
                0x00000000050015e8                FindLastFlashSectorOffset
 .text          0x0000000005001614      0xa1c obj/default/simple_socket_server.o
                0x0000000005001614                SSSCreateOSDataStructs
                0x00000000050016b8                SSSCreateTasks
                0x0000000005001788                sss_reset_connection
                0x00000000050017f8                sss_send_menu
                0x0000000005001a14                sss_handle_accept
                0x0000000005001adc                sss_exec_command
                0x0000000005001c8c                sss_handle_receive
                0x0000000005001e7c                SSSSimpleSocketServerTask
 .text          0x0000000005002030        0x0 obj/default/tse_my_system.o
 .text          0x0000000005002030        0x0 c:/intelfpga_lite/18.1/nios2eds/bin/gnu/h-x86_64-mingw32/bin/../lib/gcc/nios2-elf/5.3.0/../../../../../H-x86_64-mingw32/nios2-elf/lib\libc.a(lib_a-ctype_.o)
 .text          0x0000000005002030        0x0 c:/intelfpga_lite/18.1/nios2eds/bin/gnu/h-x86_64-mingw32/bin/../lib/gcc/nios2-elf/5.3.0/../../../../../H-x86_64-mingw32/nios2-elf/lib\libc.a(lib_a-fprintf.o)
 .text._fprintf_r
                0x0000000005002030       0x28 c:/intelfpga_lite/18.1/nios2eds/bin/gnu/h-x86_64-mingw32/bin/../lib/gcc/nios2-elf/5.3.0/../../../../../H-x86_64-mingw32/nios2-elf/lib\libc.a(lib_a-fprintf.o)
                0x0000000005002030                _fprintf_r
 .text.fprintf  0x0000000005002058       0x24 c:/intelfpga_lite/18.1/nios2eds/bin/gnu/h-x86_64-mingw32/bin/../lib/gcc/nios2-elf/5.3.0/../../../../../H-x86_64-mingw32/nios2-elf/lib\libc.a(lib_a-fprintf.o)
                0x0000000005002058                fprintf
 .text          0x000000000500207c        0x0 c:/intelfpga_lite/18.1/nios2eds/bin/gnu/h-x86_64-mingw32/bin/../lib/gcc/nios2-elf/5.3.0/../../../../../H-x86_64-mingw32/nios2-elf/lib\libc.a(lib_a-fwrite.o)
 .text._fwrite_r
                0x000000000500207c       0xcc c:/intelfpga_lite/18.1/nios2eds/bin/gnu/h-x86_64-mingw32/bin/../lib/gcc/nios2-elf/5.3.0/../../../../../H-x86_64-mingw32/nios2-elf/lib\libc.a(lib_a-fwrite.o)
                0x000000000500207c                _fwrite_r
 .text.fwrite   0x0000000005002148       0x34 c:/intelfpga_lite/18.1/nios2eds/bin/gnu/h-x86_64-mingw32/bin/../lib/gcc/nios2-elf/5.3.0/../../../../../H-x86_64-mingw32/nios2-elf/lib\libc.a(lib_a-fwrite.o)
                0x0000000005002148                fwrite
 .text          0x000000000500217c        0x0 c:/intelfpga_lite/18.1/nios2eds/bin/gnu/h-x86_64-mingw32/bin/../lib/gcc/nios2-elf/5.3.0/../../../../../H-x86_64-mingw32/nios2-elf/lib\libc.a(lib_a-getc.o)
 .text._getc_r  0x000000000500217c       0x70 c:/intelfpga_lite/18.1/nios2eds/bin/gnu/h-x86_64-mingw32/bin/../lib/gcc/nios2-elf/5.3.0/../../../../../H-x86_64-mingw32/nios2-elf/lib\libc.a(lib_a-getc.o)
                0x000000000500217c                _getc_r
 .text.getc     0x00000000050021ec       0x88 c:/intelfpga_lite/18.1/nios2eds/bin/gnu/h-x86_64-mingw32/bin/../lib/gcc/nios2-elf/5.3.0/../../../../../H-x86_64-mingw32/nios2-elf/lib\libc.a(lib_a-getc.o)
                0x00000000050021ec                getc
 .text          0x0000000005002274        0x0 c:/intelfpga_lite/18.1/nios2eds/bin/gnu/h-x86_64-mingw32/bin/../lib/gcc/nios2-elf/5.3.0/../../../../../H-x86_64-mingw32/nios2-elf/lib\libc.a(lib_a-impure.o)
 .text          0x0000000005002274        0x0 c:/intelfpga_lite/18.1/nios2eds/bin/gnu/h-x86_64-mingw32/bin/../lib/gcc/nios2-elf/5.3.0/../../../../../H-x86_64-mingw32/nios2-elf/lib\libc.a(lib_a-memcpy.o)
 .text.memcpy   0x0000000005002274      0x148 c:/intelfpga_lite/18.1/nios2eds/bin/gnu/h-x86_64-mingw32/bin/../lib/gcc/nios2-elf/5.3.0/../../../../../H-x86_64-mingw32/nios2-elf/lib\libc.a(lib_a-memcpy.o)
                0x0000000005002274                memcpy
 .text          0x00000000050023bc        0x0 c:/intelfpga_lite/18.1/nios2eds/bin/gnu/h-x86_64-mingw32/bin/../lib/gcc/nios2-elf/5.3.0/../../../../../H-x86_64-mingw32/nios2-elf/lib\libc.a(lib_a-memmove.o)
 .text.memmove  0x00000000050023bc      0x15c c:/intelfpga_lite/18.1/nios2eds/bin/gnu/h-x86_64-mingw32/bin/../lib/gcc/nios2-elf/5.3.0/../../../../../H-x86_64-mingw32/nios2-elf/lib\libc.a(lib_a-memmove.o)
                0x00000000050023bc                memmove
 .text          0x0000000005002518        0x0 c:/intelfpga_lite/18.1/nios2eds/bin/gnu/h-x86_64-mingw32/bin/../lib/gcc/nios2-elf/5.3.0/../../../../../H-x86_64-mingw32/nios2-elf/lib\libc.a(lib_a-memset.o)
 .text.memset   0x0000000005002518      0x128 c:/intelfpga_lite/18.1/nios2eds/bin/gnu/h-x86_64-mingw32/bin/../lib/gcc/nios2-elf/5.3.0/../../../../../H-x86_64-mingw32/nios2-elf/lib\libc.a(lib_a-memset.o)
                0x0000000005002518                memset
 .text          0x0000000005002640        0x0 c:/intelfpga_lite/18.1/nios2eds/bin/gnu/h-x86_64-mingw32/bin/../lib/gcc/nios2-elf/5.3.0/../../../../../H-x86_64-mingw32/nios2-elf/lib\libc.a(lib_a-perror.o)
 .text._perror_r
                0x0000000005002640       0x80 c:/intelfpga_lite/18.1/nios2eds/bin/gnu/h-x86_64-mingw32/bin/../lib/gcc/nios2-elf/5.3.0/../../../../../H-x86_64-mingw32/nios2-elf/lib\libc.a(lib_a-perror.o)
                0x0000000005002640                _perror_r
 .text.perror   0x00000000050026c0       0x14 c:/intelfpga_lite/18.1/nios2eds/bin/gnu/h-x86_64-mingw32/bin/../lib/gcc/nios2-elf/5.3.0/../../../../../H-x86_64-mingw32/nios2-elf/lib\libc.a(lib_a-perror.o)
                0x00000000050026c0                perror
 .text          0x00000000050026d4        0x0 c:/intelfpga_lite/18.1/nios2eds/bin/gnu/h-x86_64-mingw32/bin/../lib/gcc/nios2-elf/5.3.0/../../../../../H-x86_64-mingw32/nios2-elf/lib\libc.a(lib_a-printf.o)
 .text._printf_r
                0x00000000050026d4       0x30 c:/intelfpga_lite/18.1/nios2eds/bin/gnu/h-x86_64-mingw32/bin/../lib/gcc/nios2-elf/5.3.0/../../../../../H-x86_64-mingw32/nios2-elf/lib\libc.a(lib_a-printf.o)
                0x00000000050026d4                _printf_r
 .text.printf   0x0000000005002704       0x3c c:/intelfpga_lite/18.1/nios2eds/bin/gnu/h-x86_64-mingw32/bin/../lib/gcc/nios2-elf/5.3.0/../../../../../H-x86_64-mingw32/nios2-elf/lib\libc.a(lib_a-printf.o)
                0x0000000005002704                printf
 .text          0x0000000005002740        0x0 c:/intelfpga_lite/18.1/nios2eds/bin/gnu/h-x86_64-mingw32/bin/../lib/gcc/nios2-elf/5.3.0/../../../../../H-x86_64-mingw32/nios2-elf/lib\libc.a(lib_a-putc.o)
 .text._putc_r  0x0000000005002740       0xa0 c:/intelfpga_lite/18.1/nios2eds/bin/gnu/h-x86_64-mingw32/bin/../lib/gcc/nios2-elf/5.3.0/../../../../../H-x86_64-mingw32/nios2-elf/lib\libc.a(lib_a-putc.o)
                0x0000000005002740                _putc_r
 .text.putc     0x00000000050027e0       0xc8 c:/intelfpga_lite/18.1/nios2eds/bin/gnu/h-x86_64-mingw32/bin/../lib/gcc/nios2-elf/5.3.0/../../../../../H-x86_64-mingw32/nios2-elf/lib\libc.a(lib_a-putc.o)
                0x00000000050027e0                putc
 .text          0x00000000050028a8        0x0 c:/intelfpga_lite/18.1/nios2eds/bin/gnu/h-x86_64-mingw32/bin/../lib/gcc/nios2-elf/5.3.0/../../../../../H-x86_64-mingw32/nios2-elf/lib\libc.a(lib_a-putchar.o)
 .text._putchar_r
                0x00000000050028a8        0x8 c:/intelfpga_lite/18.1/nios2eds/bin/gnu/h-x86_64-mingw32/bin/../lib/gcc/nios2-elf/5.3.0/../../../../../H-x86_64-mingw32/nios2-elf/lib\libc.a(lib_a-putchar.o)
                0x00000000050028a8                _putchar_r
 .text.putchar  0x00000000050028b0       0x18 c:/intelfpga_lite/18.1/nios2eds/bin/gnu/h-x86_64-mingw32/bin/../lib/gcc/nios2-elf/5.3.0/../../../../../H-x86_64-mingw32/nios2-elf/lib\libc.a(lib_a-putchar.o)
                0x00000000050028b0                putchar
 .text          0x00000000050028c8        0x0 c:/intelfpga_lite/18.1/nios2eds/bin/gnu/h-x86_64-mingw32/bin/../lib/gcc/nios2-elf/5.3.0/../../../../../H-x86_64-mingw32/nios2-elf/lib\libc.a(lib_a-puts.o)
 .text._puts_r  0x00000000050028c8       0xc0 c:/intelfpga_lite/18.1/nios2eds/bin/gnu/h-x86_64-mingw32/bin/../lib/gcc/nios2-elf/5.3.0/../../../../../H-x86_64-mingw32/nios2-elf/lib\libc.a(lib_a-puts.o)
                0x00000000050028c8                _puts_r
 .text.puts     0x0000000005002988       0x14 c:/intelfpga_lite/18.1/nios2eds/bin/gnu/h-x86_64-mingw32/bin/../lib/gcc/nios2-elf/5.3.0/../../../../../H-x86_64-mingw32/nios2-elf/lib\libc.a(lib_a-puts.o)
                0x0000000005002988                puts
 .text          0x000000000500299c        0x0 c:/intelfpga_lite/18.1/nios2eds/bin/gnu/h-x86_64-mingw32/bin/../lib/gcc/nios2-elf/5.3.0/../../../../../H-x86_64-mingw32/nios2-elf/lib\libc.a(lib_a-rget.o)
 .text.__srget_r
                0x000000000500299c       0x74 c:/intelfpga_lite/18.1/nios2eds/bin/gnu/h-x86_64-mingw32/bin/../lib/gcc/nios2-elf/5.3.0/../../../../../H-x86_64-mingw32/nios2-elf/lib\libc.a(lib_a-rget.o)
                0x000000000500299c                __srget_r
 .text.__srget  0x0000000005002a10       0x14 c:/intelfpga_lite/18.1/nios2eds/bin/gnu/h-x86_64-mingw32/bin/../lib/gcc/nios2-elf/5.3.0/../../../../../H-x86_64-mingw32/nios2-elf/lib\libc.a(lib_a-rget.o)
                0x0000000005002a10                __srget
 .text          0x0000000005002a24        0x0 c:/intelfpga_lite/18.1/nios2eds/bin/gnu/h-x86_64-mingw32/bin/../lib/gcc/nios2-elf/5.3.0/../../../../../H-x86_64-mingw32/nios2-elf/lib\libc.a(lib_a-sprintf.o)
 .text._sprintf_r
                0x0000000005002a24       0x58 c:/intelfpga_lite/18.1/nios2eds/bin/gnu/h-x86_64-mingw32/bin/../lib/gcc/nios2-elf/5.3.0/../../../../../H-x86_64-mingw32/nios2-elf/lib\libc.a(lib_a-sprintf.o)
                0x0000000005002a24                _sprintf_r
 .text.sprintf  0x0000000005002a7c       0x6c c:/intelfpga_lite/18.1/nios2eds/bin/gnu/h-x86_64-mingw32/bin/../lib/gcc/nios2-elf/5.3.0/../../../../../H-x86_64-mingw32/nios2-elf/lib\libc.a(lib_a-sprintf.o)
                0x0000000005002a7c                sprintf
 .text          0x0000000005002ae8        0x0 c:/intelfpga_lite/18.1/nios2eds/bin/gnu/h-x86_64-mingw32/bin/../lib/gcc/nios2-elf/5.3.0/../../../../../H-x86_64-mingw32/nios2-elf/lib\libc.a(lib_a-strchr.o)
 .text.strchr   0x0000000005002ae8      0x164 c:/intelfpga_lite/18.1/nios2eds/bin/gnu/h-x86_64-mingw32/bin/../lib/gcc/nios2-elf/5.3.0/../../../../../H-x86_64-mingw32/nios2-elf/lib\libc.a(lib_a-strchr.o)
                0x0000000005002ae8                strchr
 .text          0x0000000005002c4c        0x0 c:/intelfpga_lite/18.1/nios2eds/bin/gnu/h-x86_64-mingw32/bin/../lib/gcc/nios2-elf/5.3.0/../../../../../H-x86_64-mingw32/nios2-elf/lib\libc.a(lib_a-strerror.o)
 .text._strerror_r
                0x0000000005002c4c      0x65c c:/intelfpga_lite/18.1/nios2eds/bin/gnu/h-x86_64-mingw32/bin/../lib/gcc/nios2-elf/5.3.0/../../../../../H-x86_64-mingw32/nios2-elf/lib\libc.a(lib_a-strerror.o)
                0x0000000005002c4c                _strerror_r
 .text.strerror
                0x00000000050032a8       0x1c c:/intelfpga_lite/18.1/nios2eds/bin/gnu/h-x86_64-mingw32/bin/../lib/gcc/nios2-elf/5.3.0/../../../../../H-x86_64-mingw32/nios2-elf/lib\libc.a(lib_a-strerror.o)
                0x00000000050032a8                strerror
 .text          0x00000000050032c4        0x0 c:/intelfpga_lite/18.1/nios2eds/bin/gnu/h-x86_64-mingw32/bin/../lib/gcc/nios2-elf/5.3.0/../../../../../H-x86_64-mingw32/nios2-elf/lib\libc.a(lib_a-strlen.o)
 .text.strlen   0x00000000050032c4       0x98 c:/intelfpga_lite/18.1/nios2eds/bin/gnu/h-x86_64-mingw32/bin/../lib/gcc/nios2-elf/5.3.0/../../../../../H-x86_64-mingw32/nios2-elf/lib\libc.a(lib_a-strlen.o)
                0x00000000050032c4                strlen
 .text          0x000000000500335c        0x0 c:/intelfpga_lite/18.1/nios2eds/bin/gnu/h-x86_64-mingw32/bin/../lib/gcc/nios2-elf/5.3.0/../../../../../H-x86_64-mingw32/nios2-elf/lib\libc.a(lib_a-svfprintf.o)
 .text.___svfprintf_internal_r
                0x000000000500335c     0x21d8 c:/intelfpga_lite/18.1/nios2eds/bin/gnu/h-x86_64-mingw32/bin/../lib/gcc/nios2-elf/5.3.0/../../../../../H-x86_64-mingw32/nios2-elf/lib\libc.a(lib_a-svfprintf.o)
                0x000000000500335c                ___svfprintf_internal_r
 .text          0x0000000005005534        0x0 c:/intelfpga_lite/18.1/nios2eds/bin/gnu/h-x86_64-mingw32/bin/../lib/gcc/nios2-elf/5.3.0/../../../../../H-x86_64-mingw32/nios2-elf/lib\libc.a(lib_a-u_strerr.o)
 .text._user_strerror
                0x0000000005005534        0x8 c:/intelfpga_lite/18.1/nios2eds/bin/gnu/h-x86_64-mingw32/bin/../lib/gcc/nios2-elf/5.3.0/../../../../../H-x86_64-mingw32/nios2-elf/lib\libc.a(lib_a-u_strerr.o)
                0x0000000005005534                _user_strerror
 .text          0x000000000500553c        0x0 c:/intelfpga_lite/18.1/nios2eds/bin/gnu/h-x86_64-mingw32/bin/../lib/gcc/nios2-elf/5.3.0/../../../../../H-x86_64-mingw32/nios2-elf/lib\libc.a(lib_a-vfprintf.o)
 .text.___vfprintf_internal_r
                0x000000000500553c     0x21f8 c:/intelfpga_lite/18.1/nios2eds/bin/gnu/h-x86_64-mingw32/bin/../lib/gcc/nios2-elf/5.3.0/../../../../../H-x86_64-mingw32/nios2-elf/lib\libc.a(lib_a-vfprintf.o)
                0x000000000500553c                ___vfprintf_internal_r
 .text.__vfprintf_internal
                0x0000000005007734       0x1c c:/intelfpga_lite/18.1/nios2eds/bin/gnu/h-x86_64-mingw32/bin/../lib/gcc/nios2-elf/5.3.0/../../../../../H-x86_64-mingw32/nios2-elf/lib\libc.a(lib_a-vfprintf.o)
                0x0000000005007734                __vfprintf_internal
 .text.__sbprintf
                0x0000000005007750       0xbc c:/intelfpga_lite/18.1/nios2eds/bin/gnu/h-x86_64-mingw32/bin/../lib/gcc/nios2-elf/5.3.0/../../../../../H-x86_64-mingw32/nios2-elf/lib\libc.a(lib_a-vfprintf.o)
 .text          0x000000000500780c        0x0 c:/intelfpga_lite/18.1/nios2eds/bin/gnu/h-x86_64-mingw32/bin/../lib/gcc/nios2-elf/5.3.0/../../../../../H-x86_64-mingw32/nios2-elf/lib\libc.a(lib_a-wbuf.o)
 .text.__swbuf_r
                0x000000000500780c      0x140 c:/intelfpga_lite/18.1/nios2eds/bin/gnu/h-x86_64-mingw32/bin/../lib/gcc/nios2-elf/5.3.0/../../../../../H-x86_64-mingw32/nios2-elf/lib\libc.a(lib_a-wbuf.o)
                0x000000000500780c                __swbuf_r
 .text.__swbuf  0x000000000500794c       0x18 c:/intelfpga_lite/18.1/nios2eds/bin/gnu/h-x86_64-mingw32/bin/../lib/gcc/nios2-elf/5.3.0/../../../../../H-x86_64-mingw32/nios2-elf/lib\libc.a(lib_a-wbuf.o)
                0x000000000500794c                __swbuf
 .text          0x0000000005007964        0x0 c:/intelfpga_lite/18.1/nios2eds/bin/gnu/h-x86_64-mingw32/bin/../lib/gcc/nios2-elf/5.3.0/../../../../../H-x86_64-mingw32/nios2-elf/lib\libc.a(lib_a-wsetup.o)
 .text.__swsetup_r
                0x0000000005007964      0x154 c:/intelfpga_lite/18.1/nios2eds/bin/gnu/h-x86_64-mingw32/bin/../lib/gcc/nios2-elf/5.3.0/../../../../../H-x86_64-mingw32/nios2-elf/lib\libc.a(lib_a-wsetup.o)
                0x0000000005007964                __swsetup_r
 .text          0x0000000005007ab8        0x0 c:/intelfpga_lite/18.1/nios2eds/bin/gnu/h-x86_64-mingw32/bin/../lib/gcc/nios2-elf/5.3.0/../../../../../H-x86_64-mingw32/nios2-elf/lib\libc.a(lib_a-dtoa.o)
 .text.quorem   0x0000000005007ab8      0x200 c:/intelfpga_lite/18.1/nios2eds/bin/gnu/h-x86_64-mingw32/bin/../lib/gcc/nios2-elf/5.3.0/../../../../../H-x86_64-mingw32/nios2-elf/lib\libc.a(lib_a-dtoa.o)
 .text._dtoa_r  0x0000000005007cb8     0x1688 c:/intelfpga_lite/18.1/nios2eds/bin/gnu/h-x86_64-mingw32/bin/../lib/gcc/nios2-elf/5.3.0/../../../../../H-x86_64-mingw32/nios2-elf/lib\libc.a(lib_a-dtoa.o)
                0x0000000005007cb8                _dtoa_r
 .text          0x0000000005009340        0x0 c:/intelfpga_lite/18.1/nios2eds/bin/gnu/h-x86_64-mingw32/bin/../lib/gcc/nios2-elf/5.3.0/../../../../../H-x86_64-mingw32/nios2-elf/lib\libc.a(lib_a-fflush.o)
 .text.__sflush_r
                0x0000000005009340      0x21c c:/intelfpga_lite/18.1/nios2eds/bin/gnu/h-x86_64-mingw32/bin/../lib/gcc/nios2-elf/5.3.0/../../../../../H-x86_64-mingw32/nios2-elf/lib\libc.a(lib_a-fflush.o)
                0x0000000005009340                __sflush_r
 .text._fflush_r
                0x000000000500955c       0x5c c:/intelfpga_lite/18.1/nios2eds/bin/gnu/h-x86_64-mingw32/bin/../lib/gcc/nios2-elf/5.3.0/../../../../../H-x86_64-mingw32/nios2-elf/lib\libc.a(lib_a-fflush.o)
                0x000000000500955c                _fflush_r
 .text.fflush   0x00000000050095b8       0x30 c:/intelfpga_lite/18.1/nios2eds/bin/gnu/h-x86_64-mingw32/bin/../lib/gcc/nios2-elf/5.3.0/../../../../../H-x86_64-mingw32/nios2-elf/lib\libc.a(lib_a-fflush.o)
                0x00000000050095b8                fflush
 .text          0x00000000050095e8        0x0 c:/intelfpga_lite/18.1/nios2eds/bin/gnu/h-x86_64-mingw32/bin/../lib/gcc/nios2-elf/5.3.0/../../../../../H-x86_64-mingw32/nios2-elf/lib\libc.a(lib_a-findfp.o)
 .text.__fp_unlock
                0x00000000050095e8        0x8 c:/intelfpga_lite/18.1/nios2eds/bin/gnu/h-x86_64-mingw32/bin/../lib/gcc/nios2-elf/5.3.0/../../../../../H-x86_64-mingw32/nios2-elf/lib\libc.a(lib_a-findfp.o)
 .text._cleanup_r
                0x00000000050095f0        0xc c:/intelfpga_lite/18.1/nios2eds/bin/gnu/h-x86_64-mingw32/bin/../lib/gcc/nios2-elf/5.3.0/../../../../../H-x86_64-mingw32/nios2-elf/lib\libc.a(lib_a-findfp.o)
                0x00000000050095f0                _cleanup_r
 .text.__sinit.part.1
                0x00000000050095fc      0x19c c:/intelfpga_lite/18.1/nios2eds/bin/gnu/h-x86_64-mingw32/bin/../lib/gcc/nios2-elf/5.3.0/../../../../../H-x86_64-mingw32/nios2-elf/lib\libc.a(lib_a-findfp.o)
 .text.__fp_lock
                0x0000000005009798        0x8 c:/intelfpga_lite/18.1/nios2eds/bin/gnu/h-x86_64-mingw32/bin/../lib/gcc/nios2-elf/5.3.0/../../../../../H-x86_64-mingw32/nios2-elf/lib\libc.a(lib_a-findfp.o)
 .text.__sfmoreglue
                0x00000000050097a0       0x68 c:/intelfpga_lite/18.1/nios2eds/bin/gnu/h-x86_64-mingw32/bin/../lib/gcc/nios2-elf/5.3.0/../../../../../H-x86_64-mingw32/nios2-elf/lib\libc.a(lib_a-findfp.o)
                0x00000000050097a0                __sfmoreglue
 .text.__sfp    0x0000000005009808      0x118 c:/intelfpga_lite/18.1/nios2eds/bin/gnu/h-x86_64-mingw32/bin/../lib/gcc/nios2-elf/5.3.0/../../../../../H-x86_64-mingw32/nios2-elf/lib\libc.a(lib_a-findfp.o)
                0x0000000005009808                __sfp
 .text._cleanup
                0x0000000005009920       0x18 c:/intelfpga_lite/18.1/nios2eds/bin/gnu/h-x86_64-mingw32/bin/../lib/gcc/nios2-elf/5.3.0/../../../../../H-x86_64-mingw32/nios2-elf/lib\libc.a(lib_a-findfp.o)
                0x0000000005009920                _cleanup
 .text.__sinit  0x0000000005009938       0x10 c:/intelfpga_lite/18.1/nios2eds/bin/gnu/h-x86_64-mingw32/bin/../lib/gcc/nios2-elf/5.3.0/../../../../../H-x86_64-mingw32/nios2-elf/lib\libc.a(lib_a-findfp.o)
                0x0000000005009938                __sinit
 .text.__sfp_lock_acquire
                0x0000000005009948        0x4 c:/intelfpga_lite/18.1/nios2eds/bin/gnu/h-x86_64-mingw32/bin/../lib/gcc/nios2-elf/5.3.0/../../../../../H-x86_64-mingw32/nios2-elf/lib\libc.a(lib_a-findfp.o)
                0x0000000005009948                __sfp_lock_acquire
 .text.__sfp_lock_release
                0x000000000500994c        0x4 c:/intelfpga_lite/18.1/nios2eds/bin/gnu/h-x86_64-mingw32/bin/../lib/gcc/nios2-elf/5.3.0/../../../../../H-x86_64-mingw32/nios2-elf/lib\libc.a(lib_a-findfp.o)
                0x000000000500994c                __sfp_lock_release
 .text.__sinit_lock_acquire
                0x0000000005009950        0x4 c:/intelfpga_lite/18.1/nios2eds/bin/gnu/h-x86_64-mingw32/bin/../lib/gcc/nios2-elf/5.3.0/../../../../../H-x86_64-mingw32/nios2-elf/lib\libc.a(lib_a-findfp.o)
                0x0000000005009950                __sinit_lock_acquire
 .text.__sinit_lock_release
                0x0000000005009954        0x4 c:/intelfpga_lite/18.1/nios2eds/bin/gnu/h-x86_64-mingw32/bin/../lib/gcc/nios2-elf/5.3.0/../../../../../H-x86_64-mingw32/nios2-elf/lib\libc.a(lib_a-findfp.o)
                0x0000000005009954                __sinit_lock_release
 .text.__fp_lock_all
                0x0000000005009958       0x18 c:/intelfpga_lite/18.1/nios2eds/bin/gnu/h-x86_64-mingw32/bin/../lib/gcc/nios2-elf/5.3.0/../../../../../H-x86_64-mingw32/nios2-elf/lib\libc.a(lib_a-findfp.o)
                0x0000000005009958                __fp_lock_all
 .text.__fp_unlock_all
                0x0000000005009970       0x18 c:/intelfpga_lite/18.1/nios2eds/bin/gnu/h-x86_64-mingw32/bin/../lib/gcc/nios2-elf/5.3.0/../../../../../H-x86_64-mingw32/nios2-elf/lib\libc.a(lib_a-findfp.o)
                0x0000000005009970                __fp_unlock_all
 .text          0x0000000005009988        0x0 c:/intelfpga_lite/18.1/nios2eds/bin/gnu/h-x86_64-mingw32/bin/../lib/gcc/nios2-elf/5.3.0/../../../../../H-x86_64-mingw32/nios2-elf/lib\libc.a(lib_a-fputc.o)
 .text._fputc_r
                0x0000000005009988       0x44 c:/intelfpga_lite/18.1/nios2eds/bin/gnu/h-x86_64-mingw32/bin/../lib/gcc/nios2-elf/5.3.0/../../../../../H-x86_64-mingw32/nios2-elf/lib\libc.a(lib_a-fputc.o)
                0x0000000005009988                _fputc_r
 .text.fputc    0x00000000050099cc       0x5c c:/intelfpga_lite/18.1/nios2eds/bin/gnu/h-x86_64-mingw32/bin/../lib/gcc/nios2-elf/5.3.0/../../../../../H-x86_64-mingw32/nios2-elf/lib\libc.a(lib_a-fputc.o)
                0x00000000050099cc                fputc
 .text          0x0000000005009a28        0x0 c:/intelfpga_lite/18.1/nios2eds/bin/gnu/h-x86_64-mingw32/bin/../lib/gcc/nios2-elf/5.3.0/../../../../../H-x86_64-mingw32/nios2-elf/lib\libc.a(lib_a-fputs.o)
 .text._fputs_r
                0x0000000005009a28       0x9c c:/intelfpga_lite/18.1/nios2eds/bin/gnu/h-x86_64-mingw32/bin/../lib/gcc/nios2-elf/5.3.0/../../../../../H-x86_64-mingw32/nios2-elf/lib\libc.a(lib_a-fputs.o)
                0x0000000005009a28                _fputs_r
 .text.fputs    0x0000000005009ac4       0x18 c:/intelfpga_lite/18.1/nios2eds/bin/gnu/h-x86_64-mingw32/bin/../lib/gcc/nios2-elf/5.3.0/../../../../../H-x86_64-mingw32/nios2-elf/lib\libc.a(lib_a-fputs.o)
                0x0000000005009ac4                fputs
 .text          0x0000000005009adc        0x0 c:/intelfpga_lite/18.1/nios2eds/bin/gnu/h-x86_64-mingw32/bin/../lib/gcc/nios2-elf/5.3.0/../../../../../H-x86_64-mingw32/nios2-elf/lib\libc.a(lib_a-freer.o)
 .text._malloc_trim_r
                0x0000000005009adc      0x124 c:/intelfpga_lite/18.1/nios2eds/bin/gnu/h-x86_64-mingw32/bin/../lib/gcc/nios2-elf/5.3.0/../../../../../H-x86_64-mingw32/nios2-elf/lib\libc.a(lib_a-freer.o)
                0x0000000005009adc                _malloc_trim_r
 .text._free_r  0x0000000005009c00      0x310 c:/intelfpga_lite/18.1/nios2eds/bin/gnu/h-x86_64-mingw32/bin/../lib/gcc/nios2-elf/5.3.0/../../../../../H-x86_64-mingw32/nios2-elf/lib\libc.a(lib_a-freer.o)
                0x0000000005009c00                _free_r
 .text          0x0000000005009f10        0x0 c:/intelfpga_lite/18.1/nios2eds/bin/gnu/h-x86_64-mingw32/bin/../lib/gcc/nios2-elf/5.3.0/../../../../../H-x86_64-mingw32/nios2-elf/lib\libc.a(lib_a-fvwrite.o)
 .text.__sfvwrite_r
                0x0000000005009f10      0x4bc c:/intelfpga_lite/18.1/nios2eds/bin/gnu/h-x86_64-mingw32/bin/../lib/gcc/nios2-elf/5.3.0/../../../../../H-x86_64-mingw32/nios2-elf/lib\libc.a(lib_a-fvwrite.o)
                0x0000000005009f10                __sfvwrite_r
 .text          0x000000000500a3cc        0x0 c:/intelfpga_lite/18.1/nios2eds/bin/gnu/h-x86_64-mingw32/bin/../lib/gcc/nios2-elf/5.3.0/../../../../../H-x86_64-mingw32/nios2-elf/lib\libc.a(lib_a-fwalk.o)
 .text._fwalk   0x000000000500a3cc       0xc4 c:/intelfpga_lite/18.1/nios2eds/bin/gnu/h-x86_64-mingw32/bin/../lib/gcc/nios2-elf/5.3.0/../../../../../H-x86_64-mingw32/nios2-elf/lib\libc.a(lib_a-fwalk.o)
                0x000000000500a3cc                _fwalk
 .text._fwalk_reent
                0x000000000500a490       0xc4 c:/intelfpga_lite/18.1/nios2eds/bin/gnu/h-x86_64-mingw32/bin/../lib/gcc/nios2-elf/5.3.0/../../../../../H-x86_64-mingw32/nios2-elf/lib\libc.a(lib_a-fwalk.o)
                0x000000000500a490                _fwalk_reent
 .text          0x000000000500a554        0x0 c:/intelfpga_lite/18.1/nios2eds/bin/gnu/h-x86_64-mingw32/bin/../lib/gcc/nios2-elf/5.3.0/../../../../../H-x86_64-mingw32/nios2-elf/lib\libc.a(lib_a-locale.o)
 .text._setlocale_r
                0x000000000500a554       0x7c c:/intelfpga_lite/18.1/nios2eds/bin/gnu/h-x86_64-mingw32/bin/../lib/gcc/nios2-elf/5.3.0/../../../../../H-x86_64-mingw32/nios2-elf/lib\libc.a(lib_a-locale.o)
                0x000000000500a554                _setlocale_r
 .text.__locale_charset
                0x000000000500a5d0        0xc c:/intelfpga_lite/18.1/nios2eds/bin/gnu/h-x86_64-mingw32/bin/../lib/gcc/nios2-elf/5.3.0/../../../../../H-x86_64-mingw32/nios2-elf/lib\libc.a(lib_a-locale.o)
                0x000000000500a5d0                __locale_charset
 .text.__locale_mb_cur_max
                0x000000000500a5dc       0x10 c:/intelfpga_lite/18.1/nios2eds/bin/gnu/h-x86_64-mingw32/bin/../lib/gcc/nios2-elf/5.3.0/../../../../../H-x86_64-mingw32/nios2-elf/lib\libc.a(lib_a-locale.o)
                0x000000000500a5dc                __locale_mb_cur_max
 .text.__locale_msgcharset
                0x000000000500a5ec        0xc c:/intelfpga_lite/18.1/nios2eds/bin/gnu/h-x86_64-mingw32/bin/../lib/gcc/nios2-elf/5.3.0/../../../../../H-x86_64-mingw32/nios2-elf/lib\libc.a(lib_a-locale.o)
                0x000000000500a5ec                __locale_msgcharset
 .text.__locale_cjk_lang
                0x000000000500a5f8        0x8 c:/intelfpga_lite/18.1/nios2eds/bin/gnu/h-x86_64-mingw32/bin/../lib/gcc/nios2-elf/5.3.0/../../../../../H-x86_64-mingw32/nios2-elf/lib\libc.a(lib_a-locale.o)
                0x000000000500a5f8                __locale_cjk_lang
 .text._localeconv_r
                0x000000000500a600        0xc c:/intelfpga_lite/18.1/nios2eds/bin/gnu/h-x86_64-mingw32/bin/../lib/gcc/nios2-elf/5.3.0/../../../../../H-x86_64-mingw32/nios2-elf/lib\libc.a(lib_a-locale.o)
                0x000000000500a600                _localeconv_r
 .text.setlocale
                0x000000000500a60c       0x18 c:/intelfpga_lite/18.1/nios2eds/bin/gnu/h-x86_64-mingw32/bin/../lib/gcc/nios2-elf/5.3.0/../../../../../H-x86_64-mingw32/nios2-elf/lib\libc.a(lib_a-locale.o)
                0x000000000500a60c                setlocale
 .text.localeconv
                0x000000000500a624        0xc c:/intelfpga_lite/18.1/nios2eds/bin/gnu/h-x86_64-mingw32/bin/../lib/gcc/nios2-elf/5.3.0/../../../../../H-x86_64-mingw32/nios2-elf/lib\libc.a(lib_a-locale.o)
                0x000000000500a624                localeconv
 .text          0x000000000500a630        0x0 c:/intelfpga_lite/18.1/nios2eds/bin/gnu/h-x86_64-mingw32/bin/../lib/gcc/nios2-elf/5.3.0/../../../../../H-x86_64-mingw32/nios2-elf/lib\libc.a(lib_a-makebuf.o)
 .text.__smakebuf_r
                0x000000000500a630      0x1bc c:/intelfpga_lite/18.1/nios2eds/bin/gnu/h-x86_64-mingw32/bin/../lib/gcc/nios2-elf/5.3.0/../../../../../H-x86_64-mingw32/nios2-elf/lib\libc.a(lib_a-makebuf.o)
                0x000000000500a630                __smakebuf_r
 .text          0x000000000500a7ec        0x0 c:/intelfpga_lite/18.1/nios2eds/bin/gnu/h-x86_64-mingw32/bin/../lib/gcc/nios2-elf/5.3.0/../../../../../H-x86_64-mingw32/nios2-elf/lib\libc.a(lib_a-mallocr.o)
 .text._malloc_r
                0x000000000500a7ec      0x80c c:/intelfpga_lite/18.1/nios2eds/bin/gnu/h-x86_64-mingw32/bin/../lib/gcc/nios2-elf/5.3.0/../../../../../H-x86_64-mingw32/nios2-elf/lib\libc.a(lib_a-mallocr.o)
                0x000000000500a7ec                _malloc_r
 .text          0x000000000500aff8        0x0 c:/intelfpga_lite/18.1/nios2eds/bin/gnu/h-x86_64-mingw32/bin/../lib/gcc/nios2-elf/5.3.0/../../../../../H-x86_64-mingw32/nios2-elf/lib\libc.a(lib_a-memchr.o)
 .text.memchr   0x000000000500aff8       0xe4 c:/intelfpga_lite/18.1/nios2eds/bin/gnu/h-x86_64-mingw32/bin/../lib/gcc/nios2-elf/5.3.0/../../../../../H-x86_64-mingw32/nios2-elf/lib\libc.a(lib_a-memchr.o)
                0x000000000500aff8                memchr
 .text          0x000000000500b0dc        0x0 c:/intelfpga_lite/18.1/nios2eds/bin/gnu/h-x86_64-mingw32/bin/../lib/gcc/nios2-elf/5.3.0/../../../../../H-x86_64-mingw32/nios2-elf/lib\libc.a(lib_a-mprec.o)
 .text._Balloc  0x000000000500b0dc       0xa8 c:/intelfpga_lite/18.1/nios2eds/bin/gnu/h-x86_64-mingw32/bin/../lib/gcc/nios2-elf/5.3.0/../../../../../H-x86_64-mingw32/nios2-elf/lib\libc.a(lib_a-mprec.o)
                0x000000000500b0dc                _Balloc
 .text._Bfree   0x000000000500b184       0x28 c:/intelfpga_lite/18.1/nios2eds/bin/gnu/h-x86_64-mingw32/bin/../lib/gcc/nios2-elf/5.3.0/../../../../../H-x86_64-mingw32/nios2-elf/lib\libc.a(lib_a-mprec.o)
                0x000000000500b184                _Bfree
 .text.__multadd
                0x000000000500b1ac      0x120 c:/intelfpga_lite/18.1/nios2eds/bin/gnu/h-x86_64-mingw32/bin/../lib/gcc/nios2-elf/5.3.0/../../../../../H-x86_64-mingw32/nios2-elf/lib\libc.a(lib_a-mprec.o)
                0x000000000500b1ac                __multadd
 .text.__s2b    0x000000000500b2cc      0x104 c:/intelfpga_lite/18.1/nios2eds/bin/gnu/h-x86_64-mingw32/bin/../lib/gcc/nios2-elf/5.3.0/../../../../../H-x86_64-mingw32/nios2-elf/lib\libc.a(lib_a-mprec.o)
                0x000000000500b2cc                __s2b
 .text.__hi0bits
                0x000000000500b3d0       0x68 c:/intelfpga_lite/18.1/nios2eds/bin/gnu/h-x86_64-mingw32/bin/../lib/gcc/nios2-elf/5.3.0/../../../../../H-x86_64-mingw32/nios2-elf/lib\libc.a(lib_a-mprec.o)
                0x000000000500b3d0                __hi0bits
 .text.__lo0bits
                0x000000000500b438       0xb0 c:/intelfpga_lite/18.1/nios2eds/bin/gnu/h-x86_64-mingw32/bin/../lib/gcc/nios2-elf/5.3.0/../../../../../H-x86_64-mingw32/nios2-elf/lib\libc.a(lib_a-mprec.o)
                0x000000000500b438                __lo0bits
 .text.__i2b    0x000000000500b4e8       0x3c c:/intelfpga_lite/18.1/nios2eds/bin/gnu/h-x86_64-mingw32/bin/../lib/gcc/nios2-elf/5.3.0/../../../../../H-x86_64-mingw32/nios2-elf/lib\libc.a(lib_a-mprec.o)
                0x000000000500b4e8                __i2b
 .text.__multiply
                0x000000000500b524      0x1f8 c:/intelfpga_lite/18.1/nios2eds/bin/gnu/h-x86_64-mingw32/bin/../lib/gcc/nios2-elf/5.3.0/../../../../../H-x86_64-mingw32/nios2-elf/lib\libc.a(lib_a-mprec.o)
                0x000000000500b524                __multiply
 .text.__pow5mult
                0x000000000500b71c      0x140 c:/intelfpga_lite/18.1/nios2eds/bin/gnu/h-x86_64-mingw32/bin/../lib/gcc/nios2-elf/5.3.0/../../../../../H-x86_64-mingw32/nios2-elf/lib\libc.a(lib_a-mprec.o)
                0x000000000500b71c                __pow5mult
 .text.__lshift
                0x000000000500b85c      0x148 c:/intelfpga_lite/18.1/nios2eds/bin/gnu/h-x86_64-mingw32/bin/../lib/gcc/nios2-elf/5.3.0/../../../../../H-x86_64-mingw32/nios2-elf/lib\libc.a(lib_a-mprec.o)
                0x000000000500b85c                __lshift
 .text.__mcmp   0x000000000500b9a4       0x60 c:/intelfpga_lite/18.1/nios2eds/bin/gnu/h-x86_64-mingw32/bin/../lib/gcc/nios2-elf/5.3.0/../../../../../H-x86_64-mingw32/nios2-elf/lib\libc.a(lib_a-mprec.o)
                0x000000000500b9a4                __mcmp
 .text.__mdiff  0x000000000500ba04      0x1fc c:/intelfpga_lite/18.1/nios2eds/bin/gnu/h-x86_64-mingw32/bin/../lib/gcc/nios2-elf/5.3.0/../../../../../H-x86_64-mingw32/nios2-elf/lib\libc.a(lib_a-mprec.o)
                0x000000000500ba04                __mdiff
 .text.__ulp    0x000000000500bc00       0x64 c:/intelfpga_lite/18.1/nios2eds/bin/gnu/h-x86_64-mingw32/bin/../lib/gcc/nios2-elf/5.3.0/../../../../../H-x86_64-mingw32/nios2-elf/lib\libc.a(lib_a-mprec.o)
                0x000000000500bc00                __ulp
 .text.__b2d    0x000000000500bc64      0x10c c:/intelfpga_lite/18.1/nios2eds/bin/gnu/h-x86_64-mingw32/bin/../lib/gcc/nios2-elf/5.3.0/../../../../../H-x86_64-mingw32/nios2-elf/lib\libc.a(lib_a-mprec.o)
                0x000000000500bc64                __b2d
 .text.__d2b    0x000000000500bd70      0x14c c:/intelfpga_lite/18.1/nios2eds/bin/gnu/h-x86_64-mingw32/bin/../lib/gcc/nios2-elf/5.3.0/../../../../../H-x86_64-mingw32/nios2-elf/lib\libc.a(lib_a-mprec.o)
                0x000000000500bd70                __d2b
 .text.__ratio  0x000000000500bebc       0xa4 c:/intelfpga_lite/18.1/nios2eds/bin/gnu/h-x86_64-mingw32/bin/../lib/gcc/nios2-elf/5.3.0/../../../../../H-x86_64-mingw32/nios2-elf/lib\libc.a(lib_a-mprec.o)
                0x000000000500bebc                __ratio
 .text._mprec_log10
                0x000000000500bf60       0x74 c:/intelfpga_lite/18.1/nios2eds/bin/gnu/h-x86_64-mingw32/bin/../lib/gcc/nios2-elf/5.3.0/../../../../../H-x86_64-mingw32/nios2-elf/lib\libc.a(lib_a-mprec.o)
                0x000000000500bf60                _mprec_log10
 .text.__copybits
                0x000000000500bfd4       0x78 c:/intelfpga_lite/18.1/nios2eds/bin/gnu/h-x86_64-mingw32/bin/../lib/gcc/nios2-elf/5.3.0/../../../../../H-x86_64-mingw32/nios2-elf/lib\libc.a(lib_a-mprec.o)
                0x000000000500bfd4                __copybits
 .text.__any_on
                0x000000000500c04c       0x8c c:/intelfpga_lite/18.1/nios2eds/bin/gnu/h-x86_64-mingw32/bin/../lib/gcc/nios2-elf/5.3.0/../../../../../H-x86_64-mingw32/nios2-elf/lib\libc.a(lib_a-mprec.o)
                0x000000000500c04c                __any_on
 .text          0x000000000500c0d8        0x0 c:/intelfpga_lite/18.1/nios2eds/bin/gnu/h-x86_64-mingw32/bin/../lib/gcc/nios2-elf/5.3.0/../../../../../H-x86_64-mingw32/nios2-elf/lib\libc.a(lib_a-reallocr.o)
 .text._realloc_r
                0x000000000500c0d8      0x564 c:/intelfpga_lite/18.1/nios2eds/bin/gnu/h-x86_64-mingw32/bin/../lib/gcc/nios2-elf/5.3.0/../../../../../H-x86_64-mingw32/nios2-elf/lib\libc.a(lib_a-reallocr.o)
                0x000000000500c0d8                _realloc_r
 .text          0x000000000500c63c        0x0 c:/intelfpga_lite/18.1/nios2eds/bin/gnu/h-x86_64-mingw32/bin/../lib/gcc/nios2-elf/5.3.0/../../../../../H-x86_64-mingw32/nios2-elf/lib\libc.a(lib_a-refill.o)
 .text.lflush   0x000000000500c63c       0x1c c:/intelfpga_lite/18.1/nios2eds/bin/gnu/h-x86_64-mingw32/bin/../lib/gcc/nios2-elf/5.3.0/../../../../../H-x86_64-mingw32/nios2-elf/lib\libc.a(lib_a-refill.o)
 .text.__srefill_r
                0x000000000500c658      0x1d4 c:/intelfpga_lite/18.1/nios2eds/bin/gnu/h-x86_64-mingw32/bin/../lib/gcc/nios2-elf/5.3.0/../../../../../H-x86_64-mingw32/nios2-elf/lib\libc.a(lib_a-refill.o)
                0x000000000500c658                __srefill_r
 .text          0x000000000500c82c        0x0 c:/intelfpga_lite/18.1/nios2eds/bin/gnu/h-x86_64-mingw32/bin/../lib/gcc/nios2-elf/5.3.0/../../../../../H-x86_64-mingw32/nios2-elf/lib\libc.a(lib_a-s_fpclassify.o)
 .text.__fpclassifyd
                0x000000000500c82c       0x74 c:/intelfpga_lite/18.1/nios2eds/bin/gnu/h-x86_64-mingw32/bin/../lib/gcc/nios2-elf/5.3.0/../../../../../H-x86_64-mingw32/nios2-elf/lib\libc.a(lib_a-s_fpclassify.o)
                0x000000000500c82c                __fpclassifyd
 .text          0x000000000500c8a0        0x0 c:/intelfpga_lite/18.1/nios2eds/bin/gnu/h-x86_64-mingw32/bin/../lib/gcc/nios2-elf/5.3.0/../../../../../H-x86_64-mingw32/nios2-elf/lib\libc.a(lib_a-sbrkr.o)
 .text._sbrk_r  0x000000000500c8a0       0x54 c:/intelfpga_lite/18.1/nios2eds/bin/gnu/h-x86_64-mingw32/bin/../lib/gcc/nios2-elf/5.3.0/../../../../../H-x86_64-mingw32/nios2-elf/lib\libc.a(lib_a-sbrkr.o)
                0x000000000500c8a0                _sbrk_r
 .text          0x000000000500c8f4        0x0 c:/intelfpga_lite/18.1/nios2eds/bin/gnu/h-x86_64-mingw32/bin/../lib/gcc/nios2-elf/5.3.0/../../../../../H-x86_64-mingw32/nios2-elf/lib\libc.a(lib_a-stdio.o)
 .text.__sread  0x000000000500c8f4       0x54 c:/intelfpga_lite/18.1/nios2eds/bin/gnu/h-x86_64-mingw32/bin/../lib/gcc/nios2-elf/5.3.0/../../../../../H-x86_64-mingw32/nios2-elf/lib\libc.a(lib_a-stdio.o)
                0x000000000500c8f4                __sread
 .text.__seofread
                0x000000000500c948        0x8 c:/intelfpga_lite/18.1/nios2eds/bin/gnu/h-x86_64-mingw32/bin/../lib/gcc/nios2-elf/5.3.0/../../../../../H-x86_64-mingw32/nios2-elf/lib\libc.a(lib_a-stdio.o)
                0x000000000500c948                __seofread
 .text.__swrite
                0x000000000500c950       0x7c c:/intelfpga_lite/18.1/nios2eds/bin/gnu/h-x86_64-mingw32/bin/../lib/gcc/nios2-elf/5.3.0/../../../../../H-x86_64-mingw32/nios2-elf/lib\libc.a(lib_a-stdio.o)
                0x000000000500c950                __swrite
 .text.__sseek  0x000000000500c9cc       0x5c c:/intelfpga_lite/18.1/nios2eds/bin/gnu/h-x86_64-mingw32/bin/../lib/gcc/nios2-elf/5.3.0/../../../../../H-x86_64-mingw32/nios2-elf/lib\libc.a(lib_a-stdio.o)
                0x000000000500c9cc                __sseek
 .text.__sclose
                0x000000000500ca28        0x8 c:/intelfpga_lite/18.1/nios2eds/bin/gnu/h-x86_64-mingw32/bin/../lib/gcc/nios2-elf/5.3.0/../../../../../H-x86_64-mingw32/nios2-elf/lib\libc.a(lib_a-stdio.o)
                0x000000000500ca28                __sclose
 .text          0x000000000500ca30        0x0 c:/intelfpga_lite/18.1/nios2eds/bin/gnu/h-x86_64-mingw32/bin/../lib/gcc/nios2-elf/5.3.0/../../../../../H-x86_64-mingw32/nios2-elf/lib\libc.a(lib_a-strcmp.o)
 .text.strcmp   0x000000000500ca30       0xdc c:/intelfpga_lite/18.1/nios2eds/bin/gnu/h-x86_64-mingw32/bin/../lib/gcc/nios2-elf/5.3.0/../../../../../H-x86_64-mingw32/nios2-elf/lib\libc.a(lib_a-strcmp.o)
                0x000000000500ca30                strcmp
 .text          0x000000000500cb0c        0x0 c:/intelfpga_lite/18.1/nios2eds/bin/gnu/h-x86_64-mingw32/bin/../lib/gcc/nios2-elf/5.3.0/../../../../../H-x86_64-mingw32/nios2-elf/lib\libc.a(lib_a-svfiprintf.o)
 .text.__ssprint_r
                0x000000000500cb0c      0x1d0 c:/intelfpga_lite/18.1/nios2eds/bin/gnu/h-x86_64-mingw32/bin/../lib/gcc/nios2-elf/5.3.0/../../../../../H-x86_64-mingw32/nios2-elf/lib\libc.a(lib_a-svfiprintf.o)
                0x000000000500cb0c                __ssprint_r
 .text.___svfiprintf_internal_r
                0x000000000500ccdc     0x123c c:/intelfpga_lite/18.1/nios2eds/bin/gnu/h-x86_64-mingw32/bin/../lib/gcc/nios2-elf/5.3.0/../../../../../H-x86_64-mingw32/nios2-elf/lib\libc.a(lib_a-svfiprintf.o)
                0x000000000500ccdc                ___svfiprintf_internal_r
 .text          0x000000000500df18        0x0 c:/intelfpga_lite/18.1/nios2eds/bin/gnu/h-x86_64-mingw32/bin/../lib/gcc/nios2-elf/5.3.0/../../../../../H-x86_64-mingw32/nios2-elf/lib\libc.a(lib_a-vfiprintf.o)
 .text.__sprint_r.part.0
                0x000000000500df18       0xfc c:/intelfpga_lite/18.1/nios2eds/bin/gnu/h-x86_64-mingw32/bin/../lib/gcc/nios2-elf/5.3.0/../../../../../H-x86_64-mingw32/nios2-elf/lib\libc.a(lib_a-vfiprintf.o)
 .text.__sprint_r
                0x000000000500e014       0x18 c:/intelfpga_lite/18.1/nios2eds/bin/gnu/h-x86_64-mingw32/bin/../lib/gcc/nios2-elf/5.3.0/../../../../../H-x86_64-mingw32/nios2-elf/lib\libc.a(lib_a-vfiprintf.o)
                0x000000000500e014                __sprint_r
 .text.___vfiprintf_internal_r
                0x000000000500e02c     0x145c c:/intelfpga_lite/18.1/nios2eds/bin/gnu/h-x86_64-mingw32/bin/../lib/gcc/nios2-elf/5.3.0/../../../../../H-x86_64-mingw32/nios2-elf/lib\libc.a(lib_a-vfiprintf.o)
                0x000000000500e02c                ___vfiprintf_internal_r
 .text.__vfiprintf_internal
                0x000000000500f488       0x1c c:/intelfpga_lite/18.1/nios2eds/bin/gnu/h-x86_64-mingw32/bin/../lib/gcc/nios2-elf/5.3.0/../../../../../H-x86_64-mingw32/nios2-elf/lib\libc.a(lib_a-vfiprintf.o)
                0x000000000500f488                __vfiprintf_internal
 .text.__sbprintf
                0x000000000500f4a4       0xbc c:/intelfpga_lite/18.1/nios2eds/bin/gnu/h-x86_64-mingw32/bin/../lib/gcc/nios2-elf/5.3.0/../../../../../H-x86_64-mingw32/nios2-elf/lib\libc.a(lib_a-vfiprintf.o)
 .text          0x000000000500f560        0x0 c:/intelfpga_lite/18.1/nios2eds/bin/gnu/h-x86_64-mingw32/bin/../lib/gcc/nios2-elf/5.3.0/../../../../../H-x86_64-mingw32/nios2-elf/lib\libc.a(lib_a-writer.o)
 .text._write_r
                0x000000000500f560       0x60 c:/intelfpga_lite/18.1/nios2eds/bin/gnu/h-x86_64-mingw32/bin/../lib/gcc/nios2-elf/5.3.0/../../../../../H-x86_64-mingw32/nios2-elf/lib\libc.a(lib_a-writer.o)
                0x000000000500f560                _write_r
 .text          0x000000000500f5c0        0x0 c:/intelfpga_lite/18.1/nios2eds/bin/gnu/h-x86_64-mingw32/bin/../lib/gcc/nios2-elf/5.3.0/../../../../../H-x86_64-mingw32/nios2-elf/lib\libc.a(closer.o)
 .text._close_r
                0x000000000500f5c0       0x54 c:/intelfpga_lite/18.1/nios2eds/bin/gnu/h-x86_64-mingw32/bin/../lib/gcc/nios2-elf/5.3.0/../../../../../H-x86_64-mingw32/nios2-elf/lib\libc.a(closer.o)
                0x000000000500f5c0                _close_r
 .text          0x000000000500f614        0x0 c:/intelfpga_lite/18.1/nios2eds/bin/gnu/h-x86_64-mingw32/bin/../lib/gcc/nios2-elf/5.3.0/../../../../../H-x86_64-mingw32/nios2-elf/lib\libc.a(lib_a-callocr.o)
 .text._calloc_r
                0x000000000500f614       0xc4 c:/intelfpga_lite/18.1/nios2eds/bin/gnu/h-x86_64-mingw32/bin/../lib/gcc/nios2-elf/5.3.0/../../../../../H-x86_64-mingw32/nios2-elf/lib\libc.a(lib_a-callocr.o)
                0x000000000500f614                _calloc_r
 .text          0x000000000500f6d8        0x0 c:/intelfpga_lite/18.1/nios2eds/bin/gnu/h-x86_64-mingw32/bin/../lib/gcc/nios2-elf/5.3.0/../../../../../H-x86_64-mingw32/nios2-elf/lib\libc.a(lib_a-fclose.o)
 .text._fclose_r
                0x000000000500f6d8       0xf0 c:/intelfpga_lite/18.1/nios2eds/bin/gnu/h-x86_64-mingw32/bin/../lib/gcc/nios2-elf/5.3.0/../../../../../H-x86_64-mingw32/nios2-elf/lib\libc.a(lib_a-fclose.o)
                0x000000000500f6d8                _fclose_r
 .text.fclose   0x000000000500f7c8       0x14 c:/intelfpga_lite/18.1/nios2eds/bin/gnu/h-x86_64-mingw32/bin/../lib/gcc/nios2-elf/5.3.0/../../../../../H-x86_64-mingw32/nios2-elf/lib\libc.a(lib_a-fclose.o)
                0x000000000500f7c8                fclose
 .text          0x000000000500f7dc        0x0 c:/intelfpga_lite/18.1/nios2eds/bin/gnu/h-x86_64-mingw32/bin/../lib/gcc/nios2-elf/5.3.0/../../../../../H-x86_64-mingw32/nios2-elf/lib\libc.a(lib_a-fputwc.o)
 .text.__fputwc
                0x000000000500f7dc      0x164 c:/intelfpga_lite/18.1/nios2eds/bin/gnu/h-x86_64-mingw32/bin/../lib/gcc/nios2-elf/5.3.0/../../../../../H-x86_64-mingw32/nios2-elf/lib\libc.a(lib_a-fputwc.o)
                0x000000000500f7dc                __fputwc
 .text._fputwc_r
                0x000000000500f940       0x24 c:/intelfpga_lite/18.1/nios2eds/bin/gnu/h-x86_64-mingw32/bin/../lib/gcc/nios2-elf/5.3.0/../../../../../H-x86_64-mingw32/nios2-elf/lib\libc.a(lib_a-fputwc.o)
                0x000000000500f940                _fputwc_r
 .text.fputwc   0x000000000500f964       0x80 c:/intelfpga_lite/18.1/nios2eds/bin/gnu/h-x86_64-mingw32/bin/../lib/gcc/nios2-elf/5.3.0/../../../../../H-x86_64-mingw32/nios2-elf/lib\libc.a(lib_a-fputwc.o)
                0x000000000500f964                fputwc
 .text          0x000000000500f9e4        0x0 c:/intelfpga_lite/18.1/nios2eds/bin/gnu/h-x86_64-mingw32/bin/../lib/gcc/nios2-elf/5.3.0/../../../../../H-x86_64-mingw32/nios2-elf/lib\libc.a(lib_a-fstatr.o)
 .text._fstat_r
                0x000000000500f9e4       0x5c c:/intelfpga_lite/18.1/nios2eds/bin/gnu/h-x86_64-mingw32/bin/../lib/gcc/nios2-elf/5.3.0/../../../../../H-x86_64-mingw32/nios2-elf/lib\libc.a(lib_a-fstatr.o)
                0x000000000500f9e4                _fstat_r
 .text          0x000000000500fa40        0x0 c:/intelfpga_lite/18.1/nios2eds/bin/gnu/h-x86_64-mingw32/bin/../lib/gcc/nios2-elf/5.3.0/../../../../../H-x86_64-mingw32/nios2-elf/lib\libc.a(lib_a-int_errno.o)
 .text          0x000000000500fa40        0x0 c:/intelfpga_lite/18.1/nios2eds/bin/gnu/h-x86_64-mingw32/bin/../lib/gcc/nios2-elf/5.3.0/../../../../../H-x86_64-mingw32/nios2-elf/lib\libc.a(lib_a-isattyr.o)
 .text._isatty_r
                0x000000000500fa40       0x54 c:/intelfpga_lite/18.1/nios2eds/bin/gnu/h-x86_64-mingw32/bin/../lib/gcc/nios2-elf/5.3.0/../../../../../H-x86_64-mingw32/nios2-elf/lib\libc.a(lib_a-isattyr.o)
                0x000000000500fa40                _isatty_r
 .text          0x000000000500fa94        0x0 c:/intelfpga_lite/18.1/nios2eds/bin/gnu/h-x86_64-mingw32/bin/../lib/gcc/nios2-elf/5.3.0/../../../../../H-x86_64-mingw32/nios2-elf/lib\libc.a(lib_a-lseekr.o)
 .text._lseek_r
                0x000000000500fa94       0x60 c:/intelfpga_lite/18.1/nios2eds/bin/gnu/h-x86_64-mingw32/bin/../lib/gcc/nios2-elf/5.3.0/../../../../../H-x86_64-mingw32/nios2-elf/lib\libc.a(lib_a-lseekr.o)
                0x000000000500fa94                _lseek_r
 .text          0x000000000500faf4        0x0 c:/intelfpga_lite/18.1/nios2eds/bin/gnu/h-x86_64-mingw32/bin/../lib/gcc/nios2-elf/5.3.0/../../../../../H-x86_64-mingw32/nios2-elf/lib\libc.a(lib_a-readr.o)
 .text._read_r  0x000000000500faf4       0x60 c:/intelfpga_lite/18.1/nios2eds/bin/gnu/h-x86_64-mingw32/bin/../lib/gcc/nios2-elf/5.3.0/../../../../../H-x86_64-mingw32/nios2-elf/lib\libc.a(lib_a-readr.o)
                0x000000000500faf4                _read_r
 .text          0x000000000500fb54        0x0 c:/intelfpga_lite/18.1/nios2eds/bin/gnu/h-x86_64-mingw32/bin/../lib/gcc/nios2-elf/5.3.0/../../../../../H-x86_64-mingw32/nios2-elf/lib\libc.a(lib_a-wcrtomb.o)
 .text._wcrtomb_r
                0x000000000500fb54       0x9c c:/intelfpga_lite/18.1/nios2eds/bin/gnu/h-x86_64-mingw32/bin/../lib/gcc/nios2-elf/5.3.0/../../../../../H-x86_64-mingw32/nios2-elf/lib\libc.a(lib_a-wcrtomb.o)
                0x000000000500fb54                _wcrtomb_r
 .text.wcrtomb  0x000000000500fbf0       0xc0 c:/intelfpga_lite/18.1/nios2eds/bin/gnu/h-x86_64-mingw32/bin/../lib/gcc/nios2-elf/5.3.0/../../../../../H-x86_64-mingw32/nios2-elf/lib\libc.a(lib_a-wcrtomb.o)
                0x000000000500fbf0                wcrtomb
 .text          0x000000000500fcb0        0x0 c:/intelfpga_lite/18.1/nios2eds/bin/gnu/h-x86_64-mingw32/bin/../lib/gcc/nios2-elf/5.3.0/../../../../../H-x86_64-mingw32/nios2-elf/lib\libc.a(lib_a-wctomb_r.o)
 .text.__ascii_wctomb
                0x000000000500fcb0       0x30 c:/intelfpga_lite/18.1/nios2eds/bin/gnu/h-x86_64-mingw32/bin/../lib/gcc/nios2-elf/5.3.0/../../../../../H-x86_64-mingw32/nios2-elf/lib\libc.a(lib_a-wctomb_r.o)
                0x000000000500fcb0                __ascii_wctomb
 .text._wctomb_r
                0x000000000500fce0       0x5c c:/intelfpga_lite/18.1/nios2eds/bin/gnu/h-x86_64-mingw32/bin/../lib/gcc/nios2-elf/5.3.0/../../../../../H-x86_64-mingw32/nios2-elf/lib\libc.a(lib_a-wctomb_r.o)
                0x000000000500fce0                _wctomb_r
 .text          0x000000000500fd3c      0x578 c:/intelfpga_lite/18.1/nios2eds/bin/gnu/h-x86_64-mingw32/bin/../lib/gcc/nios2-elf/5.3.0\libgcc.a(_udivdi3.o)
                0x000000000500fd3c                __udivdi3
 .text          0x00000000050102b4      0x538 c:/intelfpga_lite/18.1/nios2eds/bin/gnu/h-x86_64-mingw32/bin/../lib/gcc/nios2-elf/5.3.0\libgcc.a(_umoddi3.o)
                0x00000000050102b4                __umoddi3
 .text          0x00000000050107ec      0x1b4 c:/intelfpga_lite/18.1/nios2eds/bin/gnu/h-x86_64-mingw32/bin/../lib/gcc/nios2-elf/5.3.0\libgcc.a(lib2-divmod.o)
                0x00000000050107ec                __divsi3
                0x0000000005010870                __modsi3
                0x00000000050108e4                __udivsi3
                0x0000000005010948                __umodsi3
 .text          0x00000000050109a0      0x8ac c:/intelfpga_lite/18.1/nios2eds/bin/gnu/h-x86_64-mingw32/bin/../lib/gcc/nios2-elf/5.3.0\libgcc.a(adddf3.o)
                0x00000000050109a0                __adddf3
 .text          0x000000000501124c      0x8e8 c:/intelfpga_lite/18.1/nios2eds/bin/gnu/h-x86_64-mingw32/bin/../lib/gcc/nios2-elf/5.3.0\libgcc.a(divdf3.o)
                0x000000000501124c                __divdf3
 .text          0x0000000005011b34       0x88 c:/intelfpga_lite/18.1/nios2eds/bin/gnu/h-x86_64-mingw32/bin/../lib/gcc/nios2-elf/5.3.0\libgcc.a(eqdf2.o)
                0x0000000005011b34                __nedf2
                0x0000000005011b34                __eqdf2
 .text          0x0000000005011bbc       0xdc c:/intelfpga_lite/18.1/nios2eds/bin/gnu/h-x86_64-mingw32/bin/../lib/gcc/nios2-elf/5.3.0\libgcc.a(gedf2.o)
                0x0000000005011bbc                __gedf2
                0x0000000005011bbc                __gtdf2
 .text          0x0000000005011c98       0xf4 c:/intelfpga_lite/18.1/nios2eds/bin/gnu/h-x86_64-mingw32/bin/../lib/gcc/nios2-elf/5.3.0\libgcc.a(ledf2.o)
                0x0000000005011c98                __ledf2
                0x0000000005011c98                __ltdf2
 .text          0x0000000005011d8c      0x718 c:/intelfpga_lite/18.1/nios2eds/bin/gnu/h-x86_64-mingw32/bin/../lib/gcc/nios2-elf/5.3.0\libgcc.a(muldf3.o)
                0x0000000005011d8c                __muldf3
 .text          0x00000000050124a4      0x8fc c:/intelfpga_lite/18.1/nios2eds/bin/gnu/h-x86_64-mingw32/bin/../lib/gcc/nios2-elf/5.3.0\libgcc.a(subdf3.o)
                0x00000000050124a4                __subdf3
 .text          0x0000000005012da0       0x80 c:/intelfpga_lite/18.1/nios2eds/bin/gnu/h-x86_64-mingw32/bin/../lib/gcc/nios2-elf/5.3.0\libgcc.a(fixdfsi.o)
                0x0000000005012da0                __fixdfsi
 .text          0x0000000005012e20       0xdc c:/intelfpga_lite/18.1/nios2eds/bin/gnu/h-x86_64-mingw32/bin/../lib/gcc/nios2-elf/5.3.0\libgcc.a(floatsidf.o)
                0x0000000005012e20                __floatsidf
 .text          0x0000000005012efc       0xa8 c:/intelfpga_lite/18.1/nios2eds/bin/gnu/h-x86_64-mingw32/bin/../lib/gcc/nios2-elf/5.3.0\libgcc.a(floatunsidf.o)
                0x0000000005012efc                __floatunsidf
 .text          0x0000000005012fa4        0x0 c:/intelfpga_lite/18.1/nios2eds/bin/gnu/h-x86_64-mingw32/bin/../lib/gcc/nios2-elf/5.3.0\libgcc.a(_clz.o)
 .text          0x0000000005012fa4       0x64 c:/intelfpga_lite/18.1/nios2eds/bin/gnu/h-x86_64-mingw32/bin/../lib/gcc/nios2-elf/5.3.0\libgcc.a(_clzsi2.o)
                0x0000000005012fa4                __clzsi2
 .text          0x0000000005013008       0xec ../FPGAEncrypt_bsp/\libucosii_bsp.a(alt_fstat.o)
                0x0000000005013044                fstat
 .text          0x00000000050130f4       0xe0 ../FPGAEncrypt_bsp/\libucosii_bsp.a(alt_isatty.o)
                0x0000000005013130                isatty
 .text          0x00000000050131d4      0x110 ../FPGAEncrypt_bsp/\libucosii_bsp.a(alt_lseek.o)
                0x0000000005013210                lseek
 .text          0x00000000050132e4       0xbc ../FPGAEncrypt_bsp/\libucosii_bsp.a(alt_main.o)
                0x00000000050132e4                alt_main
 .text          0x00000000050133a0       0xb0 ../FPGAEncrypt_bsp/\libucosii_bsp.a(alt_sbrk.o)
                0x00000000050133a0                sbrk
 .text          0x0000000005013450      0x124 ../FPGAEncrypt_bsp/\libucosii_bsp.a(alt_env_lock.o)
                0x0000000005013450                __env_lock
                0x0000000005013514                __env_unlock
 .text          0x0000000005013574      0x1ec ../FPGAEncrypt_bsp/\libucosii_bsp.a(alt_malloc_lock.o)
                0x0000000005013574                __malloc_lock
                0x0000000005013694                __malloc_unlock
 .text          0x0000000005013760     0x2014 ../FPGAEncrypt_bsp/\libucosii_bsp.a(os_core.o)
                0x0000000005013760                OSEventNameGet
                0x0000000005013880                OSEventNameSet
                0x00000000050139c0                OSEventPendMulti
                0x0000000005013fd0                OSInit
                0x0000000005014028                OSIntEnter
                0x0000000005014074                OSIntExit
                0x000000000501416c                OSSchedLock
                0x00000000050141f8                OSSchedUnlock
                0x00000000050142d4                OSStart
                0x0000000005014344                OSStatInit
                0x00000000050143f4                OSTimeTick
                0x0000000005014614                OSVersion
                0x0000000005014634                OS_Dummy
                0x0000000005014654                OS_EventTaskRdy
                0x00000000050147ec                OS_EventTaskWait
                0x00000000050148fc                OS_EventTaskWaitMulti
                0x0000000005014a4c                OS_EventTaskRemove
                0x0000000005014b04                OS_EventTaskRemoveMulti
                0x0000000005014c04                OS_EventWaitListInit
                0x0000000005014fe4                OS_MemClr
                0x0000000005015038                OS_MemCopy
                0x00000000050150a0                OS_Sched
                0x00000000050151e4                OS_StrCopy
                0x0000000005015258                OS_StrLen
                0x00000000050152ac                OS_TaskIdle
                0x0000000005015308                OS_TaskStat
                0x00000000050153d4                OS_TaskStatStkChk
                0x00000000050154a0                OS_TCBInit
 .text          0x0000000005015774      0x190 ../FPGAEncrypt_bsp/\libucosii_bsp.a(os_dbg.o)
                0x0000000005015774                OSDebugInit
 .text          0x0000000005015904     0x1714 ../FPGAEncrypt_bsp/\libucosii_bsp.a(os_flag.o)
                0x0000000005015904                OSFlagAccept
                0x0000000005015c0c                OSFlagCreate
                0x0000000005015d14                OSFlagDel
                0x0000000005015f5c                OSFlagNameGet
                0x0000000005016084                OSFlagNameSet
                0x00000000050161d0                OSFlagPend
                0x0000000005016788                OSFlagPendGetFlagsRdy
                0x00000000050167e8                OSFlagPost
                0x0000000005016b7c                OSFlagQuery
                0x0000000005016da0                OS_FlagInit
                0x0000000005016f74                OS_FlagUnlink
 .text          0x0000000005017018      0x754 ../FPGAEncrypt_bsp/\libucosii_bsp.a(os_mem.o)
                0x0000000005017018                OSMemCreate
                0x00000000050171ec                OSMemGet
                0x00000000050172dc                OSMemNameGet
                0x00000000050173cc                OSMemNameSet
                0x00000000050174e0                OSMemPut
                0x00000000050175b8                OSMemQuery
                0x00000000050176a0                OS_MemInit
 .text          0x000000000501776c     0x1104 ../FPGAEncrypt_bsp/\libucosii_bsp.a(os_q.o)
                0x000000000501776c                OSQAccept
                0x00000000050178ac                OSQCreate
                0x0000000005017a58                OSQDel
                0x0000000005017cd8                OSQFlush
                0x0000000005017d90                OSQPend
                0x000000000501801c                OSQPendAbort
                0x0000000005018188                OSQPost
                0x00000000050182f0                OSQPostFront
                0x0000000005018460                OSQPostOpt
                0x000000000501866c                OSQQuery
                0x00000000050187c8                OS_QInit
 .text          0x0000000005018870      0xa60 ../FPGAEncrypt_bsp/\libucosii_bsp.a(os_sem.o)
                0x0000000005018870                OSSemAccept
                0x0000000005018920                OSSemCreate
                0x00000000050189f8                OSSemDel
                0x0000000005018c38                OSSemPend
                0x0000000005018e44                OSSemPendAbort
                0x0000000005018fb0                OSSemPost
                0x00000000050190c0                OSSemQuery
                0x00000000050191d0                OSSemSet
 .text          0x00000000050192d0     0x176c ../FPGAEncrypt_bsp/\libucosii_bsp.a(os_task.o)
                0x00000000050192d0                OSTaskChangePrio
                0x00000000050197c0                OSTaskCreate
                0x000000000501996c                OSTaskCreateExt
                0x0000000005019b50                OSTaskDel
                0x0000000005019e94                OSTaskDelReq
                0x0000000005019fe4                OSTaskNameGet
                0x000000000501a17c                OSTaskNameSet
                0x000000000501a330                OSTaskResume
                0x000000000501a504                OSTaskStkChk
                0x000000000501a6c4                OSTaskSuspend
                0x000000000501a8a8                OSTaskQuery
                0x000000000501a9cc                OS_TaskStkClr
 .text          0x000000000501aa3c      0x4ec ../FPGAEncrypt_bsp/\libucosii_bsp.a(os_time.o)
                0x000000000501aa3c                OSTimeDly
                0x000000000501ab40                OSTimeDlyHMSM
                0x000000000501ac98                OSTimeDlyResume
                0x000000000501ae6c                OSTimeGet
                0x000000000501aec8                OSTimeSet
 .text          0x000000000501af28      0x2d8 ../FPGAEncrypt_bsp/\libucosii_bsp.a(alt_sys_init.o)
                0x000000000501af5c                alt_irq_init
                0x000000000501af94                alt_sys_init
 .text          0x000000000501b200      0x164 ../FPGAEncrypt_bsp/\libucosii_bsp.a(altera_avalon_jtag_uart_fd.o)
                0x000000000501b200                altera_avalon_jtag_uart_read_fd
                0x000000000501b260                altera_avalon_jtag_uart_write_fd
                0x000000000501b2c0                altera_avalon_jtag_uart_close_fd
                0x000000000501b310                altera_avalon_jtag_uart_ioctl_fd
 .text          0x000000000501b364      0x558 ../FPGAEncrypt_bsp/\libucosii_bsp.a(altera_avalon_jtag_uart_init.o)
                0x000000000501b364                altera_avalon_jtag_uart_init
                0x000000000501b854                altera_avalon_jtag_uart_close
 .text          0x000000000501b8bc       0xf0 ../FPGAEncrypt_bsp/\libucosii_bsp.a(altera_avalon_jtag_uart_ioctl.o)
                0x000000000501b8bc                altera_avalon_jtag_uart_ioctl
 .text          0x000000000501b9ac      0x2bc ../FPGAEncrypt_bsp/\libucosii_bsp.a(altera_avalon_jtag_uart_read.o)
                0x000000000501b9ac                altera_avalon_jtag_uart_read
 .text          0x000000000501bc68      0x2c4 ../FPGAEncrypt_bsp/\libucosii_bsp.a(altera_avalon_jtag_uart_write.o)
                0x000000000501bc68                altera_avalon_jtag_uart_write
 .text          0x000000000501bf2c       0xf4 ../FPGAEncrypt_bsp/\libucosii_bsp.a(altera_avalon_timer_sc.o)
                0x000000000501bfa4                alt_avalon_timer_sc_init
 .text          0x000000000501c020      0xb64 ../FPGAEncrypt_bsp/\libucosii_bsp.a(altera_epcq_controller2.o)
                0x000000000501c054                alt_epcq_controller2_lock
                0x000000000501c150                alt_epcq_controller2_get_info
                0x000000000501c1dc                alt_epcq_controller2_erase_block
                0x000000000501c338                alt_epcq_controller2_write_block
                0x000000000501c57c                alt_epcq_controller2_write
                0x000000000501c764                alt_epcq_controller2_read
                0x000000000501c810                altera_epcq_controller2_init
 .text          0x000000000501cb84     0x2120 ../FPGAEncrypt_bsp/\libucosii_bsp.a(altera_msgdma.o)
                0x000000000501d81c                alt_msgdma_construct_standard_st_to_mm_descriptor
                0x000000000501d874                alt_msgdma_construct_standard_mm_to_st_descriptor
                0x000000000501d8cc                alt_msgdma_construct_standard_mm_to_mm_descriptor
                0x000000000501d924                alt_msgdma_construct_extended_st_to_mm_descriptor
                0x000000000501d9b4                alt_msgdma_construct_extended_mm_to_st_descriptor
                0x000000000501da44                alt_msgdma_construct_extended_mm_to_mm_descriptor
                0x000000000501dd24                alt_msgdma_construct_prefetcher_standard_mm_to_mm_descriptor
                0x000000000501dd7c                alt_msgdma_construct_prefetcher_standard_st_to_mm_descriptor
                0x000000000501ddd4                alt_msgdma_construct_prefetcher_standard_mm_to_st_descriptor
                0x000000000501de2c                alt_msgdma_construct_prefetcher_extended_st_to_mm_descriptor
                0x000000000501decc                alt_msgdma_construct_prefetcher_extended_mm_to_st_descriptor
                0x000000000501df64                alt_msgdma_construct_prefetcher_extended_mm_to_mm_descriptor
                0x000000000501e01c                alt_msgdma_prefetcher_add_standard_desc_to_list
                0x000000000501e10c                alt_msgdma_prefetcher_add_extended_desc_to_list
                0x000000000501e2a4                alt_msgdma_prefetcher_set_std_list_own_by_hw_bits
                0x000000000501e3b0                alt_msgdma_prefetcher_set_extd_list_own_by_hw_bits
                0x000000000501e4f4                alt_msgdma_start_prefetcher_with_list_addr
                0x000000000501e804                alt_msgdma_start_prefetcher_with_std_desc_list
                0x000000000501e8b0                alt_msgdma_start_prefetcher_with_extd_desc_list
                0x000000000501e95c                alt_msgdma_open
                0x000000000501e9b4                alt_msgdma_init
                0x000000000501eb60                alt_msgdma_register_callback
                0x000000000501ebb4                alt_msgdma_standard_descriptor_async_transfer
                0x000000000501ebf0                alt_msgdma_extended_descriptor_async_transfer
                0x000000000501ec2c                alt_msgdma_standard_descriptor_sync_transfer
                0x000000000501ec68                alt_msgdma_extended_descriptor_sync_transfer
 .text          0x000000000501eca4      0x158 ../FPGAEncrypt_bsp/\libucosii_bsp.a(altera_remote_update.o)
                0x000000000501eca4                altera_remote_update_init
                0x000000000501ecdc                altera_remote_update_open
                0x000000000501ed28                altera_remote_update_trigger_reconfig
 .text          0x000000000501edfc     0x1bf0 ../FPGAEncrypt_bsp/\libucosii_bsp.a(ins_tse_mac.o)
                0x000000000501edfc                altera_eth_tse_init
                0x000000000501ef4c                prep_tse_mac
                0x000000000501f1a4                msgdma_reset
                0x000000000501f220                tse_mac_init
                0x000000000501fe38                tse_msgdma_write_init
                0x000000000501ff58                tse_mac_raw_send
                0x0000000005020120                tse_msgdmaRx_isr
                0x00000000050202d4                tse_msgdmaTx_isr
                0x0000000005020334                tse_msgdma_read_init
                0x0000000005020610                allocate_rx_descriptor_chain
                0x0000000005020754                tse_mac_rcv
                0x00000000050208a8                tse_mac_stats
                0x00000000050208e8                tse_mac_close
 .text          0x00000000050209ec       0x48 ../FPGAEncrypt_bsp/\libucosii_bsp.a(alt_iniche_close.o)
                0x00000000050209ec                close
 .text          0x0000000005020a34      0x148 ../FPGAEncrypt_bsp/\libucosii_bsp.a(alt_iniche_dev.o)
                0x0000000005020a34                iniche_devices_init
 .text          0x0000000005020b7c       0x70 ../FPGAEncrypt_bsp/\libucosii_bsp.a(alt_iniche_read.o)
                0x0000000005020b7c                read
 .text          0x0000000005020bec       0x68 ../FPGAEncrypt_bsp/\libucosii_bsp.a(alt_iniche_write.o)
                0x0000000005020bec                write
 .text          0x0000000005020c54      0xde4 ../FPGAEncrypt_bsp/\libucosii_bsp.a(ipnet.o)
                0x0000000005020c54                Netinit
                0x000000000502123c                fixup_subnet_mask
                0x0000000005021394                netclose
                0x0000000005021478                pktdemux
                0x000000000502181c                c_older
                0x00000000050218ac                ip2mac
 .text          0x0000000005021a38      0x468 ../FPGAEncrypt_bsp/\libucosii_bsp.a(ipstart.o)
                0x0000000005021a38                ip_startup
                0x0000000005021cdc                exit_hook
                0x0000000005021d4c                ip_exit
                0x0000000005021e1c                if_netnumber
 .text          0x0000000005021ea0      0xf9c ../FPGAEncrypt_bsp/\libucosii_bsp.a(igmp_cmn.o)
                0x0000000005021ea0                igmp_init
                0x0000000005021f44                igmp_input
                0x0000000005022024                igmp_fasttimo
                0x0000000005022198                igmp_send
                0x0000000005022434                igmp_joingroup
                0x0000000005022688                igmp_leavegroup
                0x0000000005022708                igmp_validate
                0x0000000005022a20                igmp_print_stats
 .text          0x0000000005022e3c      0xa88 ../FPGAEncrypt_bsp/\libucosii_bsp.a(bsdsock.o)
                0x0000000005022e3c                bsd_accept
                0x0000000005022f60                bsd_getpeername
                0x0000000005023084                bsd_getsockname
                0x00000000050231a8                bsd_i_sockoptlen
                0x00000000050232e4                bsd_getsockopt
                0x00000000050233f0                bsd_ioctl
                0x00000000050234e4                bsd_inet_ntoa
                0x0000000005023518                bsd_recvfrom
                0x0000000005023660                bsd_select
                0x00000000050237e4                bsd_setsockopt
 .text          0x00000000050238c4       0xf8 ../FPGAEncrypt_bsp/\libucosii_bsp.a(cksum.o)
                0x00000000050238c4                ccksum
                0x0000000005023968                cksum
 .text          0x00000000050239bc      0xa50 ../FPGAEncrypt_bsp/\libucosii_bsp.a(in_utils.o)
                0x00000000050239bc                do_trap
                0x00000000050239e8                nextarg
                0x0000000005023a64                hexdump
                0x0000000005023ba8                print_ipad
                0x0000000005023c24                print_uptime
                0x0000000005023d64                panic
                0x0000000005023dac                print_eth
                0x0000000005023f00                uslash
                0x0000000005023f7c                ns_printf
                0x00000000050240ec                std_out
                0x0000000005024130                con_page
                0x0000000005024208                parse_args
 .text          0x000000000502440c      0x5b4 ../FPGAEncrypt_bsp/\libucosii_bsp.a(tk_crnos.o)
                0x000000000502440c                TK_OSTimeDly
                0x000000000502443c                TK_OSTaskResume
                0x00000000050244b0                tcp_sleep
                0x0000000005024624                tcp_wakeup
                0x000000000502471c                TK_OSTaskQuery
                0x0000000005024788                tk_yield
                0x00000000050247b8                tk_stats
 .text          0x00000000050249c0      0x774 ../FPGAEncrypt_bsp/\libucosii_bsp.a(pktalloc.o)
                0x00000000050249c0                pk_init
                0x0000000005024c5c                pk_alloc
                0x0000000005024d20                pk_validate
                0x0000000005024fac                pk_free
                0x0000000005025058                pk_get_max_intrsafe_buf_len
                0x0000000005025078                dump_buf_estats
 .text          0x0000000005025134      0x268 ../FPGAEncrypt_bsp/\libucosii_bsp.a(q.o)
                0x0000000005025134                getq
                0x00000000050251ec                putq
                0x000000000502529c                qdel
 .text          0x000000000502539c      0x194 ../FPGAEncrypt_bsp/\libucosii_bsp.a(asm_cksum.o)
                0x000000000502539c                asm_cksum
 .text          0x0000000005025530      0x27c ../FPGAEncrypt_bsp/\libucosii_bsp.a(brdutils.o)
                0x0000000005025530                dtrap
                0x0000000005025564                kbhit
                0x00000000050255f8                getch
                0x0000000005025654                clock_init
                0x000000000502568c                clock_c
                0x00000000050256ac                cticks_hook
                0x0000000005025708                irq_Mask
                0x0000000005025768                irq_Unmask
 .text          0x00000000050257ac      0x4d0 ../FPGAEncrypt_bsp/\libucosii_bsp.a(osportco.o)
                0x00000000050257ac                LOCK_NET_RESOURCE
                0x0000000005025870                UNLOCK_NET_RESOURCE
                0x00000000050258f8                TK_NEWTASK
                0x0000000005025b44                wait_app_sem
                0x0000000005025c00                post_app_sem
 .text          0x0000000005025c7c      0x574 ../FPGAEncrypt_bsp/\libucosii_bsp.a(targnios.o)
                0x0000000005025c7c                alt_iniche_init
                0x0000000005025e78                pre_task_setup
                0x0000000005025ec4                post_task_setup
                0x0000000005025ee4                prep_armintcp
                0x0000000005025f1c                npalloc_base
                0x0000000005026028                npfree_base
                0x0000000005026108                npalloc
                0x000000000502613c                npfree
                0x000000000502617c                ncpalloc
                0x00000000050261b0                ncpfree
 .text          0x00000000050261f0     0x181c ../FPGAEncrypt_bsp/\libucosii_bsp.a(nptcp.o)
                0x00000000050261f0                pffindtype
                0x0000000005026280                pffindproto
                0x0000000005026344                m_getnbuf
                0x00000000050264cc                m_free
                0x00000000050265d4                m_freem
                0x0000000005026618                m_copy
                0x000000000502690c                m_adj
                0x0000000005026acc                mbuf_len
                0x0000000005026b20                dtom
                0x0000000005026bbc                remque
                0x0000000005026c2c                insque
                0x0000000005026ca8                nptcp_init
                0x0000000005026da0                tcp_rcv
                0x0000000005026f70                ip_output
                0x0000000005027520                in_broadcast
                0x0000000005027558                np_stripoptions
                0x000000000502764c                so_icmpdu
                0x0000000005027994                tcp_tick
 .text          0x0000000005027a0c      0x970 ../FPGAEncrypt_bsp/\libucosii_bsp.a(rawsock.o)
                0x0000000005027a0c                rawip_lookup
                0x0000000005027a68                rawip_soinput
                0x0000000005027c30                rawip_usrreq
 .text          0x000000000502837c     0x1654 ../FPGAEncrypt_bsp/\libucosii_bsp.a(sockcall.o)
                0x000000000502837c                DOMAIN_CHECK
                0x00000000050283cc                t_socket
                0x000000000502844c                t_bind
                0x00000000050285b0                t_listen
                0x0000000005028688                t_accept
                0x00000000050288dc                t_connect
                0x0000000005028b48                t_getpeername
                0x0000000005028b8c                t_getsockname
                0x0000000005028dac                t_setsockopt
                0x0000000005028f6c                t_getsockopt
                0x00000000050290f8                t_recv
                0x00000000050291d8                t_recvfrom
                0x0000000005029318                t_sendto
                0x000000000502950c                t_send
                0x0000000005029710                t_shutdown
                0x00000000050297e8                t_socketclose
                0x0000000005029938                t_errno
 .text          0x00000000050299d0     0x2034 ../FPGAEncrypt_bsp/\libucosii_bsp.a(socket.o)
                0x00000000050299d0                socreate
                0x0000000005029b78                sobind
                0x0000000005029bd4                solisten
                0x0000000005029ca4                sofree
                0x0000000005029db4                soclose
                0x000000000502a070                soabort
                0x000000000502a0c0                soaccept
                0x000000000502a158                soconnect
                0x000000000502a210                sodisconnect
                0x000000000502a2a8                sosend
                0x000000000502a800                soreceive
                0x000000000502af4c                soshutdown
                0x000000000502afe4                sorflush
                0x000000000502b0e0                sosetopt
                0x000000000502b510                sogetopt
                0x000000000502b9b8                sohasoutofband
 .text          0x000000000502ba04     0x128c ../FPGAEncrypt_bsp/\libucosii_bsp.a(socket2.o)
                0x000000000502ba04                soisconnecting
                0x000000000502ba74                soisconnected
                0x000000000502bb78                soisdisconnecting
                0x000000000502bc10                soisdisconnected
                0x000000000502bcd4                sonewconn
                0x000000000502bed4                soqinsque
                0x000000000502bf80                soqremque
                0x000000000502c088                socantsendmore
                0x000000000502c0e0                socantrcvmore
                0x000000000502c138                sbselqueue
                0x000000000502c174                sbwait
                0x000000000502c1e0                sbwakeup
                0x000000000502c26c                soreserve
                0x000000000502c2f4                sbreserve
                0x000000000502c344                sbrelease
                0x000000000502c390                sbappend
                0x000000000502c430                sbappendrecord
                0x000000000502c508                sbappendaddr
                0x000000000502c6e4                sbcompress
                0x000000000502c8c4                sbflush
                0x000000000502c948                sbdrop
                0x000000000502cb00                sbdropend
                0x000000000502cc00                sbdroprecord
 .text          0x000000000502cc90      0x87c ../FPGAEncrypt_bsp/\libucosii_bsp.a(soselect.o)
                0x000000000502cc90                t_select
                0x000000000502ce60                sock_selscan
                0x000000000502cfa0                sock_select
                0x000000000502d184                in_pcbnotify
                0x000000000502d248                tcp_notify
                0x000000000502d2c8                ifd_clr
                0x000000000502d3b8                ifd_set
                0x000000000502d430                ifd_isset
                0x000000000502d4a8                ifd_get
 .text          0x000000000502d50c     0x2d80 ../FPGAEncrypt_bsp/\libucosii_bsp.a(tcp_in.o)
                0x000000000502d50c                tcp_reass
                0x000000000502d91c                tcp_input
                0x000000000502fc4c                tcp_dooptions
                0x000000000502fdd4                tcp_pulloutofband
                0x000000000502ff00                tcp_xmit_timer
                0x000000000503014c                ip4_tcpmss
                0x0000000005030194                tcp_mss
 .text          0x000000000503028c     0x11cc ../FPGAEncrypt_bsp/\libucosii_bsp.a(tcp_out.o)
                0x000000000503028c                tcp_output
                0x0000000005031290                tcp_setpersist
 .text          0x0000000005031458      0x93c ../FPGAEncrypt_bsp/\libucosii_bsp.a(tcp_subr.o)
                0x0000000005031458                tcp_init
                0x00000000050314ac                tcp_template
                0x00000000050315b4                tcp_respond
                0x00000000050319b4                tcp_newtcpcb
                0x0000000005031ac0                tcp_drop
                0x0000000005031b6c                tcp_close
                0x0000000005031c5c                tcp_quench
                0x0000000005031ca8                tcp_putseq
                0x0000000005031d20                tcp_getseq
 .text          0x0000000005031d94      0x750 ../FPGAEncrypt_bsp/\libucosii_bsp.a(tcp_timr.o)
                0x0000000005031d94                tcp_slowtimo
                0x0000000005032004                tcp_canceltimers
                0x0000000005032064                tcp_timers
 .text          0x00000000050324e4      0x988 ../FPGAEncrypt_bsp/\libucosii_bsp.a(tcp_usr.o)
                0x00000000050324e4                tcp_usrreq
                0x0000000005032bb8                tcp_attach
                0x0000000005032cd0                tcp_disconnect
                0x0000000005032d9c                tcp_usrclosed
 .text          0x0000000005032e6c       0x40 ../FPGAEncrypt_bsp/\libucosii_bsp.a(tcpport.o)
                0x0000000005032e6c                tcpinit
 .text          0x0000000005032eac      0xbb4 ../FPGAEncrypt_bsp/\libucosii_bsp.a(udpsock.o)
                0x0000000005032eac                udp_lookup
                0x0000000005032f08                udp_soinput
                0x00000000050330a8                udp_usrreq
                0x00000000050332e4                udp4_sockbind
                0x00000000050335b8                udp4_socksend
                0x0000000005033938                udp4_sockaddr
 .text          0x0000000005033a60      0x12c ../FPGAEncrypt_bsp/\libucosii_bsp.a(alt_alarm_start.o)
                0x0000000005033a60                alt_alarm_start
 .text          0x0000000005033b8c      0x158 ../FPGAEncrypt_bsp/\libucosii_bsp.a(alt_busy_sleep.o)
                0x0000000005033b8c                alt_busy_sleep
 .text          0x0000000005033ce4      0x10c ../FPGAEncrypt_bsp/\libucosii_bsp.a(alt_close.o)
                0x0000000005033d20                alt_close
 .text          0x0000000005033df0       0x78 ../FPGAEncrypt_bsp/\libucosii_bsp.a(alt_dcache_flush.o)
                0x0000000005033df0                alt_dcache_flush
 .text          0x0000000005033e68       0x2c ../FPGAEncrypt_bsp/\libucosii_bsp.a(alt_dev.o)
 .text          0x0000000005033e94       0xe0 ../FPGAEncrypt_bsp/\libucosii_bsp.a(alt_dev_llist_insert.o)
                0x0000000005033ed0                alt_dev_llist_insert
 .text          0x0000000005033f74       0x60 ../FPGAEncrypt_bsp/\libucosii_bsp.a(alt_do_ctors.o)
                0x0000000005033f74                _do_ctors
 .text          0x0000000005033fd4       0x60 ../FPGAEncrypt_bsp/\libucosii_bsp.a(alt_do_dtors.o)
                0x0000000005033fd4                _do_dtors
 .text          0x0000000005034034        0x0 ../FPGAEncrypt_bsp/\libucosii_bsp.a(alt_errno.o)
 .text          0x0000000005034034       0x90 ../FPGAEncrypt_bsp/\libucosii_bsp.a(alt_find_dev.o)
                0x0000000005034034                alt_find_dev
 .text          0x00000000050340c4       0xbc ../FPGAEncrypt_bsp/\libucosii_bsp.a(alt_flash_dev.o)
                0x00000000050340c4                alt_flash_open_dev
                0x000000000503412c                alt_flash_close_dev
 .text          0x0000000005034180      0x1b0 ../FPGAEncrypt_bsp/\libucosii_bsp.a(alt_iic.o)
                0x0000000005034180                alt_ic_isr_register
                0x00000000050341d0                alt_ic_irq_enable
                0x0000000005034258                alt_ic_irq_disable
                0x00000000050342e4                alt_ic_irq_enabled
 .text          0x0000000005034330       0xf0 ../FPGAEncrypt_bsp/\libucosii_bsp.a(alt_iic_isr_register.o)
                0x0000000005034330                alt_iic_isr_register
 .text          0x0000000005034420      0x140 ../FPGAEncrypt_bsp/\libucosii_bsp.a(alt_io_redirect.o)
                0x00000000050344e4                alt_io_redirect
 .text          0x0000000005034560        0x0 ../FPGAEncrypt_bsp/\libucosii_bsp.a(alt_irq_entry.o)
 .text          0x0000000005034560        0x0 ../FPGAEncrypt_bsp/\libucosii_bsp.a(alt_irq_handler.o)
 .text          0x0000000005034560        0x0 ../FPGAEncrypt_bsp/\libucosii_bsp.a(alt_irq_vars.o)
 .text          0x0000000005034560      0x254 ../FPGAEncrypt_bsp/\libucosii_bsp.a(alt_open.o)
                0x0000000005034660                open
 .text          0x00000000050347b4      0x22c ../FPGAEncrypt_bsp/\libucosii_bsp.a(alt_printf.o)
                0x00000000050347b4                alt_printf
 .text          0x00000000050349e0       0x3c ../FPGAEncrypt_bsp/\libucosii_bsp.a(alt_putchar.o)
                0x00000000050349e0                alt_putchar
 .text          0x0000000005034a1c      0x138 ../FPGAEncrypt_bsp/\libucosii_bsp.a(alt_read.o)
                0x0000000005034a58                alt_read
 .text          0x0000000005034b54       0x64 ../FPGAEncrypt_bsp/\libucosii_bsp.a(alt_release_fd.o)
                0x0000000005034b54                alt_release_fd
 .text          0x0000000005034bb8       0x34 ../FPGAEncrypt_bsp/\libucosii_bsp.a(alt_remap_cached.o)
                0x0000000005034bb8                alt_remap_cached
 .text          0x0000000005034bec      0x1a4 ../FPGAEncrypt_bsp/\libucosii_bsp.a(alt_tick.o)
                0x0000000005034bec                alt_alarm_stop
                0x0000000005034c88                alt_tick
 .text          0x0000000005034d90       0x44 ../FPGAEncrypt_bsp/\libucosii_bsp.a(alt_uncached_free.o)
                0x0000000005034d90                alt_uncached_free
 .text          0x0000000005034dd4       0x78 ../FPGAEncrypt_bsp/\libucosii_bsp.a(alt_uncached_malloc.o)
                0x0000000005034dd4                alt_uncached_malloc
 .text          0x0000000005034e4c      0x134 ../FPGAEncrypt_bsp/\libucosii_bsp.a(alt_write.o)
                0x0000000005034e88                alt_write
 .text          0x0000000005034f80       0x24 ../FPGAEncrypt_bsp/\libucosii_bsp.a(altera_nios2_gen2_irq.o)
                0x0000000005034f80                altera_nios2_gen2_irq_init
 .text          0x0000000005034fa4       0xd0 ../FPGAEncrypt_bsp/\libucosii_bsp.a(os_cpu_a.o)
                0x0000000005034fa4                OSCtxSw
                0x0000000005034fa4                OSIntCtxSw
                0x0000000005035030                OSStartHighRdy
                0x0000000005035050                OSStartTsk
 .text          0x0000000005035074      0x294 ../FPGAEncrypt_bsp/\libucosii_bsp.a(os_cpu_c.o)
                0x0000000005035074                OSTaskStkInit
                0x00000000050351d0                OSTaskCreateHook
                0x00000000050351f4                OSTaskDelHook
                0x0000000005035218                OSTaskSwHook
                0x0000000005035238                OSTaskStatHook
                0x0000000005035258                OSTimeTickHook
                0x0000000005035284                OSInitHookBegin
                0x00000000050352a4                OSInitHookEnd
                0x00000000050352c4                OSTaskIdleHook
                0x00000000050352e4                OSTCBInitHook
 .text          0x0000000005035308     0x5148 ../FPGAEncrypt_bsp/\libucosii_bsp.a(altera_avalon_tse.o)
                0x0000000005035308                no_printf
                0x0000000005035338                tse_mac_initTransInfo2
                0x0000000005035398                tse_mac_sTxWrite
                0x0000000005035460                tse_mac_aRxRead
                0x00000000050354d0                tse_mac_aTxWrite
                0x0000000005035540                tse_mac_SwReset
                0x00000000050355c8                tse_mac_setMIImode
                0x000000000503561c                tse_mac_setGMIImode
                0x000000000503566c                alt_tse_phy_add_profile
                0x0000000005035850                alt_tse_system_add_sys
                0x0000000005036254                alt_tse_sys_enable_mdio_sharing
                0x00000000050363bc                alt_tse_mac_get_common_speed
                0x00000000050363fc                alt_tse_mac_set_common_speed
                0x0000000005036444                alt_tse_get_system_index
                0x00000000050364b0                alt_tse_get_mac_group_index
                0x0000000005036524                alt_tse_get_mac_info_index
                0x00000000050365a4                alt_tse_get_mac_info
                0x000000000503667c                alt_tse_mac_set_speed
                0x000000000503675c                alt_tse_mac_set_duplex
                0x00000000050367e8                getPHYSpeed
                0x0000000005037264                alt_tse_phy_rd_mdio_addr
                0x00000000050372ac                alt_tse_phy_wr_mdio_addr
                0x0000000005037304                alt_tse_phy_wr_mdio_reg
                0x000000000503742c                alt_tse_phy_rd_mdio_reg
                0x00000000050374f8                alt_tse_phy_add_profile_default
                0x00000000050377c4                alt_tse_phy_print_profile
                0x00000000050379d4                alt_tse_mac_group_init
                0x0000000005038078                alt_tse_mac_get_phy