Archive member included to satisfy reference by file (symbol)

c:/intelfpga_lite/18.1/nios2eds/bin/gnu/h-x86_64-mingw32/bin/../lib/gcc/nios2-elf/5.3.0/../../../../../H-x86_64-mingw32/nios2-elf/lib\libc.a(lib_a-ctype_.o)
                              obj/default/network_utilities.o (__ctype_ptr__)
c:/intelfpga_lite/18.1/nios2eds/bin/gnu/h-x86_64-mingw32/bin/../lib/gcc/nios2-elf/5.3.0/../../../../../H-x86_64-mingw32/nios2-elf/lib\libc.a(lib_a-fprintf.o)
                              obj/default/alt_error_handler.o (fprintf)
c:/intelfpga_lite/18.1/nios2eds/bin/gnu/h-x86_64-mingw32/bin/../lib/gcc/nios2-elf/5.3.0/../../../../../H-x86_64-mingw32/nios2-elf/lib\libc.a(lib_a-fwrite.o)
                              obj/default/alt_error_handler.o (fwrite)
c:/intelfpga_lite/18.1/nios2eds/bin/gnu/h-x86_64-mingw32/bin/../lib/gcc/nios2-elf/5.3.0/../../../../../H-x86_64-mingw32/nios2-elf/lib\libc.a(lib_a-getc.o)
                              obj/default/network_utilities.o (getc)
c:/intelfpga_lite/18.1/nios2eds/bin/gnu/h-x86_64-mingw32/bin/../lib/gcc/nios2-elf/5.3.0/../../../../../H-x86_64-mingw32/nios2-elf/lib\libc.a(lib_a-impure.o)
                              obj/default/alt_error_handler.o (_impure_ptr)
c:/intelfpga_lite/18.1/nios2eds/bin/gnu/h-x86_64-mingw32/bin/../lib/gcc/nios2-elf/5.3.0/../../../../../H-x86_64-mingw32/nios2-elf/lib\libc.a(lib_a-memcpy.o)
                              obj/default/simple_socket_server.o (memcpy)
c:/intelfpga_lite/18.1/nios2eds/bin/gnu/h-x86_64-mingw32/bin/../lib/gcc/nios2-elf/5.3.0/../../../../../H-x86_64-mingw32/nios2-elf/lib\libc.a(lib_a-memmove.o)
                              obj/default/simple_socket_server.o (memmove)
c:/intelfpga_lite/18.1/nios2eds/bin/gnu/h-x86_64-mingw32/bin/../lib/gcc/nios2-elf/5.3.0/../../../../../H-x86_64-mingw32/nios2-elf/lib\libc.a(lib_a-memset.o)
                              obj/default/iniche_init.o (memset)
c:/intelfpga_lite/18.1/nios2eds/bin/gnu/h-x86_64-mingw32/bin/../lib/gcc/nios2-elf/5.3.0/../../../../../H-x86_64-mingw32/nios2-elf/lib\libc.a(lib_a-perror.o)
                              obj/default/alt_error_handler.o (perror)
c:/intelfpga_lite/18.1/nios2eds/bin/gnu/h-x86_64-mingw32/bin/../lib/gcc/nios2-elf/5.3.0/../../../../../H-x86_64-mingw32/nios2-elf/lib\libc.a(lib_a-printf.o)
                              obj/default/alt_error_handler.o (printf)
c:/intelfpga_lite/18.1/nios2eds/bin/gnu/h-x86_64-mingw32/bin/../lib/gcc/nios2-elf/5.3.0/../../../../../H-x86_64-mingw32/nios2-elf/lib\libc.a(lib_a-putc.o)
                              obj/default/network_utilities.o (putc)
c:/intelfpga_lite/18.1/nios2eds/bin/gnu/h-x86_64-mingw32/bin/../lib/gcc/nios2-elf/5.3.0/../../../../../H-x86_64-mingw32/nios2-elf/lib\libc.a(lib_a-putchar.o)
                              obj/default/iniche_init.o (putchar)
c:/intelfpga_lite/18.1/nios2eds/bin/gnu/h-x86_64-mingw32/bin/../lib/gcc/nios2-elf/5.3.0/../../../../../H-x86_64-mingw32/nios2-elf/lib\libc.a(lib_a-puts.o)
                              obj/default/alt_error_handler.o (puts)
c:/intelfpga_lite/18.1/nios2eds/bin/gnu/h-x86_64-mingw32/bin/../lib/gcc/nios2-elf/5.3.0/../../../../../H-x86_64-mingw32/nios2-elf/lib\libc.a(lib_a-rget.o)
                              c:/intelfpga_lite/18.1/nios2eds/bin/gnu/h-x86_64-mingw32/bin/../lib/gcc/nios2-elf/5.3.0/../../../../../H-x86_64-mingw32/nios2-elf/lib\libc.a(lib_a-getc.o) (__srget_r)
c:/intelfpga_lite/18.1/nios2eds/bin/gnu/h-x86_64-mingw32/bin/../lib/gcc/nios2-elf/5.3.0/../../../../../H-x86_64-mingw32/nios2-elf/lib\libc.a(lib_a-sprintf.o)
                              obj/default/simple_socket_server.o (sprintf)
c:/intelfpga_lite/18.1/nios2eds/bin/gnu/h-x86_64-mingw32/bin/../lib/gcc/nios2-elf/5.3.0/../../../../../H-x86_64-mingw32/nios2-elf/lib\libc.a(lib_a-strchr.o)
                              obj/default/simple_socket_server.o (strchr)
c:/intelfpga_lite/18.1/nios2eds/bin/gnu/h-x86_64-mingw32/bin/../lib/gcc/nios2-elf/5.3.0/../../../../../H-x86_64-mingw32/nios2-elf/lib\libc.a(lib_a-strerror.o)
                              c:/intelfpga_lite/18.1/nios2eds/bin/gnu/h-x86_64-mingw32/bin/../lib/gcc/nios2-elf/5.3.0/../../../../../H-x86_64-mingw32/nios2-elf/lib\libc.a(lib_a-perror.o) (_strerror_r)
c:/intelfpga_lite/18.1/nios2eds/bin/gnu/h-x86_64-mingw32/bin/../lib/gcc/nios2-elf/5.3.0/../../../../../H-x86_64-mingw32/nios2-elf/lib\libc.a(lib_a-strlen.o)
                              c:/intelfpga_lite/18.1/nios2eds/bin/gnu/h-x86_64-mingw32/bin/../lib/gcc/nios2-elf/5.3.0/../../../../../H-x86_64-mingw32/nios2-elf/lib\libc.a(lib_a-puts.o) (strlen)
c:/intelfpga_lite/18.1/nios2eds/bin/gnu/h-x86_64-mingw32/bin/../lib/gcc/nios2-elf/5.3.0/../../../../../H-x86_64-mingw32/nios2-elf/lib\libc.a(lib_a-strstr.o)
                              obj/default/iniche_init.o (strstr)
c:/intelfpga_lite/18.1/nios2eds/bin/gnu/h-x86_64-mingw32/bin/../lib/gcc/nios2-elf/5.3.0/../../../../../H-x86_64-mingw32/nios2-elf/lib\libc.a(lib_a-svfprintf.o)
[...]
Memory Configuration

Name             Origin             Length             Attributes
ext_epcq_flash_avl_mem_BEFORE_RESET 0x0000000000000000 0x0000000000300000
reset            0x0000000000300000 0x0000000000000020
ext_epcq_flash_avl_mem 0x0000000000300020 0x00000000004fffe0
descriptor_memory 0x0000000001004000 0x0000000000002000
sll_hyperbus_controller_top_0_BEFORE_EXCEPTION 0x0000000005000000 0x0000000000000120
sll_hyperbus_controller_top_0 0x0000000005000120 0x0000000000fffee0
onchip_ram       0x0000000007000800 0x0000000000000800
*default*        0x0000000000000000 0xffffffffffffffff

Linker script and memory map

LOAD ../FPGAEncrypt_bsp//obj/HAL/src/crt0.o
LOAD obj/default/alt_error_handler.o
LOAD obj/default/iniche_init.o
LOAD obj/default/led.o
LOAD obj/default/network_utilities.o
LOAD obj/default/simple_socket_server.o
LOAD obj/default/tse_my_system.o
LOAD c:/intelfpga_lite/18.1/nios2eds/bin/gnu/h-x86_64-mingw32/bin/../lib/gcc/nios2-elf/5.3.0/../../../../../H-x86_64-mingw32/nios2-elf/lib\libstdc++.a
LOAD c:/intelfpga_lite/18.1/nios2eds/bin/gnu/h-x86_64-mingw32/bin/../lib/gcc/nios2-elf/5.3.0/../../../../../H-x86_64-mingw32/nios2-elf/lib\libm.a
LOAD c:/intelfpga_lite/18.1/nios2eds/bin/gnu/h-x86_64-mingw32/bin/../lib/gcc/nios2-elf/5.3.0\libgcc.a
START GROUP
LOAD c:/intelfpga_lite/18.1/nios2eds/bin/gnu/h-x86_64-mingw32/bin/../lib/gcc/nios2-elf/5.3.0/../../../../../H-x86_64-mingw32/nios2-elf/lib\libc.a
LOAD c:/intelfpga_lite/18.1/nios2eds/bin/gnu/h-x86_64-mingw32/bin/../lib/gcc/nios2-elf/5.3.0\libgcc.a
LOAD ../FPGAEncrypt_bsp/\libucosii_bsp.a
LOAD c:/intelfpga_lite/18.1/nios2eds/bin/gnu/h-x86_64-mingw32/bin/../lib/gcc/nios2-elf/5.3.0/../../../../../H-x86_64-mingw32/nios2-elf/lib\libm.a
END GROUP
LOAD c:/intelfpga_lite/18.1/nios2eds/bin/gnu/h-x86_64-mingw32/bin/../lib/gcc/nios2-elf/5.3.0\libgcc.a
                0x0000000000000000                __alt_mem_ext_epcq_flash_avl_mem = 0x0
                0x0000000001004000                __alt_mem_descriptor_memory = 0x1004000
                0x0000000005000000                __alt_mem_sll_hyperbus_controller_top_0 = 0x5000000
                0x0000000007000800                __alt_mem_onchip_ram = 0x7000800

.entry          0x0000000000300000        0x0
 *(.entry)
 .entry         0x0000000000300000        0x0 ../FPGAEncrypt_bsp//obj/HAL/src/crt0.o
                0x0000000000300000                __reset

.exceptions     0x0000000005000120      0x224
                [!provide]                        PROVIDE (__ram_exceptions_start, ABSOLUTE (.))
                0x0000000005000120                . = ALIGN (0x20)
 *(.irq)
 *(.exceptions.entry.label)
 .exceptions.entry.label
                0x0000000005000120        0x0 ../FPGAEncrypt_bsp/\libucosii_bsp.a(alt_irq_entry.o)
                0x0000000005000120                alt_irq_entry
 .exceptions.entry.label
                0x0000000005000120        0x0 ../FPGAEncrypt_bsp/\libucosii_bsp.a(alt_exception_entry.o)
                0x0000000005000120                alt_exception
 *(.exceptions.entry.user)
 *(.exceptions.entry.ecc_fatal)
 *(.exceptions.entry)
 .exceptions.entry
                0x0000000005000120       0x54 ../FPGAEncrypt_bsp/\libucosii_bsp.a(alt_exception_entry.o)
 *(.exceptions.irqtest.user)
 *(.exceptions.irqtest)
 .exceptions.irqtest
                0x0000000005000174       0x10 ../FPGAEncrypt_bsp/\libucosii_bsp.a(alt_irq_entry.o)
 *(.exceptions.irqhandler.user)
 *(.exceptions.irqhandler)
 .exceptions.irqhandler
                0x0000000005000184        0x4 ../FPGAEncrypt_bsp/\libucosii_bsp.a(alt_irq_entry.o)
 *(.exceptions.irqreturn.user)
 *(.exceptions.irqreturn)
 .exceptions.irqreturn
                0x0000000005000188        0x4 ../FPGAEncrypt_bsp/\libucosii_bsp.a(alt_irq_entry.o)
 *(.exceptions.notirq.label)
 .exceptions.notirq.label
                0x000000000500018c        0x0 ../FPGAEncrypt_bsp/\libucosii_bsp.a(alt_irq_entry.o)
 *(.exceptions.notirq.user)
 *(.exceptions.notirq)
 .exceptions.notirq
                0x000000000500018c        0x8 ../FPGAEncrypt_bsp/\libucosii_bsp.a(alt_exception_entry.o)
 *(.exceptions.soft.user)
 *(.exceptions.soft)
 *(.exceptions.unknown.user)
 *(.exceptions.unknown)
 .exceptions.unknown
                0x0000000005000194       0x14 ../FPGAEncrypt_bsp/\libucosii_bsp.a(alt_exception_entry.o)
 *(.exceptions.exit.label)
 .exceptions.exit.label
                0x00000000050001a8        0x0 ../FPGAEncrypt_bsp/\libucosii_bsp.a(alt_irq_entry.o)
 .exceptions.exit.label
                0x00000000050001a8        0x0 ../FPGAEncrypt_bsp/\libucosii_bsp.a(alt_exception_entry.o)
 *(.exceptions.exit.user)
 *(.exceptions.exit)
 .exceptions.exit
                0x00000000050001a8       0x54 ../FPGAEncrypt_bsp/\libucosii_bsp.a(alt_exception_entry.o)
 *(.exceptions)
 .exceptions    0x00000000050001fc       0xd4 ../FPGAEncrypt_bsp/\libucosii_bsp.a(alt_irq_handler.o)
                0x00000000050001fc                alt_irq_handler
 .exceptions    0x00000000050002d0       0x74 ../FPGAEncrypt_bsp/\libucosii_bsp.a(alt_instruction_exception_entry.o)
                0x00000000050002d0                alt_instruction_exception_entry
                [!provide]                        PROVIDE (__ram_exceptions_end, ABSOLUTE (.))
                [!provide]                        PROVIDE (__flash_exceptions_start, LOADADDR (.exceptions))

.text           0x0000000005000344    0x4cf98
                [!provide]                        PROVIDE (stext, ABSOLUTE (.))
 *(.interp)
 *(.hash)
 *(.dynsym)
 *(.dynstr)
 *(.gnu.version)
 *(.gnu.version_d)
 *(.gnu.version_r)
 *(.rel.init)
 *(.rela.init)
 *(.rel.text .rel.text.* .rel.gnu.linkonce.t.*)
 *(.rela.text .rela.text.* .rela.gnu.linkonce.t.*)
 *(.rel.fini)
 *(.rela.fini)
 *(.rel.rodata .rel.rodata.* .rel.gnu.linkonce.r.*)
 *(.rela.rodata .rela.rodata.* .rela.gnu.linkonce.r.*)
 *(.rel.data .rel.data.* .rel.gnu.linkonce.d.*)
 *(.rela.data .rela.data.* .rela.gnu.linkonce.d.*)
 *(.rel.tdata .rel.tdata.* .rel.gnu.linkonce.td.*)
 *(.rela.tdata .rela.tdata.* .rela.gnu.linkonce.td.*)
 *(.rel.tbss .rel.tbss.* .rel.gnu.linkonce.tb.*)
 *(.rela.tbss .rela.tbss.* .rela.gnu.linkonce.tb.*)
 *(.rel.ctors)
 *(.rela.ctors)
 *(.rel.dtors)
 *(.rela.dtors)
 *(.rel.got)
 *(.rela.got)
 *(.rel.sdata .rel.sdata.* .rel.gnu.linkonce.s.*)
 *(.rela.sdata .rela.sdata.* .rela.gnu.linkonce.s.*)
 *(.rel.sbss .rel.sbss.* .rel.gnu.linkonce.sb.*)
 *(.rela.sbss .rela.sbss.* .rela.gnu.linkonce.sb.*)
 *(.rel.sdata2 .rel.sdata2.* .rel.gnu.linkonce.s2.*)
 *(.rela.sdata2 .rela.sdata2.* .rela.gnu.linkonce.s2.*)
 *(.rel.sbss2 .rel.sbss2.* .rel.gnu.linkonce.sb2.*)
 *(.rela.sbss2 .rela.sbss2.* .rela.gnu.linkonce.sb2.*)
 *(.rel.bss .rel.bss.* .rel.gnu.linkonce.b.*)
 *(.rela.bss .rela.bss.* .rela.gnu.linkonce.b.*)
 *(.rel.plt)
 *(.rela.plt)
 *(.rel.dyn)
 *(.init)
 *(.plt)
 *(.text .stub .text.* .gnu.linkonce.t.*)
 .text          0x0000000005000344       0x48 ../FPGAEncrypt_bsp//obj/HAL/src/crt0.o
                0x0000000005000344                _start
 .text          0x000000000500038c      0xa60 obj/default/alt_error_handler.o
                0x000000000500038c                alt_uCOSIIErrorHandler
                0x00000000050008f0                alt_NetworkErrorHandler
                0x0000000005000b54                alt_SSSErrorHandler
 .text          0x0000000005000dec      0x42c obj/default/iniche_init.o
                0x0000000005000dec                process_byte
                0x0000000005000e60                process_string
                0x0000000005000ee8                tcp_server
                0x000000000500118c                main
 .text          0x0000000005001218      0x354 obj/default/led.o
                0x0000000005001218                led_bit_toggle
                0x0000000005001324                LED7SegLightshowTask
                0x0000000005001398                LEDManagementTask
 .text          0x000000000500156c      0x450 obj/default/network_utilities.o
                0x000000000500156c                get_mac_addr
                0x00000000050015c0                get_ip_addr
                0x000000000500161c                get_serial_number
                0x00000000050017d8                generate_and_store_mac_addr
                0x000000000500182c                generate_mac_addr
                0x0000000005001964                get_board_mac_addr
                0x0000000005001990                FindLastFlashSectorOffset
 .text          0x00000000050019bc      0xa1c obj/default/simple_socket_server.o
                0x00000000050019bc                SSSCreateOSDataStructs
                0x0000000005001a60                SSSCreateTasks
                0x0000000005001b30                sss_reset_connection
                0x0000000005001ba0                sss_send_menu
                0x0000000005001dbc                sss_handle_accept
                0x0000000005001e84                sss_exec_command
                0x0000000005002034                sss_handle_receive
                0x0000000005002224                SSSSimpleSocketServerTask
 .text          0x00000000050023d8        0x0 obj/default/tse_my_system.o
 .text          0x00000000050023d8        0x0 c:/intelfpga_lite/18.1/nios2eds/bin/gnu/h-x86_64-mingw32/bin/../lib/gcc/nios2-elf/5.3.0/../../../../../H-x86_64-mingw32/nios2-elf/lib\libc.a(lib_a-ctype_.o)
 .text          0x00000000050023d8        0x0 c:/intelfpga_lite/18.1/nios2eds/bin/gnu/h-x86_64-mingw32/bin/../lib/gcc/nios2-elf/5.3.0/../../../../../H-x86_64-mingw32/nios2-elf/lib\libc.a(lib_a-fprintf.o)
 .text._fprintf_r
                0x00000000050023d8       0x28 c:/intelfpga_lite/18.1/nios2eds/bin/gnu/h-x86_64-mingw32/bin/../lib/gcc/nios2-elf/5.3.0/../../../../../H-x86_64-mingw32/nios2-elf/lib\libc.a(lib_a-fprintf.o)
                0x00000000050023d8                _fprintf_r
 .text.fprintf  0x0000000005002400       0x24 c:/intelfpga_lite/18.1/nios2eds/bin/gnu/h-x86_64-mingw32/bin/../lib/gcc/nios2-elf/5.3.0/../../../../../H-x86_64-mingw32/nios2-elf/lib\libc.a(lib_a-fprintf.o)
                0x0000000005002400                fprintf
 .text          0x0000000005002424        0x0 c:/intelfpga_lite/18.1/nios2eds/bin/gnu/h-x86_64-mingw32/bin/../lib/gcc/nios2-elf/5.3.0/../../../../../H-x86_64-mingw32/nios2-elf/lib\libc.a(lib_a-fwrite.o)
 .text._fwrite_r
                0x0000000005002424       0xcc c:/intelfpga_lite/18.1/nios2eds/bin/gnu/h-x86_64-mingw32/bin/../lib/gcc/nios2-elf/5.3.0/../../../../../H-x86_64-mingw32/nios2-elf/lib\libc.a(lib_a-fwrite.o)
                0x0000000005002424                _fwrite_r
 .text.fwrite   0x00000000050024f0       0x34 c:/intelfpga_lite/18.1/nios2eds/bin/gnu/h-x86_64-mingw32/bin/../lib/gcc/nios2-elf/5.3.0/../../../../../H-x86_64-mingw32/nios2-elf/lib\libc.a(lib_a-fwrite.o)
                0x00000000050024f0                fwrite
 .text          0x0000000005002524        0x0 c:/intelfpga_lite/18.1/nios2eds/bin/gnu/h-x86_64-mingw32/bin/../lib/gcc/nios2-elf/5.3.0/../../../../../H-x86_64-mingw32/nios2-elf/lib\libc.a(lib_a-getc.o)
 .text._getc_r  0x0000000005002524       0x70 c:/intelfpga_lite/18.1/nios2eds/bin/gnu/h-x86_64-mingw32/bin/../lib/gcc/nios2-elf/5.3.0/../../../../../H-x86_64-mingw32/nios2-elf/lib\libc.a(lib_a-getc.o)
                0x0000000005002524                _getc_r
 .text.getc     0x0000000005002594       0x88 c:/intelfpga_lite/18.1/nios2eds/bin/gnu/h-x86_64-mingw32/bin/../lib/gcc/nios2-elf/5.3.0/../../../../../H-x86_64-mingw32/nios2-elf/lib\libc.a(lib_a-getc.o)
                0x0000000005002594                getc
 .text          0x000000000500261c        0x0 c:/intelfpga_lite/18.1/nios2eds/bin/gnu/h-x86_64-mingw32/bin/../lib/gcc/nios2-elf/5.3.0/../../../../../H-x86_64-mingw32/nios2-elf/lib\libc.a(lib_a-impure.o)
 .text          0x000000000500261c        0x0 c:/intelfpga_lite/18.1/nios2eds/bin/gnu/h-x86_64-mingw32/bin/../lib/gcc/nios2-elf/5.3.0/../../../../../H-x86_64-mingw32/nios2-elf/lib\libc.a(lib_a-memcpy.o)
 .text.memcpy   0x000000000500261c      0x148 c:/intelfpga_lite/18.1/nios2eds/bin/gnu/h-x86_64-mingw32/bin/../lib/gcc/nios2-elf/5.3.0/../../../../../H-x86_64-mingw32/nios2-elf/lib\libc.a(lib_a-memcpy.o)
                0x000000000500261c                memcpy
 .text          0x0000000005002764        0x0 c:/intelfpga_lite/18.1/nios2eds/bin/gnu/h-x86_64-mingw32/bin/../lib/gcc/nios2-elf/5.3.0/../../../../../H-x86_64-mingw32/nios2-elf/lib\libc.a(lib_a-memmove.o)
 .text.memmove  0x0000000005002764      0x15c c:/intelfpga_lite/18.1/nios2eds/bin/gnu/h-x86_64-mingw32/bin/../lib/gcc/nios2-elf/5.3.0/../../../../../H-x86_64-mingw32/nios2-elf/lib\libc.a(lib_a-memmove.o)
                0x0000000005002764                memmove
 .text          0x00000000050028c0        0x0 c:/intelfpga_lite/18.1/nios2eds/bin/gnu/h-x86_64-mingw32/bin/../lib/gcc/nios2-elf/5.3.0/../../../../../H-x86_64-mingw32/nios2-elf/lib\libc.a(lib_a-memset.o)
 .text.memset   0x00000000050028c0      0x128 c:/intelfpga_lite/18.1/nios2eds/bin/gnu/h-x86_64-mingw32/bin/../lib/gcc/nios2-elf/5.3.0/../../../../../H-x86_64-mingw32/nios2-elf/lib\libc.a(lib_a-memset.o)
                0x00000000050028c0                memset
 .text          0x00000000050029e8        0x0 c:/intelfpga_lite/18.1/nios2eds/bin/gnu/h-x86_64-mingw32/bin/../lib/gcc/nios2-elf/5.3.0/../../../../../H-x86_64-mingw32/nios2-elf/lib\libc.a(lib_a-perror.o)
 .text._perror_r
                0x00000000050029e8       0x80 c:/intelfpga_lite/18.1/nios2eds/bin/gnu/h-x86_64-mingw32/bin/../lib/gcc/nios2-elf/5.3.0/../../../../../H-x86_64-mingw32/nios2-elf/lib\libc.a(lib_a-perror.o)
                0x00000000050029e8                _perror_r
 .text.perror   0x0000000005002a68       0x14 c:/intelfpga_lite/18.1/nios2eds/bin/gnu/h-x86_64-mingw32/bin/../lib/gcc/nios2-elf/5.3.0/../../../../../H-x86_64-mingw32/nios2-elf/lib\libc.a(lib_a-perror.o)
                0x0000000005002a68                perror
 .text          0x0000000005002a7c        0x0 c:/intelfpga_lite/18.1/nios2eds/bin/gnu/h-x86_64-mingw32/bin/../lib/gcc/nios2-elf/5.3.0/../../../../../H-x86_64-mingw32/nios2-elf/lib\libc.a(lib_a-printf.o)
 .text._printf_r
                0x0000000005002a7c       0x30 c:/intelfpga_lite/18.1/nios2eds/bin/gnu/h-x86_64-mingw32/bin/../lib/gcc/nios2-elf/5.3.0/../../../../../H-x86_64-mingw32/nios2-elf/lib\libc.a(lib_a-printf.o)
                0x0000000005002a7c                _printf_r
 .text.printf   0x0000000005002aac       0x3c c:/intelfpga_lite/18.1/nios2eds/bin/gnu/h-x86_64-mingw32/bin/../lib/gcc/nios2-elf/5.3.0/../../../../../H-x86_64-mingw32/nios2-elf/lib\libc.a(lib_a-printf.o)
                0x0000000005002aac                printf
 .text          0x0000000005002ae8        0x0 c:/intelfpga_lite/18.1/nios2eds/bin/gnu/h-x86_64-mingw32/bin/../lib/gcc/nios2-elf/5.3.0/../../../../../H-x86_64-mingw32/nios2-elf/lib\libc.a(lib_a-putc.o)
 .text._putc_r  0x0000000005002ae8       0xa0 c:/intelfpga_lite/18.1/nios2eds/bin/gnu/h-x86_64-mingw32/bin/../lib/gcc/nios2-elf/5.3.0/../../../../../H-x86_64-mingw32/nios2-elf/lib\libc.a(lib_a-putc.o)
                0x0000000005002ae8                _putc_r
 .text.putc     0x0000000005002b88       0xc8 c:/intelfpga_lite/18.1/nios2eds/bin/gnu/h-x86_64-mingw32/bin/../lib/gcc/nios2-elf/5.3.0/../../../../../H-x86_64-mingw32/nios2-elf/lib\libc.a(lib_a-putc.o)
                0x0000000005002b88                putc
 .text          0x0000000005002c50        0x0 c:/intelfpga_lite/18.1/nios2eds/bin/gnu/h-x86_64-mingw32/bin/../lib/gcc/nios2-elf/5.3.0/../../../../../H-x86_64-mingw32/nios2-elf/lib\libc.a(lib_a-putchar.o)
 .text._putchar_r
                0x0000000005002c50        0x8 c:/intelfpga_lite/18.1/nios2eds/bin/gnu/h-x86_64-mingw32/bin/../lib/gcc/nios2-elf/5.3.0/../../../../../H-x86_64-mingw32/nios2-elf/lib\libc.a(lib_a-putchar.o)
                0x0000000005002c50                _putchar_r
 .text.putchar  0x0000000005002c58       0x18 c:/intelfpga_lite/18.1/nios2eds/bin/gnu/h-x86_64-mingw32/bin/../lib/gcc/nios2-elf/5.3.0/../../../../../H-x86_64-mingw32/nios2-elf/lib\libc.a(lib_a-putchar.o)
                0x0000000005002c58                putchar
 .text          0x0000000005002c70        0x0 c:/intelfpga_lite/18.1/nios2eds/bin/gnu/h-x86_64-mingw32/bin/../lib/gcc/nios2-elf/5.3.0/../../../../../H-x86_64-mingw32/nios2-elf/lib\libc.a(lib_a-puts.o)
 .text._puts_r  0x0000000005002c70       0xc0 c:/intelfpga_lite/18.1/nios2eds/bin/gnu/h-x86_64-mingw32/bin/../lib/gcc/nios2-elf/5.3.0/../../../../../H-x86_64-mingw32/nios2-elf/lib\libc.a(lib_a-puts.o)
                0x0000000005002c70                _puts_r
 .text.puts     0x0000000005002d30       0x14 c:/intelfpga_lite/18.1/nios2eds/bin/gnu/h-x86_64-mingw32/bin/../lib/gcc/nios2-elf/5.3.0/../../../../../H-x86_64-mingw32/nios2-elf/lib\libc.a(lib_a-puts.o)
                0x0000000005002d30                puts
 .text          0x0000000005002d44        0x0 c:/intelfpga_lite/18.1/nios2eds/bin/gnu/h-x86_64-mingw32/bin/../lib/gcc/nios2-elf/5.3.0/../../../../../H-x86_64-mingw32/nios2-elf/lib\libc.a(lib_a-rget.o)
 .text.__srget_r
                0x0000000005002d44       0x74 c:/intelfpga_lite/18.1/nios2eds/bin/gnu/h-x86_64-mingw32/bin/../lib/gcc/nios2-elf/5.3.0/../../../../../H-x86_64-mingw32/nios2-elf/lib\libc.a(lib_a-rget.o)
                0x0000000005002d44                __srget_r
 .text.__srget  0x0000000005002db8       0x14 c:/intelfpga_lite/18.1/nios2eds/bin/gnu/h-x86_64-mingw32/bin/../lib/gcc/nios2-elf/5.3.0/../../../../../H-x86_64-mingw32/nios2-elf/lib\libc.a(lib_a-rget.o)
                0x0000000005002db8                __srget
 .text          0x0000000005002dcc        0x0 c:/intelfpga_lite/18.1/nios2eds/bin/gnu/h-x86_64-mingw32/bin/../lib/gcc/nios2-elf/5.3.0/../../../../../H-x86_64-mingw32/nios2-elf/lib\libc.a(lib_a-sprintf.o)
 .text._sprintf_r
                0x0000000005002dcc       0x58 c:/intelfpga_lite/18.1/nios2eds/bin/gnu/h-x86_64-mingw32/bin/../lib/gcc/nios2-elf/5.3.0/../../../../../H-x86_64-mingw32/nios2-elf/lib\libc.a(lib_a-sprintf.o)
                0x0000000005002dcc                _sprintf_r
 .text.sprintf  0x0000000005002e24       0x6c c:/intelfpga_lite/18.1/nios2eds/bin/gnu/h-x86_64-mingw32/bin/../lib/gcc/nios2-elf/5.3.0/../../../../../H-x86_64-mingw32/nios2-elf/lib\libc.a(lib_a-sprintf.o)
                0x0000000005002e24                sprintf
 .text          0x0000000005002e90        0x0 c:/intelfpga_lite/18.1/nios2eds/bin/gnu/h-x86_64-mingw32/bin/../lib/gcc/nios2-elf/5.3.0/../../../../../H-x86_64-mingw32/nios2-elf/lib\libc.a(lib_a-strchr.o)
 .text.strchr   0x0000000005002e90      0x164 c:/intelfpga_lite/18.1/nios2eds/bin/gnu/h-x86_64-mingw32/bin/../lib/gcc/nios2-elf/5.3.0/../../../../../H-x86_64-mingw32/nios2-elf/lib\libc.a(lib_a-strchr.o)
                0x0000000005002e90                strchr
 .text          0x0000000005002ff4        0x0 c:/intelfpga_lite/18.1/nios2eds/bin/gnu/h-x86_64-mingw32/bin/../lib/gcc/nios2-elf/5.3.0/../../../../../H-x86_64-mingw32/nios2-elf/lib\libc.a(lib_a-strerror.o)
 .text._strerror_r
                0x0000000005002ff4      0x65c c:/intelfpga_lite/18.1/nios2eds/bin/gnu/h-x86_64-mingw32/bin/../lib/gcc/nios2-elf/5.3.0/../../../../../H-x86_64-mingw32/nios2-elf/lib\libc.a(lib_a-strerror.o)
                0x0000000005002ff4                _strerror_r
 .text.strerror
                0x0000000005003650       0x1c c:/intelfpga_lite/18.1/nios2eds/bin/gnu/h-x86_64-mingw32/bin/../lib/gcc/nios2-elf/5.3.0/../../../../../H-x86_64-mingw32/nios2-elf/lib\libc.a(lib_a-strerror.o)
                0x0000000005003650                strerror
 .text          0x000000000500366c        0x0 c:/intelfpga_lite/18.1/nios2eds/bin/gnu/h-x86_64-mingw32/bin/../lib/gcc/nios2-elf/5.3.0/../../../../../H-x86_64-mingw32/nios2-elf/lib\libc.a(lib_a-strlen.o)
 .text.strlen   0x000000000500366c       0x98 c:/intelfpga_lite/18.1/nios2eds/bin/gnu/h-x86_64-mingw32/bin/../lib/gcc/nios2-elf/5.3.0/../../../../../H-x86_64-mingw32/nios2-elf/lib\libc.a(lib_a-strlen.o)
                0x000000000500366c                strlen
 .text          0x0000000005003704        0x0 c:/intelfpga_lite/18.1/nios2eds/bin/gnu/h-x86_64-mingw32/bin/../lib/gcc/nios2-elf/5.3.0/../../../../../H-x86_64-mingw32/nios2-elf/lib\libc.a(lib_a-strstr.o)
 .text.critical_factorization
                0x0000000005003704      0x104 c:/intelfpga_lite/18.1/nios2eds/bin/gnu/h-x86_64-mingw32/bin/../lib/gcc/nios2-elf/5.3.0/../../../../../H-x86_64-mingw32/nios2-elf/lib\libc.a(lib_a-strstr.o)
 .text.two_way_long_needle
                0x0000000005003808      0x3b0 c:/intelfpga_lite/18.1/nios2eds/bin/gnu/h-x86_64-mingw32/bin/../lib/gcc/nios2-elf/5.3.0/../../../../../H-x86_64-mingw32/nios2-elf/lib\libc.a(lib_a-strstr.o)
 .text.strstr   0x0000000005003bb8      0x3b0 c:/intelfpga_lite/18.1/nios2eds/bin/gnu/h-x86_64-mingw32/bin/../lib/gcc/nios2-elf/5.3.0/../../../../../H-x86_64-mingw32/nios2-elf/lib\libc.a(lib_a-strstr.o)
                0x0000000005003bb8                strstr
 .text          0x0000000005003f68        0x0 c:/intelfpga_lite/18.1/nios2eds/bin/gnu/h-x86_64-mingw32/bin/../lib/gcc/nios2-elf/5.3.0/../../../../../H-x86_64-mingw32/nios2-elf/lib\libc.a(lib_a-svfprintf.o)
 .text.___svfprintf_internal_r
                0x0000000005003f68     0x21d8 c:/intelfpga_lite/18.1/nios2eds/bin/gnu/h-x86_64-mingw32/bin/../lib/gcc/nios2-elf/5.3.0/../../../../../H-x86_64-mingw32/nios2-elf/lib\libc.a(lib_a-svfprintf.o)
                0x0000000005003f68                ___svfprintf_internal_r
 .text          0x0000000005006140        0x0 c:/intelfpga_lite/18.1/nios2eds/bin/gnu/h-x86_64-mingw32/bin/../lib/gcc/nios2-elf/5.3.0/../../../../../H-x86_64-mingw32/nios2-elf/lib\libc.a(lib_a-u_strerr.o)
 .text._user_strerror
                0x0000000005006140        0x8 c:/intelfpga_lite/18.1/nios2eds/bin/gnu/h-x86_64-mingw32/bin/../lib/gcc/nios2-elf/5.3.0/../../../../../H-x86_64-mingw32/nios2-elf/lib\libc.a(lib_a-u_strerr.o)
                0x0000000005006140                _user_strerror
 .text          0x0000000005006148        0x0 c:/intelfpga_lite/18.1/nios2eds/bin/gnu/h-x86_64-mingw32/bin/../lib/gcc/nios2-elf/5.3.0/../../../../../H-x86_64-mingw32/nios2-elf/lib\libc.a(lib_a-vfprintf.o)
 .text.___vfprintf_internal_r
                0x0000000005006148     0x21f8 c:/intelfpga_lite/18.1/nios2eds/bin/gnu/h-x86_64-mingw32/bin/../lib/gcc/nios2-elf/5.3.0/../../../../../H-x86_64-mingw32/nios2-elf/lib\libc.a(lib_a-vfprintf.o)
                0x0000000005006148                ___vfprintf_internal_r
 .text.__vfprintf_internal
                0x0000000005008340       0x1c c:/intelfpga_lite/18.1/nios2eds/bin/gnu/h-x86_64-mingw32/bin/../lib/gcc/nios2-elf/5.3.0/../../../../../H-x86_64-mingw32/nios2-elf/lib\libc.a(lib_a-vfprintf.o)
                0x0000000005008340                __vfprintf_internal
 .text.__sbprintf
                0x000000000500835c       0xbc c:/intelfpga_lite/18.1/nios2eds/bin/gnu/h-x86_64-mingw32/bin/../lib/gcc/nios2-elf/5.3.0/../../../../../H-x86_64-mingw32/nios2-elf/lib\libc.a(lib_a-vfprintf.o)
 .text          0x0000000005008418        0x0 c:/intelfpga_lite/18.1/nios2eds/bin/gnu/h-x86_64-mingw32/bin/../lib/gcc/nios2-elf/5.3.0/../../../../../H-x86_64-mingw32/nios2-elf/lib\libc.a(lib_a-wbuf.o)
 .text.__swbuf_r
                0x0000000005008418      0x140 c:/intelfpga_lite/18.1/nios2eds/bin/gnu/h-x86_64-mingw32/bin/../lib/gcc/nios2-elf/5.3.0/../../../../../H-x86_64-mingw32/nios2-elf/lib\libc.a(lib_a-wbuf.o)
                0x0000000005008418                __swbuf_r
 .text.__swbuf  0x0000000005008558       0x18 c:/intelfpga_lite/18.1/nios2eds/bin/gnu/h-x86_64-mingw32/bin/../lib/gcc/nios2-elf/5.3.0/../../../../../H-x86_64-mingw32/nios2-elf/lib\libc.a(lib_a-wbuf.o)
                0x0000000005008558                __swbuf
 .text          0x0000000005008570        0x0 c:/intelfpga_lite/18.1/nios2eds/bin/gnu/h-x86_64-mingw32/bin/../lib/gcc/nios2-elf/5.3.0/../../../../../H-x86_64-mingw32/nios2-elf/lib\libc.a(lib_a-wsetup.o)
 .text.__swsetup_r
                0x0000000005008570      0x154 c:/intelfpga_lite/18.1/nios2eds/bin/gnu/h-x86_64-mingw32/bin/../lib/gcc/nios2-elf/5.3.0/../../../../../H-x86_64-mingw32/nios2-elf/lib\libc.a(lib_a-wsetup.o)
                0x0000000005008570                __swsetup_r
 .text          0x00000000050086c4        0x0 c:/intelfpga_lite/18.1/nios2eds/bin/gnu/h-x86_64-mingw32/bin/../lib/gcc/nios2-elf/5.3.0/../../../../../H-x86_64-mingw32/nios2-elf/lib\libc.a(lib_a-dtoa.o)
 .text.quorem   0x00000000050086c4      0x200 c:/intelfpga_lite/18.1/nios2eds/bin/gnu/h-x86_64-mingw32/bin/../lib/gcc/nios2-elf/5.3.0/../../../../../H-x86_64-mingw32/nios2-elf/lib\libc.a(lib_a-dtoa.o)
 .text._dtoa_r  0x00000000050088c4     0x1688 c:/intelfpga_lite/18.1/nios2eds/bin/gnu/h-x86_64-mingw32/bin/../lib/gcc/nios2-elf/5.3.0/../../../../../H-x86_64-mingw32/nios2-elf/lib\libc.a(lib_a-dtoa.o)
                0x00000000050088c4                _dtoa_r
 .text          0x0000000005009f4c        0x0 c:/intelfpga_lite/18.1/nios2eds/bin/gnu/h-x86_64-mingw32/bin/../lib/gcc/nios2-elf/5.3.0/../../../../../H-x86_64-mingw32/nios2-elf/lib\libc.a(lib_a-fflush.o)
 .text.__sflush_r
                0x0000000005009f4c      0x21c c:/intelfpga_lite/18.1/nios2eds/bin/gnu/h-x86_64-mingw32/bin/../lib/gcc/nios2-elf/5.3.0/../../../../../H-x86_64-mingw32/nios2-elf/lib\libc.a(lib_a-fflush.o)
                0x0000000005009f4c                __sflush_r
 .text._fflush_r
                0x000000000500a168       0x5c c:/intelfpga_lite/18.1/nios2eds/bin/gnu/h-x86_64-mingw32/bin/../lib/gcc/nios2-elf/5.3.0/../../../../../H-x86_64-mingw32/nios2-elf/lib\libc.a(lib_a-fflush.o)
                0x000000000500a168                _fflush_r
 .text.fflush   0x000000000500a1c4       0x30 c:/intelfpga_lite/18.1/nios2eds/bin/gnu/h-x86_64-mingw32/bin/../lib/gcc/nios2-elf/5.3.0/../../../../../H-x86_64-mingw32/nios2-elf/lib\libc.a(lib_a-fflush.o)
                0x000000000500a1c4                fflush
 .text          0x000000000500a1f4        0x0 c:/intelfpga_lite/18.1/nios2eds/bin/gnu/h-x86_64-mingw32/bin/../lib/gcc/nios2-elf/5.3.0/../../../../../H-x86_64-mingw32/nios2-elf/lib\libc.a(lib_a-findfp.o)
 .text.__fp_unlock
                0x000000000500a1f4        0x8 c:/intelfpga_lite/18.1/nios2eds/bin/gnu/h-x86_64-mingw32/bin/../lib/gcc/nios2-elf/5.3.0/../../../../../H-x86_64-mingw32/nios2-elf/lib\libc.a(lib_a-findfp.o)
 .text._cleanup_r
                0x000000000500a1fc        0xc c:/intelfpga_lite/18.1/nios2eds/bin/gnu/h-x86_64-mingw32/bin/../lib/gcc/nios2-elf/5.3.0/../../../../../H-x86_64-mingw32/nios2-elf/lib\libc.a(lib_a-findfp.o)
                0x000000000500a1fc                _cleanup_r
 .text.__sinit.part.1
                0x000000000500a208      0x19c c:/intelfpga_lite/18.1/nios2eds/bin/gnu/h-x86_64-mingw32/bin/../lib/gcc/nios2-elf/5.3.0/../../../../../H-x86_64-mingw32/nios2-elf/lib\libc.a(lib_a-findfp.o)
 .text.__fp_lock
                0x000000000500a3a4        0x8 c:/intelfpga_lite/18.1/nios2eds/bin/gnu/h-x86_64-mingw32/bin/../lib/gcc/nios2-elf/5.3.0/../../../../../H-x86_64-mingw32/nios2-elf/lib\libc.a(lib_a-findfp.o)
 .text.__sfmoreglue
                0x000000000500a3ac       0x68 c:/intelfpga_lite/18.1/nios2eds/bin/gnu/h-x86_64-mingw32/bin/../lib/gcc/nios2-elf/5.3.0/../../../../../H-x86_64-mingw32/nios2-elf/lib\libc.a(lib_a-findfp.o)
                0x000000000500a3ac                __sfmoreglue
 .text.__sfp    0x000000000500a414      0x118 c:/intelfpga_lite/18.1/nios2eds/bin/gnu/h-x86_64-mingw32/bin/../lib/gcc/nios2-elf/5.3.0/../../../../../H-x86_64-mingw32/nios2-elf/lib\libc.a(lib_a-findfp.o)
                0x000000000500a414                __sfp
 .text._cleanup
                0x000000000500a52c       0x18 c:/intelfpga_lite/18.1/nios2eds/bin/gnu/h-x86_64-mingw32/bin/../lib/gcc/nios2-elf/5.3.0/../../../../../H-x86_64-mingw32/nios2-elf/lib\libc.a(lib_a-findfp.o)
                0x000000000500a52c                _cleanup
 .text.__sinit  0x000000000500a544       0x10 c:/intelfpga_lite/18.1/nios2eds/bin/gnu/h-x86_64-mingw32/bin/../lib/gcc/nios2-elf/5.3.0/../../../../../H-x86_64-mingw32/nios2-elf/lib\libc.a(lib_a-findfp.o)
                0x000000000500a544                __sinit
 .text.__sfp_lock_acquire
                0x000000000500a554        0x4 c:/intelfpga_lite/18.1/nios2eds/bin/gnu/h-x86_64-mingw32/bin/../lib/gcc/nios2-elf/5.3.0/../../../../../H-x86_64-mingw32/nios2-elf/lib\libc.a(lib_a-findfp.o)
                0x000000000500a554                __sfp_lock_acquire
 .text.__sfp_lock_release
                0x000000000500a558        0x4 c:/intelfpga_lite/18.1/nios2eds/bin/gnu/h-x86_64-mingw32/bin/../lib/gcc/nios2-elf/5.3.0/../../../../../H-x86_64-mingw32/nios2-elf/lib\libc.a(lib_a-findfp.o)
                0x000000000500a558                __sfp_lock_release
 .text.__sinit_lock_acquire
                0x000000000500a55c        0x4 c:/intelfpga_lite/18.1/nios2eds/bin/gnu/h-x86_64-mingw32/bin/../lib/gcc/nios2-elf/5.3.0/../../../../../H-x86_64-mingw32/nios2-elf/lib\libc.a(lib_a-findfp.o)
                0x000000000500a55c                __sinit_lock_acquire
 .text.__sinit_lock_release
                0x000000000500a560        0x4 c:/intelfpga_lite/18.1/nios2eds/bin/gnu/h-x86_64-mingw32/bin/../lib/gcc/nios2-elf/5.3.0/../../../../../H-x86_64-mingw32/nios2-elf/lib\libc.a(lib_a-findfp.o)
                0x000000000500a560                __sinit_lock_release
 .text.__fp_lock_all
                0x000000000500a564       0x18 c:/intelfpga_lite/18.1/nios2eds/bin/gnu/h-x86_64-mingw32/bin/../lib/gcc/nios2-elf/5.3.0/../../../../../H-x86_64-mingw32/nios2-elf/lib\libc.a(lib_a-findfp.o)
                0x000000000500a564                __fp_lock_all
 .text.__fp_unlock_all
                0x000000000500a57c       0x18 c:/intelfpga_lite/18.1/nios2eds/bin/gnu/h-x86_64-mingw32/bin/../lib/gcc/nios2-elf/5.3.0/../../../../../H-x86_64-mingw32/nios2-elf/lib\libc.a(lib_a-findfp.o)
                0x000000000500a57c                __fp_unlock_all
 .text          0x000000000500a594        0x0 c:/intelfpga_lite/18.1/nios2eds/bin/gnu/h-x86_64-mingw32/bin/../lib/gcc/nios2-elf/5.3.0/../../../../../H-x86_64-mingw32/nios2-elf/lib\libc.a(lib_a-fputc.o)
 .text._fputc_r
                0x000000000500a594       0x44 c:/intelfpga_lite/18.1/nios2eds/bin/gnu/h-x86_64-mingw32/bin/../lib/gcc/nios2-elf/5.3.0/../../../../../H-x86_64-mingw32/nios2-elf/lib\libc.a(lib_a-fputc.o)
                0x000000000500a594                _fputc_r
 .text.fputc    0x000000000500a5d8       0x5c c:/intelfpga_lite/18.1/nios2eds/bin/gnu/h-x86_64-mingw32/bin/../lib/gcc/nios2-elf/5.3.0/../../../../../H-x86_64-mingw32/nios2-elf/lib\libc.a(lib_a-fputc.o)
                0x000000000500a5d8                fputc
 .text          0x000000000500a634        0x0 c:/intelfpga_lite/18.1/nios2eds/bin/gnu/h-x86_64-mingw32/bin/../lib/gcc/nios2-elf/5.3.0/../../../../../H-x86_64-mingw32/nios2-elf/lib\libc.a(lib_a-fputs.o)
 .text._fputs_r
                0x000000000500a634       0x9c c:/intelfpga_lite/18.1/nios2eds/bin/gnu/h-x86_64-mingw32/bin/../lib/gcc/nios2-elf/5.3.0/../../../../../H-x86_64-mingw32/nios2-elf/lib\libc.a(lib_a-fputs.o)
                0x000000000500a634                _fputs_r
 .text.fputs    0x000000000500a6d0       0x18 c:/intelfpga_lite/18.1/nios2eds/bin/gnu/h-x86_64-mingw32/bin/../lib/gcc/nios2-elf/5.3.0/../../../../../H-x86_64-mingw32/nios2-elf/lib\libc.a(lib_a-fputs.o)
                0x000000000500a6d0                fputs
 .text          0x000000000500a6e8        0x0 c:/intelfpga_lite/18.1/nios2eds/bin/gnu/h-x86_64-mingw32/bin/../lib/gcc/nios2-elf/5.3.0/../../../../../H-x86_64-mingw32/nios2-elf/lib\libc.a(lib_a-freer.o)
 .text._malloc_trim_r
                0x000000000500a6e8      0x124 c:/intelfpga_lite/18.1/nios2eds/bin/gnu/h-x86_64-mingw32/bin/../lib/gcc/nios2-elf/5.3.0/../../../../../H-x86_64-mingw32/nios2-elf/lib\libc.a(lib_a-freer.o)
                0x000000000500a6e8                _malloc_trim_r
 .text._free_r  0x000000000500a80c      0x310 c:/intelfpga_lite/18.1/nios2eds/bin/gnu/h-x86_64-mingw32/bin/../lib/gcc/nios2-elf/5.3.0/../../../../../H-x86_64-mingw32/nios2-elf/lib\libc.a(lib_a-freer.o)
                0x000000000500a80c                _free_r
 .text          0x000000000500ab1c        0x0 c:/intelfpga_lite/18.1/nios2eds/bin/gnu/h-x86_64-mingw32/bin/../lib/gcc/nios2-elf/5.3.0/../../../../../H-x86_64-mingw32/nios2-elf/lib\libc.a(lib_a-fvwrite.o)
 .text.__sfvwrite_r
                0x000000000500ab1c      0x4bc c:/intelfpga_lite/18.1/nios2eds/bin/gnu/h-x86_64-mingw32/bin/../lib/gcc/nios2-elf/5.3.0/../../../../../H-x86_64-mingw32/nios2-elf/lib\libc.a(lib_a-fvwrite.o)
                0x000000000500ab1c                __sfvwrite_r
 .text          0x000000000500afd8        0x0 c:/intelfpga_lite/18.1/nios2eds/bin/gnu/h-x86_64-mingw32/bin/../lib/gcc/nios2-elf/5.3.0/../../../../../H-x86_64-mingw32/nios2-elf/lib\libc.a(lib_a-fwalk.o)
 .text._fwalk   0x000000000500afd8       0xc4 c:/intelfpga_lite/18.1/nios2eds/bin/gnu/h-x86_64-mingw32/bin/../lib/gcc/nios2-elf/5.3.0/../../../../../H-x86_64-mingw32/nios2-elf/lib\libc.a(lib_a-fwalk.o)
                0x000000000500afd8                _fwalk
 .text._fwalk_reent
                0x000000000500b09c       0xc4 c:/intelfpga_lite/18.1/nios2eds/bin/gnu/h-x86_64-mingw32/bin/../lib/gcc/nios2-elf/5.3.0/../../../../../H-x86_64-mingw32/nios2-elf/lib\libc.a(lib_a-fwalk.o)
                0x000000000500b09c                _fwalk_reent
 .text          0x000000000500b160        0x0 c:/intelfpga_lite/18.1/nios2eds/bin/gnu/h-x86_64-mingw32/bin/../lib/gcc/nios2-elf/5.3.0/../../../../../H-x86_64-mingw32/nios2-elf/lib\libc.a(lib_a-locale.o)
 .text._setlocale_r
                0x000000000500b160       0x7c c:/intelfpga_lite/18.1/nios2eds/bin/gnu/h-x86_64-mingw32/bin/../lib/gcc/nios2-elf/5.3.0/../../../../../H-x86_64-mingw32/nios2-elf/lib\libc.a(lib_a-locale.o)
                0x000000000500b160                _setlocale_r
 .text.__locale_charset
                0x000000000500b1dc        0xc c:/intelfpga_lite/18.1/nios2eds/bin/gnu/h-x86_64-mingw32/bin/../lib/gcc/nios2-elf/5.3.0/../../../../../H-x86_64-mingw32/nios2-elf/lib\libc.a(lib_a-locale.o)
                0x000000000500b1dc                __locale_charset
 .text.__locale_mb_cur_max
                0x000000000500b1e8       0x10 c:/intelfpga_lite/18.1/nios2eds/bin/gnu/h-x86_64-mingw32/bin/../lib/gcc/nios2-elf/5.3.0/../../../../../H-x86_64-mingw32/nios2-elf/lib\libc.a(lib_a-locale.o)
                0x000000000500b1e8                __locale_mb_cur_max
 .text.__locale_msgcharset
                0x000000000500b1f8        0xc c:/intelfpga_lite/18.1/nios2eds/bin/gnu/h-x86_64-mingw32/bin/../lib/gcc/nios2-elf/5.3.0/../../../../../H-x86_64-mingw32/nios2-elf/lib\libc.a(lib_a-locale.o)
                0x000000000500b1f8                __locale_msgcharset
 .text.__locale_cjk_lang
                0x000000000500b204        0x8 c:/intelfpga_lite/18.1/nios2eds/bin/gnu/h-x86_64-mingw32/bin/../lib/gcc/nios2-elf/5.3.0/../../../../../H-x86_64-mingw32/nios2-elf/lib\libc.a(lib_a-locale.o)
                0x000000000500b204                __locale_cjk_lang
 .text._localeconv_r
                0x000000000500b20c        0xc c:/intelfpga_lite/18.1/nios2eds/bin/gnu/h-x86_64-mingw32/bin/../lib/gcc/nios2-elf/5.3.0/../../../../../H-x86_64-mingw32/nios2-elf/lib\libc.a(lib_a-locale.o)
                0x000000000500b20c                _localeconv_r
 .text.setlocale
                0x000000000500b218       0x18 c:/intelfpga_lite/18.1/nios2eds/bin/gnu/h-x86_64-mingw32/bin/../lib/gcc/nios2-elf/5.3.0/../../../../../H-x86_64-mingw32/nios2-elf/lib\libc.a(lib_a-locale.o)
                0x000000000500b218                setlocale
 .text.localeconv
                0x000000000500b230        0xc c:/intelfpga_lite/18.1/nios2eds/bin/gnu/h-x86_64-mingw32/bin/../lib/gcc/nios2-elf/5.3.0/../../../../../H-x86_64-mingw32/nios2-elf/lib\libc.a(lib_a-locale.o)
                0x000000000500b230                localeconv
 .text          0x000000000500b23c        0x0 c:/intelfpga_lite/18.1/nios2eds/bin/gnu/h-x86_64-mingw32/bin/../lib/gcc/nios2-elf/5.3.0/../../../../../H-x86_64-mingw32/nios2-elf/lib\libc.a(lib_a-makebuf.o)
 .text.__smakebuf_r
                0x000000000500b23c      0x1bc c:/intelfpga_lite/18.1/nios2eds/bin/gnu/h-x86_64-mingw32/bin/../lib/gcc/nios2-elf/5.3.0/../../../../../H-x86_64-mingw32/nios2-elf/lib\libc.a(lib_a-makebuf.o)
                0x000000000500b23c                __smakebuf_r
 .text          0x000000000500b3f8        0x0 c:/intelfpga_lite/18.1/nios2eds/bin/gnu/h-x86_64-mingw32/bin/../lib/gcc/nios2-elf/5.3.0/../../../../../H-x86_64-mingw32/nios2-elf/lib\libc.a(lib_a-mallocr.o)
 .text._malloc_r
                0x000000000500b3f8      0x80c c:/intelfpga_lite/18.1/nios2eds/bin/gnu/h-x86_64-mingw32/bin/../lib/gcc/nios2-elf/5.3.0/../../../../../H-x86_64-mingw32/nios2-elf/lib\libc.a(lib_a-mallocr.o)
                0x000000000500b3f8                _malloc_r
 .text          0x000000000500bc04        0x0 c:/intelfpga_lite/18.1/nios2eds/bin/gnu/h-x86_64-mingw32/bin/../lib/gcc/nios2-elf/5.3.0/../../../../../H-x86_64-mingw32/nios2-elf/lib\libc.a(lib_a-memchr.o)
 .text.memchr   0x000000000500bc04       0xe4 c:/intelfpga_lite/18.1/nios2eds/bin/gnu/h-x86_64-mingw32/bin/../lib/gcc/nios2-elf/5.3.0/../../../../../H-x86_64-mingw32/nios2-elf/lib\libc.a(lib_a-memchr.o)
                0x000000000500bc04                memchr
 .text          0x000000000500bce8        0x0 c:/intelfpga_lite/18.1/nios2eds/bin/gnu/h-x86_64-mingw32/bin/../lib/gcc/nios2-elf/5.3.0/../../../../../H-x86_64-mingw32/nios2-elf/lib\libc.a(lib_a-memcmp.o)
 .text.memcmp   0x000000000500bce8       0x7c c:/intelfpga_lite/18.1/nios2eds/bin/gnu/h-x86_64-mingw32/bin/../lib/gcc/nios2-elf/5.3.0/../../../../../H-x86_64-mingw32/nios2-elf/lib\libc.a(lib_a-memcmp.o)
                0x000000000500bce8                memcmp
 .text          0x000000000500bd64        0x0 c:/intelfpga_lite/18.1/nios2eds/bin/gnu/h-x86_64-mingw32/bin/../lib/gcc/nios2-elf/5.3.0/../../../../../H-x86_64-mingw32/nios2-elf/lib\libc.a(lib_a-mprec.o)
 .text._Balloc  0x000000000500bd64       0xa8 c:/intelfpga_lite/18.1/nios2eds/bin/gnu/h-x86_64-mingw32/bin/../lib/gcc/nios2-elf/5.3.0/../../../../../H-x86_64-mingw32/nios2-elf/lib\libc.a(lib_a-mprec.o)
                0x000000000500bd64                _Balloc
 .text._Bfree   0x000000000500be0c       0x28 c:/intelfpga_lite/18.1/nios2eds/bin/gnu/h-x86_64-mingw32/bin/../lib/gcc/nios2-elf/5.3.0/../../../../../H-x86_64-mingw32/nios2-elf/lib\libc.a(lib_a-mprec.o)
                0x000000000500be0c                _Bfree
 .text.__multadd
                0x000000000500be34      0x120 c:/intelfpga_lite/18.1/nios2eds/bin/gnu/h-x86_64-mingw32/bin/../lib/gcc/nios2-elf/5.3.0/../../../../../H-x86_64-mingw32/nios2-elf/lib\libc.a(lib_a-mprec.o)
                0x000000000500be34                __multadd
 .text.__s2b    0x000000000500bf54      0x104 c:/intelfpga_lite/18.1/nios2eds/bin/gnu/h-x86_64-mingw32/bin/../lib/gcc/nios2-elf/5.3.0/../../../../../H-x86_64-mingw32/nios2-elf/lib\libc.a(lib_a-mprec.o)
                0x000000000500bf54                __s2b
 .text.__hi0bits
                0x000000000500c058       0x68 c:/intelfpga_lite/18.1/nios2eds/bin/gnu/h-x86_64-mingw32/bin/../lib/gcc/nios2-elf/5.3.0/../../../../../H-x86_64-mingw32/nios2-elf/lib\libc.a(lib_a-mprec.o)
                0x000000000500c058                __hi0bits
 .text.__lo0bits
                0x000000000500c0c0       0xb0 c:/intelfpga_lite/18.1/nios2eds/bin/gnu/h-x86_64-mingw32/bin/../lib/gcc/nios2-elf/5.3.0/../../../../../H-x86_64-mingw32/nios2-elf/lib\libc.a(lib_a-mprec.o)
                0x000000000500c0c0                __lo0bits
 .text.__i2b    0x000000000500c170       0x3c c:/intelfpga_lite/18.1/nios2eds/bin/gnu/h-x86_64-mingw32/bin/../lib/gcc/nios2-elf/5.3.0/../../../../../H-x86_64-mingw32/nios2-elf/lib\libc.a(lib_a-mprec.o)
                0x000000000500c170                __i2b
 .text.__multiply
                0x000000000500c1ac      0x1f8 c:/intelfpga_lite/18.1/nios2eds/bin/gnu/h-x86_64-mingw32/bin/../lib/gcc/nios2-elf/5.3.0/../../../../../H-x86_64-mingw32/nios2-elf/lib\libc.a(lib_a-mprec.o)
                0x000000000500c1ac                __multiply
 .text.__pow5mult
                0x000000000500c3a4      0x140 c:/intelfpga_lite/18.1/nios2eds/bin/gnu/h-x86_64-mingw32/bin/../lib/gcc/nios2-elf/5.3.0/../../../../../H-x86_64-mingw32/nios2-elf/lib\libc.a(lib_a-mprec.o)
                0x000000000500c3a4                __pow5mult
 .text.__lshift
                0x000000000500c4e4      0x148 c:/intelfpga_lite/18.1/nios2eds/bin/gnu/h-x86_64-mingw32/bin/../lib/gcc/nios2-elf/5.3.0/../../../../../H-x86_64-mingw32/nios2-elf/lib\libc.a(lib_a-mprec.o)
                0x000000000500c4e4                __lshift
 .text.__mcmp   0x000000000500c62c       0x60 c:/intelfpga_lite/18.1/nios2eds/bin/gnu/h-x86_64-mingw32/bin/../lib/gcc/nios2-elf/5.3.0/../../../../../H-x86_64-mingw32/nios2-elf/lib\libc.a(lib_a-mprec.o)
                0x000000000500c62c                __mcmp
 .text.__mdiff  0x000000000500c68c      0x1fc c:/intelfpga_lite/18.1/nios2eds/bin/gnu/h-x86_64-mingw32/bin/../lib/gcc/nios2-elf/5.3.0/../../../../../H-x86_64-mingw32/nios2-elf/lib\libc.a(lib_a-mprec.o)
                0x000000000500c68c                __mdiff
 .text.__ulp    0x000000000500c888       0x64 c:/intelfpga_lite/18.1/nios2eds/bin/gnu/h-x86_64-mingw32/bin/../lib/gcc/nios2-elf/5.3.0/../../../../../H-x86_64-mingw32/nios2-elf/lib\libc.a(lib_a-mprec.o)
                0x000000000500c888                __ulp
 .text.__b2d    0x000000000500c8ec      0x10c c:/intelfpga_lite/18.1/nios2eds/bin/gnu/h-x86_64-mingw32/bin/../lib/gcc/nios2-elf/5.3.0/../../../../../H-x86_64-mingw32/nios2-elf/lib\libc.a(lib_a-mprec.o)
                0x000000000500c8ec                __b2d
 .text.__d2b    0x000000000500c9f8      0x14c c:/intelfpga_lite/18.1/nios2eds/bin/gnu/h-x86_64-mingw32/bin/../lib/gcc/nios2-elf/5.3.0/../../../../../H-x86_64-mingw32/nios2-elf/lib\libc.a(lib_a-mprec.o)
                0x000000000500c9f8                __d2b
 .text.__ratio  0x000000000500cb44       0xa4 c:/intelfpga_lite/18.1/nios2eds/bin/gnu/h-x86_64-mingw32/bin/../lib/gcc/nios2-elf/5.3.0/../../../../../H-x86_64-mingw32/nios2-elf/lib\libc.a(lib_a-mprec.o)
                0x000000000500cb44                __ratio
 .text._mprec_log10
                0x000000000500cbe8       0x74 c:/intelfpga_lite/18.1/nios2eds/bin/gnu/h-x86_64-mingw32/bin/../lib/gcc/nios2-elf/5.3.0/../../../../../H-x86_64-mingw32/nios2-elf/lib\libc.a(lib_a-mprec.o)
                0x000000000500cbe8                _mprec_log10
 .text.__copybits
                0x000000000500cc5c       0x78 c:/intelfpga_lite/18.1/nios2eds/bin/gnu/h-x86_64-mingw32/bin/../lib/gcc/nios2-elf/5.3.0/../../../../../H-x86_64-mingw32/nios2-elf/lib\libc.a(lib_a-mprec.o)
                0x000000000500cc5c                __copybits
 .text.__any_on
                0x000000000500ccd4       0x8c c:/intelfpga_lite/18.1/nios2eds/bin/gnu/h-x86_64-mingw32/bin/../lib/gcc/nios2-elf/5.3.0/../../../../../H-x86_64-mingw32/nios2-elf/lib\libc.a(lib_a-mprec.o)
                0x000000000500ccd4                __any_on
 .text          0x000000000500cd60        0x0 c:/intelfpga_lite/18.1/nios2eds/bin/gnu/h-x86_64-mingw32/bin/../lib/gcc/nios2-elf/5.3.0/../../../../../H-x86_64-mingw32/nios2-elf/lib\libc.a(lib_a-reallocr.o)
 .text._realloc_r
                0x000000000500cd60      0x564 c:/intelfpga_lite/18.1/nios2eds/bin/gnu/h-x86_64-mingw32/bin/../lib/gcc/nios2-elf/5.3.0/../../../../../H-x86_64-mingw32/nios2-elf/lib\libc.a(lib_a-reallocr.o)
                0x000000000500cd60                _realloc_r
 .text          0x000000000500d2c4        0x0 c:/intelfpga_lite/18.1/nios2eds/bin/gnu/h-x86_64-mingw32/bin/../lib/gcc/nios2-elf/5.3.0/../../../../../H-x86_64-mingw32/nios2-elf/lib\libc.a(lib_a-refill.o)
 .text.lflush   0x000000000500d2c4       0x1c c:/intelfpga_lite/18.1/nios2eds/bin/gnu/h-x86_64-mingw32/bin/../lib/gcc/nios2-elf/5.3.0/../../../../../H-x86_64-mingw32/nios2-elf/lib\libc.a(lib_a-refill.o)
 .text.__srefill_r
                0x000000000500d2e0      0x1d4 c:/intelfpga_lite/18.1/nios2eds/bin/gnu/h-x86_64-mingw32/bin/../lib/gcc/nios2-elf/5.3.0/../../../../../H-x86_64-mingw32/nios2-elf/lib\libc.a(lib_a-refill.o)
                0x000000000500d2e0                __srefill_r
 .text          0x000000000500d4b4        0x0 c:/intelfpga_lite/18.1/nios2eds/bin/gnu/h-x86_64-mingw32/bin/../lib/gcc/nios2-elf/5.3.0/../../../../../H-x86_64-mingw32/nios2-elf/lib\libc.a(lib_a-s_fpclassify.o)
 .text.__fpclassifyd
                0x000000000500d4b4       0x74 c:/intelfpga_lite/18.1/nios2eds/bin/gnu/h-x86_64-mingw32/bin/../lib/gcc/nios2-elf/5.3.0/../../../../../H-x86_64-mingw32/nios2-elf/lib\libc.a(lib_a-s_fpclassify.o)
                0x000000000500d4b4                __fpclassifyd
 .text          0x000000000500d528        0x0 c:/intelfpga_lite/18.1/nios2eds/bin/gnu/h-x86_64-mingw32/bin/../lib/gcc/nios2-elf/5.3.0/../../../../../H-x86_64-mingw32/nios2-elf/lib\libc.a(lib_a-sbrkr.o)
 .text._sbrk_r  0x000000000500d528       0x54 c:/intelfpga_lite/18.1/nios2eds/bin/gnu/h-x86_64-mingw32/bin/../lib/gcc/nios2-elf/5.3.0/../../../../../H-x86_64-mingw32/nios2-elf/lib\libc.a(lib_a-sbrkr.o)
                0x000000000500d528                _sbrk_r
 .text          0x000000000500d57c        0x0 c:/intelfpga_lite/18.1/nios2eds/bin/gnu/h-x86_64-mingw32/bin/../lib/gcc/nios2-elf/5.3.0/../../../../../H-x86_64-mingw32/nios2-elf/lib\libc.a(lib_a-stdio.o)
 .text.__sread  0x000000000500d57c       0x54 c:/intelfpga_lite/18.1/nios2eds/bin/gnu/h-x86_64-mingw32/bin/../lib/gcc/nios2-elf/5.3.0/../../../../../H-x86_64-mingw32/nios2-elf/lib\libc.a(lib_a-stdio.o)
                0x000000000500d57c                __sread
 .text.__seofread
                0x000000000500d5d0        0x8 c:/intelfpga_lite/18.1/nios2eds/bin/gnu/h-x86_64-mingw32/bin/../lib/gcc/nios2-elf/5.3.0/../../../../../H-x86_64-mingw32/nios2-elf/lib\libc.a(lib_a-stdio.o)
                0x000000000500d5d0                __seofread
 .text.__swrite
                0x000000000500d5d8       0x7c c:/intelfpga_lite/18.1/nios2eds/bin/gnu/h-x86_64-mingw32/bin/../lib/gcc/nios2-elf/5.3.0/../../../../../H-x86_64-mingw32/nios2-elf/lib\libc.a(lib_a-stdio.o)
                0x000000000500d5d8                __swrite
 .text.__sseek  0x000000000500d654       0x5c c:/intelfpga_lite/18.1/nios2eds/bin/gnu/h-x86_64-mingw32/bin/../lib/gcc/nios2-elf/5.3.0/../../../../../H-x86_64-mingw32/nios2-elf/lib\libc.a(lib_a-stdio.o)
                0x000000000500d654                __sseek
 .text.__sclose
                0x000000000500d6b0        0x8 c:/intelfpga_lite/18.1/nios2eds/bin/gnu/h-x86_64-mingw32/bin/../lib/gcc/nios2-elf/5.3.0/../../../../../H-x86_64-mingw32/nios2-elf/lib\libc.a(lib_a-stdio.o)
                0x000000000500d6b0                __sclose
 .text          0x000000000500d6b8        0x0 c:/intelfpga_lite/18.1/nios2eds/bin/gnu/h-x86_64-mingw32/bin/../lib/gcc/nios2-elf/5.3.0/../../../../../H-x86_64-mingw32/nios2-elf/lib\libc.a(lib_a-strcmp.o)
 .text.strcmp   0x000000000500d6b8       0xdc c:/intelfpga_lite/18.1/nios2eds/bin/gnu/h-x86_64-mingw32/bin/../lib/gcc/nios2-elf/5.3.0/../../../../../H-x86_64-mingw32/nios2-elf/lib\libc.a(lib_a-strcmp.o)
                0x000000000500d6b8                strcmp
 .text          0x000000000500d794        0x0 c:/intelfpga_lite/18.1/nios2eds/bin/gnu/h-x86_64-mingw32/bin/../lib/gcc/nios2-elf/5.3.0/../../../../../H-x86_64-mingw32/nios2-elf/lib\libc.a(lib_a-svfiprintf.o)
 .text.__ssprint_r
                0x000000000500d794      0x1d0 c:/intelfpga_lite/18.1/nios2eds/bin/gnu/h-x86_64-mingw32/bin/../lib/gcc/nios2-elf/5.3.0/../../../../../H-x86_64-mingw32/nios2-elf/lib\libc.a(lib_a-svfiprintf.o)
                0x000000000500d794                __ssprint_r
 .text.___svfiprintf_internal_r
                0x000000000500d964     0x123c c:/intelfpga_lite/18.1/nios2eds/bin/gnu/h-x86_64-mingw32/bin/../lib/gcc/nios2-elf/5.3.0/../../../../../H-x86_64-mingw32/nios2-elf/lib\libc.a(lib_a-svfiprintf.o)
                0x000000000500d964                ___svfiprintf_internal_r
 .text          0x000000000500eba0        0x0 c:/intelfpga_lite/18.1/nios2eds/bin/gnu/h-x86_64-mingw32/bin/../lib/gcc/nios2-elf/5.3.0/../../../../../H-x86_64-mingw32/nios2-elf/lib\libc.a(lib_a-vfiprintf.o)
 .text.__sprint_r.part.0
                0x000000000500eba0       0xfc c:/intelfpga_lite/18.1/nios2eds/bin/gnu/h-x86_64-mingw32/bin/../lib/gcc/nios2-elf/5.3.0/../../../../../H-x86_64-mingw32/nios2-elf/lib\libc.a(lib_a-vfiprintf.o)
 .text.__sprint_r
                0x000000000500ec9c       0x18 c:/intelfpga_lite/18.1/nios2eds/bin/gnu/h-x86_64-mingw32/bin/../lib/gcc/nios2-elf/5.3.0/../../../../../H-x86_64-mingw32/nios2-elf/lib\libc.a(lib_a-vfiprintf.o)
                0x000000000500ec9c                __sprint_r
 .text.___vfiprintf_internal_r
                0x000000000500ecb4     0x145c c:/intelfpga_lite/18.1/nios2eds/bin/gnu/h-x86_64-mingw32/bin/../lib/gcc/nios2-elf/5.3.0/../../../../../H-x86_64-mingw32/nios2-elf/lib\libc.a(lib_a-vfiprintf.o)
                0x000000000500ecb4                ___vfiprintf_internal_r
 .text.__vfiprintf_internal
                0x0000000005010110       0x1c c:/intelfpga_lite/18.1/nios2eds/bin/gnu/h-x86_64-mingw32/bin/../lib/gcc/nios2-elf/5.3.0/../../../../../H-x86_64-mingw32/nios2-elf/lib\libc.a(lib_a-vfiprintf.o)
                0x0000000005010110                __vfiprintf_internal
 .text.__sbprintf
                0x000000000501012c       0xbc c:/intelfpga_lite/18.1/nios2eds/bin/gnu/h-x86_64-mingw32/bin/../lib/gcc/nios2-elf/5.3.0/../../../../../H-x86_64-mingw32/nios2-elf/lib\libc.a(lib_a-vfiprintf.o)
 .text          0x00000000050101e8        0x0 c:/intelfpga_lite/18.1/nios2eds/bin/gnu/h-x86_64-mingw32/bin/../lib/gcc/nios2-elf/5.3.0/../../../../../H-x86_64-mingw32/nios2-elf/lib\libc.a(lib_a-writer.o)
 .text._write_r
                0x00000000050101e8       0x60 c:/intelfpga_lite/18.1/nios2eds/bin/gnu/h-x86_64-mingw32/bin/../lib/gcc/nios2-elf/5.3.0/../../../../../H-x86_64-mingw32/nios2-elf/lib\libc.a(lib_a-writer.o)
                0x00000000050101e8                _write_r
 .text          0x0000000005010248        0x0 c:/intelfpga_lite/18.1/nios2eds/bin/gnu/h-x86_64-mingw32/bin/../lib/gcc/nios2-elf/5.3.0/../../../../../H-x86_64-mingw32/nios2-elf/lib\libc.a(closer.o)
 .text._close_r
                0x0000000005010248       0x54 c:/intelfpga_lite/18.1/nios2eds/bin/gnu/h-x86_64-mingw32/bin/../lib/gcc/nios2-elf/5.3.0/../../../../../H-x86_64-mingw32/nios2-elf/lib\libc.a(closer.o)
                0x0000000005010248                _close_r
 .text          0x000000000501029c        0x0 c:/intelfpga_lite/18.1/nios2eds/bin/gnu/h-x86_64-mingw32/bin/../lib/gcc/nios2-elf/5.3.0/../../../../../H-x86_64-mingw32/nios2-elf/lib\libc.a(lib_a-callocr.o)
 .text._calloc_r
                0x000000000501029c       0xc4 c:/intelfpga_lite/18.1/nios2eds/bin/gnu/h-x86_64-mingw32/bin/../lib/gcc/nios2-elf/5.3.0/../../../../../H-x86_64-mingw32/nios2-elf/lib\libc.a(lib_a-callocr.o)
                0x000000000501029c                _calloc_r
 .text          0x0000000005010360        0x0 c:/intelfpga_lite/18.1/nios2eds/bin/gnu/h-x86_64-mingw32/bin/../lib/gcc/nios2-elf/5.3.0/../../../../../H-x86_64-mingw32/nios2-elf/lib\libc.a(lib_a-fclose.o)
 .text._fclose_r
                0x0000000005010360       0xf0 c:/intelfpga_lite/18.1/nios2eds/bin/gnu/h-x86_64-mingw32/bin/../lib/gcc/nios2-elf/5.3.0/../../../../../H-x86_64-mingw32/nios2-elf/lib\libc.a(lib_a-fclose.o)
                0x0000000005010360                _fclose_r
 .text.fclose   0x0000000005010450       0x14 c:/intelfpga_lite/18.1/nios2eds/bin/gnu/h-x86_64-mingw32/bin/../lib/gcc/nios2-elf/5.3.0/../../../../../H-x86_64-mingw32/nios2-elf/lib\libc.a(lib_a-fclose.o)
                0x0000000005010450                fclose
 .text          0x0000000005010464        0x0 c:/intelfpga_lite/18.1/nios2eds/bin/gnu/h-x86_64-mingw32/bin/../lib/gcc/nios2-elf/5.3.0/../../../../../H-x86_64-mingw32/nios2-elf/lib\libc.a(lib_a-fputwc.o)
 .text.__fputwc
                0x0000000005010464      0x164 c:/intelfpga_lite/18.1/nios2eds/bin/gnu/h-x86_64-mingw32/bin/../lib/gcc/nios2-elf/5.3.0/../../../../../H-x86_64-mingw32/nios2-elf/lib\libc.a(lib_a-fputwc.o)
                0x0000000005010464                __fputwc
 .text._fputwc_r
                0x00000000050105c8       0x24 c:/intelfpga_lite/18.1/nios2eds/bin/gnu/h-x86_64-mingw32/bin/../lib/gcc/nios2-elf/5.3.0/../../../../../H-x86_64-mingw32/nios2-elf/lib\libc.a(lib_a-fputwc.o)
                0x00000000050105c8                _fputwc_r
 .text.fputwc   0x00000000050105ec       0x80 c:/intelfpga_lite/18.1/nios2eds/bin/gnu/h-x86_64-mingw32/bin/../lib/gcc/nios2-elf/5.3.0/../../../../../H-x86_64-mingw32/nios2-elf/lib\libc.a(lib_a-fputwc.o)
                0x00000000050105ec                fputwc
 .text          0x000000000501066c        0x0 c:/intelfpga_lite/18.1/nios2eds/bin/gnu/h-x86_64-mingw32/bin/../lib/gcc/nios2-elf/5.3.0/../../../../../H-x86_64-mingw32/nios2-elf/lib\libc.a(lib_a-fstatr.o)
 .text._fstat_r
                0x000000000501066c       0x5c c:/intelfpga_lite/18.1/nios2eds/bin/gnu/h-x86_64-mingw32/bin/../lib/gcc/nios2-elf/5.3.0/../../../../../H-x86_64-mingw32/nios2-elf/lib\libc.a(lib_a-fstatr.o)
                0x000000000501066c                _fstat_r
 .text          0x00000000050106c8        0x0 c:/intelfpga_lite/18.1/nios2eds/bin/gnu/h-x86_64-mingw32/bin/../lib/gcc/nios2-elf/5.3.0/../../../../../H-x86_64-mingw32/nios2-elf/lib\libc.a(lib_a-int_errno.o)
 .text          0x00000000050106c8        0x0 c:/intelfpga_lite/18.1/nios2eds/bin/gnu/h-x86_64-mingw32/bin/../lib/gcc/nios2-elf/5.3.0/../../../../../H-x86_64-mingw32/nios2-elf/lib\libc.a(lib_a-isattyr.o)
 .text._isatty_r
                0x00000000050106c8       0x54 c:/intelfpga_lite/18.1/nios2eds/bin/gnu/h-x86_64-mingw32/bin/../lib/gcc/nios2-elf/5.3.0/../../../../../H-x86_64-mingw32/nios2-elf/lib\libc.a(lib_a-isattyr.o)
                0x00000000050106c8                _isatty_r
 .text          0x000000000501071c        0x0 c:/intelfpga_lite/18.1/nios2eds/bin/gnu/h-x86_64-mingw32/bin/../lib/gcc/nios2-elf/5.3.0/../../../../../H-x86_64-mingw32/nios2-elf/lib\libc.a(lib_a-lseekr.o)
 .text._lseek_r
                0x000000000501071c       0x60 c:/intelfpga_lite/18.1/nios2eds/bin/gnu/h-x86_64-mingw32/bin/../lib/gcc/nios2-elf/5.3.0/../../../../../H-x86_64-mingw32/nios2-elf/lib\libc.a(lib_a-lseekr.o)
                0x000000000501071c                _lseek_r
 .text          0x000000000501077c        0x0 c:/intelfpga_lite/18.1/nios2eds/bin/gnu/h-x86_64-mingw32/bin/../lib/gcc/nios2-elf/5.3.0/../../../../../H-x86_64-mingw32/nios2-elf/lib\libc.a(lib_a-readr.o)
 .text._read_r  0x000000000501077c       0x60 c:/intelfpga_lite/18.1/nios2eds/bin/gnu/h-x86_64-mingw32/bin/../lib/gcc/nios2-elf/5.3.0/../../../../../H-x86_64-mingw32/nios2-elf/lib\libc.a(lib_a-readr.o)
                0x000000000501077c                _read_r
 .text          0x00000000050107dc        0x0 c:/intelfpga_lite/18.1/nios2eds/bin/gnu/h-x86_64-mingw32/bin/../lib/gcc/nios2-elf/5.3.0/../../../../../H-x86_64-mingw32/nios2-elf/lib\libc.a(lib_a-wcrtomb.o)
 .text._wcrtomb_r
                0x00000000050107dc       0x9c c:/intelfpga_lite/18.1/nios2eds/bin/gnu/h-x86_64-mingw32/bin/../lib/gcc/nios2-elf/5.3.0/../../../../../H-x86_64-mingw32/nios2-elf/lib\libc.a(lib_a-wcrtomb.o)
                0x00000000050107dc                _wcrtomb_r
 .text.wcrtomb  0x0000000005010878       0xc0 c:/intelfpga_lite/18.1/nios2eds/bin/gnu/h-x86_64-mingw32/bin/../lib/gcc/nios2-elf/5.3.0/../../../../../H-x86_64-mingw32/nios2-elf/lib\libc.a(lib_a-wcrtomb.o)
                0x0000000005010878                wcrtomb
 .text          0x0000000005010938        0x0 c:/intelfpga_lite/18.1/nios2eds/bin/gnu/h-x86_64-mingw32/bin/../lib/gcc/nios2-elf/5.3.0/../../../../../H-x86_64-mingw32/nios2-elf/lib\libc.a(lib_a-wctomb_r.o)
 .text.__ascii_wctomb
                0x0000000005010938       0x30 c:/intelfpga_lite/18.1/nios2eds/bin/gnu/h-x86_64-mingw32/bin/../lib/gcc/nios2-elf/5.3.0/../../../../../H-x86_64-mingw32/nios2-elf/lib\libc.a(lib_a-wctomb_r.o)
                0x0000000005010938                __ascii_wctomb
 .text._wctomb_r
                0x0000000005010968       0x5c c:/intelfpga_lite/18.1/nios2eds/bin/gnu/h-x86_64-mingw32/bin/../lib/gcc/nios2-elf/5.3.0/../../../../../H-x86_64-mingw32/nios2-elf/lib\libc.a(lib_a-wctomb_r.o)
                0x0000000005010968                _wctomb_r
 .text          0x00000000050109c4      0x578 c:/intelfpga_lite/18.1/nios2eds/bin/gnu/h-x86_64-mingw32/bin/../lib/gcc/nios2-elf/5.3.0\libgcc.a(_udivdi3.o)
                0x00000000050109c4                __udivdi3
 .text          0x0000000005010f3c      0x538 c:/intelfpga_lite/18.1/nios2eds/bin/gnu/h-x86_64-mingw32/bin/../lib/gcc/nios2-elf/5.3.0\libgcc.a(_umoddi3.o)
                0x0000000005010f3c                __umoddi3
 .text          0x0000000005011474      0x1b4 c:/intelfpga_lite/18.1/nios2eds/bin/gnu/h-x86_64-mingw32/bin/../lib/gcc/nios2-elf/5.3.0\libgcc.a(lib2-divmod.o)
                0x0000000005011474                __divsi3
                0x00000000050114f8                __modsi3
                0x000000000501156c                __udivsi3
                0x00000000050115d0                __umodsi3
 .text          0x0000000005011628      0x8ac c:/intelfpga_lite/18.1/nios2eds/bin/gnu/h-x86_64-mingw32/bin/../lib/gcc/nios2-elf/5.3.0\libgcc.a(adddf3.o)
                0x0000000005011628                __adddf3
 .text          0x0000000005011ed4      0x8e8 c:/intelfpga_lite/18.1/nios2eds/bin/gnu/h-x86_64-mingw32/bin/../lib/gcc/nios2-elf/5.3.0\libgcc.a(divdf3.o)
                0x0000000005011ed4                __divdf3
 .text          0x00000000050127bc       0x88 c:/intelfpga_lite/18.1/nios2eds/bin/gnu/h-x86_64-mingw32/bin/../lib/gcc/nios2-elf/5.3.0\libgcc.a(eqdf2.o)
                0x00000000050127bc                __nedf2
                0x00000000050127bc                __eqdf2
 .text          0x0000000005012844       0xdc c:/intelfpga_lite/18.1/nios2eds/bin/gnu/h-x86_64-mingw32/bin/../lib/gcc/nios2-elf/5.3.0\libgcc.a(gedf2.o)
                0x0000000005012844                __gedf2
                0x0000000005012844                __gtdf2
 .text          0x0000000005012920       0xf4 c:/intelfpga_lite/18.1/nios2eds/bin/gnu/h-x86_64-mingw32/bin/../lib/gcc/nios2-elf/5.3.0\libgcc.a(ledf2.o)
                0x0000000005012920                __ledf2
                0x0000000005012920                __ltdf2
 .text          0x0000000005012a14      0x718 c:/intelfpga_lite/18.1/nios2eds/bin/gnu/h-x86_64-mingw32/bin/../lib/gcc/nios2-elf/5.3.0\libgcc.a(muldf3.o)
                0x0000000005012a14                __muldf3
 .text          0x000000000501312c      0x8fc c:/intelfpga_lite/18.1/nios2eds/bin/gnu/h-x86_64-mingw32/bin/../lib/gcc/nios2-elf/5.3.0\libgcc.a(subdf3.o)
                0x000000000501312c                __subdf3
 .text          0x0000000005013a28       0x80 c:/intelfpga_lite/18.1/nios2eds/bin/gnu/h-x86_64-mingw32/bin/../lib/gcc/nios2-elf/5.3.0\libgcc.a(fixdfsi.o)
                0x0000000005013a28                __fixdfsi
 .text          0x0000000005013aa8       0xdc c:/intelfpga_lite/18.1/nios2eds/bin/gnu/h-x86_64-mingw32/bin/../lib/gcc/nios2-elf/5.3.0\libgcc.a(floatsidf.o)
                0x0000000005013aa8                __floatsidf
 .text          0x0000000005013b84       0xa8 c:/intelfpga_lite/18.1/nios2eds/bin/gnu/h-x86_64-mingw32/bin/../lib/gcc/nios2-elf/5.3.0\libgcc.a(floatunsidf.o)
                0x0000000005013b84                __floatunsidf
 .text          0x0000000005013c2c        0x0 c:/intelfpga_lite/18.1/nios2eds/bin/gnu/h-x86_64-mingw32/bin/../lib/gcc/nios2-elf/5.3.0\libgcc.a(_clz.o)
 .text          0x0000000005013c2c       0x64 c:/intelfpga_lite/18.1/nios2eds/bin/gnu/h-x86_64-mingw32/bin/../lib/gcc/nios2-elf/5.3.0\libgcc.a(_clzsi2.o)
                0x0000000005013c2c                __clzsi2
 .text          0x0000000005013c90       0xec ../FPGAEncrypt_bsp/\libucosii_bsp.a(alt_fstat.o)
                0x0000000005013ccc                fstat
 .text          0x0000000005013d7c       0xe0 ../FPGAEncrypt_bsp/\libucosii_bsp.a(alt_isatty.o)
                0x0000000005013db8                isatty
 .text          0x0000000005013e5c      0x110 ../FPGAEncrypt_bsp/\libucosii_bsp.a(alt_lseek.o)
                0x0000000005013e98                lseek
 .text          0x0000000005013f6c       0xbc ../FPGAEncrypt_bsp/\libucosii_bsp.a(alt_main.o)
                0x0000000005013f6c                alt_main
 .text          0x0000000005014028       0xb0 ../FPGAEncrypt_bsp/\libucosii_bsp.a(alt_sbrk.o)
                0x0000000005014028                sbrk
 .text          0x00000000050140d8      0x124 ../FPGAEncrypt_bsp/\libucosii_bsp.a(alt_env_lock.o)
                0x00000000050140d8                __env_lock
                0x000000000501419c                __env_unlock
 .text          0x00000000050141fc      0x1ec ../FPGAEncrypt_bsp/\libucosii_bsp.a(alt_malloc_lock.o)
                0x00000000050141fc                __malloc_lock
                0x000000000501431c                __malloc_unlock
 .text          0x00000000050143e8     0x2014 ../FPGAEncrypt_bsp/\libucosii_bsp.a(os_core.o)
                0x00000000050143e8                OSEventNameGet
                0x0000000005014508                OSEventNameSet
                0x0000000005014648                OSEventPendMulti
                0x0000000005014c58                OSInit
                0x0000000005014cb0                OSIntEnter
                0x0000000005014cfc                OSIntExit
                0x0000000005014df4                OSSchedLock
                0x0000000005014e80                OSSchedUnlock
                0x0000000005014f5c                OSStart
                0x0000000005014fcc                OSStatInit
                0x000000000501507c                OSTimeTick
                0x000000000501529c                OSVersion
                0x00000000050152bc                OS_Dummy
                0x00000000050152dc                OS_EventTaskRdy
                0x0000000005015474                OS_EventTaskWait
                0x0000000005015584                OS_EventTaskWaitMulti
                0x00000000050156d4                OS_EventTaskRemove
                0x000000000501578c                OS_EventTaskRemoveMulti
                0x000000000501588c                OS_EventWaitListInit
                0x0000000005015c6c                OS_MemClr
                0x0000000005015cc0                OS_MemCopy
                0x0000000005015d28                OS_Sched
                0x0000000005015e6c                OS_StrCopy
                0x0000000005015ee0                OS_StrLen
                0x0000000005015f34                OS_TaskIdle
                0x0000000005015f90                OS_TaskStat
                0x000000000501605c                OS_TaskStatStkChk
                0x0000000005016128                OS_TCBInit
 .text          0x00000000050163fc      0x190 ../FPGAEncrypt_bsp/\libucosii_bsp.a(os_dbg.o)
                0x00000000050163fc                OSDebugInit
 .text          0x000000000501658c     0x1714 ../FPGAEncrypt_bsp/\libucosii_bsp.a(os_flag.o)
                0x000000000501658c                OSFlagAccept
                0x0000000005016894                OSFlagCreate
                0x000000000501699c                OSFlagDel
                0x0000000005016be4                OSFlagNameGet
                0x0000000005016d0c                OSFlagNameSet
                0x0000000005016e58                OSFlagPend
                0x0000000005017410                OSFlagPendGetFlagsRdy
                0x0000000005017470                OSFlagPost
                0x0000000005017804                OSFlagQuery
                0x0000000005017a28                OS_FlagInit
                0x0000000005017bfc                OS_FlagUnlink
 .text          0x0000000005017ca0      0x754 ../FPGAEncrypt_bsp/\libucosii_bsp.a(os_mem.o)
                0x0000000005017ca0                OSMemCreate
                0x0000000005017e74                OSMemGet
                0x0000000005017f64                OSMemNameGet
                0x0000000005018054                OSMemNameSet
                0x0000000005018168                OSMemPut
                0x0000000005018240                OSMemQuery
                0x0000000005018328                OS_MemInit
 .text          0x00000000050183f4     0x1104 ../FPGAEncrypt_bsp/\libucosii_bsp.a(os_q.o)
                0x00000000050183f4                OSQAccept
                0x0000000005018534                OSQCreate
                0x00000000050186e0                OSQDel
                0x0000000005018960                OSQFlush
                0x0000000005018a18                OSQPend
                0x0000000005018ca4                OSQPendAbort
                0x0000000005018e10                OSQPost
                0x0000000005018f78                OSQPostFront
                0x00000000050190e8                OSQPostOpt
                0x00000000050192f4                OSQQuery
                0x0000000005019450                OS_QInit
 .text          0x00000000050194f8      0xa60 ../FPGAEncrypt_bsp/\libucosii_bsp.a(os_sem.o)
                0x00000000050194f8                OSSemAccept
                0x00000000050195a8                OSSemCreate
                0x0000000005019680                OSSemDel
                0x00000000050198c0                OSSemPend
                0x0000000005019acc                OSSemPendAbort
                0x0000000005019c38                OSSemPost
                0x0000000005019d48                OSSemQuery
                0x0000000005019e58                OSSemSet
 .text          0x0000000005019f58     0x176c ../FPGAEncrypt_bsp/\libucosii_bsp.a(os_task.o)
                0x0000000005019f58                OSTaskChangePrio
                0x000000000501a448                OSTaskCreate
                0x000000000501a5f4                OSTaskCreateExt
                0x000000000501a7d8                OSTaskDel
                0x000000000501ab1c                OSTaskDelReq
                0x000000000501ac6c                OSTaskNameGet
                0x000000000501ae04                OSTaskNameSet
                0x000000000501afb8                OSTaskResume
                0x000000000501b18c                OSTaskStkChk
                0x000000000501b34c                OSTaskSuspend
                0x000000000501b530                OSTaskQuery
                0x000000000501b654                OS_TaskStkClr
 .text          0x000000000501b6c4      0x4ec ../FPGAEncrypt_bsp/\libucosii_bsp.a(os_time.o)
                0x000000000501b6c4                OSTimeDly
                0x000000000501b7c8                OSTimeDlyHMSM
                0x000000000501b920                OSTimeDlyResume
                0x000000000501baf4                OSTimeGet
                0x000000000501bb50                OSTimeSet
 .text          0x000000000501bbb0      0x2d8 ../FPGAEncrypt_bsp/\libucosii_bsp.a(alt_sys_init.o)
                0x000000000501bbe4                alt_irq_init
                0x000000000501bc1c                alt_sys_init
 .text          0x000000000501be88      0x164 ../FPGAEncrypt_bsp/\libucosii_bsp.a(altera_avalon_jtag_uart_fd.o)
                0x000000000501be88                altera_avalon_jtag_uart_read_fd
                0x000000000501bee8                altera_avalon_jtag_uart_write_fd
                0x000000000501bf48                altera_avalon_jtag_uart_close_fd
                0x000000000501bf98                altera_avalon_jtag_uart_ioctl_fd
 .text          0x000000000501bfec      0x558 ../FPGAEncrypt_bsp/\libucosii_bsp.a(altera_avalon_jtag_uart_init.o)
                0x000000000501bfec                altera_avalon_jtag_uart_init
                0x000000000501c4dc                altera_avalon_jtag_uart_close
 .text          0x000000000501c544       0xf0 ../FPGAEncrypt_bsp/\libucosii_bsp.a(altera_avalon_jtag_uart_ioctl.o)
                0x000000000501c544                altera_avalon_jtag_uart_ioctl
 .text          0x000000000501c634      0x2bc ../FPGAEncrypt_bsp/\libucosii_bsp.a(altera_avalon_jtag_uart_read.o)
                0x000000000501c634                altera_avalon_jtag_uart_read
 .text          0x000000000501c8f0      0x2c4 ../FPGAEncrypt_bsp/\libucosii_bsp.a(altera_avalon_jtag_uart_write.o)
                0x000000000501c8f0                altera_avalon_jtag_uart_write
 .text          0x000000000501cbb4       0xf4 ../FPGAEncrypt_bsp/\libucosii_bsp.a(altera_avalon_timer_sc.o)
                0x000000000501cc2c                alt_avalon_timer_sc_init
 .text          0x000000000501cca8      0xb64 ../FPGAEncrypt_bsp/\libucosii_bsp.a(altera_epcq_controller2.o)
                0x000000000501ccdc                alt_epcq_controller2_lock
                0x000000000501cdd8                alt_epcq_controller2_get_info
                0x000000000501ce64                alt_epcq_controller2_erase_block
                0x000000000501cfc0                alt_epcq_controller2_write_block
                0x000000000501d204                alt_epcq_controller2_write
                0x000000000501d3ec                alt_epcq_controller2_read
                0x000000000501d498                altera_epcq_controller2_init
 .text          0x000000000501d80c     0x2120 ../FPGAEncrypt_bsp/\libucosii_bsp.a(altera_msgdma.o)
                0x000000000501e4a4                alt_msgdma_construct_standard_st_to_mm_descriptor
                0x000000000501e4fc                alt_msgdma_construct_standard_mm_to_st_descriptor
                0x000000000501e554                alt_msgdma_construct_standard_mm_to_mm_descriptor
                0x000000000501e5ac                alt_msgdma_construct_extended_st_to_mm_descriptor
                0x000000000501e63c                alt_msgdma_construct_extended_mm_to_st_descriptor
                0x000000000501e6cc                alt_msgdma_construct_extended_mm_to_mm_descriptor
                0x000000000501e9ac                alt_msgdma_construct_prefetcher_standard_mm_to_mm_descriptor
                0x000000000501ea04                alt_msgdma_construct_prefetcher_standard_st_to_mm_descriptor
                0x000000000501ea5c                alt_msgdma_construct_prefetcher_standard_mm_to_st_descriptor
                0x000000000501eab4                alt_msgdma_construct_prefetcher_extended_st_to_mm_descriptor
                0x000000000501eb54                alt_msgdma_construct_prefetcher_extended_mm_to_st_descriptor
                0x000000000501ebec                alt_msgdma_construct_prefetcher_extended_mm_to_mm_descriptor
                0x000000000501eca4                alt_msgdma_prefetcher_add_standard_desc_to_list
                0x000000000501ed94                alt_msgdma_prefetcher_add_extended_desc_to_list
                0x000000000501ef2c                alt_msgdma_prefetcher_set_std_list_own_by_hw_bits
                0x000000000501f038                alt_msgdma_prefetcher_set_extd_list_own_by_hw_bits
                0x000000000501f17c                alt_msgdma_start_prefetcher_with_list_addr
                0x000000000501f48c                alt_msgdma_start_prefetcher_with_std_desc_list
                0x000000000501f538                alt_msgdma_start_prefetcher_with_extd_desc_list
                0x000000000501f5e4                alt_msgdma_open
                0x000000000501f63c                alt_msgdma_init
                0x000000000501f7e8                alt_msgdma_register_callback
                0x000000000501f83c                alt_msgdma_standard_descriptor_async_transfer
                0x000000000501f878                alt_msgdma_extended_descriptor_async_transfer
                0x000000000501f8b4                alt_msgdma_standard_descriptor_sync_transfer
                0x000000000501f8f0                alt_msgdma_extended_descriptor_sync_transfer
 .text          0x000000000501f92c      0x158 ../FPGAEncrypt_bsp/\libucosii_bsp.a(altera_remote_update.o)
                0x000000000501f92c                altera_remote_update_init
                0x000000000501f964                altera_remote_update_open
                0x000000000501f9b0                altera_remote_update_trigger_reconfig
 .text          0x000000000501fa84     0x1bf0 ../FPGAEncrypt_bsp/\libucosii_bsp.a(ins_tse_mac.o)
                0x000000000501fa84                altera_eth_tse_init
                0x000000000501fbd4                prep_tse_mac
                0x000000000501fe2c                msgdma_reset
                0x000000000501fea8                tse_mac_init
                0x0000000005020ac0                tse_msgdma_write_init
                0x0000000005020be0                tse_mac_raw_send
                0x0000000005020da8                tse_msgdmaRx_isr
                0x0000000005020f5c                tse_msgdmaTx_isr
                0x0000000005020fbc                tse_msgdma_read_init
                0x0000000005021298                allocate_rx_descriptor_chain
                0x00000000050213dc                tse_mac_rcv
                0x0000000005021530                tse_mac_stats
                0x0000000005021570                tse_mac_close
 .text          0x0000000005021674       0x48 ../FPGAEncrypt_bsp/\libucosii_bsp.a(alt_iniche_close.o)
                0x0000000005021674                close
 .text          0x00000000050216bc      0x148 ../FPGAEncrypt_bsp/\libucosii_bsp.a(alt_iniche_dev.o)
                0x00000000050216bc                iniche_devices_init
 .text          0x0000000005021804       0x70 ../FPGAEncrypt_bsp/\libucosii_bsp.a(alt_iniche_read.o)
                0x0000000005021804                read
 .text          0x0000000005021874       0x68 ../FPGAEncrypt_bsp/\libucosii_bsp.a(alt_iniche_write.o)
                0x0000000005021874                write
 .text          0x00000000050218dc      0xde4 ../FPGAEncrypt_bsp/\libucosii_bsp.a(ipnet.o)
                0x00000000050218dc                Netinit
                0x0000000005021ec4                fixup_subnet_mask
                0x000000000502201c                netclose
                0x0000000005022100                pktdemux
                0x00000000050224a4                c_older
                0x0000000005022534                ip2mac
 .text          0x00000000050226c0      0x468 ../FPGAEncrypt_bsp/\libucosii_bsp.a(ipstart.o)
                0x00000000050226c0                ip_startup
                0x0000000005022964                exit_hook
                0x00000000050229d4                ip_exit
                0x0000000005022aa4                if_netnumber
 .text          0x0000000005022b28      0xf9c ../FPGAEncrypt_bsp/\libucosii_bsp.a(igmp_cmn.o)
                0x0000000005022b28                igmp_init
                0x0000000005022bcc                igmp_input
                0x0000000005022cac                igmp_fasttimo
                0x0000000005022e20                igmp_send
                0x00000000050230bc                igmp_joingroup
                0x0000000005023310                igmp_leavegroup
                0x0000000005023390                igmp_validate
                0x00000000050236a8                igmp_print_stats
 .text          0x0000000005023ac4      0xa88 ../FPGAEncrypt_bsp/\libucosii_bsp.a(bsdsock.o)
                0x0000000005023ac4                bsd_accept
                0x0000000005023be8                bsd_getpeername
                0x0000000005023d0c                bsd_getsockname
                0x0000000005023e30                bsd_i_sockoptlen
                0x0000000005023f6c                bsd_getsockopt
                0x0000000005024078                bsd_ioctl
                0x000000000502416c                bsd_inet_ntoa
                0x00000000050241a0                bsd_recvfrom
                0x00000000050242e8                bsd_select
                0x000000000502446c                bsd_setsockopt
 .text          0x000000000502454c       0xf8 ../FPGAEncrypt_bsp/\libucosii_bsp.a(cksum.o)
                0x000000000502454c                ccksum
                0x00000000050245f0                cksum
 .text          0x0000000005024644      0xa50 ../FPGAEncrypt_bsp/\libucosii_bsp.a(in_utils.o)
                0x0000000005024644                do_trap
                0x0000000005024670                nextarg
                0x00000000050246ec                hexdump
                0x0000000005024830                print_ipad
                0x00000000050248ac                print_uptime
                0x00000000050249ec                panic
                0x0000000005024a34                print_eth
                0x0000000005024b88                uslash
                0x0000000005024c04                ns_printf
                0x0000000005024d74                std_out
                0x0000000005024db8                con_page
                0x0000000005024e90                parse_args
 .text          0x0000000005025094      0x1a0 ../FPGAEncrypt_bsp/\libucosii_bsp.a(netmain.o)
                0x0000000005025094                netmain
                0x0000000005025174                tk_netmain
                0x00000000050251ec                tk_nettick
 .text          0x0000000005025234      0x5b4 ../FPGAEncrypt_bsp/\libucosii_bsp.a(tk_crnos.o)
                0x0000000005025234                TK_OSTimeDly
                0x0000000005025264                TK_OSTaskResume
                0x00000000050252d8                tcp_sleep
                0x000000000502544c                tcp_wakeup
                0x0000000005025544                TK_OSTaskQuery
                0x00000000050255b0                tk_yield
                0x00000000050255e0                tk_stats
 .text          0x00000000050257e8     0x2c28 ../FPGAEncrypt_bsp/\libucosii_bsp.a(dhcpclnt.o)
                0x00000000050257e8                dhc_get_srv_ipaddr
                0x0000000005025870                dhc_init
                0x0000000005025920                dhc_set_callback
                0x0000000005025968                dhc_upcall
                0x0000000005026118                dhc_buildheader
                0x00000000050262fc                dhc_discover
                0x00000000050267a4                dhc_rx_offer
                0x0000000005026888                dhc_request
                0x000000000502730c                dhc_setip
                0x0000000005027588                dhc_resetip
                0x000000000502766c                dhc_decline
                0x0000000005027820                dhc_extract_opts
                0x0000000005027a90                dhc_second
                0x0000000005027fe0                dhc_halt
                0x0000000005028060                dhc_reclaim
                0x0000000005028218                dhc_state_init
                0x0000000005028270                dhc_alldone
                0x00000000050282f8                dhc_ifacedone
                0x0000000005028360                dhc_set_state
 .text          0x0000000005028410       0xc0 ../FPGAEncrypt_bsp/\libucosii_bsp.a(dhcputil.o)
                0x0000000005028410                find_opt
 .text          0x00000000050284d0      0x774 ../FPGAEncrypt_bsp/\libucosii_bsp.a(pktalloc.o)
                0x00000000050284d0                pk_init
                0x000000000502876c                pk_alloc
                0x0000000005028830                pk_validate
                0x0000000005028abc                pk_free
                0x0000000005028b68                pk_get_max_intrsafe_buf_len
                0x0000000005028b88                dump_buf_estats
 .text          0x0000000005028c44      0x268 ../FPGAEncrypt_bsp/\libucosii_bsp.a(q.o)
                0x0000000005028c44                getq
                0x0000000005028cfc                putq
                0x0000000005028dac                qdel
 .text          0x0000000005028eac      0x2d4 ../FPGAEncrypt_bsp/\libucosii_bsp.a(udp_open.o)
                0x0000000005028eac                udp_open
                0x00000000050290a8                udp_close
 .text          0x0000000005029180      0x194 ../FPGAEncrypt_bsp/\libucosii_bsp.a(asm_cksum.o)
                0x0000000005029180                asm_cksum
 .text          0x0000000005029314      0x27c ../FPGAEncrypt_bsp/\libucosii_bsp.a(brdutils.o)
                0x0000000005029314                dtrap
                0x0000000005029348                kbhit
                0x00000000050293dc                getch
                0x0000000005029438                clock_init
                0x0000000005029470                clock_c
                0x0000000005029490                cticks_hook
                0x00000000050294ec                irq_Mask
                0x000000000502954c                irq_Unmask
 .text          0x0000000005029590      0x4d0 ../FPGAEncrypt_bsp/\libucosii_bsp.a(osportco.o)
                0x0000000005029590                LOCK_NET_RESOURCE
                0x0000000005029654                UNLOCK_NET_RESOURCE
                0x00000000050296dc                TK_NEWTASK
                0x0000000005029928                wait_app_sem
                0x00000000050299e4                post_app_sem
 .text          0x0000000005029a60      0x574 ../FPGAEncrypt_bsp/\libucosii_bsp.a(targnios.o)
                0x0000000005029a60                alt_iniche_init
                0x0000000005029c5c                pre_task_setup
                0x0000000005029ca8                post_task_setup
                0x0000000005029cc8                prep_armintcp
                0x0000000005029d00                npalloc_base
                0x0000000005029e0c                npfree_base
                0x0000000005029eec                npalloc
                0x0000000005029f20                npfree
                0x0000000005029f60                ncpalloc
                0x0000000005029f94                ncpfree
 .text          0x0000000005029fd4     0x181c ../FPGAEncrypt_bsp/\libucosii_bsp.a(nptcp.o)
                0x0000000005029fd4                pffindtype
                0x000000000502a064                pffindproto
                0x000000000502a128                m_getnbuf
                0x000000000502a2b0                m_free
                0x000000000502a3b8                m_freem
                0x000000000502a3fc                m_copy
                0x000000000502a6f0                m_adj
                0x000000000502a8b0                mbuf_len
                0x000000000502a904                dtom
                0x000000000502a9a0                remque
                0x000000000502aa10                insque
                0x000000000502aa8c                nptcp_init
                0x000000000502ab84                tcp_rcv
                0x000000000502ad54                ip_output
                0x000000000502b304                in_broadcast
                0x000000000502b33c                np_stripoptions
                0x000000000502b430                so_icmpdu
                0x000000000502b778                tcp_tick
 .text          0x000000000502b7f0      0x970 ../FPGAEncrypt_bsp/\libucosii_bsp.a(rawsock.o)
                0x000000000502b7f0                rawip_lookup
                0x000000000502b84c                rawip_soinput
                0x000000000502ba14                rawip_usrreq
 .text          0x000000000502c160     0x1654 ../FPGAEncrypt_bsp/\libucosii_bsp.a(sockcall.o)
                0x000000000502c160                DOMAIN_CHECK
                0x000000000502c1b0                t_socket
                0x000000000502c230                t_bind
                0x000000000502c394                t_listen
                0x000000000502c46c                t_accept
                0x000000000502c6c0                t_connect
                0x000000000502c92c                t_getpeername
                0x000000000502c970                t_getsockname
                0x000000000502cb90                t_setsockopt
                0x000000000502cd50                t_getsockopt
                0x000000000502cedc                t_recv
                0x000000000502cfbc                t_recvfrom
                0x000000000502d0fc                t_sendto
                0x000000000502d2f0                t_send
                0x000000000502d4f4                t_shutdown
                0x000000000502d5cc                t_socketclose
                0x000000000502d71c                t_errno
 .text          0x000000000502d7b4     0x2034 ../FPGAEncrypt_bsp/\libucosii_bsp.a(socket.o)
                0x000000000502d7b4                socreate
                0x000000000502d95c                sobind
                0x000000000502d9b8                solisten
                0x000000000502da88                sofree
                0x000000000502db98                soclose
                0x000000000502de54                soabort
                0x000000000502dea4                soaccept
                0x000000000502df3c                soconnect
                0x000000000502dff4                sodisconnect
                0x000000000502e08c                sosend
                0x000000000502e5e4                soreceive
                0x000000000502ed30                soshutdown
                0x000000000502edc8                sorflush
                0x000000000502eec4                sosetopt
                0x000000000502f2f4                sogetopt
                0x000000000502f79c                sohasoutofband
 .text          0x000000000502f7e8     0x128c ../FPGAEncrypt_bsp/\libucosii_bsp.a(socket2.o)
                0x000000000502f7e8                soisconnecting
                0x000000000502f858                soisconnected
                0x000000000502f95c                soisdisconnecting
                0x000000000502f9f4                soisdisconnected
                0x000000000502fab8                sonewconn
                0x000000000502fcb8                soqinsque
                0x000000000502fd64                soqremque
                0x000000000502fe6c                socantsendmore
                0x000000000502fec4                socantrcvmore
                0x000000000502ff1c                sbselqueue
                0x000000000502ff58                sbwait
                0x000000000502ffc4                sbwakeup
                0x0000000005030050                soreserve
                0x00000000050300d8                sbreserve
                0x0000000005030128                sbrelease
                0x0000000005030174                sbappend
                0x0000000005030214                sbappendrecord
                0x00000000050302ec                sbappendaddr
                0x00000000050304c8                sbcompress
                0x00000000050306a8                sbflush
                0x000000000503072c                sbdrop
                0x00000000050308e4                sbdropend
                0x00000000050309e4                sbdroprecord
 .text          0x0000000005030a74      0x87c ../FPGAEncrypt_bsp/\libucosii_bsp.a(soselect.o)
                0x0000000005030a74                t_select
                0x0000000005030c44                sock_selscan
                0x0000000005030d84                sock_select
                0x0000000005030f68                in_pcbnotify
                0x000000000503102c                tcp_notify
                0x00000000050310ac                ifd_clr
                0x000000000503119c                ifd_set
                0x0000000005031214                ifd_isset
                0x000000000503128c                ifd_get
 .text          0x00000000050312f0     0x2d80 ../FPGAEncrypt_bsp/\libucosii_bsp.a(tcp_in.o)
                0x00000000050312f0                tcp_reass
                0x0000000005031700                tcp_input
                0x0000000005033a30                tcp_dooptions
                0x0000000005033bb8                tcp_pulloutofband
                0x0000000005033ce4                tcp_xmit_timer
                0x0000000005033f30                ip4_tcpmss
                0x0000000005033f78                tcp_mss
 .text          0x0000000005034070     0x11cc ../FPGAEncrypt_bsp/\libucosii_bsp.a(tcp_out.o)
                0x0000000005034070                tcp_output
                0x0000000005035074                tcp_setpersist
 .text          0x000000000503523c      0x93c ../FPGAEncrypt_bsp/\libucosii_bsp.a(tcp_subr.o)
                0x000000000503523c                tcp_init
                0x0000000005035290                tcp_template
                0x0000000005035398                tcp_respond
                0x0000000005035798                tcp_newtcpcb
                0x00000000050358a4                tcp_drop
                0x0000000005035950                tcp_close
                0x0000000005035a40                tcp_quench
                0x0000000005035a8c                tcp_putseq
                0x0000000005035b04                tcp_getseq
 .text          0x0000000005035b78      0x750 ../FPGAEncrypt_bsp/\libucosii_bsp.a(tcp_timr.o)
                0x0000000005035b78                tcp_slowtimo
                0x0000000005035de8                tcp_canceltimers
                0x0000000005035e48                tcp_timers
 .text          0x00000000050362c8      0x988 ../FPGAEncrypt_bsp/\libucosii_bsp.a(tcp_usr.o)
                0x00000000050362c8                tcp_usrreq
                0x000000000503699c                tcp_attach
                0x0000000005036ab4                tcp_disconnect
                0x0000000005036b80                tcp_usrclosed
 .text          0x0000000005036c50       0x40 ../FPGAEncrypt_bsp/\libucosii_bsp.a(tcpport.o)
                0x0000000005036c50                tcpinit
 .text          0x0000000005036c90      0xbb4 ../FPGAEncrypt_bsp/\libucosii_bsp.a(udpsock.o)
                0x0000000005036c90                udp_lookup
                0x0000000005036cec                udp_soinput
                0x0000000005036e8c                udp_usrreq
                0x00000000050370c8                udp4_sockbind
                0x000000000503739c                udp4_socksend
                0x000000000503771c                udp4_sockaddr
 .text          0x0000000005037844      0x12c ../FPGAEncrypt_bsp/\libucosii_bsp.a(alt_alarm_start.o)
                0x0000000005037844                alt_alarm_start
 .text          0x0000000005037970      0x158 ../FPGAEncrypt_bsp/\libucosii_bsp.a(alt_busy_sleep.o)
                0x0000000005037970                alt_busy_sleep
 .text          0x0000000005037ac8      0x10c ../FPGAEncrypt_bsp/\libucosii_bsp.a(alt_close.o)
                0x0000000005037b04                alt_close
 .text          0x0000000005037bd4       0x78 ../FPGAEncrypt_bsp/\libucosii_bsp.a(alt_dcache_flush.o)
                0x0000000005037bd4                alt_dcache_flush
 .text          0x0000000005037c4c       0x2c ../FPGAEncrypt_bsp/\libucosii_bsp.a(alt_dev.o)
 .text          0x0000000005037c78       0xe0 ../FPGAEncrypt_bsp/\libucosii_bsp.a(alt_dev_llist_insert.o)
                0x0000000005037cb4                alt_dev_llist_insert
 .text          0x0000000005037d58       0x60 ../FPGAEncrypt_bsp/\libucosii_bsp.a(alt_do_ctors.o)
                0x0000000005037d58                _do_ctors
 .text          0x0000000005037db8       0x60 ../FPGAEncrypt_bsp/\libucosii_bsp.a(alt_do_dtors.o)
                0x0000000005037db8                _do_dtors
 .text          0x0000000005037e18        0x0 ../FPGAEncrypt_bsp/\libucosii_bsp.a(alt_errno.o)
 .text          0x0000000005037e18       0x90 ../FPGAEncrypt_bsp/\libucosii_bsp.a(alt_find_dev.o)
                0x0000000005037e18                alt_find_dev
 .text          0x0000000005037ea8       0xbc ../FPGAEncrypt_bsp/\libucosii_bsp.a(alt_flash_dev.o)
                0x0000000005037ea8                alt_flash_open_dev
                0x0000000005037f10                alt_flash_close_dev
 .text          0x0000000005037f64      0x1b0 ../FPGAEncrypt_bsp/\libucosii_bsp.a(alt_iic.o)
                0x0000000005037f64                alt_ic_isr_register
                0x0000000005037fb4                alt_ic_irq_enable
                0x000000000503803c                alt_ic_irq_disable
                0x00000000050380c8                alt_ic_irq_enabled
 .text          0x0000000005038114       0xf0 ../FPGAEncrypt_bsp/\libucosii_bsp.a(alt_iic_isr_register.o)
                0x0000000005038114                alt_iic_isr_register
 .text          0x0000000005038204      0x140 ../FPGAEncrypt_bsp/\libucosii_bsp.a(alt_io_redirect.o)
                0x00000000050382c8                alt_io_redirect
 .text          0x0000000005038344        0x0 ../FPGAEncrypt_bsp/\libucosii_bsp.a(alt_irq_entry.o)
 .text          0x0000000005038344        0x0 ../FPGAEncrypt_bsp/\libucosii_bsp.a(alt_irq_handler.o)
 .text          0x0000000005038344        0x0 ../FPGAEncrypt_bsp/\libucosii_bsp.a(alt_irq_vars.o)
 .text          0x0000000005038344      0x254 ../FPGAEncrypt_bsp/\libucosii_bsp.a(alt_open.o)
                0x0000000005038444                open
 .text          0x0000000005038598      0x22c ../FPGAEncrypt_bsp/\libucosii_bsp.a(alt_printf.o)
                0x0000000005038598                alt_printf
 .text          0x00000000050387c4       0x3c ../FPGAEncrypt_bsp/\libucosii_bsp.a(alt_putchar.o)
                0x00000000050387c4                alt_putchar
 .text          0x0000000005038800      0x138 ../FPGAEncrypt_bsp/\libucosii_bsp.a(alt_read.o)
                0x000000000503883c                alt_read
 .text          0x0000000005038938       0x64 ../FPGAEncrypt_bsp/\libucosii_bsp.a(alt_release_fd.o)
                0x0000000005038938                alt_release_fd
 .text          0x000000000503899c       0x34 ../FPGAEncrypt_bsp/\libucosii_bsp.a(alt_remap_cached.o)
                0x000000000503899c                alt_remap_cached
 .text          0x00000000050389d0      0x1a4 ../FPGAEncrypt_bsp/\libucosii_bsp.a(alt_tick.o)
                0x00000000050389d0                alt_alarm_stop
                0x0000000005038a6c                alt_tick
 .text          0x0000000005038b74       0x44 ../FPGAEncrypt_bsp/\libucosii_bsp.a(alt_uncached_free.o)
                0x0000000005038b74                alt_uncached_free
 .text          0x0000000005038bb8       0x78 ../FPGAEncrypt_bsp/\libucosii_bsp.a(alt_uncached_malloc.o)
                0x0000000005038bb8                alt_uncached_malloc
 .text          0x0000000005038c30      0x134 ../FPGAEncrypt_bsp/\libucosii_bsp.a(alt_write.o)