Archive member included to satisfy reference by file (symbol)

c:/intelfpga_lite/18.1/nios2eds/bin/gnu/h-x86_64-mingw32/bin/../lib/gcc/nios2-elf/5.3.0/../../../../../H-x86_64-mingw32/nios2-elf/lib\libc.a(lib_a-atoi.o)
                              obj/default/iniche_init.o (atoi)
c:/intelfpga_lite/18.1/nios2eds/bin/gnu/h-x86_64-mingw32/bin/../lib/gcc/nios2-elf/5.3.0/../../../../../H-x86_64-mingw32/nios2-elf/lib\libc.a(lib_a-ctype_.o)
                              obj/default/network_utilities.o (__ctype_ptr__)
c:/intelfpga_lite/18.1/nios2eds/bin/gnu/h-x86_64-mingw32/bin/../lib/gcc/nios2-elf/5.3.0/../../../../../H-x86_64-mingw32/nios2-elf/lib\libc.a(lib_a-fprintf.o)
                              obj/default/alt_error_handler.o (fprintf)
c:/intelfpga_lite/18.1/nios2eds/bin/gnu/h-x86_64-mingw32/bin/../lib/gcc/nios2-elf/5.3.0/../../../../../H-x86_64-mingw32/nios2-elf/lib\libc.a(lib_a-fwrite.o)
                              obj/default/alt_error_handler.o (fwrite)
c:/intelfpga_lite/18.1/nios2eds/bin/gnu/h-x86_64-mingw32/bin/../lib/gcc/nios2-elf/5.3.0/../../../../../H-x86_64-mingw32/nios2-elf/lib\libc.a(lib_a-getc.o)
                              obj/default/network_utilities.o (getc)
c:/intelfpga_lite/18.1/nios2eds/bin/gnu/h-x86_64-mingw32/bin/../lib/gcc/nios2-elf/5.3.0/../../../../../H-x86_64-mingw32/nios2-elf/lib\libc.a(lib_a-impure.o)
                              obj/default/alt_error_handler.o (_impure_ptr)
c:/intelfpga_lite/18.1/nios2eds/bin/gnu/h-x86_64-mingw32/bin/../lib/gcc/nios2-elf/5.3.0/../../../../../H-x86_64-mingw32/nios2-elf/lib\libc.a(lib_a-memcpy.o)
                              obj/default/simple_socket_server.o (memcpy)
c:/intelfpga_lite/18.1/nios2eds/bin/gnu/h-x86_64-mingw32/bin/../lib/gcc/nios2-elf/5.3.0/../../../../../H-x86_64-mingw32/nios2-elf/lib\libc.a(lib_a-memmove.o)
                              obj/default/simple_socket_server.o (memmove)
c:/intelfpga_lite/18.1/nios2eds/bin/gnu/h-x86_64-mingw32/bin/../lib/gcc/nios2-elf/5.3.0/../../../../../H-x86_64-mingw32/nios2-elf/lib\libc.a(lib_a-memset.o)
                              obj/default/iniche_init.o (memset)
c:/intelfpga_lite/18.1/nios2eds/bin/gnu/h-x86_64-mingw32/bin/../lib/gcc/nios2-elf/5.3.0/../../../../../H-x86_64-mingw32/nios2-elf/lib\libc.a(lib_a-perror.o)
                              obj/default/alt_error_handler.o (perror)
c:/intelfpga_lite/18.1/nios2eds/bin/gnu/h-x86_64-mingw32/bin/../lib/gcc/nios2-elf/5.3.0/../../../../../H-x86_64-mingw32/nios2-elf/lib\libc.a(lib_a-printf.o)
                              obj/default/alt_error_handler.o (printf)
c:/intelfpga_lite/18.1/nios2eds/bin/gnu/h-x86_64-mingw32/bin/../lib/gcc/nios2-elf/5.3.0/../../../../../H-x86_64-mingw32/nios2-elf/lib\libc.a(lib_a-putc.o)
                              obj/default/network_utilities.o (putc)
c:/intelfpga_lite/18.1/nios2eds/bin/gnu/h-x86_64-mingw32/bin/../lib/gcc/nios2-elf/5.3.0/../../../../../H-x86_64-mingw32/nios2-elf/lib\libc.a(lib_a-putchar.o)
                              obj/default/network_utilities.o (putchar)
c:/intelfpga_lite/18.1/nios2eds/bin/gnu/h-x86_64-mingw32/bin/../lib/gcc/nios2-elf/5.3.0/../../../../../H-x86_64-mingw32/nios2-elf/lib\libc.a(lib_a-puts.o)
                              obj/default/alt_error_handler.o (puts)
c:/intelfpga_lite/18.1/nios2eds/bin/gnu/h-x86_64-mingw32/bin/../lib/gcc/nios2-elf/5.3.0/../../../../../H-x86_64-mingw32/nios2-elf/lib\libc.a(lib_a-rget.o)
                              c:/intelfpga_lite/18.1/nios2eds/bin/gnu/h-x86_64-mingw32/bin/../lib/gcc/nios2-elf/5.3.0/../../../../../H-x86_64-mingw32/nios2-elf/lib\libc.a(lib_a-getc.o) (__srget_r)
c:/intelfpga_lite/18.1/nios2eds/bin/gnu/h-x86_64-mingw32/bin/../lib/gcc/nios2-elf/5.3.0/../../../../../H-x86_64-mingw32/nios2-elf/lib\libc.a(lib_a-sprintf.o)
                              obj/default/iniche_init.o (sprintf)
c:/intelfpga_lite/18.1/nios2eds/bin/gnu/h-x86_64-mingw32/bin/../lib/gcc/nios2-elf/5.3.0/../../../../../H-x86_64-mingw32/nios2-elf/lib\libc.a(lib_a-strchr.o)
                              obj/default/simple_socket_server.o (strchr)
c:/intelfpga_lite/18.1/nios2eds/bin/gnu/h-x86_64-mingw32/bin/../lib/gcc/nios2-elf/5.3.0/../../../../../H-x86_64-mingw32/nios2-elf/lib\libc.a(lib_a-strdup.o)
                              obj/default/iniche_init.o (strdup)
c:/intelfpga_lite/18.1/nios2eds/bin/gnu/h-x86_64-mingw32/bin/../lib/gcc/nios2-elf/5.3.0/../../../../../H-x86_64-mingw32/nios2-elf/lib\libc.a(lib_a-strdup_r.o)
                              c:/intelfpga_lite/18.1/nios2eds/bin/gnu/h-x86_64-mingw32/bin/../lib/gcc/nios2-elf/5.3.0/../../../../../H-x86_64-mingw32/nios2-elf/lib\libc.a(lib_a-strdup.o) (_strdup_r)
c:/intelfpga_lite/18.1/nios2eds/bin/gnu/h-x86_64-mingw32/bin/../lib/gcc/nios2-elf/5.3.0/../../../../../H-x86_64-mingw32/nios2-elf/lib\libc.a(lib_a-strerror.o)
                              c:/intelfpga_lite/18.1/nios2eds/bin/gnu/h-x86_64-mingw32/bin/../lib/gcc/nios2-elf/5.3.0/../../../../../H-x86_64-mingw32/nios2-elf/lib\libc.a(lib_a-perror.o) (_strerror_r)
[...]
Memory Configuration

Name             Origin             Length             Attributes
ext_epcq_flash_avl_mem_BEFORE_RESET 0x0000000000000000 0x0000000000300000
reset            0x0000000000300000 0x0000000000000020
ext_epcq_flash_avl_mem 0x0000000000300020 0x00000000004fffe0
descriptor_memory 0x0000000001004000 0x0000000000002000
sll_hyperbus_controller_top_0_BEFORE_EXCEPTION 0x0000000005000000 0x0000000000000120
sll_hyperbus_controller_top_0 0x0000000005000120 0x0000000000fffee0
onchip_ram       0x0000000007000800 0x0000000000000800
*default*        0x0000000000000000 0xffffffffffffffff

Linker script and memory map

LOAD ../FPGAEncrypt_bsp//obj/HAL/src/crt0.o
LOAD obj/default/alt_error_handler.o
LOAD obj/default/iniche_init.o
LOAD obj/default/led.o
LOAD obj/default/network_utilities.o
LOAD obj/default/simple_socket_server.o
LOAD obj/default/tse_my_system.o
LOAD c:/intelfpga_lite/18.1/nios2eds/bin/gnu/h-x86_64-mingw32/bin/../lib/gcc/nios2-elf/5.3.0/../../../../../H-x86_64-mingw32/nios2-elf/lib\libstdc++.a
LOAD c:/intelfpga_lite/18.1/nios2eds/bin/gnu/h-x86_64-mingw32/bin/../lib/gcc/nios2-elf/5.3.0/../../../../../H-x86_64-mingw32/nios2-elf/lib\libm.a
LOAD c:/intelfpga_lite/18.1/nios2eds/bin/gnu/h-x86_64-mingw32/bin/../lib/gcc/nios2-elf/5.3.0\libgcc.a
START GROUP
LOAD c:/intelfpga_lite/18.1/nios2eds/bin/gnu/h-x86_64-mingw32/bin/../lib/gcc/nios2-elf/5.3.0/../../../../../H-x86_64-mingw32/nios2-elf/lib\libc.a
LOAD c:/intelfpga_lite/18.1/nios2eds/bin/gnu/h-x86_64-mingw32/bin/../lib/gcc/nios2-elf/5.3.0\libgcc.a
LOAD ../FPGAEncrypt_bsp/\libucosii_bsp.a
LOAD c:/intelfpga_lite/18.1/nios2eds/bin/gnu/h-x86_64-mingw32/bin/../lib/gcc/nios2-elf/5.3.0/../../../../../H-x86_64-mingw32/nios2-elf/lib\libm.a
END GROUP
LOAD c:/intelfpga_lite/18.1/nios2eds/bin/gnu/h-x86_64-mingw32/bin/../lib/gcc/nios2-elf/5.3.0\libgcc.a
                0x0000000000000000                __alt_mem_ext_epcq_flash_avl_mem = 0x0
                0x0000000001004000                __alt_mem_descriptor_memory = 0x1004000
                0x0000000005000000                __alt_mem_sll_hyperbus_controller_top_0 = 0x5000000
                0x0000000007000800                __alt_mem_onchip_ram = 0x7000800

.entry          0x0000000000300000        0x0
 *(.entry)
 .entry         0x0000000000300000        0x0 ../FPGAEncrypt_bsp//obj/HAL/src/crt0.o
                0x0000000000300000                __reset

.exceptions     0x0000000005000120      0x224
                [!provide]                        PROVIDE (__ram_exceptions_start, ABSOLUTE (.))
                0x0000000005000120                . = ALIGN (0x20)
 *(.irq)
 *(.exceptions.entry.label)
 .exceptions.entry.label
                0x0000000005000120        0x0 ../FPGAEncrypt_bsp/\libucosii_bsp.a(alt_irq_entry.o)
                0x0000000005000120                alt_irq_entry
 .exceptions.entry.label
                0x0000000005000120        0x0 ../FPGAEncrypt_bsp/\libucosii_bsp.a(alt_exception_entry.o)
                0x0000000005000120                alt_exception
 *(.exceptions.entry.user)
 *(.exceptions.entry.ecc_fatal)
 *(.exceptions.entry)
 .exceptions.entry
                0x0000000005000120       0x54 ../FPGAEncrypt_bsp/\libucosii_bsp.a(alt_exception_entry.o)
 *(.exceptions.irqtest.user)
 *(.exceptions.irqtest)
 .exceptions.irqtest
                0x0000000005000174       0x10 ../FPGAEncrypt_bsp/\libucosii_bsp.a(alt_irq_entry.o)
 *(.exceptions.irqhandler.user)
 *(.exceptions.irqhandler)
 .exceptions.irqhandler
                0x0000000005000184        0x4 ../FPGAEncrypt_bsp/\libucosii_bsp.a(alt_irq_entry.o)
 *(.exceptions.irqreturn.user)
 *(.exceptions.irqreturn)
 .exceptions.irqreturn
                0x0000000005000188        0x4 ../FPGAEncrypt_bsp/\libucosii_bsp.a(alt_irq_entry.o)
 *(.exceptions.notirq.label)
 .exceptions.notirq.label
                0x000000000500018c        0x0 ../FPGAEncrypt_bsp/\libucosii_bsp.a(alt_irq_entry.o)
 *(.exceptions.notirq.user)
 *(.exceptions.notirq)
 .exceptions.notirq
                0x000000000500018c        0x8 ../FPGAEncrypt_bsp/\libucosii_bsp.a(alt_exception_entry.o)
 *(.exceptions.soft.user)
 *(.exceptions.soft)
 *(.exceptions.unknown.user)
 *(.exceptions.unknown)
 .exceptions.unknown
                0x0000000005000194       0x14 ../FPGAEncrypt_bsp/\libucosii_bsp.a(alt_exception_entry.o)
 *(.exceptions.exit.label)
 .exceptions.exit.label
                0x00000000050001a8        0x0 ../FPGAEncrypt_bsp/\libucosii_bsp.a(alt_irq_entry.o)
 .exceptions.exit.label
                0x00000000050001a8        0x0 ../FPGAEncrypt_bsp/\libucosii_bsp.a(alt_exception_entry.o)
 *(.exceptions.exit.user)
 *(.exceptions.exit)
 .exceptions.exit
                0x00000000050001a8       0x54 ../FPGAEncrypt_bsp/\libucosii_bsp.a(alt_exception_entry.o)
 *(.exceptions)
 .exceptions    0x00000000050001fc       0xd4 ../FPGAEncrypt_bsp/\libucosii_bsp.a(alt_irq_handler.o)
                0x00000000050001fc                alt_irq_handler
 .exceptions    0x00000000050002d0       0x74 ../FPGAEncrypt_bsp/\libucosii_bsp.a(alt_instruction_exception_entry.o)
                0x00000000050002d0                alt_instruction_exception_entry
                [!provide]                        PROVIDE (__ram_exceptions_end, ABSOLUTE (.))
                [!provide]                        PROVIDE (__flash_exceptions_start, LOADADDR (.exceptions))

.text           0x0000000005000344    0x4cbc0
                [!provide]                        PROVIDE (stext, ABSOLUTE (.))
 *(.interp)
 *(.hash)
 *(.dynsym)
 *(.dynstr)
 *(.gnu.version)
 *(.gnu.version_d)
 *(.gnu.version_r)
 *(.rel.init)
 *(.rela.init)
 *(.rel.text .rel.text.* .rel.gnu.linkonce.t.*)
 *(.rela.text .rela.text.* .rela.gnu.linkonce.t.*)
 *(.rel.fini)
 *(.rela.fini)
 *(.rel.rodata .rel.rodata.* .rel.gnu.linkonce.r.*)
 *(.rela.rodata .rela.rodata.* .rela.gnu.linkonce.r.*)
 *(.rel.data .rel.data.* .rel.gnu.linkonce.d.*)
 *(.rela.data .rela.data.* .rela.gnu.linkonce.d.*)
 *(.rel.tdata .rel.tdata.* .rel.gnu.linkonce.td.*)
 *(.rela.tdata .rela.tdata.* .rela.gnu.linkonce.td.*)
 *(.rel.tbss .rel.tbss.* .rel.gnu.linkonce.tb.*)
 *(.rela.tbss .rela.tbss.* .rela.gnu.linkonce.tb.*)
 *(.rel.ctors)
 *(.rela.ctors)
 *(.rel.dtors)
 *(.rela.dtors)
 *(.rel.got)
 *(.rela.got)
 *(.rel.sdata .rel.sdata.* .rel.gnu.linkonce.s.*)
 *(.rela.sdata .rela.sdata.* .rela.gnu.linkonce.s.*)
 *(.rel.sbss .rel.sbss.* .rel.gnu.linkonce.sb.*)
 *(.rela.sbss .rela.sbss.* .rela.gnu.linkonce.sb.*)
 *(.rel.sdata2 .rel.sdata2.* .rel.gnu.linkonce.s2.*)
 *(.rela.sdata2 .rela.sdata2.* .rela.gnu.linkonce.s2.*)
 *(.rel.sbss2 .rel.sbss2.* .rel.gnu.linkonce.sb2.*)
 *(.rela.sbss2 .rela.sbss2.* .rela.gnu.linkonce.sb2.*)
 *(.rel.bss .rel.bss.* .rel.gnu.linkonce.b.*)
 *(.rela.bss .rela.bss.* .rela.gnu.linkonce.b.*)
 *(.rel.plt)
 *(.rela.plt)
 *(.rel.dyn)
 *(.init)
 *(.plt)
 *(.text .stub .text.* .gnu.linkonce.t.*)
 .text          0x0000000005000344       0x48 ../FPGAEncrypt_bsp//obj/HAL/src/crt0.o
                0x0000000005000344                _start
 .text          0x000000000500038c      0xa60 obj/default/alt_error_handler.o
                0x000000000500038c                alt_uCOSIIErrorHandler
                0x00000000050008f0                alt_NetworkErrorHandler
                0x0000000005000b54                alt_SSSErrorHandler
 .text          0x0000000005000dec      0x780 obj/default/iniche_init.o
                0x0000000005000dec                tcp_server_send
                0x0000000005000f70                load_instructions
                0x000000000500105c                tcp_server_recv
                0x0000000005001470                main
 .text          0x000000000500156c      0x354 obj/default/led.o
                0x000000000500156c                led_bit_toggle
                0x0000000005001678                LED7SegLightshowTask
                0x00000000050016ec                LEDManagementTask
 .text          0x00000000050018c0      0x450 obj/default/network_utilities.o
                0x00000000050018c0                get_mac_addr
                0x0000000005001914                get_ip_addr
                0x0000000005001970                get_serial_number
                0x0000000005001b2c                generate_and_store_mac_addr
                0x0000000005001b80                generate_mac_addr
                0x0000000005001cb8                get_board_mac_addr
                0x0000000005001ce4                FindLastFlashSectorOffset
 .text          0x0000000005001d10      0xa1c obj/default/simple_socket_server.o
                0x0000000005001d10                SSSCreateOSDataStructs
                0x0000000005001db4                SSSCreateTasks
                0x0000000005001e84                sss_reset_connection
                0x0000000005001ef4                sss_send_menu
                0x0000000005002110                sss_handle_accept
                0x00000000050021d8                sss_exec_command
                0x0000000005002388                sss_handle_receive
                0x0000000005002578                SSSSimpleSocketServerTask
 .text          0x000000000500272c        0x0 obj/default/tse_my_system.o
 .text          0x000000000500272c        0x0 c:/intelfpga_lite/18.1/nios2eds/bin/gnu/h-x86_64-mingw32/bin/../lib/gcc/nios2-elf/5.3.0/../../../../../H-x86_64-mingw32/nios2-elf/lib\libc.a(lib_a-atoi.o)
 .text.atoi     0x000000000500272c        0xc c:/intelfpga_lite/18.1/nios2eds/bin/gnu/h-x86_64-mingw32/bin/../lib/gcc/nios2-elf/5.3.0/../../../../../H-x86_64-mingw32/nios2-elf/lib\libc.a(lib_a-atoi.o)
                0x000000000500272c                atoi
 .text._atoi_r  0x0000000005002738        0xc c:/intelfpga_lite/18.1/nios2eds/bin/gnu/h-x86_64-mingw32/bin/../lib/gcc/nios2-elf/5.3.0/../../../../../H-x86_64-mingw32/nios2-elf/lib\libc.a(lib_a-atoi.o)
                0x0000000005002738                _atoi_r
 .text          0x0000000005002744        0x0 c:/intelfpga_lite/18.1/nios2eds/bin/gnu/h-x86_64-mingw32/bin/../lib/gcc/nios2-elf/5.3.0/../../../../../H-x86_64-mingw32/nios2-elf/lib\libc.a(lib_a-ctype_.o)
 .text          0x0000000005002744        0x0 c:/intelfpga_lite/18.1/nios2eds/bin/gnu/h-x86_64-mingw32/bin/../lib/gcc/nios2-elf/5.3.0/../../../../../H-x86_64-mingw32/nios2-elf/lib\libc.a(lib_a-fprintf.o)
 .text._fprintf_r
                0x0000000005002744       0x28 c:/intelfpga_lite/18.1/nios2eds/bin/gnu/h-x86_64-mingw32/bin/../lib/gcc/nios2-elf/5.3.0/../../../../../H-x86_64-mingw32/nios2-elf/lib\libc.a(lib_a-fprintf.o)
                0x0000000005002744                _fprintf_r
 .text.fprintf  0x000000000500276c       0x24 c:/intelfpga_lite/18.1/nios2eds/bin/gnu/h-x86_64-mingw32/bin/../lib/gcc/nios2-elf/5.3.0/../../../../../H-x86_64-mingw32/nios2-elf/lib\libc.a(lib_a-fprintf.o)
                0x000000000500276c                fprintf
 .text          0x0000000005002790        0x0 c:/intelfpga_lite/18.1/nios2eds/bin/gnu/h-x86_64-mingw32/bin/../lib/gcc/nios2-elf/5.3.0/../../../../../H-x86_64-mingw32/nios2-elf/lib\libc.a(lib_a-fwrite.o)
 .text._fwrite_r
                0x0000000005002790       0xcc c:/intelfpga_lite/18.1/nios2eds/bin/gnu/h-x86_64-mingw32/bin/../lib/gcc/nios2-elf/5.3.0/../../../../../H-x86_64-mingw32/nios2-elf/lib\libc.a(lib_a-fwrite.o)
                0x0000000005002790                _fwrite_r
 .text.fwrite   0x000000000500285c       0x34 c:/intelfpga_lite/18.1/nios2eds/bin/gnu/h-x86_64-mingw32/bin/../lib/gcc/nios2-elf/5.3.0/../../../../../H-x86_64-mingw32/nios2-elf/lib\libc.a(lib_a-fwrite.o)
                0x000000000500285c                fwrite
 .text          0x0000000005002890        0x0 c:/intelfpga_lite/18.1/nios2eds/bin/gnu/h-x86_64-mingw32/bin/../lib/gcc/nios2-elf/5.3.0/../../../../../H-x86_64-mingw32/nios2-elf/lib\libc.a(lib_a-getc.o)
 .text._getc_r  0x0000000005002890       0x70 c:/intelfpga_lite/18.1/nios2eds/bin/gnu/h-x86_64-mingw32/bin/../lib/gcc/nios2-elf/5.3.0/../../../../../H-x86_64-mingw32/nios2-elf/lib\libc.a(lib_a-getc.o)
                0x0000000005002890                _getc_r
 .text.getc     0x0000000005002900       0x88 c:/intelfpga_lite/18.1/nios2eds/bin/gnu/h-x86_64-mingw32/bin/../lib/gcc/nios2-elf/5.3.0/../../../../../H-x86_64-mingw32/nios2-elf/lib\libc.a(lib_a-getc.o)
                0x0000000005002900                getc
 .text          0x0000000005002988        0x0 c:/intelfpga_lite/18.1/nios2eds/bin/gnu/h-x86_64-mingw32/bin/../lib/gcc/nios2-elf/5.3.0/../../../../../H-x86_64-mingw32/nios2-elf/lib\libc.a(lib_a-impure.o)
 .text          0x0000000005002988        0x0 c:/intelfpga_lite/18.1/nios2eds/bin/gnu/h-x86_64-mingw32/bin/../lib/gcc/nios2-elf/5.3.0/../../../../../H-x86_64-mingw32/nios2-elf/lib\libc.a(lib_a-memcpy.o)
 .text.memcpy   0x0000000005002988      0x148 c:/intelfpga_lite/18.1/nios2eds/bin/gnu/h-x86_64-mingw32/bin/../lib/gcc/nios2-elf/5.3.0/../../../../../H-x86_64-mingw32/nios2-elf/lib\libc.a(lib_a-memcpy.o)
                0x0000000005002988                memcpy
 .text          0x0000000005002ad0        0x0 c:/intelfpga_lite/18.1/nios2eds/bin/gnu/h-x86_64-mingw32/bin/../lib/gcc/nios2-elf/5.3.0/../../../../../H-x86_64-mingw32/nios2-elf/lib\libc.a(lib_a-memmove.o)
 .text.memmove  0x0000000005002ad0      0x15c c:/intelfpga_lite/18.1/nios2eds/bin/gnu/h-x86_64-mingw32/bin/../lib/gcc/nios2-elf/5.3.0/../../../../../H-x86_64-mingw32/nios2-elf/lib\libc.a(lib_a-memmove.o)
                0x0000000005002ad0                memmove
 .text          0x0000000005002c2c        0x0 c:/intelfpga_lite/18.1/nios2eds/bin/gnu/h-x86_64-mingw32/bin/../lib/gcc/nios2-elf/5.3.0/../../../../../H-x86_64-mingw32/nios2-elf/lib\libc.a(lib_a-memset.o)
 .text.memset   0x0000000005002c2c      0x128 c:/intelfpga_lite/18.1/nios2eds/bin/gnu/h-x86_64-mingw32/bin/../lib/gcc/nios2-elf/5.3.0/../../../../../H-x86_64-mingw32/nios2-elf/lib\libc.a(lib_a-memset.o)
                0x0000000005002c2c                memset
 .text          0x0000000005002d54        0x0 c:/intelfpga_lite/18.1/nios2eds/bin/gnu/h-x86_64-mingw32/bin/../lib/gcc/nios2-elf/5.3.0/../../../../../H-x86_64-mingw32/nios2-elf/lib\libc.a(lib_a-perror.o)
 .text._perror_r
                0x0000000005002d54       0x80 c:/intelfpga_lite/18.1/nios2eds/bin/gnu/h-x86_64-mingw32/bin/../lib/gcc/nios2-elf/5.3.0/../../../../../H-x86_64-mingw32/nios2-elf/lib\libc.a(lib_a-perror.o)
                0x0000000005002d54                _perror_r
 .text.perror   0x0000000005002dd4       0x14 c:/intelfpga_lite/18.1/nios2eds/bin/gnu/h-x86_64-mingw32/bin/../lib/gcc/nios2-elf/5.3.0/../../../../../H-x86_64-mingw32/nios2-elf/lib\libc.a(lib_a-perror.o)
                0x0000000005002dd4                perror
 .text          0x0000000005002de8        0x0 c:/intelfpga_lite/18.1/nios2eds/bin/gnu/h-x86_64-mingw32/bin/../lib/gcc/nios2-elf/5.3.0/../../../../../H-x86_64-mingw32/nios2-elf/lib\libc.a(lib_a-printf.o)
 .text._printf_r
                0x0000000005002de8       0x30 c:/intelfpga_lite/18.1/nios2eds/bin/gnu/h-x86_64-mingw32/bin/../lib/gcc/nios2-elf/5.3.0/../../../../../H-x86_64-mingw32/nios2-elf/lib\libc.a(lib_a-printf.o)
                0x0000000005002de8                _printf_r
 .text.printf   0x0000000005002e18       0x3c c:/intelfpga_lite/18.1/nios2eds/bin/gnu/h-x86_64-mingw32/bin/../lib/gcc/nios2-elf/5.3.0/../../../../../H-x86_64-mingw32/nios2-elf/lib\libc.a(lib_a-printf.o)
                0x0000000005002e18                printf
 .text          0x0000000005002e54        0x0 c:/intelfpga_lite/18.1/nios2eds/bin/gnu/h-x86_64-mingw32/bin/../lib/gcc/nios2-elf/5.3.0/../../../../../H-x86_64-mingw32/nios2-elf/lib\libc.a(lib_a-putc.o)
 .text._putc_r  0x0000000005002e54       0xa0 c:/intelfpga_lite/18.1/nios2eds/bin/gnu/h-x86_64-mingw32/bin/../lib/gcc/nios2-elf/5.3.0/../../../../../H-x86_64-mingw32/nios2-elf/lib\libc.a(lib_a-putc.o)
                0x0000000005002e54                _putc_r
 .text.putc     0x0000000005002ef4       0xc8 c:/intelfpga_lite/18.1/nios2eds/bin/gnu/h-x86_64-mingw32/bin/../lib/gcc/nios2-elf/5.3.0/../../../../../H-x86_64-mingw32/nios2-elf/lib\libc.a(lib_a-putc.o)
                0x0000000005002ef4                putc
 .text          0x0000000005002fbc        0x0 c:/intelfpga_lite/18.1/nios2eds/bin/gnu/h-x86_64-mingw32/bin/../lib/gcc/nios2-elf/5.3.0/../../../../../H-x86_64-mingw32/nios2-elf/lib\libc.a(lib_a-putchar.o)
 .text._putchar_r
                0x0000000005002fbc        0x8 c:/intelfpga_lite/18.1/nios2eds/bin/gnu/h-x86_64-mingw32/bin/../lib/gcc/nios2-elf/5.3.0/../../../../../H-x86_64-mingw32/nios2-elf/lib\libc.a(lib_a-putchar.o)
                0x0000000005002fbc                _putchar_r
 .text.putchar  0x0000000005002fc4       0x18 c:/intelfpga_lite/18.1/nios2eds/bin/gnu/h-x86_64-mingw32/bin/../lib/gcc/nios2-elf/5.3.0/../../../../../H-x86_64-mingw32/nios2-elf/lib\libc.a(lib_a-putchar.o)
                0x0000000005002fc4                putchar
 .text          0x0000000005002fdc        0x0 c:/intelfpga_lite/18.1/nios2eds/bin/gnu/h-x86_64-mingw32/bin/../lib/gcc/nios2-elf/5.3.0/../../../../../H-x86_64-mingw32/nios2-elf/lib\libc.a(lib_a-puts.o)
 .text._puts_r  0x0000000005002fdc       0xc0 c:/intelfpga_lite/18.1/nios2eds/bin/gnu/h-x86_64-mingw32/bin/../lib/gcc/nios2-elf/5.3.0/../../../../../H-x86_64-mingw32/nios2-elf/lib\libc.a(lib_a-puts.o)
                0x0000000005002fdc                _puts_r
 .text.puts     0x000000000500309c       0x14 c:/intelfpga_lite/18.1/nios2eds/bin/gnu/h-x86_64-mingw32/bin/../lib/gcc/nios2-elf/5.3.0/../../../../../H-x86_64-mingw32/nios2-elf/lib\libc.a(lib_a-puts.o)
                0x000000000500309c                puts
 .text          0x00000000050030b0        0x0 c:/intelfpga_lite/18.1/nios2eds/bin/gnu/h-x86_64-mingw32/bin/../lib/gcc/nios2-elf/5.3.0/../../../../../H-x86_64-mingw32/nios2-elf/lib\libc.a(lib_a-rget.o)
 .text.__srget_r
                0x00000000050030b0       0x74 c:/intelfpga_lite/18.1/nios2eds/bin/gnu/h-x86_64-mingw32/bin/../lib/gcc/nios2-elf/5.3.0/../../../../../H-x86_64-mingw32/nios2-elf/lib\libc.a(lib_a-rget.o)
                0x00000000050030b0                __srget_r
 .text.__srget  0x0000000005003124       0x14 c:/intelfpga_lite/18.1/nios2eds/bin/gnu/h-x86_64-mingw32/bin/../lib/gcc/nios2-elf/5.3.0/../../../../../H-x86_64-mingw32/nios2-elf/lib\libc.a(lib_a-rget.o)
                0x0000000005003124                __srget
 .text          0x0000000005003138        0x0 c:/intelfpga_lite/18.1/nios2eds/bin/gnu/h-x86_64-mingw32/bin/../lib/gcc/nios2-elf/5.3.0/../../../../../H-x86_64-mingw32/nios2-elf/lib\libc.a(lib_a-sprintf.o)
 .text._sprintf_r
                0x0000000005003138       0x58 c:/intelfpga_lite/18.1/nios2eds/bin/gnu/h-x86_64-mingw32/bin/../lib/gcc/nios2-elf/5.3.0/../../../../../H-x86_64-mingw32/nios2-elf/lib\libc.a(lib_a-sprintf.o)
                0x0000000005003138                _sprintf_r
 .text.sprintf  0x0000000005003190       0x6c c:/intelfpga_lite/18.1/nios2eds/bin/gnu/h-x86_64-mingw32/bin/../lib/gcc/nios2-elf/5.3.0/../../../../../H-x86_64-mingw32/nios2-elf/lib\libc.a(lib_a-sprintf.o)
                0x0000000005003190                sprintf
 .text          0x00000000050031fc        0x0 c:/intelfpga_lite/18.1/nios2eds/bin/gnu/h-x86_64-mingw32/bin/../lib/gcc/nios2-elf/5.3.0/../../../../../H-x86_64-mingw32/nios2-elf/lib\libc.a(lib_a-strchr.o)
 .text.strchr   0x00000000050031fc      0x164 c:/intelfpga_lite/18.1/nios2eds/bin/gnu/h-x86_64-mingw32/bin/../lib/gcc/nios2-elf/5.3.0/../../../../../H-x86_64-mingw32/nios2-elf/lib\libc.a(lib_a-strchr.o)
                0x00000000050031fc                strchr
 .text          0x0000000005003360        0x0 c:/intelfpga_lite/18.1/nios2eds/bin/gnu/h-x86_64-mingw32/bin/../lib/gcc/nios2-elf/5.3.0/../../../../../H-x86_64-mingw32/nios2-elf/lib\libc.a(lib_a-strdup.o)
 .text.strdup   0x0000000005003360       0x14 c:/intelfpga_lite/18.1/nios2eds/bin/gnu/h-x86_64-mingw32/bin/../lib/gcc/nios2-elf/5.3.0/../../../../../H-x86_64-mingw32/nios2-elf/lib\libc.a(lib_a-strdup.o)
                0x0000000005003360                strdup
 .text          0x0000000005003374        0x0 c:/intelfpga_lite/18.1/nios2eds/bin/gnu/h-x86_64-mingw32/bin/../lib/gcc/nios2-elf/5.3.0/../../../../../H-x86_64-mingw32/nios2-elf/lib\libc.a(lib_a-strdup_r.o)
 .text._strdup_r
                0x0000000005003374       0x68 c:/intelfpga_lite/18.1/nios2eds/bin/gnu/h-x86_64-mingw32/bin/../lib/gcc/nios2-elf/5.3.0/../../../../../H-x86_64-mingw32/nios2-elf/lib\libc.a(lib_a-strdup_r.o)
                0x0000000005003374                _strdup_r
 .text          0x00000000050033dc        0x0 c:/intelfpga_lite/18.1/nios2eds/bin/gnu/h-x86_64-mingw32/bin/../lib/gcc/nios2-elf/5.3.0/../../../../../H-x86_64-mingw32/nios2-elf/lib\libc.a(lib_a-strerror.o)
 .text._strerror_r
                0x00000000050033dc      0x65c c:/intelfpga_lite/18.1/nios2eds/bin/gnu/h-x86_64-mingw32/bin/../lib/gcc/nios2-elf/5.3.0/../../../../../H-x86_64-mingw32/nios2-elf/lib\libc.a(lib_a-strerror.o)
                0x00000000050033dc                _strerror_r
 .text.strerror
                0x0000000005003a38       0x1c c:/intelfpga_lite/18.1/nios2eds/bin/gnu/h-x86_64-mingw32/bin/../lib/gcc/nios2-elf/5.3.0/../../../../../H-x86_64-mingw32/nios2-elf/lib\libc.a(lib_a-strerror.o)
                0x0000000005003a38                strerror
 .text          0x0000000005003a54        0x0 c:/intelfpga_lite/18.1/nios2eds/bin/gnu/h-x86_64-mingw32/bin/../lib/gcc/nios2-elf/5.3.0/../../../../../H-x86_64-mingw32/nios2-elf/lib\libc.a(lib_a-strlen.o)
 .text.strlen   0x0000000005003a54       0x98 c:/intelfpga_lite/18.1/nios2eds/bin/gnu/h-x86_64-mingw32/bin/../lib/gcc/nios2-elf/5.3.0/../../../../../H-x86_64-mingw32/nios2-elf/lib\libc.a(lib_a-strlen.o)
                0x0000000005003a54                strlen
 .text          0x0000000005003aec        0x0 c:/intelfpga_lite/18.1/nios2eds/bin/gnu/h-x86_64-mingw32/bin/../lib/gcc/nios2-elf/5.3.0/../../../../../H-x86_64-mingw32/nios2-elf/lib\libc.a(lib_a-strtok.o)
 .text.strtok   0x0000000005003aec       0x18 c:/intelfpga_lite/18.1/nios2eds/bin/gnu/h-x86_64-mingw32/bin/../lib/gcc/nios2-elf/5.3.0/../../../../../H-x86_64-mingw32/nios2-elf/lib\libc.a(lib_a-strtok.o)
                0x0000000005003aec                strtok
 .text          0x0000000005003b04        0x0 c:/intelfpga_lite/18.1/nios2eds/bin/gnu/h-x86_64-mingw32/bin/../lib/gcc/nios2-elf/5.3.0/../../../../../H-x86_64-mingw32/nios2-elf/lib\libc.a(lib_a-strtok_r.o)
 .text.__strtok_r
                0x0000000005003b04       0x9c c:/intelfpga_lite/18.1/nios2eds/bin/gnu/h-x86_64-mingw32/bin/../lib/gcc/nios2-elf/5.3.0/../../../../../H-x86_64-mingw32/nios2-elf/lib\libc.a(lib_a-strtok_r.o)
                0x0000000005003b04                __strtok_r
 .text.strtok_r
                0x0000000005003ba0        0x8 c:/intelfpga_lite/18.1/nios2eds/bin/gnu/h-x86_64-mingw32/bin/../lib/gcc/nios2-elf/5.3.0/../../../../../H-x86_64-mingw32/nios2-elf/lib\libc.a(lib_a-strtok_r.o)
                0x0000000005003ba0                strtok_r
 .text          0x0000000005003ba8        0x0 c:/intelfpga_lite/18.1/nios2eds/bin/gnu/h-x86_64-mingw32/bin/../lib/gcc/nios2-elf/5.3.0/../../../../../H-x86_64-mingw32/nios2-elf/lib\libc.a(lib_a-strtol.o)
 .text._strtol_r
                0x0000000005003ba8      0x238 c:/intelfpga_lite/18.1/nios2eds/bin/gnu/h-x86_64-mingw32/bin/../lib/gcc/nios2-elf/5.3.0/../../../../../H-x86_64-mingw32/nios2-elf/lib\libc.a(lib_a-strtol.o)
                0x0000000005003ba8                _strtol_r
 .text.strtol   0x0000000005003de0       0x1c c:/intelfpga_lite/18.1/nios2eds/bin/gnu/h-x86_64-mingw32/bin/../lib/gcc/nios2-elf/5.3.0/../../../../../H-x86_64-mingw32/nios2-elf/lib\libc.a(lib_a-strtol.o)
                0x0000000005003de0                strtol
 .text          0x0000000005003dfc        0x0 c:/intelfpga_lite/18.1/nios2eds/bin/gnu/h-x86_64-mingw32/bin/../lib/gcc/nios2-elf/5.3.0/../../../../../H-x86_64-mingw32/nios2-elf/lib\libc.a(lib_a-svfprintf.o)
 .text.___svfprintf_internal_r
                0x0000000005003dfc     0x21d8 c:/intelfpga_lite/18.1/nios2eds/bin/gnu/h-x86_64-mingw32/bin/../lib/gcc/nios2-elf/5.3.0/../../../../../H-x86_64-mingw32/nios2-elf/lib\libc.a(lib_a-svfprintf.o)
                0x0000000005003dfc                ___svfprintf_internal_r
 .text          0x0000000005005fd4        0x0 c:/intelfpga_lite/18.1/nios2eds/bin/gnu/h-x86_64-mingw32/bin/../lib/gcc/nios2-elf/5.3.0/../../../../../H-x86_64-mingw32/nios2-elf/lib\libc.a(lib_a-u_strerr.o)
 .text._user_strerror
                0x0000000005005fd4        0x8 c:/intelfpga_lite/18.1/nios2eds/bin/gnu/h-x86_64-mingw32/bin/../lib/gcc/nios2-elf/5.3.0/../../../../../H-x86_64-mingw32/nios2-elf/lib\libc.a(lib_a-u_strerr.o)
                0x0000000005005fd4                _user_strerror
 .text          0x0000000005005fdc        0x0 c:/intelfpga_lite/18.1/nios2eds/bin/gnu/h-x86_64-mingw32/bin/../lib/gcc/nios2-elf/5.3.0/../../../../../H-x86_64-mingw32/nios2-elf/lib\libc.a(lib_a-vfprintf.o)
 .text.___vfprintf_internal_r
                0x0000000005005fdc     0x21f8 c:/intelfpga_lite/18.1/nios2eds/bin/gnu/h-x86_64-mingw32/bin/../lib/gcc/nios2-elf/5.3.0/../../../../../H-x86_64-mingw32/nios2-elf/lib\libc.a(lib_a-vfprintf.o)
                0x0000000005005fdc                ___vfprintf_internal_r
 .text.__vfprintf_internal
                0x00000000050081d4       0x1c c:/intelfpga_lite/18.1/nios2eds/bin/gnu/h-x86_64-mingw32/bin/../lib/gcc/nios2-elf/5.3.0/../../../../../H-x86_64-mingw32/nios2-elf/lib\libc.a(lib_a-vfprintf.o)
                0x00000000050081d4                __vfprintf_internal
 .text.__sbprintf
                0x00000000050081f0       0xbc c:/intelfpga_lite/18.1/nios2eds/bin/gnu/h-x86_64-mingw32/bin/../lib/gcc/nios2-elf/5.3.0/../../../../../H-x86_64-mingw32/nios2-elf/lib\libc.a(lib_a-vfprintf.o)
 .text          0x00000000050082ac        0x0 c:/intelfpga_lite/18.1/nios2eds/bin/gnu/h-x86_64-mingw32/bin/../lib/gcc/nios2-elf/5.3.0/../../../../../H-x86_64-mingw32/nios2-elf/lib\libc.a(lib_a-wbuf.o)
 .text.__swbuf_r
                0x00000000050082ac      0x140 c:/intelfpga_lite/18.1/nios2eds/bin/gnu/h-x86_64-mingw32/bin/../lib/gcc/nios2-elf/5.3.0/../../../../../H-x86_64-mingw32/nios2-elf/lib\libc.a(lib_a-wbuf.o)
                0x00000000050082ac                __swbuf_r
 .text.__swbuf  0x00000000050083ec       0x18 c:/intelfpga_lite/18.1/nios2eds/bin/gnu/h-x86_64-mingw32/bin/../lib/gcc/nios2-elf/5.3.0/../../../../../H-x86_64-mingw32/nios2-elf/lib\libc.a(lib_a-wbuf.o)
                0x00000000050083ec                __swbuf
 .text          0x0000000005008404        0x0 c:/intelfpga_lite/18.1/nios2eds/bin/gnu/h-x86_64-mingw32/bin/../lib/gcc/nios2-elf/5.3.0/../../../../../H-x86_64-mingw32/nios2-elf/lib\libc.a(lib_a-wsetup.o)
 .text.__swsetup_r
                0x0000000005008404      0x154 c:/intelfpga_lite/18.1/nios2eds/bin/gnu/h-x86_64-mingw32/bin/../lib/gcc/nios2-elf/5.3.0/../../../../../H-x86_64-mingw32/nios2-elf/lib\libc.a(lib_a-wsetup.o)
                0x0000000005008404                __swsetup_r
 .text          0x0000000005008558        0x0 c:/intelfpga_lite/18.1/nios2eds/bin/gnu/h-x86_64-mingw32/bin/../lib/gcc/nios2-elf/5.3.0/../../../../../H-x86_64-mingw32/nios2-elf/lib\libc.a(lib_a-dtoa.o)
 .text.quorem   0x0000000005008558      0x200 c:/intelfpga_lite/18.1/nios2eds/bin/gnu/h-x86_64-mingw32/bin/../lib/gcc/nios2-elf/5.3.0/../../../../../H-x86_64-mingw32/nios2-elf/lib\libc.a(lib_a-dtoa.o)
 .text._dtoa_r  0x0000000005008758     0x1688 c:/intelfpga_lite/18.1/nios2eds/bin/gnu/h-x86_64-mingw32/bin/../lib/gcc/nios2-elf/5.3.0/../../../../../H-x86_64-mingw32/nios2-elf/lib\libc.a(lib_a-dtoa.o)
                0x0000000005008758                _dtoa_r
 .text          0x0000000005009de0        0x0 c:/intelfpga_lite/18.1/nios2eds/bin/gnu/h-x86_64-mingw32/bin/../lib/gcc/nios2-elf/5.3.0/../../../../../H-x86_64-mingw32/nios2-elf/lib\libc.a(lib_a-fflush.o)
 .text.__sflush_r
                0x0000000005009de0      0x21c c:/intelfpga_lite/18.1/nios2eds/bin/gnu/h-x86_64-mingw32/bin/../lib/gcc/nios2-elf/5.3.0/../../../../../H-x86_64-mingw32/nios2-elf/lib\libc.a(lib_a-fflush.o)
                0x0000000005009de0                __sflush_r
 .text._fflush_r
                0x0000000005009ffc       0x5c c:/intelfpga_lite/18.1/nios2eds/bin/gnu/h-x86_64-mingw32/bin/../lib/gcc/nios2-elf/5.3.0/../../../../../H-x86_64-mingw32/nios2-elf/lib\libc.a(lib_a-fflush.o)
                0x0000000005009ffc                _fflush_r
 .text.fflush   0x000000000500a058       0x30 c:/intelfpga_lite/18.1/nios2eds/bin/gnu/h-x86_64-mingw32/bin/../lib/gcc/nios2-elf/5.3.0/../../../../../H-x86_64-mingw32/nios2-elf/lib\libc.a(lib_a-fflush.o)
                0x000000000500a058                fflush
 .text          0x000000000500a088        0x0 c:/intelfpga_lite/18.1/nios2eds/bin/gnu/h-x86_64-mingw32/bin/../lib/gcc/nios2-elf/5.3.0/../../../../../H-x86_64-mingw32/nios2-elf/lib\libc.a(lib_a-findfp.o)
 .text.__fp_unlock
                0x000000000500a088        0x8 c:/intelfpga_lite/18.1/nios2eds/bin/gnu/h-x86_64-mingw32/bin/../lib/gcc/nios2-elf/5.3.0/../../../../../H-x86_64-mingw32/nios2-elf/lib\libc.a(lib_a-findfp.o)
 .text._cleanup_r
                0x000000000500a090        0xc c:/intelfpga_lite/18.1/nios2eds/bin/gnu/h-x86_64-mingw32/bin/../lib/gcc/nios2-elf/5.3.0/../../../../../H-x86_64-mingw32/nios2-elf/lib\libc.a(lib_a-findfp.o)
                0x000000000500a090                _cleanup_r
 .text.__sinit.part.1
                0x000000000500a09c      0x19c c:/intelfpga_lite/18.1/nios2eds/bin/gnu/h-x86_64-mingw32/bin/../lib/gcc/nios2-elf/5.3.0/../../../../../H-x86_64-mingw32/nios2-elf/lib\libc.a(lib_a-findfp.o)
 .text.__fp_lock
                0x000000000500a238        0x8 c:/intelfpga_lite/18.1/nios2eds/bin/gnu/h-x86_64-mingw32/bin/../lib/gcc/nios2-elf/5.3.0/../../../../../H-x86_64-mingw32/nios2-elf/lib\libc.a(lib_a-findfp.o)
 .text.__sfmoreglue
                0x000000000500a240       0x68 c:/intelfpga_lite/18.1/nios2eds/bin/gnu/h-x86_64-mingw32/bin/../lib/gcc/nios2-elf/5.3.0/../../../../../H-x86_64-mingw32/nios2-elf/lib\libc.a(lib_a-findfp.o)
                0x000000000500a240                __sfmoreglue
 .text.__sfp    0x000000000500a2a8      0x118 c:/intelfpga_lite/18.1/nios2eds/bin/gnu/h-x86_64-mingw32/bin/../lib/gcc/nios2-elf/5.3.0/../../../../../H-x86_64-mingw32/nios2-elf/lib\libc.a(lib_a-findfp.o)
                0x000000000500a2a8                __sfp
 .text._cleanup
                0x000000000500a3c0       0x18 c:/intelfpga_lite/18.1/nios2eds/bin/gnu/h-x86_64-mingw32/bin/../lib/gcc/nios2-elf/5.3.0/../../../../../H-x86_64-mingw32/nios2-elf/lib\libc.a(lib_a-findfp.o)
                0x000000000500a3c0                _cleanup
 .text.__sinit  0x000000000500a3d8       0x10 c:/intelfpga_lite/18.1/nios2eds/bin/gnu/h-x86_64-mingw32/bin/../lib/gcc/nios2-elf/5.3.0/../../../../../H-x86_64-mingw32/nios2-elf/lib\libc.a(lib_a-findfp.o)
                0x000000000500a3d8                __sinit
 .text.__sfp_lock_acquire
                0x000000000500a3e8        0x4 c:/intelfpga_lite/18.1/nios2eds/bin/gnu/h-x86_64-mingw32/bin/../lib/gcc/nios2-elf/5.3.0/../../../../../H-x86_64-mingw32/nios2-elf/lib\libc.a(lib_a-findfp.o)
                0x000000000500a3e8                __sfp_lock_acquire
 .text.__sfp_lock_release
                0x000000000500a3ec        0x4 c:/intelfpga_lite/18.1/nios2eds/bin/gnu/h-x86_64-mingw32/bin/../lib/gcc/nios2-elf/5.3.0/../../../../../H-x86_64-mingw32/nios2-elf/lib\libc.a(lib_a-findfp.o)
                0x000000000500a3ec                __sfp_lock_release
 .text.__sinit_lock_acquire
                0x000000000500a3f0        0x4 c:/intelfpga_lite/18.1/nios2eds/bin/gnu/h-x86_64-mingw32/bin/../lib/gcc/nios2-elf/5.3.0/../../../../../H-x86_64-mingw32/nios2-elf/lib\libc.a(lib_a-findfp.o)
                0x000000000500a3f0                __sinit_lock_acquire
 .text.__sinit_lock_release
                0x000000000500a3f4        0x4 c:/intelfpga_lite/18.1/nios2eds/bin/gnu/h-x86_64-mingw32/bin/../lib/gcc/nios2-elf/5.3.0/../../../../../H-x86_64-mingw32/nios2-elf/lib\libc.a(lib_a-findfp.o)
                0x000000000500a3f4                __sinit_lock_release
 .text.__fp_lock_all
                0x000000000500a3f8       0x18 c:/intelfpga_lite/18.1/nios2eds/bin/gnu/h-x86_64-mingw32/bin/../lib/gcc/nios2-elf/5.3.0/../../../../../H-x86_64-mingw32/nios2-elf/lib\libc.a(lib_a-findfp.o)
                0x000000000500a3f8                __fp_lock_all
 .text.__fp_unlock_all
                0x000000000500a410       0x18 c:/intelfpga_lite/18.1/nios2eds/bin/gnu/h-x86_64-mingw32/bin/../lib/gcc/nios2-elf/5.3.0/../../../../../H-x86_64-mingw32/nios2-elf/lib\libc.a(lib_a-findfp.o)
                0x000000000500a410                __fp_unlock_all
 .text          0x000000000500a428        0x0 c:/intelfpga_lite/18.1/nios2eds/bin/gnu/h-x86_64-mingw32/bin/../lib/gcc/nios2-elf/5.3.0/../../../../../H-x86_64-mingw32/nios2-elf/lib\libc.a(lib_a-fputc.o)
 .text._fputc_r
                0x000000000500a428       0x44 c:/intelfpga_lite/18.1/nios2eds/bin/gnu/h-x86_64-mingw32/bin/../lib/gcc/nios2-elf/5.3.0/../../../../../H-x86_64-mingw32/nios2-elf/lib\libc.a(lib_a-fputc.o)
                0x000000000500a428                _fputc_r
 .text.fputc    0x000000000500a46c       0x5c c:/intelfpga_lite/18.1/nios2eds/bin/gnu/h-x86_64-mingw32/bin/../lib/gcc/nios2-elf/5.3.0/../../../../../H-x86_64-mingw32/nios2-elf/lib\libc.a(lib_a-fputc.o)
                0x000000000500a46c                fputc
 .text          0x000000000500a4c8        0x0 c:/intelfpga_lite/18.1/nios2eds/bin/gnu/h-x86_64-mingw32/bin/../lib/gcc/nios2-elf/5.3.0/../../../../../H-x86_64-mingw32/nios2-elf/lib\libc.a(lib_a-fputs.o)
 .text._fputs_r
                0x000000000500a4c8       0x9c c:/intelfpga_lite/18.1/nios2eds/bin/gnu/h-x86_64-mingw32/bin/../lib/gcc/nios2-elf/5.3.0/../../../../../H-x86_64-mingw32/nios2-elf/lib\libc.a(lib_a-fputs.o)
                0x000000000500a4c8                _fputs_r
 .text.fputs    0x000000000500a564       0x18 c:/intelfpga_lite/18.1/nios2eds/bin/gnu/h-x86_64-mingw32/bin/../lib/gcc/nios2-elf/5.3.0/../../../../../H-x86_64-mingw32/nios2-elf/lib\libc.a(lib_a-fputs.o)
                0x000000000500a564                fputs
 .text          0x000000000500a57c        0x0 c:/intelfpga_lite/18.1/nios2eds/bin/gnu/h-x86_64-mingw32/bin/../lib/gcc/nios2-elf/5.3.0/../../../../../H-x86_64-mingw32/nios2-elf/lib\libc.a(lib_a-freer.o)
 .text._malloc_trim_r
                0x000000000500a57c      0x124 c:/intelfpga_lite/18.1/nios2eds/bin/gnu/h-x86_64-mingw32/bin/../lib/gcc/nios2-elf/5.3.0/../../../../../H-x86_64-mingw32/nios2-elf/lib\libc.a(lib_a-freer.o)
                0x000000000500a57c                _malloc_trim_r
 .text._free_r  0x000000000500a6a0      0x310 c:/intelfpga_lite/18.1/nios2eds/bin/gnu/h-x86_64-mingw32/bin/../lib/gcc/nios2-elf/5.3.0/../../../../../H-x86_64-mingw32/nios2-elf/lib\libc.a(lib_a-freer.o)
                0x000000000500a6a0                _free_r
 .text          0x000000000500a9b0        0x0 c:/intelfpga_lite/18.1/nios2eds/bin/gnu/h-x86_64-mingw32/bin/../lib/gcc/nios2-elf/5.3.0/../../../../../H-x86_64-mingw32/nios2-elf/lib\libc.a(lib_a-fvwrite.o)
 .text.__sfvwrite_r
                0x000000000500a9b0      0x4bc c:/intelfpga_lite/18.1/nios2eds/bin/gnu/h-x86_64-mingw32/bin/../lib/gcc/nios2-elf/5.3.0/../../../../../H-x86_64-mingw32/nios2-elf/lib\libc.a(lib_a-fvwrite.o)
                0x000000000500a9b0                __sfvwrite_r
 .text          0x000000000500ae6c        0x0 c:/intelfpga_lite/18.1/nios2eds/bin/gnu/h-x86_64-mingw32/bin/../lib/gcc/nios2-elf/5.3.0/../../../../../H-x86_64-mingw32/nios2-elf/lib\libc.a(lib_a-fwalk.o)
 .text._fwalk   0x000000000500ae6c       0xc4 c:/intelfpga_lite/18.1/nios2eds/bin/gnu/h-x86_64-mingw32/bin/../lib/gcc/nios2-elf/5.3.0/../../../../../H-x86_64-mingw32/nios2-elf/lib\libc.a(lib_a-fwalk.o)
                0x000000000500ae6c                _fwalk
 .text._fwalk_reent
                0x000000000500af30       0xc4 c:/intelfpga_lite/18.1/nios2eds/bin/gnu/h-x86_64-mingw32/bin/../lib/gcc/nios2-elf/5.3.0/../../../../../H-x86_64-mingw32/nios2-elf/lib\libc.a(lib_a-fwalk.o)
                0x000000000500af30                _fwalk_reent
 .text          0x000000000500aff4        0x0 c:/intelfpga_lite/18.1/nios2eds/bin/gnu/h-x86_64-mingw32/bin/../lib/gcc/nios2-elf/5.3.0/../../../../../H-x86_64-mingw32/nios2-elf/lib\libc.a(lib_a-locale.o)
 .text._setlocale_r
                0x000000000500aff4       0x7c c:/intelfpga_lite/18.1/nios2eds/bin/gnu/h-x86_64-mingw32/bin/../lib/gcc/nios2-elf/5.3.0/../../../../../H-x86_64-mingw32/nios2-elf/lib\libc.a(lib_a-locale.o)
                0x000000000500aff4                _setlocale_r
 .text.__locale_charset
                0x000000000500b070        0xc c:/intelfpga_lite/18.1/nios2eds/bin/gnu/h-x86_64-mingw32/bin/../lib/gcc/nios2-elf/5.3.0/../../../../../H-x86_64-mingw32/nios2-elf/lib\libc.a(lib_a-locale.o)
                0x000000000500b070                __locale_charset
 .text.__locale_mb_cur_max
                0x000000000500b07c       0x10 c:/intelfpga_lite/18.1/nios2eds/bin/gnu/h-x86_64-mingw32/bin/../lib/gcc/nios2-elf/5.3.0/../../../../../H-x86_64-mingw32/nios2-elf/lib\libc.a(lib_a-locale.o)
                0x000000000500b07c                __locale_mb_cur_max
 .text.__locale_msgcharset
                0x000000000500b08c        0xc c:/intelfpga_lite/18.1/nios2eds/bin/gnu/h-x86_64-mingw32/bin/../lib/gcc/nios2-elf/5.3.0/../../../../../H-x86_64-mingw32/nios2-elf/lib\libc.a(lib_a-locale.o)
                0x000000000500b08c                __locale_msgcharset
 .text.__locale_cjk_lang
                0x000000000500b098        0x8 c:/intelfpga_lite/18.1/nios2eds/bin/gnu/h-x86_64-mingw32/bin/../lib/gcc/nios2-elf/5.3.0/../../../../../H-x86_64-mingw32/nios2-elf/lib\libc.a(lib_a-locale.o)
                0x000000000500b098                __locale_cjk_lang
 .text._localeconv_r
                0x000000000500b0a0        0xc c:/intelfpga_lite/18.1/nios2eds/bin/gnu/h-x86_64-mingw32/bin/../lib/gcc/nios2-elf/5.3.0/../../../../../H-x86_64-mingw32/nios2-elf/lib\libc.a(lib_a-locale.o)
                0x000000000500b0a0                _localeconv_r
 .text.setlocale
                0x000000000500b0ac       0x18 c:/intelfpga_lite/18.1/nios2eds/bin/gnu/h-x86_64-mingw32/bin/../lib/gcc/nios2-elf/5.3.0/../../../../../H-x86_64-mingw32/nios2-elf/lib\libc.a(lib_a-locale.o)
                0x000000000500b0ac                setlocale
 .text.localeconv
                0x000000000500b0c4        0xc c:/intelfpga_lite/18.1/nios2eds/bin/gnu/h-x86_64-mingw32/bin/../lib/gcc/nios2-elf/5.3.0/../../../../../H-x86_64-mingw32/nios2-elf/lib\libc.a(lib_a-locale.o)
                0x000000000500b0c4                localeconv
 .text          0x000000000500b0d0        0x0 c:/intelfpga_lite/18.1/nios2eds/bin/gnu/h-x86_64-mingw32/bin/../lib/gcc/nios2-elf/5.3.0/../../../../../H-x86_64-mingw32/nios2-elf/lib\libc.a(lib_a-makebuf.o)
 .text.__smakebuf_r
                0x000000000500b0d0      0x1bc c:/intelfpga_lite/18.1/nios2eds/bin/gnu/h-x86_64-mingw32/bin/../lib/gcc/nios2-elf/5.3.0/../../../../../H-x86_64-mingw32/nios2-elf/lib\libc.a(lib_a-makebuf.o)
                0x000000000500b0d0                __smakebuf_r
 .text          0x000000000500b28c        0x0 c:/intelfpga_lite/18.1/nios2eds/bin/gnu/h-x86_64-mingw32/bin/../lib/gcc/nios2-elf/5.3.0/../../../../../H-x86_64-mingw32/nios2-elf/lib\libc.a(lib_a-mallocr.o)
 .text._malloc_r
                0x000000000500b28c      0x80c c:/intelfpga_lite/18.1/nios2eds/bin/gnu/h-x86_64-mingw32/bin/../lib/gcc/nios2-elf/5.3.0/../../../../../H-x86_64-mingw32/nios2-elf/lib\libc.a(lib_a-mallocr.o)
                0x000000000500b28c                _malloc_r
 .text          0x000000000500ba98        0x0 c:/intelfpga_lite/18.1/nios2eds/bin/gnu/h-x86_64-mingw32/bin/../lib/gcc/nios2-elf/5.3.0/../../../../../H-x86_64-mingw32/nios2-elf/lib\libc.a(lib_a-memchr.o)
 .text.memchr   0x000000000500ba98       0xe4 c:/intelfpga_lite/18.1/nios2eds/bin/gnu/h-x86_64-mingw32/bin/../lib/gcc/nios2-elf/5.3.0/../../../../../H-x86_64-mingw32/nios2-elf/lib\libc.a(lib_a-memchr.o)
                0x000000000500ba98                memchr
 .text          0x000000000500bb7c        0x0 c:/intelfpga_lite/18.1/nios2eds/bin/gnu/h-x86_64-mingw32/bin/../lib/gcc/nios2-elf/5.3.0/../../../../../H-x86_64-mingw32/nios2-elf/lib\libc.a(lib_a-mprec.o)
 .text._Balloc  0x000000000500bb7c       0xa8 c:/intelfpga_lite/18.1/nios2eds/bin/gnu/h-x86_64-mingw32/bin/../lib/gcc/nios2-elf/5.3.0/../../../../../H-x86_64-mingw32/nios2-elf/lib\libc.a(lib_a-mprec.o)
                0x000000000500bb7c                _Balloc
 .text._Bfree   0x000000000500bc24       0x28 c:/intelfpga_lite/18.1/nios2eds/bin/gnu/h-x86_64-mingw32/bin/../lib/gcc/nios2-elf/5.3.0/../../../../../H-x86_64-mingw32/nios2-elf/lib\libc.a(lib_a-mprec.o)
                0x000000000500bc24                _Bfree
 .text.__multadd
                0x000000000500bc4c      0x120 c:/intelfpga_lite/18.1/nios2eds/bin/gnu/h-x86_64-mingw32/bin/../lib/gcc/nios2-elf/5.3.0/../../../../../H-x86_64-mingw32/nios2-elf/lib\libc.a(lib_a-mprec.o)
                0x000000000500bc4c                __multadd
 .text.__s2b    0x000000000500bd6c      0x104 c:/intelfpga_lite/18.1/nios2eds/bin/gnu/h-x86_64-mingw32/bin/../lib/gcc/nios2-elf/5.3.0/../../../../../H-x86_64-mingw32/nios2-elf/lib\libc.a(lib_a-mprec.o)
                0x000000000500bd6c                __s2b
 .text.__hi0bits
                0x000000000500be70       0x68 c:/intelfpga_lite/18.1/nios2eds/bin/gnu/h-x86_64-mingw32/bin/../lib/gcc/nios2-elf/5.3.0/../../../../../H-x86_64-mingw32/nios2-elf/lib\libc.a(lib_a-mprec.o)
                0x000000000500be70                __hi0bits
 .text.__lo0bits
                0x000000000500bed8       0xb0 c:/intelfpga_lite/18.1/nios2eds/bin/gnu/h-x86_64-mingw32/bin/../lib/gcc/nios2-elf/5.3.0/../../../../../H-x86_64-mingw32/nios2-elf/lib\libc.a(lib_a-mprec.o)
                0x000000000500bed8                __lo0bits
 .text.__i2b    0x000000000500bf88       0x3c c:/intelfpga_lite/18.1/nios2eds/bin/gnu/h-x86_64-mingw32/bin/../lib/gcc/nios2-elf/5.3.0/../../../../../H-x86_64-mingw32/nios2-elf/lib\libc.a(lib_a-mprec.o)
                0x000000000500bf88                __i2b
 .text.__multiply
                0x000000000500bfc4      0x1f8 c:/intelfpga_lite/18.1/nios2eds/bin/gnu/h-x86_64-mingw32/bin/../lib/gcc/nios2-elf/5.3.0/../../../../../H-x86_64-mingw32/nios2-elf/lib\libc.a(lib_a-mprec.o)
                0x000000000500bfc4                __multiply
 .text.__pow5mult
                0x000000000500c1bc      0x140 c:/intelfpga_lite/18.1/nios2eds/bin/gnu/h-x86_64-mingw32/bin/../lib/gcc/nios2-elf/5.3.0/../../../../../H-x86_64-mingw32/nios2-elf/lib\libc.a(lib_a-mprec.o)
                0x000000000500c1bc                __pow5mult
 .text.__lshift
                0x000000000500c2fc      0x148 c:/intelfpga_lite/18.1/nios2eds/bin/gnu/h-x86_64-mingw32/bin/../lib/gcc/nios2-elf/5.3.0/../../../../../H-x86_64-mingw32/nios2-elf/lib\libc.a(lib_a-mprec.o)
                0x000000000500c2fc                __lshift
 .text.__mcmp   0x000000000500c444       0x60 c:/intelfpga_lite/18.1/nios2eds/bin/gnu/h-x86_64-mingw32/bin/../lib/gcc/nios2-elf/5.3.0/../../../../../H-x86_64-mingw32/nios2-elf/lib\libc.a(lib_a-mprec.o)
                0x000000000500c444                __mcmp
 .text.__mdiff  0x000000000500c4a4      0x1fc c:/intelfpga_lite/18.1/nios2eds/bin/gnu/h-x86_64-mingw32/bin/../lib/gcc/nios2-elf/5.3.0/../../../../../H-x86_64-mingw32/nios2-elf/lib\libc.a(lib_a-mprec.o)
                0x000000000500c4a4                __mdiff
 .text.__ulp    0x000000000500c6a0       0x64 c:/intelfpga_lite/18.1/nios2eds/bin/gnu/h-x86_64-mingw32/bin/../lib/gcc/nios2-elf/5.3.0/../../../../../H-x86_64-mingw32/nios2-elf/lib\libc.a(lib_a-mprec.o)
                0x000000000500c6a0                __ulp
 .text.__b2d    0x000000000500c704      0x10c c:/intelfpga_lite/18.1/nios2eds/bin/gnu/h-x86_64-mingw32/bin/../lib/gcc/nios2-elf/5.3.0/../../../../../H-x86_64-mingw32/nios2-elf/lib\libc.a(lib_a-mprec.o)
                0x000000000500c704                __b2d
 .text.__d2b    0x000000000500c810      0x14c c:/intelfpga_lite/18.1/nios2eds/bin/gnu/h-x86_64-mingw32/bin/../lib/gcc/nios2-elf/5.3.0/../../../../../H-x86_64-mingw32/nios2-elf/lib\libc.a(lib_a-mprec.o)
                0x000000000500c810                __d2b
 .text.__ratio  0x000000000500c95c       0xa4 c:/intelfpga_lite/18.1/nios2eds/bin/gnu/h-x86_64-mingw32/bin/../lib/gcc/nios2-elf/5.3.0/../../../../../H-x86_64-mingw32/nios2-elf/lib\libc.a(lib_a-mprec.o)
                0x000000000500c95c                __ratio
 .text._mprec_log10
                0x000000000500ca00       0x74 c:/intelfpga_lite/18.1/nios2eds/bin/gnu/h-x86_64-mingw32/bin/../lib/gcc/nios2-elf/5.3.0/../../../../../H-x86_64-mingw32/nios2-elf/lib\libc.a(lib_a-mprec.o)
                0x000000000500ca00                _mprec_log10
 .text.__copybits
                0x000000000500ca74       0x78 c:/intelfpga_lite/18.1/nios2eds/bin/gnu/h-x86_64-mingw32/bin/../lib/gcc/nios2-elf/5.3.0/../../../../../H-x86_64-mingw32/nios2-elf/lib\libc.a(lib_a-mprec.o)
                0x000000000500ca74                __copybits
 .text.__any_on
                0x000000000500caec       0x8c c:/intelfpga_lite/18.1/nios2eds/bin/gnu/h-x86_64-mingw32/bin/../lib/gcc/nios2-elf/5.3.0/../../../../../H-x86_64-mingw32/nios2-elf/lib\libc.a(lib_a-mprec.o)
                0x000000000500caec                __any_on
 .text          0x000000000500cb78        0x0 c:/intelfpga_lite/18.1/nios2eds/bin/gnu/h-x86_64-mingw32/bin/../lib/gcc/nios2-elf/5.3.0/../../../../../H-x86_64-mingw32/nios2-elf/lib\libc.a(lib_a-reallocr.o)
 .text._realloc_r
                0x000000000500cb78      0x564 c:/intelfpga_lite/18.1/nios2eds/bin/gnu/h-x86_64-mingw32/bin/../lib/gcc/nios2-elf/5.3.0/../../../../../H-x86_64-mingw32/nios2-elf/lib\libc.a(lib_a-reallocr.o)
                0x000000000500cb78                _realloc_r
 .text          0x000000000500d0dc        0x0 c:/intelfpga_lite/18.1/nios2eds/bin/gnu/h-x86_64-mingw32/bin/../lib/gcc/nios2-elf/5.3.0/../../../../../H-x86_64-mingw32/nios2-elf/lib\libc.a(lib_a-refill.o)
 .text.lflush   0x000000000500d0dc       0x1c c:/intelfpga_lite/18.1/nios2eds/bin/gnu/h-x86_64-mingw32/bin/../lib/gcc/nios2-elf/5.3.0/../../../../../H-x86_64-mingw32/nios2-elf/lib\libc.a(lib_a-refill.o)
 .text.__srefill_r
                0x000000000500d0f8      0x1d4 c:/intelfpga_lite/18.1/nios2eds/bin/gnu/h-x86_64-mingw32/bin/../lib/gcc/nios2-elf/5.3.0/../../../../../H-x86_64-mingw32/nios2-elf/lib\libc.a(lib_a-refill.o)
                0x000000000500d0f8                __srefill_r
 .text          0x000000000500d2cc        0x0 c:/intelfpga_lite/18.1/nios2eds/bin/gnu/h-x86_64-mingw32/bin/../lib/gcc/nios2-elf/5.3.0/../../../../../H-x86_64-mingw32/nios2-elf/lib\libc.a(lib_a-s_fpclassify.o)
 .text.__fpclassifyd
                0x000000000500d2cc       0x74 c:/intelfpga_lite/18.1/nios2eds/bin/gnu/h-x86_64-mingw32/bin/../lib/gcc/nios2-elf/5.3.0/../../../../../H-x86_64-mingw32/nios2-elf/lib\libc.a(lib_a-s_fpclassify.o)
                0x000000000500d2cc                __fpclassifyd
 .text          0x000000000500d340        0x0 c:/intelfpga_lite/18.1/nios2eds/bin/gnu/h-x86_64-mingw32/bin/../lib/gcc/nios2-elf/5.3.0/../../../../../H-x86_64-mingw32/nios2-elf/lib\libc.a(lib_a-sbrkr.o)
 .text._sbrk_r  0x000000000500d340       0x54 c:/intelfpga_lite/18.1/nios2eds/bin/gnu/h-x86_64-mingw32/bin/../lib/gcc/nios2-elf/5.3.0/../../../../../H-x86_64-mingw32/nios2-elf/lib\libc.a(lib_a-sbrkr.o)
                0x000000000500d340                _sbrk_r
 .text          0x000000000500d394        0x0 c:/intelfpga_lite/18.1/nios2eds/bin/gnu/h-x86_64-mingw32/bin/../lib/gcc/nios2-elf/5.3.0/../../../../../H-x86_64-mingw32/nios2-elf/lib\libc.a(lib_a-stdio.o)
 .text.__sread  0x000000000500d394       0x54 c:/intelfpga_lite/18.1/nios2eds/bin/gnu/h-x86_64-mingw32/bin/../lib/gcc/nios2-elf/5.3.0/../../../../../H-x86_64-mingw32/nios2-elf/lib\libc.a(lib_a-stdio.o)
                0x000000000500d394                __sread
 .text.__seofread
                0x000000000500d3e8        0x8 c:/intelfpga_lite/18.1/nios2eds/bin/gnu/h-x86_64-mingw32/bin/../lib/gcc/nios2-elf/5.3.0/../../../../../H-x86_64-mingw32/nios2-elf/lib\libc.a(lib_a-stdio.o)
                0x000000000500d3e8                __seofread
 .text.__swrite
                0x000000000500d3f0       0x7c c:/intelfpga_lite/18.1/nios2eds/bin/gnu/h-x86_64-mingw32/bin/../lib/gcc/nios2-elf/5.3.0/../../../../../H-x86_64-mingw32/nios2-elf/lib\libc.a(lib_a-stdio.o)
                0x000000000500d3f0                __swrite
 .text.__sseek  0x000000000500d46c       0x5c c:/intelfpga_lite/18.1/nios2eds/bin/gnu/h-x86_64-mingw32/bin/../lib/gcc/nios2-elf/5.3.0/../../../../../H-x86_64-mingw32/nios2-elf/lib\libc.a(lib_a-stdio.o)
                0x000000000500d46c                __sseek
 .text.__sclose
                0x000000000500d4c8        0x8 c:/intelfpga_lite/18.1/nios2eds/bin/gnu/h-x86_64-mingw32/bin/../lib/gcc/nios2-elf/5.3.0/../../../../../H-x86_64-mingw32/nios2-elf/lib\libc.a(lib_a-stdio.o)
                0x000000000500d4c8                __sclose
 .text          0x000000000500d4d0        0x0 c:/intelfpga_lite/18.1/nios2eds/bin/gnu/h-x86_64-mingw32/bin/../lib/gcc/nios2-elf/5.3.0/../../../../../H-x86_64-mingw32/nios2-elf/lib\libc.a(lib_a-strcmp.o)
 .text.strcmp   0x000000000500d4d0       0xdc c:/intelfpga_lite/18.1/nios2eds/bin/gnu/h-x86_64-mingw32/bin/../lib/gcc/nios2-elf/5.3.0/../../../../../H-x86_64-mingw32/nios2-elf/lib\libc.a(lib_a-strcmp.o)
                0x000000000500d4d0                strcmp
 .text          0x000000000500d5ac        0x0 c:/intelfpga_lite/18.1/nios2eds/bin/gnu/h-x86_64-mingw32/bin/../lib/gcc/nios2-elf/5.3.0/../../../../../H-x86_64-mingw32/nios2-elf/lib\libc.a(lib_a-svfiprintf.o)
 .text.__ssprint_r
                0x000000000500d5ac      0x1d0 c:/intelfpga_lite/18.1/nios2eds/bin/gnu/h-x86_64-mingw32/bin/../lib/gcc/nios2-elf/5.3.0/../../../../../H-x86_64-mingw32/nios2-elf/lib\libc.a(lib_a-svfiprintf.o)
                0x000000000500d5ac                __ssprint_r
 .text.___svfiprintf_internal_r
                0x000000000500d77c     0x123c c:/intelfpga_lite/18.1/nios2eds/bin/gnu/h-x86_64-mingw32/bin/../lib/gcc/nios2-elf/5.3.0/../../../../../H-x86_64-mingw32/nios2-elf/lib\libc.a(lib_a-svfiprintf.o)
                0x000000000500d77c                ___svfiprintf_internal_r
 .text          0x000000000500e9b8        0x0 c:/intelfpga_lite/18.1/nios2eds/bin/gnu/h-x86_64-mingw32/bin/../lib/gcc/nios2-elf/5.3.0/../../../../../H-x86_64-mingw32/nios2-elf/lib\libc.a(lib_a-vfiprintf.o)
 .text.__sprint_r.part.0
                0x000000000500e9b8       0xfc c:/intelfpga_lite/18.1/nios2eds/bin/gnu/h-x86_64-mingw32/bin/../lib/gcc/nios2-elf/5.3.0/../../../../../H-x86_64-mingw32/nios2-elf/lib\libc.a(lib_a-vfiprintf.o)
 .text.__sprint_r
                0x000000000500eab4       0x18 c:/intelfpga_lite/18.1/nios2eds/bin/gnu/h-x86_64-mingw32/bin/../lib/gcc/nios2-elf/5.3.0/../../../../../H-x86_64-mingw32/nios2-elf/lib\libc.a(lib_a-vfiprintf.o)
                0x000000000500eab4                __sprint_r
 .text.___vfiprintf_internal_r
                0x000000000500eacc     0x145c c:/intelfpga_lite/18.1/nios2eds/bin/gnu/h-x86_64-mingw32/bin/../lib/gcc/nios2-elf/5.3.0/../../../../../H-x86_64-mingw32/nios2-elf/lib\libc.a(lib_a-vfiprintf.o)
                0x000000000500eacc                ___vfiprintf_internal_r
 .text.__vfiprintf_internal
                0x000000000500ff28       0x1c c:/intelfpga_lite/18.1/nios2eds/bin/gnu/h-x86_64-mingw32/bin/../lib/gcc/nios2-elf/5.3.0/../../../../../H-x86_64-mingw32/nios2-elf/lib\libc.a(lib_a-vfiprintf.o)
                0x000000000500ff28                __vfiprintf_internal
 .text.__sbprintf
                0x000000000500ff44       0xbc c:/intelfpga_lite/18.1/nios2eds/bin/gnu/h-x86_64-mingw32/bin/../lib/gcc/nios2-elf/5.3.0/../../../../../H-x86_64-mingw32/nios2-elf/lib\libc.a(lib_a-vfiprintf.o)
 .text          0x0000000005010000        0x0 c:/intelfpga_lite/18.1/nios2eds/bin/gnu/h-x86_64-mingw32/bin/../lib/gcc/nios2-elf/5.3.0/../../../../../H-x86_64-mingw32/nios2-elf/lib\libc.a(lib_a-writer.o)
 .text._write_r
                0x0000000005010000       0x60 c:/intelfpga_lite/18.1/nios2eds/bin/gnu/h-x86_64-mingw32/bin/../lib/gcc/nios2-elf/5.3.0/../../../../../H-x86_64-mingw32/nios2-elf/lib\libc.a(lib_a-writer.o)
                0x0000000005010000                _write_r
 .text          0x0000000005010060        0x0 c:/intelfpga_lite/18.1/nios2eds/bin/gnu/h-x86_64-mingw32/bin/../lib/gcc/nios2-elf/5.3.0/../../../../../H-x86_64-mingw32/nios2-elf/lib\libc.a(closer.o)
 .text._close_r
                0x0000000005010060       0x54 c:/intelfpga_lite/18.1/nios2eds/bin/gnu/h-x86_64-mingw32/bin/../lib/gcc/nios2-elf/5.3.0/../../../../../H-x86_64-mingw32/nios2-elf/lib\libc.a(closer.o)
                0x0000000005010060                _close_r
 .text          0x00000000050100b4        0x0 c:/intelfpga_lite/18.1/nios2eds/bin/gnu/h-x86_64-mingw32/bin/../lib/gcc/nios2-elf/5.3.0/../../../../../H-x86_64-mingw32/nios2-elf/lib\libc.a(lib_a-callocr.o)
 .text._calloc_r
                0x00000000050100b4       0xc4 c:/intelfpga_lite/18.1/nios2eds/bin/gnu/h-x86_64-mingw32/bin/../lib/gcc/nios2-elf/5.3.0/../../../../../H-x86_64-mingw32/nios2-elf/lib\libc.a(lib_a-callocr.o)
                0x00000000050100b4                _calloc_r
 .text          0x0000000005010178        0x0 c:/intelfpga_lite/18.1/nios2eds/bin/gnu/h-x86_64-mingw32/bin/../lib/gcc/nios2-elf/5.3.0/../../../../../H-x86_64-mingw32/nios2-elf/lib\libc.a(lib_a-fclose.o)
 .text._fclose_r
                0x0000000005010178       0xf0 c:/intelfpga_lite/18.1/nios2eds/bin/gnu/h-x86_64-mingw32/bin/../lib/gcc/nios2-elf/5.3.0/../../../../../H-x86_64-mingw32/nios2-elf/lib\libc.a(lib_a-fclose.o)
                0x0000000005010178                _fclose_r
 .text.fclose   0x0000000005010268       0x14 c:/intelfpga_lite/18.1/nios2eds/bin/gnu/h-x86_64-mingw32/bin/../lib/gcc/nios2-elf/5.3.0/../../../../../H-x86_64-mingw32/nios2-elf/lib\libc.a(lib_a-fclose.o)
                0x0000000005010268                fclose
 .text          0x000000000501027c        0x0 c:/intelfpga_lite/18.1/nios2eds/bin/gnu/h-x86_64-mingw32/bin/../lib/gcc/nios2-elf/5.3.0/../../../../../H-x86_64-mingw32/nios2-elf/lib\libc.a(lib_a-fputwc.o)
 .text.__fputwc
                0x000000000501027c      0x164 c:/intelfpga_lite/18.1/nios2eds/bin/gnu/h-x86_64-mingw32/bin/../lib/gcc/nios2-elf/5.3.0/../../../../../H-x86_64-mingw32/nios2-elf/lib\libc.a(lib_a-fputwc.o)
                0x000000000501027c                __fputwc
 .text._fputwc_r
                0x00000000050103e0       0x24 c:/intelfpga_lite/18.1/nios2eds/bin/gnu/h-x86_64-mingw32/bin/../lib/gcc/nios2-elf/5.3.0/../../../../../H-x86_64-mingw32/nios2-elf/lib\libc.a(lib_a-fputwc.o)
                0x00000000050103e0                _fputwc_r
 .text.fputwc   0x0000000005010404       0x80 c:/intelfpga_lite/18.1/nios2eds/bin/gnu/h-x86_64-mingw32/bin/../lib/gcc/nios2-elf/5.3.0/../../../../../H-x86_64-mingw32/nios2-elf/lib\libc.a(lib_a-fputwc.o)
                0x0000000005010404                fputwc
 .text          0x0000000005010484        0x0 c:/intelfpga_lite/18.1/nios2eds/bin/gnu/h-x86_64-mingw32/bin/../lib/gcc/nios2-elf/5.3.0/../../../../../H-x86_64-mingw32/nios2-elf/lib\libc.a(lib_a-fstatr.o)
 .text._fstat_r
                0x0000000005010484       0x5c c:/intelfpga_lite/18.1/nios2eds/bin/gnu/h-x86_64-mingw32/bin/../lib/gcc/nios2-elf/5.3.0/../../../../../H-x86_64-mingw32/nios2-elf/lib\libc.a(lib_a-fstatr.o)
                0x0000000005010484                _fstat_r
 .text          0x00000000050104e0        0x0 c:/intelfpga_lite/18.1/nios2eds/bin/gnu/h-x86_64-mingw32/bin/../lib/gcc/nios2-elf/5.3.0/../../../../../H-x86_64-mingw32/nios2-elf/lib\libc.a(lib_a-int_errno.o)
 .text          0x00000000050104e0        0x0 c:/intelfpga_lite/18.1/nios2eds/bin/gnu/h-x86_64-mingw32/bin/../lib/gcc/nios2-elf/5.3.0/../../../../../H-x86_64-mingw32/nios2-elf/lib\libc.a(lib_a-isattyr.o)
 .text._isatty_r
                0x00000000050104e0       0x54 c:/intelfpga_lite/18.1/nios2eds/bin/gnu/h-x86_64-mingw32/bin/../lib/gcc/nios2-elf/5.3.0/../../../../../H-x86_64-mingw32/nios2-elf/lib\libc.a(lib_a-isattyr.o)
                0x00000000050104e0                _isatty_r
 .text          0x0000000005010534        0x0 c:/intelfpga_lite/18.1/nios2eds/bin/gnu/h-x86_64-mingw32/bin/../lib/gcc/nios2-elf/5.3.0/../../../../../H-x86_64-mingw32/nios2-elf/lib\libc.a(lib_a-lseekr.o)
 .text._lseek_r
                0x0000000005010534       0x60 c:/intelfpga_lite/18.1/nios2eds/bin/gnu/h-x86_64-mingw32/bin/../lib/gcc/nios2-elf/5.3.0/../../../../../H-x86_64-mingw32/nios2-elf/lib\libc.a(lib_a-lseekr.o)
                0x0000000005010534                _lseek_r
 .text          0x0000000005010594        0x0 c:/intelfpga_lite/18.1/nios2eds/bin/gnu/h-x86_64-mingw32/bin/../lib/gcc/nios2-elf/5.3.0/../../../../../H-x86_64-mingw32/nios2-elf/lib\libc.a(lib_a-readr.o)
 .text._read_r  0x0000000005010594       0x60 c:/intelfpga_lite/18.1/nios2eds/bin/gnu/h-x86_64-mingw32/bin/../lib/gcc/nios2-elf/5.3.0/../../../../../H-x86_64-mingw32/nios2-elf/lib\libc.a(lib_a-readr.o)
                0x0000000005010594                _read_r
 .text          0x00000000050105f4        0x0 c:/intelfpga_lite/18.1/nios2eds/bin/gnu/h-x86_64-mingw32/bin/../lib/gcc/nios2-elf/5.3.0/../../../../../H-x86_64-mingw32/nios2-elf/lib\libc.a(lib_a-wcrtomb.o)
 .text._wcrtomb_r
                0x00000000050105f4       0x9c c:/intelfpga_lite/18.1/nios2eds/bin/gnu/h-x86_64-mingw32/bin/../lib/gcc/nios2-elf/5.3.0/../../../../../H-x86_64-mingw32/nios2-elf/lib\libc.a(lib_a-wcrtomb.o)
                0x00000000050105f4                _wcrtomb_r
 .text.wcrtomb  0x0000000005010690       0xc0 c:/intelfpga_lite/18.1/nios2eds/bin/gnu/h-x86_64-mingw32/bin/../lib/gcc/nios2-elf/5.3.0/../../../../../H-x86_64-mingw32/nios2-elf/lib\libc.a(lib_a-wcrtomb.o)
                0x0000000005010690                wcrtomb
 .text          0x0000000005010750        0x0 c:/intelfpga_lite/18.1/nios2eds/bin/gnu/h-x86_64-mingw32/bin/../lib/gcc/nios2-elf/5.3.0/../../../../../H-x86_64-mingw32/nios2-elf/lib\libc.a(lib_a-wctomb_r.o)
 .text.__ascii_wctomb
                0x0000000005010750       0x30 c:/intelfpga_lite/18.1/nios2eds/bin/gnu/h-x86_64-mingw32/bin/../lib/gcc/nios2-elf/5.3.0/../../../../../H-x86_64-mingw32/nios2-elf/lib\libc.a(lib_a-wctomb_r.o)
                0x0000000005010750                __ascii_wctomb
 .text._wctomb_r
                0x0000000005010780       0x5c c:/intelfpga_lite/18.1/nios2eds/bin/gnu/h-x86_64-mingw32/bin/../lib/gcc/nios2-elf/5.3.0/../../../../../H-x86_64-mingw32/nios2-elf/lib\libc.a(lib_a-wctomb_r.o)
                0x0000000005010780                _wctomb_r
 .text          0x00000000050107dc      0x578 c:/intelfpga_lite/18.1/nios2eds/bin/gnu/h-x86_64-mingw32/bin/../lib/gcc/nios2-elf/5.3.0\libgcc.a(_udivdi3.o)
                0x00000000050107dc                __udivdi3
 .text          0x0000000005010d54      0x538 c:/intelfpga_lite/18.1/nios2eds/bin/gnu/h-x86_64-mingw32/bin/../lib/gcc/nios2-elf/5.3.0\libgcc.a(_umoddi3.o)
                0x0000000005010d54                __umoddi3
 .text          0x000000000501128c      0x1b4 c:/intelfpga_lite/18.1/nios2eds/bin/gnu/h-x86_64-mingw32/bin/../lib/gcc/nios2-elf/5.3.0\libgcc.a(lib2-divmod.o)
                0x000000000501128c                __divsi3
                0x0000000005011310                __modsi3
                0x0000000005011384                __udivsi3
                0x00000000050113e8                __umodsi3
 .text          0x0000000005011440      0x8ac c:/intelfpga_lite/18.1/nios2eds/bin/gnu/h-x86_64-mingw32/bin/../lib/gcc/nios2-elf/5.3.0\libgcc.a(adddf3.o)
                0x0000000005011440                __adddf3
 .text          0x0000000005011cec      0x8e8 c:/intelfpga_lite/18.1/nios2eds/bin/gnu/h-x86_64-mingw32/bin/../lib/gcc/nios2-elf/5.3.0\libgcc.a(divdf3.o)
                0x0000000005011cec                __divdf3
 .text          0x00000000050125d4       0x88 c:/intelfpga_lite/18.1/nios2eds/bin/gnu/h-x86_64-mingw32/bin/../lib/gcc/nios2-elf/5.3.0\libgcc.a(eqdf2.o)
                0x00000000050125d4                __nedf2
                0x00000000050125d4                __eqdf2
 .text          0x000000000501265c       0xdc c:/intelfpga_lite/18.1/nios2eds/bin/gnu/h-x86_64-mingw32/bin/../lib/gcc/nios2-elf/5.3.0\libgcc.a(gedf2.o)
                0x000000000501265c                __gedf2
                0x000000000501265c                __gtdf2
 .text          0x0000000005012738       0xf4 c:/intelfpga_lite/18.1/nios2eds/bin/gnu/h-x86_64-mingw32/bin/../lib/gcc/nios2-elf/5.3.0\libgcc.a(ledf2.o)
                0x0000000005012738                __ledf2
                0x0000000005012738                __ltdf2
 .text          0x000000000501282c      0x718 c:/intelfpga_lite/18.1/nios2eds/bin/gnu/h-x86_64-mingw32/bin/../lib/gcc/nios2-elf/5.3.0\libgcc.a(muldf3.o)
                0x000000000501282c                __muldf3
 .text          0x0000000005012f44      0x8fc c:/intelfpga_lite/18.1/nios2eds/bin/gnu/h-x86_64-mingw32/bin/../lib/gcc/nios2-elf/5.3.0\libgcc.a(subdf3.o)
                0x0000000005012f44                __subdf3
 .text          0x0000000005013840       0x80 c:/intelfpga_lite/18.1/nios2eds/bin/gnu/h-x86_64-mingw32/bin/../lib/gcc/nios2-elf/5.3.0\libgcc.a(fixdfsi.o)
                0x0000000005013840                __fixdfsi
 .text          0x00000000050138c0       0xdc c:/intelfpga_lite/18.1/nios2eds/bin/gnu/h-x86_64-mingw32/bin/../lib/gcc/nios2-elf/5.3.0\libgcc.a(floatsidf.o)
                0x00000000050138c0                __floatsidf
 .text          0x000000000501399c       0xa8 c:/intelfpga_lite/18.1/nios2eds/bin/gnu/h-x86_64-mingw32/bin/../lib/gcc/nios2-elf/5.3.0\libgcc.a(floatunsidf.o)
                0x000000000501399c                __floatunsidf
 .text          0x0000000005013a44        0x0 c:/intelfpga_lite/18.1/nios2eds/bin/gnu/h-x86_64-mingw32/bin/../lib/gcc/nios2-elf/5.3.0\libgcc.a(_clz.o)
 .text          0x0000000005013a44       0x64 c:/intelfpga_lite/18.1/nios2eds/bin/gnu/h-x86_64-mingw32/bin/../lib/gcc/nios2-elf/5.3.0\libgcc.a(_clzsi2.o)
                0x0000000005013a44                __clzsi2
 .text          0x0000000005013aa8       0xec ../FPGAEncrypt_bsp/\libucosii_bsp.a(alt_fstat.o)
                0x0000000005013ae4                fstat
 .text          0x0000000005013b94       0xe0 ../FPGAEncrypt_bsp/\libucosii_bsp.a(alt_isatty.o)
                0x0000000005013bd0                isatty
 .text          0x0000000005013c74      0x110 ../FPGAEncrypt_bsp/\libucosii_bsp.a(alt_lseek.o)
                0x0000000005013cb0                lseek
 .text          0x0000000005013d84       0xbc ../FPGAEncrypt_bsp/\libucosii_bsp.a(alt_main.o)
                0x0000000005013d84                alt_main
 .text          0x0000000005013e40       0xb0 ../FPGAEncrypt_bsp/\libucosii_bsp.a(alt_sbrk.o)
                0x0000000005013e40                sbrk
 .text          0x0000000005013ef0      0x124 ../FPGAEncrypt_bsp/\libucosii_bsp.a(alt_env_lock.o)
                0x0000000005013ef0                __env_lock
                0x0000000005013fb4                __env_unlock
 .text          0x0000000005014014      0x1ec ../FPGAEncrypt_bsp/\libucosii_bsp.a(alt_malloc_lock.o)
                0x0000000005014014                __malloc_lock
                0x0000000005014134                __malloc_unlock
 .text          0x0000000005014200     0x2014 ../FPGAEncrypt_bsp/\libucosii_bsp.a(os_core.o)
                0x0000000005014200                OSEventNameGet
                0x0000000005014320                OSEventNameSet
                0x0000000005014460                OSEventPendMulti
                0x0000000005014a70                OSInit
                0x0000000005014ac8                OSIntEnter
                0x0000000005014b14                OSIntExit
                0x0000000005014c0c                OSSchedLock
                0x0000000005014c98                OSSchedUnlock
                0x0000000005014d74                OSStart
                0x0000000005014de4                OSStatInit
                0x0000000005014e94                OSTimeTick
                0x00000000050150b4                OSVersion
                0x00000000050150d4                OS_Dummy
                0x00000000050150f4                OS_EventTaskRdy
                0x000000000501528c                OS_EventTaskWait
                0x000000000501539c                OS_EventTaskWaitMulti
                0x00000000050154ec                OS_EventTaskRemove
                0x00000000050155a4                OS_EventTaskRemoveMulti
                0x00000000050156a4                OS_EventWaitListInit
                0x0000000005015a84                OS_MemClr
                0x0000000005015ad8                OS_MemCopy
                0x0000000005015b40                OS_Sched
                0x0000000005015c84                OS_StrCopy
                0x0000000005015cf8                OS_StrLen
                0x0000000005015d4c                OS_TaskIdle
                0x0000000005015da8                OS_TaskStat
                0x0000000005015e74                OS_TaskStatStkChk
                0x0000000005015f40                OS_TCBInit
 .text          0x0000000005016214      0x190 ../FPGAEncrypt_bsp/\libucosii_bsp.a(os_dbg.o)
                0x0000000005016214                OSDebugInit
 .text          0x00000000050163a4     0x1714 ../FPGAEncrypt_bsp/\libucosii_bsp.a(os_flag.o)
                0x00000000050163a4                OSFlagAccept
                0x00000000050166ac                OSFlagCreate
                0x00000000050167b4                OSFlagDel
                0x00000000050169fc                OSFlagNameGet
                0x0000000005016b24                OSFlagNameSet
                0x0000000005016c70                OSFlagPend
                0x0000000005017228                OSFlagPendGetFlagsRdy
                0x0000000005017288                OSFlagPost
                0x000000000501761c                OSFlagQuery
                0x0000000005017840                OS_FlagInit
                0x0000000005017a14                OS_FlagUnlink
 .text          0x0000000005017ab8      0x754 ../FPGAEncrypt_bsp/\libucosii_bsp.a(os_mem.o)
                0x0000000005017ab8                OSMemCreate
                0x0000000005017c8c                OSMemGet
                0x0000000005017d7c                OSMemNameGet
                0x0000000005017e6c                OSMemNameSet
                0x0000000005017f80                OSMemPut
                0x0000000005018058                OSMemQuery
                0x0000000005018140                OS_MemInit
 .text          0x000000000501820c     0x1104 ../FPGAEncrypt_bsp/\libucosii_bsp.a(os_q.o)
                0x000000000501820c                OSQAccept
                0x000000000501834c                OSQCreate
                0x00000000050184f8                OSQDel
                0x0000000005018778                OSQFlush
                0x0000000005018830                OSQPend
                0x0000000005018abc                OSQPendAbort
                0x0000000005018c28                OSQPost
                0x0000000005018d90                OSQPostFront
                0x0000000005018f00                OSQPostOpt
                0x000000000501910c                OSQQuery
                0x0000000005019268                OS_QInit
 .text          0x0000000005019310      0xa60 ../FPGAEncrypt_bsp/\libucosii_bsp.a(os_sem.o)
                0x0000000005019310                OSSemAccept
                0x00000000050193c0                OSSemCreate
                0x0000000005019498                OSSemDel
                0x00000000050196d8                OSSemPend
                0x00000000050198e4                OSSemPendAbort
                0x0000000005019a50                OSSemPost
                0x0000000005019b60                OSSemQuery
                0x0000000005019c70                OSSemSet
 .text          0x0000000005019d70     0x176c ../FPGAEncrypt_bsp/\libucosii_bsp.a(os_task.o)
                0x0000000005019d70                OSTaskChangePrio
                0x000000000501a260                OSTaskCreate
                0x000000000501a40c                OSTaskCreateExt
                0x000000000501a5f0                OSTaskDel
                0x000000000501a934                OSTaskDelReq
                0x000000000501aa84                OSTaskNameGet
                0x000000000501ac1c                OSTaskNameSet
                0x000000000501add0                OSTaskResume
                0x000000000501afa4                OSTaskStkChk
                0x000000000501b164                OSTaskSuspend
                0x000000000501b348                OSTaskQuery
                0x000000000501b46c                OS_TaskStkClr
 .text          0x000000000501b4dc      0x4ec ../FPGAEncrypt_bsp/\libucosii_bsp.a(os_time.o)
                0x000000000501b4dc                OSTimeDly
                0x000000000501b5e0                OSTimeDlyHMSM
                0x000000000501b738                OSTimeDlyResume
                0x000000000501b90c                OSTimeGet
                0x000000000501b968                OSTimeSet
 .text          0x000000000501b9c8      0x2d8 ../FPGAEncrypt_bsp/\libucosii_bsp.a(alt_sys_init.o)
                0x000000000501b9fc                alt_irq_init
                0x000000000501ba34                alt_sys_init
 .text          0x000000000501bca0      0x164 ../FPGAEncrypt_bsp/\libucosii_bsp.a(altera_avalon_jtag_uart_fd.o)
                0x000000000501bca0                altera_avalon_jtag_uart_read_fd
                0x000000000501bd00                altera_avalon_jtag_uart_write_fd
                0x000000000501bd60                altera_avalon_jtag_uart_close_fd
                0x000000000501bdb0                altera_avalon_jtag_uart_ioctl_fd
 .text          0x000000000501be04      0x558 ../FPGAEncrypt_bsp/\libucosii_bsp.a(altera_avalon_jtag_uart_init.o)
                0x000000000501be04                altera_avalon_jtag_uart_init
                0x000000000501c2f4                altera_avalon_jtag_uart_close
 .text          0x000000000501c35c       0xf0 ../FPGAEncrypt_bsp/\libucosii_bsp.a(altera_avalon_jtag_uart_ioctl.o)
                0x000000000501c35c                altera_avalon_jtag_uart_ioctl
 .text          0x000000000501c44c      0x2bc ../FPGAEncrypt_bsp/\libucosii_bsp.a(altera_avalon_jtag_uart_read.o)
                0x000000000501c44c                altera_avalon_jtag_uart_read
 .text          0x000000000501c708      0x2c4 ../FPGAEncrypt_bsp/\libucosii_bsp.a(altera_avalon_jtag_uart_write.o)
                0x000000000501c708                altera_avalon_jtag_uart_write
 .text          0x000000000501c9cc       0xf4 ../FPGAEncrypt_bsp/\libucosii_bsp.a(altera_avalon_timer_sc.o)
                0x000000000501ca44                alt_avalon_timer_sc_init
 .text          0x000000000501cac0      0xb64 ../FPGAEncrypt_bsp/\libucosii_bsp.a(altera_epcq_controller2.o)
                0x000000000501caf4                alt_epcq_controller2_lock
                0x000000000501cbf0                alt_epcq_controller2_get_info
                0x000000000501cc7c                alt_epcq_controller2_erase_block
                0x000000000501cdd8                alt_epcq_controller2_write_block
                0x000000000501d01c                alt_epcq_controller2_write
                0x000000000501d204                alt_epcq_controller2_read
                0x000000000501d2b0                altera_epcq_controller2_init
 .text          0x000000000501d624     0x2120 ../FPGAEncrypt_bsp/\libucosii_bsp.a(altera_msgdma.o)
                0x000000000501e2bc                alt_msgdma_construct_standard_st_to_mm_descriptor
                0x000000000501e314                alt_msgdma_construct_standard_mm_to_st_descriptor
                0x000000000501e36c                alt_msgdma_construct_standard_mm_to_mm_descriptor
                0x000000000501e3c4                alt_msgdma_construct_extended_st_to_mm_descriptor
                0x000000000501e454                alt_msgdma_construct_extended_mm_to_st_descriptor
                0x000000000501e4e4                alt_msgdma_construct_extended_mm_to_mm_descriptor
                0x000000000501e7c4                alt_msgdma_construct_prefetcher_standard_mm_to_mm_descriptor
                0x000000000501e81c                alt_msgdma_construct_prefetcher_standard_st_to_mm_descriptor
                0x000000000501e874                alt_msgdma_construct_prefetcher_standard_mm_to_st_descriptor
                0x000000000501e8cc                alt_msgdma_construct_prefetcher_extended_st_to_mm_descriptor
                0x000000000501e96c                alt_msgdma_construct_prefetcher_extended_mm_to_st_descriptor
                0x000000000501ea04                alt_msgdma_construct_prefetcher_extended_mm_to_mm_descriptor
                0x000000000501eabc                alt_msgdma_prefetcher_add_standard_desc_to_list
                0x000000000501ebac                alt_msgdma_prefetcher_add_extended_desc_to_list
                0x000000000501ed44                alt_msgdma_prefetcher_set_std_list_own_by_hw_bits
                0x000000000501ee50                alt_msgdma_prefetcher_set_extd_list_own_by_hw_bits
                0x000000000501ef94                alt_msgdma_start_prefetcher_with_list_addr
                0x000000000501f2a4                alt_msgdma_start_prefetcher_with_std_desc_list
                0x000000000501f350                alt_msgdma_start_prefetcher_with_extd_desc_list
                0x000000000501f3fc                alt_msgdma_open
                0x000000000501f454                alt_msgdma_init
                0x000000000501f600                alt_msgdma_register_callback
                0x000000000501f654                alt_msgdma_standard_descriptor_async_transfer
                0x000000000501f690                alt_msgdma_extended_descriptor_async_transfer
                0x000000000501f6cc                alt_msgdma_standard_descriptor_sync_transfer
                0x000000000501f708                alt_msgdma_extended_descriptor_sync_transfer
 .text          0x000000000501f744      0x158 ../FPGAEncrypt_bsp/\libucosii_bsp.a(altera_remote_update.o)
                0x000000000501f744                altera_remote_update_init
                0x000000000501f77c                altera_remote_update_open
                0x000000000501f7c8                altera_remote_update_trigger_reconfig
 .text          0x000000000501f89c     0x1bf0 ../FPGAEncrypt_bsp/\libucosii_bsp.a(ins_tse_mac.o)
                0x000000000501f89c                altera_eth_tse_init
                0x000000000501f9ec                prep_tse_mac
                0x000000000501fc44                msgdma_reset
                0x000000000501fcc0                tse_mac_init
                0x00000000050208d8                tse_msgdma_write_init
                0x00000000050209f8                tse_mac_raw_send
                0x0000000005020bc0                tse_msgdmaRx_isr
                0x0000000005020d74                tse_msgdmaTx_isr
                0x0000000005020dd4                tse_msgdma_read_init
                0x00000000050210b0                allocate_rx_descriptor_chain
                0x00000000050211f4                tse_mac_rcv
                0x0000000005021348                tse_mac_stats
                0x0000000005021388                tse_mac_close
 .text          0x000000000502148c       0x48 ../FPGAEncrypt_bsp/\libucosii_bsp.a(alt_iniche_close.o)
                0x000000000502148c                close
 .text          0x00000000050214d4      0x148 ../FPGAEncrypt_bsp/\libucosii_bsp.a(alt_iniche_dev.o)
                0x00000000050214d4                iniche_devices_init
 .text          0x000000000502161c       0x70 ../FPGAEncrypt_bsp/\libucosii_bsp.a(alt_iniche_read.o)
                0x000000000502161c                read
 .text          0x000000000502168c       0x68 ../FPGAEncrypt_bsp/\libucosii_bsp.a(alt_iniche_write.o)
                0x000000000502168c                write
 .text          0x00000000050216f4      0xde4 ../FPGAEncrypt_bsp/\libucosii_bsp.a(ipnet.o)
                0x00000000050216f4                Netinit
                0x0000000005021cdc                fixup_subnet_mask
                0x0000000005021e34                netclose
                0x0000000005021f18                pktdemux
                0x00000000050222bc                c_older
                0x000000000502234c                ip2mac
 .text          0x00000000050224d8      0x468 ../FPGAEncrypt_bsp/\libucosii_bsp.a(ipstart.o)
                0x00000000050224d8                ip_startup
                0x000000000502277c                exit_hook
                0x00000000050227ec                ip_exit
                0x00000000050228bc                if_netnumber
 .text          0x0000000005022940      0xf9c ../FPGAEncrypt_bsp/\libucosii_bsp.a(igmp_cmn.o)
                0x0000000005022940                igmp_init
                0x00000000050229e4                igmp_input
                0x0000000005022ac4                igmp_fasttimo
                0x0000000005022c38                igmp_send
                0x0000000005022ed4                igmp_joingroup
                0x0000000005023128                igmp_leavegroup
                0x00000000050231a8                igmp_validate
                0x00000000050234c0                igmp_print_stats
 .text          0x00000000050238dc      0xa88 ../FPGAEncrypt_bsp/\libucosii_bsp.a(bsdsock.o)
                0x00000000050238dc                bsd_accept
                0x0000000005023a00                bsd_getpeername
                0x0000000005023b24                bsd_getsockname
                0x0000000005023c48                bsd_i_sockoptlen
                0x0000000005023d84                bsd_getsockopt
                0x0000000005023e90                bsd_ioctl
                0x0000000005023f84                bsd_inet_ntoa
                0x0000000005023fb8                bsd_recvfrom
                0x0000000005024100                bsd_select
                0x0000000005024284                bsd_setsockopt
 .text          0x0000000005024364       0xf8 ../FPGAEncrypt_bsp/\libucosii_bsp.a(cksum.o)
                0x0000000005024364                ccksum
                0x0000000005024408                cksum
 .text          0x000000000502445c      0xa50 ../FPGAEncrypt_bsp/\libucosii_bsp.a(in_utils.o)
                0x000000000502445c                do_trap
                0x0000000005024488                nextarg
                0x0000000005024504                hexdump
                0x0000000005024648                print_ipad
                0x00000000050246c4                print_uptime
                0x0000000005024804                panic
                0x000000000502484c                print_eth
                0x00000000050249a0                uslash
                0x0000000005024a1c                ns_printf
                0x0000000005024b8c                std_out
                0x0000000005024bd0                con_page
                0x0000000005024ca8                parse_args
 .text          0x0000000005024eac      0x1a0 ../FPGAEncrypt_bsp/\libucosii_bsp.a(netmain.o)
                0x0000000005024eac                netmain
                0x0000000005024f8c                tk_netmain
                0x0000000005025004                tk_nettick
 .text          0x000000000502504c      0x5b4 ../FPGAEncrypt_bsp/\libucosii_bsp.a(tk_crnos.o)
                0x000000000502504c                TK_OSTimeDly
                0x000000000502507c                TK_OSTaskResume
                0x00000000050250f0                tcp_sleep
                0x0000000005025264                tcp_wakeup
                0x000000000502535c                TK_OSTaskQuery
                0x00000000050253c8                tk_yield
                0x00000000050253f8                tk_stats
 .text          0x0000000005025600     0x2c28 ../FPGAEncrypt_bsp/\libucosii_bsp.a(dhcpclnt.o)
                0x0000000005025600                dhc_get_srv_ipaddr
                0x0000000005025688                dhc_init
                0x0000000005025738                dhc_set_callback
                0x0000000005025780                dhc_upcall
                0x0000000005025f30                dhc_buildheader
                0x0000000005026114                dhc_discover
                0x00000000050265bc                dhc_rx_offer
                0x00000000050266a0                dhc_request
                0x0000000005027124                dhc_setip
                0x00000000050273a0                dhc_resetip
                0x0000000005027484                dhc_decline
                0x0000000005027638                dhc_extract_opts
                0x00000000050278a8                dhc_second
                0x0000000005027df8                dhc_halt
                0x0000000005027e78                dhc_reclaim
                0x0000000005028030                dhc_state_init
                0x0000000005028088                dhc_alldone
                0x0000000005028110                dhc_ifacedone
                0x0000000005028178                dhc_set_state
 .text          0x0000000005028228       0xc0 ../FPGAEncrypt_bsp/\libucosii_bsp.a(dhcputil.o)
                0x0000000005028228                find_opt
 .text          0x00000000050282e8      0x774 ../FPGAEncrypt_bsp/\libucosii_bsp.a(pktalloc.o)
                0x00000000050282e8                pk_init
                0x0000000005028584                pk_alloc
                0x0000000005028648                pk_validate
                0x00000000050288d4                pk_free
                0x0000000005028980                pk_get_max_intrsafe_buf_len
                0x00000000050289a0                dump_buf_estats
 .text          0x0000000005028a5c      0x268 ../FPGAEncrypt_bsp/\libucosii_bsp.a(q.o)
                0x0000000005028a5c                getq
                0x0000000005028b14                putq
                0x0000000005028bc4                qdel
 .text          0x0000000005028cc4      0x2d4 ../FPGAEncrypt_bsp/\libucosii_bsp.a(udp_open.o)
                0x0000000005028cc4                udp_open
                0x0000000005028ec0                udp_close
 .text          0x0000000005028f98      0x194 ../FPGAEncrypt_bsp/\libucosii_bsp.a(asm_cksum.o)
                0x0000000005028f98                asm_cksum
 .text          0x000000000502912c      0x27c ../FPGAEncrypt_bsp/\libucosii_bsp.a(brdutils.o)
                0x000000000502912c                dtrap
                0x0000000005029160                kbhit
                0x00000000050291f4                getch
                0x0000000005029250                clock_init
                0x0000000005029288                clock_c
                0x00000000050292a8                cticks_hook
                0x0000000005029304                irq_Mask
                0x0000000005029364                irq_Unmask
 .text          0x00000000050293a8      0x4d0 ../FPGAEncrypt_bsp/\libucosii_bsp.a(osportco.o)
                0x00000000050293a8                LOCK_NET_RESOURCE
                0x000000000502946c                UNLOCK_NET_RESOURCE
                0x00000000050294f4                TK_NEWTASK
                0x0000000005029740                wait_app_sem
                0x00000000050297fc                post_app_sem
 .text          0x0000000005029878      0x574 ../FPGAEncrypt_bsp/\libucosii_bsp.a(targnios.o)
                0x0000000005029878                alt_iniche_init
                0x0000000005029a74                pre_task_setup
                0x0000000005029ac0                post_task_setup
                0x0000000005029ae0                prep_armintcp
                0x0000000005029b18                npalloc_base
                0x0000000005029c24                npfree_base
                0x0000000005029d04                npalloc
                0x0000000005029d38                npfree
                0x0000000005029d78                ncpalloc
                0x0000000005029dac                ncpfree
 .text          0x0000000005029dec     0x181c ../FPGAEncrypt_bsp/\libucosii_bsp.a(nptcp.o)
                0x0000000005029dec                pffindtype
                0x0000000005029e7c                pffindproto
                0x0000000005029f40                m_getnbuf
                0x000000000502a0c8                m_free
                0x000000000502a1d0                m_freem
                0x000000000502a214                m_copy
                0x000000000502a508                m_adj
                0x000000000502a6c8                mbuf_len
                0x000000000502a71c                dtom
                0x000000000502a7b8                remque
                0x000000000502a828                insque
                0x000000000502a8a4                nptcp_init
                0x000000000502a99c                tcp_rcv
                0x000000000502ab6c                ip_output
                0x000000000502b11c                in_broadcast
                0x000000000502b154                np_stripoptions
                0x000000000502b248                so_icmpdu
                0x000000000502b590                tcp_tick
 .text          0x000000000502b608      0x970 ../FPGAEncrypt_bsp/\libucosii_bsp.a(rawsock.o)
                0x000000000502b608                rawip_lookup
                0x000000000502b664                rawip_soinput
                0x000000000502b82c                rawip_usrreq
 .text          0x000000000502bf78     0x1654 ../FPGAEncrypt_bsp/\libucosii_bsp.a(sockcall.o)
                0x000000000502bf78                DOMAIN_CHECK
                0x000000000502bfc8                t_socket
                0x000000000502c048                t_bind
                0x000000000502c1ac                t_listen
                0x000000000502c284                t_accept
                0x000000000502c4d8                t_connect
                0x000000000502c744                t_getpeername
                0x000000000502c788                t_getsockname
                0x000000000502c9a8                t_setsockopt
                0x000000000502cb68                t_getsockopt
                0x000000000502ccf4                t_recv
                0x000000000502cdd4                t_recvfrom
                0x000000000502cf14                t_sendto
                0x000000000502d108                t_send
                0x000000000502d30c                t_shutdown
                0x000000000502d3e4                t_socketclose
                0x000000000502d534                t_errno
 .text          0x000000000502d5cc     0x2034 ../FPGAEncrypt_bsp/\libucosii_bsp.a(socket.o)
                0x000000000502d5cc                socreate
                0x000000000502d774                sobind
                0x000000000502d7d0                solisten
                0x000000000502d8a0                sofree
                0x000000000502d9b0                soclose
                0x000000000502dc6c                soabort
                0x000000000502dcbc                soaccept
                0x000000000502dd54                soconnect
                0x000000000502de0c                sodisconnect
                0x000000000502dea4                sosend
                0x000000000502e3fc                soreceive
                0x000000000502eb48                soshutdown
                0x000000000502ebe0                sorflush
                0x000000000502ecdc                sosetopt
                0x000000000502f10c                sogetopt
                0x000000000502f5b4                sohasoutofband
 .text          0x000000000502f600     0x128c ../FPGAEncrypt_bsp/\libucosii_bsp.a(socket2.o)
                0x000000000502f600                soisconnecting
                0x000000000502f670                soisconnected
                0x000000000502f774                soisdisconnecting
                0x000000000502f80c                soisdisconnected
                0x000000000502f8d0                sonewconn
                0x000000000502fad0                soqinsque
                0x000000000502fb7c                soqremque
                0x000000000502fc84                socantsendmore
                0x000000000502fcdc                socantrcvmore
                0x000000000502fd34                sbselqueue
                0x000000000502fd70                sbwait
                0x000000000502fddc                sbwakeup
                0x000000000502fe68                soreserve
                0x000000000502fef0                sbreserve
                0x000000000502ff40                sbrelease
                0x000000000502ff8c                sbappend
                0x000000000503002c                sbappendrecord
                0x0000000005030104                sbappendaddr
                0x00000000050302e0                sbcompress
                0x00000000050304c0                sbflush
                0x0000000005030544                sbdrop
                0x00000000050306fc                sbdropend
                0x00000000050307fc                sbdroprecord
 .text          0x000000000503088c      0x87c ../FPGAEncrypt_bsp/\libucosii_bsp.a(soselect.o)
                0x000000000503088c                t_select
                0x0000000005030a5c                sock_selscan
                0x0000000005030b9c                sock_select
                0x0000000005030d80                in_pcbnotify
                0x0000000005030e44                tcp_notify
                0x0000000005030ec4                ifd_clr
                0x0000000005030fb4                ifd_set
                0x000000000503102c                ifd_isset
                0x00000000050310a4                ifd_get
 .text          0x0000000005031108     0x2d80 ../FPGAEncrypt_bsp/\libucosii_bsp.a(tcp_in.o)
                0x0000000005031108                tcp_reass
                0x0000000005031518                tcp_input
                0x0000000005033848                tcp_dooptions
                0x00000000050339d0                tcp_pulloutofband
                0x0000000005033afc                tcp_xmit_timer
                0x0000000005033d48                ip4_tcpmss
                0x0000000005033d90                tcp_mss
 .text          0x0000000005033e88     0x11cc ../FPGAEncrypt_bsp/\libucosii_bsp.a(tcp_out.o)
                0x0000000005033e88                tcp_output
                0x0000000005034e8c                tcp_setpersist
 .text          0x0000000005035054      0x93c ../FPGAEncrypt_bsp/\libucosii_bsp.a(tcp_subr.o)
                0x0000000005035054                tcp_init
                0x00000000050350a8                tcp_template
                0x00000000050351b0                tcp_respond
                0x00000000050355b0                tcp_newtcpcb
                0x00000000050356bc                tcp_drop
                0x0000000005035768                tcp_close
                0x0000000005035858                tcp_quench
                0x00000000050358a4                tcp_putseq
                0x000000000503591c                tcp_getseq
 .text          0x0000000005035990      0x750 ../FPGAEncrypt_bsp/\libucosii_bsp.a(tcp_timr.o)
                0x0000000005035990                tcp_slowtimo
                0x0000000005035c00                tcp_canceltimers
                0x0000000005035c60                tcp_timers
 .text          0x00000000050360e0      0x988 ../FPGAEncrypt_bsp/\libucosii_bsp.a(tcp_usr.o)
                0x00000000050360e0                tcp_usrreq
                0x00000000050367b4                tcp_attach
                0x00000000050368cc                tcp_disconnect
                0x0000000005036998                tcp_usrclosed
 .text          0x0000000005036a68       0x40 ../FPGAEncrypt_bsp/\libucosii_bsp.a(tcpport.o)
                0x0000000005036a68                tcpinit
 .text          0x0000000005036aa8      0xbb4 ../FPGAEncrypt_bsp/\libucosii_bsp.a(udpsock.o)
                0x0000000005036aa8                udp_lookup
                0x0000000005036b04                udp_soinput
                0x0000000005036ca4                udp_usrreq
                0x0000000005036ee0                udp4_sockbind
                0x00000000050371b4                udp4_socksend
                0x0000000005037534                udp4_sockaddr
 .text          0x000000000503765c      0x12c ../FPGAEncrypt_bsp/\libucosii_bsp.a(alt_alarm_start.o)
                0x000000000503765c                alt_alarm_start
 .text          0x0000000005037788      0x158 ../FPGAEncrypt_bsp/\libucosii_bsp.a(alt_busy_sleep.o)
                0x0000000005037788                alt_busy_sleep
 .text          0x00000000050378e0      0x10c ../FPGAEncrypt_bsp/\libucosii_bsp.a(alt_close.o)
                0x000000000503791c                alt_close
 .text          0x00000000050379ec       0x78 ../FPGAEncrypt_bsp/\libucosii_bsp.a(alt_dcache_flush.o)
                0x00000000050379ec                alt_dcache_flush
 .text          0x0000000005037a64       0x2c ../FPGAEncrypt_bsp/\libucosii_bsp.a(alt_dev.o)
 .text          0x0000000005037a90       0xe0 ../FPGAEncrypt_bsp/\libucosii_bsp.a(alt_dev_llist_insert.o)
                0x0000000005037acc                alt_dev_llist_insert
 .text          0x0000000005037b70       0x60 ../FPGAEncrypt_bsp/\libucosii_bsp.a(alt_do_ctors.o)
                0x0000000005037b70                _do_ctors
 .text          0x0000000005037bd0       0x60 ../FPGAEncrypt_bsp/\libucosii_bsp.a(alt_do_dtors.o)
                0x0000000005037bd0                _do_dtors
 .text          0x0000000005037c30        0x0 ../FPGAEncrypt_bsp/\libucosii_bsp.a(alt_errno.o)
 .text          0x0000000005037c30       0x90 ../FPGAEncrypt_bsp/\libucosii_bsp.a(alt_find_dev.o)
                0x0000000005037c30                alt_find_dev
 .text          0x0000000005037cc0       0xbc ../FPGAEncrypt_bsp/\libucosii_bsp.a(alt_flash_dev.o)
                0x0000000005037cc0                alt_flash_open_dev
                0x0000000005037d28                alt_flash_close_dev
 .text          0x0000000005037d7c      0x1b0 ../FPGAEncrypt_bsp/\libucosii_bsp.a(alt_iic.o)
                0x0000000005037d7c                alt_ic_isr_register
                0x0000000005037dcc                alt_ic_irq_enable
                0x0000000005037e54                alt_ic_irq_disable
                0x0000000005037ee0                alt_ic_irq_enabled