Archive member included to satisfy reference by file (symbol)

c:/intelfpga_lite/18.1/nios2eds/bin/gnu/h-x86_64-mingw32/bin/../lib/gcc/nios2-elf/5.3.0/../../../../../H-x86_64-mingw32/nios2-elf/lib\libc.a(lib_a-ctype_.o)
                              obj/default/network_utilities.o (__ctype_ptr__)
c:/intelfpga_lite/18.1/nios2eds/bin/gnu/h-x86_64-mingw32/bin/../lib/gcc/nios2-elf/5.3.0/../../../../../H-x86_64-mingw32/nios2-elf/lib\libc.a(lib_a-fprintf.o)
                              obj/default/alt_error_handler.o (fprintf)
c:/intelfpga_lite/18.1/nios2eds/bin/gnu/h-x86_64-mingw32/bin/../lib/gcc/nios2-elf/5.3.0/../../../../../H-x86_64-mingw32/nios2-elf/lib\libc.a(lib_a-fwrite.o)
                              obj/default/alt_error_handler.o (fwrite)
c:/intelfpga_lite/18.1/nios2eds/bin/gnu/h-x86_64-mingw32/bin/../lib/gcc/nios2-elf/5.3.0/../../../../../H-x86_64-mingw32/nios2-elf/lib\libc.a(lib_a-getc.o)
                              obj/default/network_utilities.o (getc)
c:/intelfpga_lite/18.1/nios2eds/bin/gnu/h-x86_64-mingw32/bin/../lib/gcc/nios2-elf/5.3.0/../../../../../H-x86_64-mingw32/nios2-elf/lib\libc.a(lib_a-impure.o)
                              obj/default/alt_error_handler.o (_impure_ptr)
c:/intelfpga_lite/18.1/nios2eds/bin/gnu/h-x86_64-mingw32/bin/../lib/gcc/nios2-elf/5.3.0/../../../../../H-x86_64-mingw32/nios2-elf/lib\libc.a(lib_a-memcpy.o)
                              obj/default/simple_socket_server.o (memcpy)
c:/intelfpga_lite/18.1/nios2eds/bin/gnu/h-x86_64-mingw32/bin/../lib/gcc/nios2-elf/5.3.0/../../../../../H-x86_64-mingw32/nios2-elf/lib\libc.a(lib_a-memmove.o)
                              obj/default/simple_socket_server.o (memmove)
c:/intelfpga_lite/18.1/nios2eds/bin/gnu/h-x86_64-mingw32/bin/../lib/gcc/nios2-elf/5.3.0/../../../../../H-x86_64-mingw32/nios2-elf/lib\libc.a(lib_a-memset.o)
                              obj/default/simple_socket_server.o (memset)
c:/intelfpga_lite/18.1/nios2eds/bin/gnu/h-x86_64-mingw32/bin/../lib/gcc/nios2-elf/5.3.0/../../../../../H-x86_64-mingw32/nios2-elf/lib\libc.a(lib_a-perror.o)
                              obj/default/alt_error_handler.o (perror)
c:/intelfpga_lite/18.1/nios2eds/bin/gnu/h-x86_64-mingw32/bin/../lib/gcc/nios2-elf/5.3.0/../../../../../H-x86_64-mingw32/nios2-elf/lib\libc.a(lib_a-printf.o)
                              obj/default/alt_error_handler.o (printf)
c:/intelfpga_lite/18.1/nios2eds/bin/gnu/h-x86_64-mingw32/bin/../lib/gcc/nios2-elf/5.3.0/../../../../../H-x86_64-mingw32/nios2-elf/lib\libc.a(lib_a-putc.o)
                              obj/default/network_utilities.o (putc)
c:/intelfpga_lite/18.1/nios2eds/bin/gnu/h-x86_64-mingw32/bin/../lib/gcc/nios2-elf/5.3.0/../../../../../H-x86_64-mingw32/nios2-elf/lib\libc.a(lib_a-putchar.o)
                              obj/default/network_utilities.o (putchar)
c:/intelfpga_lite/18.1/nios2eds/bin/gnu/h-x86_64-mingw32/bin/../lib/gcc/nios2-elf/5.3.0/../../../../../H-x86_64-mingw32/nios2-elf/lib\libc.a(lib_a-puts.o)
                              obj/default/alt_error_handler.o (puts)
c:/intelfpga_lite/18.1/nios2eds/bin/gnu/h-x86_64-mingw32/bin/../lib/gcc/nios2-elf/5.3.0/../../../../../H-x86_64-mingw32/nios2-elf/lib\libc.a(lib_a-rget.o)
                              c:/intelfpga_lite/18.1/nios2eds/bin/gnu/h-x86_64-mingw32/bin/../lib/gcc/nios2-elf/5.3.0/../../../../../H-x86_64-mingw32/nios2-elf/lib\libc.a(lib_a-getc.o) (__srget_r)
c:/intelfpga_lite/18.1/nios2eds/bin/gnu/h-x86_64-mingw32/bin/../lib/gcc/nios2-elf/5.3.0/../../../../../H-x86_64-mingw32/nios2-elf/lib\libc.a(lib_a-sprintf.o)
                              obj/default/simple_socket_server.o (sprintf)
c:/intelfpga_lite/18.1/nios2eds/bin/gnu/h-x86_64-mingw32/bin/../lib/gcc/nios2-elf/5.3.0/../../../../../H-x86_64-mingw32/nios2-elf/lib\libc.a(lib_a-strchr.o)
                              obj/default/simple_socket_server.o (strchr)
c:/intelfpga_lite/18.1/nios2eds/bin/gnu/h-x86_64-mingw32/bin/../lib/gcc/nios2-elf/5.3.0/../../../../../H-x86_64-mingw32/nios2-elf/lib\libc.a(lib_a-strerror.o)
                              c:/intelfpga_lite/18.1/nios2eds/bin/gnu/h-x86_64-mingw32/bin/../lib/gcc/nios2-elf/5.3.0/../../../../../H-x86_64-mingw32/nios2-elf/lib\libc.a(lib_a-perror.o) (_strerror_r)
c:/intelfpga_lite/18.1/nios2eds/bin/gnu/h-x86_64-mingw32/bin/../lib/gcc/nios2-elf/5.3.0/../../../../../H-x86_64-mingw32/nios2-elf/lib\libc.a(lib_a-strlen.o)
                              c:/intelfpga_lite/18.1/nios2eds/bin/gnu/h-x86_64-mingw32/bin/../lib/gcc/nios2-elf/5.3.0/../../../../../H-x86_64-mingw32/nios2-elf/lib\libc.a(lib_a-puts.o) (strlen)
c:/intelfpga_lite/18.1/nios2eds/bin/gnu/h-x86_64-mingw32/bin/../lib/gcc/nios2-elf/5.3.0/../../../../../H-x86_64-mingw32/nios2-elf/lib\libc.a(lib_a-svfprintf.o)
                              c:/intelfpga_lite/18.1/nios2eds/bin/gnu/h-x86_64-mingw32/bin/../lib/gcc/nios2-elf/5.3.0/../../../../../H-x86_64-mingw32/nios2-elf/lib\libc.a(lib_a-sprintf.o) (___svfprintf_internal_r)
[...]
Memory Configuration

Name             Origin             Length             Attributes
ext_epcq_flash_avl_mem_BEFORE_RESET 0x0000000000000000 0x0000000000300000
reset            0x0000000000300000 0x0000000000000020
ext_epcq_flash_avl_mem 0x0000000000300020 0x00000000004fffe0
descriptor_memory 0x0000000001004000 0x0000000000002000
sll_hyperbus_controller_top_0_BEFORE_EXCEPTION 0x0000000005000000 0x0000000000000120
sll_hyperbus_controller_top_0 0x0000000005000120 0x0000000000fffee0
onchip_ram       0x0000000007000800 0x0000000000000800
*default*        0x0000000000000000 0xffffffffffffffff

Linker script and memory map

LOAD ../FPGAEncrypt_bsp//obj/HAL/src/crt0.o
LOAD obj/default/alt_error_handler.o
LOAD obj/default/iniche_init.o
LOAD obj/default/led.o
LOAD obj/default/network_utilities.o
LOAD obj/default/simple_socket_server.o
LOAD obj/default/tse_my_system.o
LOAD c:/intelfpga_lite/18.1/nios2eds/bin/gnu/h-x86_64-mingw32/bin/../lib/gcc/nios2-elf/5.3.0/../../../../../H-x86_64-mingw32/nios2-elf/lib\libstdc++.a
LOAD c:/intelfpga_lite/18.1/nios2eds/bin/gnu/h-x86_64-mingw32/bin/../lib/gcc/nios2-elf/5.3.0/../../../../../H-x86_64-mingw32/nios2-elf/lib\libm.a
LOAD c:/intelfpga_lite/18.1/nios2eds/bin/gnu/h-x86_64-mingw32/bin/../lib/gcc/nios2-elf/5.3.0\libgcc.a
START GROUP
LOAD c:/intelfpga_lite/18.1/nios2eds/bin/gnu/h-x86_64-mingw32/bin/../lib/gcc/nios2-elf/5.3.0/../../../../../H-x86_64-mingw32/nios2-elf/lib\libc.a
LOAD c:/intelfpga_lite/18.1/nios2eds/bin/gnu/h-x86_64-mingw32/bin/../lib/gcc/nios2-elf/5.3.0\libgcc.a
LOAD ../FPGAEncrypt_bsp/\libucosii_bsp.a
LOAD c:/intelfpga_lite/18.1/nios2eds/bin/gnu/h-x86_64-mingw32/bin/../lib/gcc/nios2-elf/5.3.0/../../../../../H-x86_64-mingw32/nios2-elf/lib\libm.a
END GROUP
LOAD c:/intelfpga_lite/18.1/nios2eds/bin/gnu/h-x86_64-mingw32/bin/../lib/gcc/nios2-elf/5.3.0\libgcc.a
                0x0000000000000000                __alt_mem_ext_epcq_flash_avl_mem = 0x0
                0x0000000001004000                __alt_mem_descriptor_memory = 0x1004000
                0x0000000005000000                __alt_mem_sll_hyperbus_controller_top_0 = 0x5000000
                0x0000000007000800                __alt_mem_onchip_ram = 0x7000800

.entry          0x0000000000300000        0x0
 *(.entry)
 .entry         0x0000000000300000        0x0 ../FPGAEncrypt_bsp//obj/HAL/src/crt0.o
                0x0000000000300000                __reset

.exceptions     0x0000000005000120      0x224
                [!provide]                        PROVIDE (__ram_exceptions_start, ABSOLUTE (.))
                0x0000000005000120                . = ALIGN (0x20)
 *(.irq)
 *(.exceptions.entry.label)
 .exceptions.entry.label
                0x0000000005000120        0x0 ../FPGAEncrypt_bsp/\libucosii_bsp.a(alt_irq_entry.o)
                0x0000000005000120                alt_irq_entry
 .exceptions.entry.label
                0x0000000005000120        0x0 ../FPGAEncrypt_bsp/\libucosii_bsp.a(alt_exception_entry.o)
                0x0000000005000120                alt_exception
 *(.exceptions.entry.user)
 *(.exceptions.entry.ecc_fatal)
 *(.exceptions.entry)
 .exceptions.entry
                0x0000000005000120       0x54 ../FPGAEncrypt_bsp/\libucosii_bsp.a(alt_exception_entry.o)
 *(.exceptions.irqtest.user)
 *(.exceptions.irqtest)
 .exceptions.irqtest
                0x0000000005000174       0x10 ../FPGAEncrypt_bsp/\libucosii_bsp.a(alt_irq_entry.o)
 *(.exceptions.irqhandler.user)
 *(.exceptions.irqhandler)
 .exceptions.irqhandler
                0x0000000005000184        0x4 ../FPGAEncrypt_bsp/\libucosii_bsp.a(alt_irq_entry.o)
 *(.exceptions.irqreturn.user)
 *(.exceptions.irqreturn)
 .exceptions.irqreturn
                0x0000000005000188        0x4 ../FPGAEncrypt_bsp/\libucosii_bsp.a(alt_irq_entry.o)
 *(.exceptions.notirq.label)
 .exceptions.notirq.label
                0x000000000500018c        0x0 ../FPGAEncrypt_bsp/\libucosii_bsp.a(alt_irq_entry.o)
 *(.exceptions.notirq.user)
 *(.exceptions.notirq)
 .exceptions.notirq
                0x000000000500018c        0x8 ../FPGAEncrypt_bsp/\libucosii_bsp.a(alt_exception_entry.o)
 *(.exceptions.soft.user)
 *(.exceptions.soft)
 *(.exceptions.unknown.user)
 *(.exceptions.unknown)
 .exceptions.unknown
                0x0000000005000194       0x14 ../FPGAEncrypt_bsp/\libucosii_bsp.a(alt_exception_entry.o)
 *(.exceptions.exit.label)
 .exceptions.exit.label
                0x00000000050001a8        0x0 ../FPGAEncrypt_bsp/\libucosii_bsp.a(alt_irq_entry.o)
 .exceptions.exit.label
                0x00000000050001a8        0x0 ../FPGAEncrypt_bsp/\libucosii_bsp.a(alt_exception_entry.o)
 *(.exceptions.exit.user)
 *(.exceptions.exit)
 .exceptions.exit
                0x00000000050001a8       0x54 ../FPGAEncrypt_bsp/\libucosii_bsp.a(alt_exception_entry.o)
 *(.exceptions)
 .exceptions    0x00000000050001fc       0xd4 ../FPGAEncrypt_bsp/\libucosii_bsp.a(alt_irq_handler.o)
                0x00000000050001fc                alt_irq_handler
 .exceptions    0x00000000050002d0       0x74 ../FPGAEncrypt_bsp/\libucosii_bsp.a(alt_instruction_exception_entry.o)
                0x00000000050002d0                alt_instruction_exception_entry
                [!provide]                        PROVIDE (__ram_exceptions_end, ABSOLUTE (.))
                [!provide]                        PROVIDE (__flash_exceptions_start, LOADADDR (.exceptions))

.text           0x0000000005000344    0x4c3a0
                [!provide]                        PROVIDE (stext, ABSOLUTE (.))
 *(.interp)
 *(.hash)
 *(.dynsym)
 *(.dynstr)
 *(.gnu.version)
 *(.gnu.version_d)
 *(.gnu.version_r)
 *(.rel.init)
 *(.rela.init)
 *(.rel.text .rel.text.* .rel.gnu.linkonce.t.*)
 *(.rela.text .rela.text.* .rela.gnu.linkonce.t.*)
 *(.rel.fini)
 *(.rela.fini)
 *(.rel.rodata .rel.rodata.* .rel.gnu.linkonce.r.*)
 *(.rela.rodata .rela.rodata.* .rela.gnu.linkonce.r.*)
 *(.rel.data .rel.data.* .rel.gnu.linkonce.d.*)
 *(.rela.data .rela.data.* .rela.gnu.linkonce.d.*)
 *(.rel.tdata .rel.tdata.* .rel.gnu.linkonce.td.*)
 *(.rela.tdata .rela.tdata.* .rela.gnu.linkonce.td.*)
 *(.rel.tbss .rel.tbss.* .rel.gnu.linkonce.tb.*)
 *(.rela.tbss .rela.tbss.* .rela.gnu.linkonce.tb.*)
 *(.rel.ctors)
 *(.rela.ctors)
 *(.rel.dtors)
 *(.rela.dtors)
 *(.rel.got)
 *(.rela.got)
 *(.rel.sdata .rel.sdata.* .rel.gnu.linkonce.s.*)
 *(.rela.sdata .rela.sdata.* .rela.gnu.linkonce.s.*)
 *(.rel.sbss .rel.sbss.* .rel.gnu.linkonce.sb.*)
 *(.rela.sbss .rela.sbss.* .rela.gnu.linkonce.sb.*)
 *(.rel.sdata2 .rel.sdata2.* .rel.gnu.linkonce.s2.*)
 *(.rela.sdata2 .rela.sdata2.* .rela.gnu.linkonce.s2.*)
 *(.rel.sbss2 .rel.sbss2.* .rel.gnu.linkonce.sb2.*)
 *(.rela.sbss2 .rela.sbss2.* .rela.gnu.linkonce.sb2.*)
 *(.rel.bss .rel.bss.* .rel.gnu.linkonce.b.*)
 *(.rela.bss .rela.bss.* .rela.gnu.linkonce.b.*)
 *(.rel.plt)
 *(.rela.plt)
 *(.rel.dyn)
 *(.init)
 *(.plt)
 *(.text .stub .text.* .gnu.linkonce.t.*)
 .text          0x0000000005000344       0x48 ../FPGAEncrypt_bsp//obj/HAL/src/crt0.o
                0x0000000005000344                _start
 .text          0x000000000500038c      0xa60 obj/default/alt_error_handler.o
                0x000000000500038c                alt_uCOSIIErrorHandler
                0x00000000050008f0                alt_NetworkErrorHandler
                0x0000000005000b54                alt_SSSErrorHandler
 .text          0x0000000005000dec       0x98 obj/default/iniche_init.o
                0x0000000005000dec                main
 .text          0x0000000005000e84      0x354 obj/default/led.o
                0x0000000005000e84                led_bit_toggle
                0x0000000005000f90                LED7SegLightshowTask
                0x0000000005001004                LEDManagementTask
 .text          0x00000000050011d8      0x450 obj/default/network_utilities.o
                0x00000000050011d8                get_mac_addr
                0x000000000500122c                get_ip_addr
                0x0000000005001288                get_serial_number
                0x0000000005001444                generate_and_store_mac_addr
                0x0000000005001498                generate_mac_addr
                0x00000000050015d0                get_board_mac_addr
                0x00000000050015fc                FindLastFlashSectorOffset
 .text          0x0000000005001628      0xa1c obj/default/simple_socket_server.o
                0x0000000005001628                SSSCreateOSDataStructs
                0x00000000050016cc                SSSCreateTasks
                0x000000000500179c                sss_reset_connection
                0x000000000500180c                sss_send_menu
                0x0000000005001a28                sss_handle_accept
                0x0000000005001af0                sss_exec_command
                0x0000000005001ca0                sss_handle_receive
                0x0000000005001e90                SSSSimpleSocketServerTask
 .text          0x0000000005002044        0x0 obj/default/tse_my_system.o
 .text          0x0000000005002044        0x0 c:/intelfpga_lite/18.1/nios2eds/bin/gnu/h-x86_64-mingw32/bin/../lib/gcc/nios2-elf/5.3.0/../../../../../H-x86_64-mingw32/nios2-elf/lib\libc.a(lib_a-ctype_.o)
 .text          0x0000000005002044        0x0 c:/intelfpga_lite/18.1/nios2eds/bin/gnu/h-x86_64-mingw32/bin/../lib/gcc/nios2-elf/5.3.0/../../../../../H-x86_64-mingw32/nios2-elf/lib\libc.a(lib_a-fprintf.o)
 .text._fprintf_r
                0x0000000005002044       0x28 c:/intelfpga_lite/18.1/nios2eds/bin/gnu/h-x86_64-mingw32/bin/../lib/gcc/nios2-elf/5.3.0/../../../../../H-x86_64-mingw32/nios2-elf/lib\libc.a(lib_a-fprintf.o)
                0x0000000005002044                _fprintf_r
 .text.fprintf  0x000000000500206c       0x24 c:/intelfpga_lite/18.1/nios2eds/bin/gnu/h-x86_64-mingw32/bin/../lib/gcc/nios2-elf/5.3.0/../../../../../H-x86_64-mingw32/nios2-elf/lib\libc.a(lib_a-fprintf.o)
                0x000000000500206c                fprintf
 .text          0x0000000005002090        0x0 c:/intelfpga_lite/18.1/nios2eds/bin/gnu/h-x86_64-mingw32/bin/../lib/gcc/nios2-elf/5.3.0/../../../../../H-x86_64-mingw32/nios2-elf/lib\libc.a(lib_a-fwrite.o)
 .text._fwrite_r
                0x0000000005002090       0xcc c:/intelfpga_lite/18.1/nios2eds/bin/gnu/h-x86_64-mingw32/bin/../lib/gcc/nios2-elf/5.3.0/../../../../../H-x86_64-mingw32/nios2-elf/lib\libc.a(lib_a-fwrite.o)
                0x0000000005002090                _fwrite_r
 .text.fwrite   0x000000000500215c       0x34 c:/intelfpga_lite/18.1/nios2eds/bin/gnu/h-x86_64-mingw32/bin/../lib/gcc/nios2-elf/5.3.0/../../../../../H-x86_64-mingw32/nios2-elf/lib\libc.a(lib_a-fwrite.o)
                0x000000000500215c                fwrite
 .text          0x0000000005002190        0x0 c:/intelfpga_lite/18.1/nios2eds/bin/gnu/h-x86_64-mingw32/bin/../lib/gcc/nios2-elf/5.3.0/../../../../../H-x86_64-mingw32/nios2-elf/lib\libc.a(lib_a-getc.o)
 .text._getc_r  0x0000000005002190       0x70 c:/intelfpga_lite/18.1/nios2eds/bin/gnu/h-x86_64-mingw32/bin/../lib/gcc/nios2-elf/5.3.0/../../../../../H-x86_64-mingw32/nios2-elf/lib\libc.a(lib_a-getc.o)
                0x0000000005002190                _getc_r
 .text.getc     0x0000000005002200       0x88 c:/intelfpga_lite/18.1/nios2eds/bin/gnu/h-x86_64-mingw32/bin/../lib/gcc/nios2-elf/5.3.0/../../../../../H-x86_64-mingw32/nios2-elf/lib\libc.a(lib_a-getc.o)
                0x0000000005002200                getc
 .text          0x0000000005002288        0x0 c:/intelfpga_lite/18.1/nios2eds/bin/gnu/h-x86_64-mingw32/bin/../lib/gcc/nios2-elf/5.3.0/../../../../../H-x86_64-mingw32/nios2-elf/lib\libc.a(lib_a-impure.o)
 .text          0x0000000005002288        0x0 c:/intelfpga_lite/18.1/nios2eds/bin/gnu/h-x86_64-mingw32/bin/../lib/gcc/nios2-elf/5.3.0/../../../../../H-x86_64-mingw32/nios2-elf/lib\libc.a(lib_a-memcpy.o)
 .text.memcpy   0x0000000005002288      0x148 c:/intelfpga_lite/18.1/nios2eds/bin/gnu/h-x86_64-mingw32/bin/../lib/gcc/nios2-elf/5.3.0/../../../../../H-x86_64-mingw32/nios2-elf/lib\libc.a(lib_a-memcpy.o)
                0x0000000005002288                memcpy
 .text          0x00000000050023d0        0x0 c:/intelfpga_lite/18.1/nios2eds/bin/gnu/h-x86_64-mingw32/bin/../lib/gcc/nios2-elf/5.3.0/../../../../../H-x86_64-mingw32/nios2-elf/lib\libc.a(lib_a-memmove.o)
 .text.memmove  0x00000000050023d0      0x15c c:/intelfpga_lite/18.1/nios2eds/bin/gnu/h-x86_64-mingw32/bin/../lib/gcc/nios2-elf/5.3.0/../../../../../H-x86_64-mingw32/nios2-elf/lib\libc.a(lib_a-memmove.o)
                0x00000000050023d0                memmove
 .text          0x000000000500252c        0x0 c:/intelfpga_lite/18.1/nios2eds/bin/gnu/h-x86_64-mingw32/bin/../lib/gcc/nios2-elf/5.3.0/../../../../../H-x86_64-mingw32/nios2-elf/lib\libc.a(lib_a-memset.o)
 .text.memset   0x000000000500252c      0x128 c:/intelfpga_lite/18.1/nios2eds/bin/gnu/h-x86_64-mingw32/bin/../lib/gcc/nios2-elf/5.3.0/../../../../../H-x86_64-mingw32/nios2-elf/lib\libc.a(lib_a-memset.o)
                0x000000000500252c                memset
 .text          0x0000000005002654        0x0 c:/intelfpga_lite/18.1/nios2eds/bin/gnu/h-x86_64-mingw32/bin/../lib/gcc/nios2-elf/5.3.0/../../../../../H-x86_64-mingw32/nios2-elf/lib\libc.a(lib_a-perror.o)
 .text._perror_r
                0x0000000005002654       0x80 c:/intelfpga_lite/18.1/nios2eds/bin/gnu/h-x86_64-mingw32/bin/../lib/gcc/nios2-elf/5.3.0/../../../../../H-x86_64-mingw32/nios2-elf/lib\libc.a(lib_a-perror.o)
                0x0000000005002654                _perror_r
 .text.perror   0x00000000050026d4       0x14 c:/intelfpga_lite/18.1/nios2eds/bin/gnu/h-x86_64-mingw32/bin/../lib/gcc/nios2-elf/5.3.0/../../../../../H-x86_64-mingw32/nios2-elf/lib\libc.a(lib_a-perror.o)
                0x00000000050026d4                perror
 .text          0x00000000050026e8        0x0 c:/intelfpga_lite/18.1/nios2eds/bin/gnu/h-x86_64-mingw32/bin/../lib/gcc/nios2-elf/5.3.0/../../../../../H-x86_64-mingw32/nios2-elf/lib\libc.a(lib_a-printf.o)
 .text._printf_r
                0x00000000050026e8       0x30 c:/intelfpga_lite/18.1/nios2eds/bin/gnu/h-x86_64-mingw32/bin/../lib/gcc/nios2-elf/5.3.0/../../../../../H-x86_64-mingw32/nios2-elf/lib\libc.a(lib_a-printf.o)
                0x00000000050026e8                _printf_r
 .text.printf   0x0000000005002718       0x3c c:/intelfpga_lite/18.1/nios2eds/bin/gnu/h-x86_64-mingw32/bin/../lib/gcc/nios2-elf/5.3.0/../../../../../H-x86_64-mingw32/nios2-elf/lib\libc.a(lib_a-printf.o)
                0x0000000005002718                printf
 .text          0x0000000005002754        0x0 c:/intelfpga_lite/18.1/nios2eds/bin/gnu/h-x86_64-mingw32/bin/../lib/gcc/nios2-elf/5.3.0/../../../../../H-x86_64-mingw32/nios2-elf/lib\libc.a(lib_a-putc.o)
 .text._putc_r  0x0000000005002754       0xa0 c:/intelfpga_lite/18.1/nios2eds/bin/gnu/h-x86_64-mingw32/bin/../lib/gcc/nios2-elf/5.3.0/../../../../../H-x86_64-mingw32/nios2-elf/lib\libc.a(lib_a-putc.o)
                0x0000000005002754                _putc_r
 .text.putc     0x00000000050027f4       0xc8 c:/intelfpga_lite/18.1/nios2eds/bin/gnu/h-x86_64-mingw32/bin/../lib/gcc/nios2-elf/5.3.0/../../../../../H-x86_64-mingw32/nios2-elf/lib\libc.a(lib_a-putc.o)
                0x00000000050027f4                putc
 .text          0x00000000050028bc        0x0 c:/intelfpga_lite/18.1/nios2eds/bin/gnu/h-x86_64-mingw32/bin/../lib/gcc/nios2-elf/5.3.0/../../../../../H-x86_64-mingw32/nios2-elf/lib\libc.a(lib_a-putchar.o)
 .text._putchar_r
                0x00000000050028bc        0x8 c:/intelfpga_lite/18.1/nios2eds/bin/gnu/h-x86_64-mingw32/bin/../lib/gcc/nios2-elf/5.3.0/../../../../../H-x86_64-mingw32/nios2-elf/lib\libc.a(lib_a-putchar.o)
                0x00000000050028bc                _putchar_r
 .text.putchar  0x00000000050028c4       0x18 c:/intelfpga_lite/18.1/nios2eds/bin/gnu/h-x86_64-mingw32/bin/../lib/gcc/nios2-elf/5.3.0/../../../../../H-x86_64-mingw32/nios2-elf/lib\libc.a(lib_a-putchar.o)
                0x00000000050028c4                putchar
 .text          0x00000000050028dc        0x0 c:/intelfpga_lite/18.1/nios2eds/bin/gnu/h-x86_64-mingw32/bin/../lib/gcc/nios2-elf/5.3.0/../../../../../H-x86_64-mingw32/nios2-elf/lib\libc.a(lib_a-puts.o)
 .text._puts_r  0x00000000050028dc       0xc0 c:/intelfpga_lite/18.1/nios2eds/bin/gnu/h-x86_64-mingw32/bin/../lib/gcc/nios2-elf/5.3.0/../../../../../H-x86_64-mingw32/nios2-elf/lib\libc.a(lib_a-puts.o)
                0x00000000050028dc                _puts_r
 .text.puts     0x000000000500299c       0x14 c:/intelfpga_lite/18.1/nios2eds/bin/gnu/h-x86_64-mingw32/bin/../lib/gcc/nios2-elf/5.3.0/../../../../../H-x86_64-mingw32/nios2-elf/lib\libc.a(lib_a-puts.o)
                0x000000000500299c                puts
 .text          0x00000000050029b0        0x0 c:/intelfpga_lite/18.1/nios2eds/bin/gnu/h-x86_64-mingw32/bin/../lib/gcc/nios2-elf/5.3.0/../../../../../H-x86_64-mingw32/nios2-elf/lib\libc.a(lib_a-rget.o)
 .text.__srget_r
                0x00000000050029b0       0x74 c:/intelfpga_lite/18.1/nios2eds/bin/gnu/h-x86_64-mingw32/bin/../lib/gcc/nios2-elf/5.3.0/../../../../../H-x86_64-mingw32/nios2-elf/lib\libc.a(lib_a-rget.o)
                0x00000000050029b0                __srget_r
 .text.__srget  0x0000000005002a24       0x14 c:/intelfpga_lite/18.1/nios2eds/bin/gnu/h-x86_64-mingw32/bin/../lib/gcc/nios2-elf/5.3.0/../../../../../H-x86_64-mingw32/nios2-elf/lib\libc.a(lib_a-rget.o)
                0x0000000005002a24                __srget
 .text          0x0000000005002a38        0x0 c:/intelfpga_lite/18.1/nios2eds/bin/gnu/h-x86_64-mingw32/bin/../lib/gcc/nios2-elf/5.3.0/../../../../../H-x86_64-mingw32/nios2-elf/lib\libc.a(lib_a-sprintf.o)
 .text._sprintf_r
                0x0000000005002a38       0x58 c:/intelfpga_lite/18.1/nios2eds/bin/gnu/h-x86_64-mingw32/bin/../lib/gcc/nios2-elf/5.3.0/../../../../../H-x86_64-mingw32/nios2-elf/lib\libc.a(lib_a-sprintf.o)
                0x0000000005002a38                _sprintf_r
 .text.sprintf  0x0000000005002a90       0x6c c:/intelfpga_lite/18.1/nios2eds/bin/gnu/h-x86_64-mingw32/bin/../lib/gcc/nios2-elf/5.3.0/../../../../../H-x86_64-mingw32/nios2-elf/lib\libc.a(lib_a-sprintf.o)
                0x0000000005002a90                sprintf
 .text          0x0000000005002afc        0x0 c:/intelfpga_lite/18.1/nios2eds/bin/gnu/h-x86_64-mingw32/bin/../lib/gcc/nios2-elf/5.3.0/../../../../../H-x86_64-mingw32/nios2-elf/lib\libc.a(lib_a-strchr.o)
 .text.strchr   0x0000000005002afc      0x164 c:/intelfpga_lite/18.1/nios2eds/bin/gnu/h-x86_64-mingw32/bin/../lib/gcc/nios2-elf/5.3.0/../../../../../H-x86_64-mingw32/nios2-elf/lib\libc.a(lib_a-strchr.o)
                0x0000000005002afc                strchr
 .text          0x0000000005002c60        0x0 c:/intelfpga_lite/18.1/nios2eds/bin/gnu/h-x86_64-mingw32/bin/../lib/gcc/nios2-elf/5.3.0/../../../../../H-x86_64-mingw32/nios2-elf/lib\libc.a(lib_a-strerror.o)
 .text._strerror_r
                0x0000000005002c60      0x65c c:/intelfpga_lite/18.1/nios2eds/bin/gnu/h-x86_64-mingw32/bin/../lib/gcc/nios2-elf/5.3.0/../../../../../H-x86_64-mingw32/nios2-elf/lib\libc.a(lib_a-strerror.o)
                0x0000000005002c60                _strerror_r
 .text.strerror
                0x00000000050032bc       0x1c c:/intelfpga_lite/18.1/nios2eds/bin/gnu/h-x86_64-mingw32/bin/../lib/gcc/nios2-elf/5.3.0/../../../../../H-x86_64-mingw32/nios2-elf/lib\libc.a(lib_a-strerror.o)
                0x00000000050032bc                strerror
 .text          0x00000000050032d8        0x0 c:/intelfpga_lite/18.1/nios2eds/bin/gnu/h-x86_64-mingw32/bin/../lib/gcc/nios2-elf/5.3.0/../../../../../H-x86_64-mingw32/nios2-elf/lib\libc.a(lib_a-strlen.o)
 .text.strlen   0x00000000050032d8       0x98 c:/intelfpga_lite/18.1/nios2eds/bin/gnu/h-x86_64-mingw32/bin/../lib/gcc/nios2-elf/5.3.0/../../../../../H-x86_64-mingw32/nios2-elf/lib\libc.a(lib_a-strlen.o)
                0x00000000050032d8                strlen
 .text          0x0000000005003370        0x0 c:/intelfpga_lite/18.1/nios2eds/bin/gnu/h-x86_64-mingw32/bin/../lib/gcc/nios2-elf/5.3.0/../../../../../H-x86_64-mingw32/nios2-elf/lib\libc.a(lib_a-svfprintf.o)
 .text.___svfprintf_internal_r
                0x0000000005003370     0x21d8 c:/intelfpga_lite/18.1/nios2eds/bin/gnu/h-x86_64-mingw32/bin/../lib/gcc/nios2-elf/5.3.0/../../../../../H-x86_64-mingw32/nios2-elf/lib\libc.a(lib_a-svfprintf.o)
                0x0000000005003370                ___svfprintf_internal_r
 .text          0x0000000005005548        0x0 c:/intelfpga_lite/18.1/nios2eds/bin/gnu/h-x86_64-mingw32/bin/../lib/gcc/nios2-elf/5.3.0/../../../../../H-x86_64-mingw32/nios2-elf/lib\libc.a(lib_a-u_strerr.o)
 .text._user_strerror
                0x0000000005005548        0x8 c:/intelfpga_lite/18.1/nios2eds/bin/gnu/h-x86_64-mingw32/bin/../lib/gcc/nios2-elf/5.3.0/../../../../../H-x86_64-mingw32/nios2-elf/lib\libc.a(lib_a-u_strerr.o)
                0x0000000005005548                _user_strerror
 .text          0x0000000005005550        0x0 c:/intelfpga_lite/18.1/nios2eds/bin/gnu/h-x86_64-mingw32/bin/../lib/gcc/nios2-elf/5.3.0/../../../../../H-x86_64-mingw32/nios2-elf/lib\libc.a(lib_a-vfprintf.o)
 .text.___vfprintf_internal_r
                0x0000000005005550     0x21f8 c:/intelfpga_lite/18.1/nios2eds/bin/gnu/h-x86_64-mingw32/bin/../lib/gcc/nios2-elf/5.3.0/../../../../../H-x86_64-mingw32/nios2-elf/lib\libc.a(lib_a-vfprintf.o)
                0x0000000005005550                ___vfprintf_internal_r
 .text.__vfprintf_internal
                0x0000000005007748       0x1c c:/intelfpga_lite/18.1/nios2eds/bin/gnu/h-x86_64-mingw32/bin/../lib/gcc/nios2-elf/5.3.0/../../../../../H-x86_64-mingw32/nios2-elf/lib\libc.a(lib_a-vfprintf.o)
                0x0000000005007748                __vfprintf_internal
 .text.__sbprintf
                0x0000000005007764       0xbc c:/intelfpga_lite/18.1/nios2eds/bin/gnu/h-x86_64-mingw32/bin/../lib/gcc/nios2-elf/5.3.0/../../../../../H-x86_64-mingw32/nios2-elf/lib\libc.a(lib_a-vfprintf.o)
 .text          0x0000000005007820        0x0 c:/intelfpga_lite/18.1/nios2eds/bin/gnu/h-x86_64-mingw32/bin/../lib/gcc/nios2-elf/5.3.0/../../../../../H-x86_64-mingw32/nios2-elf/lib\libc.a(lib_a-wbuf.o)
 .text.__swbuf_r
                0x0000000005007820      0x140 c:/intelfpga_lite/18.1/nios2eds/bin/gnu/h-x86_64-mingw32/bin/../lib/gcc/nios2-elf/5.3.0/../../../../../H-x86_64-mingw32/nios2-elf/lib\libc.a(lib_a-wbuf.o)
                0x0000000005007820                __swbuf_r
 .text.__swbuf  0x0000000005007960       0x18 c:/intelfpga_lite/18.1/nios2eds/bin/gnu/h-x86_64-mingw32/bin/../lib/gcc/nios2-elf/5.3.0/../../../../../H-x86_64-mingw32/nios2-elf/lib\libc.a(lib_a-wbuf.o)
                0x0000000005007960                __swbuf
 .text          0x0000000005007978        0x0 c:/intelfpga_lite/18.1/nios2eds/bin/gnu/h-x86_64-mingw32/bin/../lib/gcc/nios2-elf/5.3.0/../../../../../H-x86_64-mingw32/nios2-elf/lib\libc.a(lib_a-wsetup.o)
 .text.__swsetup_r
                0x0000000005007978      0x154 c:/intelfpga_lite/18.1/nios2eds/bin/gnu/h-x86_64-mingw32/bin/../lib/gcc/nios2-elf/5.3.0/../../../../../H-x86_64-mingw32/nios2-elf/lib\libc.a(lib_a-wsetup.o)
                0x0000000005007978                __swsetup_r
 .text          0x0000000005007acc        0x0 c:/intelfpga_lite/18.1/nios2eds/bin/gnu/h-x86_64-mingw32/bin/../lib/gcc/nios2-elf/5.3.0/../../../../../H-x86_64-mingw32/nios2-elf/lib\libc.a(lib_a-dtoa.o)
 .text.quorem   0x0000000005007acc      0x200 c:/intelfpga_lite/18.1/nios2eds/bin/gnu/h-x86_64-mingw32/bin/../lib/gcc/nios2-elf/5.3.0/../../../../../H-x86_64-mingw32/nios2-elf/lib\libc.a(lib_a-dtoa.o)
 .text._dtoa_r  0x0000000005007ccc     0x1688 c:/intelfpga_lite/18.1/nios2eds/bin/gnu/h-x86_64-mingw32/bin/../lib/gcc/nios2-elf/5.3.0/../../../../../H-x86_64-mingw32/nios2-elf/lib\libc.a(lib_a-dtoa.o)
                0x0000000005007ccc                _dtoa_r
 .text          0x0000000005009354        0x0 c:/intelfpga_lite/18.1/nios2eds/bin/gnu/h-x86_64-mingw32/bin/../lib/gcc/nios2-elf/5.3.0/../../../../../H-x86_64-mingw32/nios2-elf/lib\libc.a(lib_a-fflush.o)
 .text.__sflush_r
                0x0000000005009354      0x21c c:/intelfpga_lite/18.1/nios2eds/bin/gnu/h-x86_64-mingw32/bin/../lib/gcc/nios2-elf/5.3.0/../../../../../H-x86_64-mingw32/nios2-elf/lib\libc.a(lib_a-fflush.o)
                0x0000000005009354                __sflush_r
 .text._fflush_r
                0x0000000005009570       0x5c c:/intelfpga_lite/18.1/nios2eds/bin/gnu/h-x86_64-mingw32/bin/../lib/gcc/nios2-elf/5.3.0/../../../../../H-x86_64-mingw32/nios2-elf/lib\libc.a(lib_a-fflush.o)
                0x0000000005009570                _fflush_r
 .text.fflush   0x00000000050095cc       0x30 c:/intelfpga_lite/18.1/nios2eds/bin/gnu/h-x86_64-mingw32/bin/../lib/gcc/nios2-elf/5.3.0/../../../../../H-x86_64-mingw32/nios2-elf/lib\libc.a(lib_a-fflush.o)
                0x00000000050095cc                fflush
 .text          0x00000000050095fc        0x0 c:/intelfpga_lite/18.1/nios2eds/bin/gnu/h-x86_64-mingw32/bin/../lib/gcc/nios2-elf/5.3.0/../../../../../H-x86_64-mingw32/nios2-elf/lib\libc.a(lib_a-findfp.o)
 .text.__fp_unlock
                0x00000000050095fc        0x8 c:/intelfpga_lite/18.1/nios2eds/bin/gnu/h-x86_64-mingw32/bin/../lib/gcc/nios2-elf/5.3.0/../../../../../H-x86_64-mingw32/nios2-elf/lib\libc.a(lib_a-findfp.o)
 .text._cleanup_r
                0x0000000005009604        0xc c:/intelfpga_lite/18.1/nios2eds/bin/gnu/h-x86_64-mingw32/bin/../lib/gcc/nios2-elf/5.3.0/../../../../../H-x86_64-mingw32/nios2-elf/lib\libc.a(lib_a-findfp.o)
                0x0000000005009604                _cleanup_r
 .text.__sinit.part.1
                0x0000000005009610      0x19c c:/intelfpga_lite/18.1/nios2eds/bin/gnu/h-x86_64-mingw32/bin/../lib/gcc/nios2-elf/5.3.0/../../../../../H-x86_64-mingw32/nios2-elf/lib\libc.a(lib_a-findfp.o)
 .text.__fp_lock
                0x00000000050097ac        0x8 c:/intelfpga_lite/18.1/nios2eds/bin/gnu/h-x86_64-mingw32/bin/../lib/gcc/nios2-elf/5.3.0/../../../../../H-x86_64-mingw32/nios2-elf/lib\libc.a(lib_a-findfp.o)
 .text.__sfmoreglue
                0x00000000050097b4       0x68 c:/intelfpga_lite/18.1/nios2eds/bin/gnu/h-x86_64-mingw32/bin/../lib/gcc/nios2-elf/5.3.0/../../../../../H-x86_64-mingw32/nios2-elf/lib\libc.a(lib_a-findfp.o)
                0x00000000050097b4                __sfmoreglue
 .text.__sfp    0x000000000500981c      0x118 c:/intelfpga_lite/18.1/nios2eds/bin/gnu/h-x86_64-mingw32/bin/../lib/gcc/nios2-elf/5.3.0/../../../../../H-x86_64-mingw32/nios2-elf/lib\libc.a(lib_a-findfp.o)
                0x000000000500981c                __sfp
 .text._cleanup
                0x0000000005009934       0x18 c:/intelfpga_lite/18.1/nios2eds/bin/gnu/h-x86_64-mingw32/bin/../lib/gcc/nios2-elf/5.3.0/../../../../../H-x86_64-mingw32/nios2-elf/lib\libc.a(lib_a-findfp.o)
                0x0000000005009934                _cleanup
 .text.__sinit  0x000000000500994c       0x10 c:/intelfpga_lite/18.1/nios2eds/bin/gnu/h-x86_64-mingw32/bin/../lib/gcc/nios2-elf/5.3.0/../../../../../H-x86_64-mingw32/nios2-elf/lib\libc.a(lib_a-findfp.o)
                0x000000000500994c                __sinit
 .text.__sfp_lock_acquire
                0x000000000500995c        0x4 c:/intelfpga_lite/18.1/nios2eds/bin/gnu/h-x86_64-mingw32/bin/../lib/gcc/nios2-elf/5.3.0/../../../../../H-x86_64-mingw32/nios2-elf/lib\libc.a(lib_a-findfp.o)
                0x000000000500995c                __sfp_lock_acquire
 .text.__sfp_lock_release
                0x0000000005009960        0x4 c:/intelfpga_lite/18.1/nios2eds/bin/gnu/h-x86_64-mingw32/bin/../lib/gcc/nios2-elf/5.3.0/../../../../../H-x86_64-mingw32/nios2-elf/lib\libc.a(lib_a-findfp.o)
                0x0000000005009960                __sfp_lock_release
 .text.__sinit_lock_acquire
                0x0000000005009964        0x4 c:/intelfpga_lite/18.1/nios2eds/bin/gnu/h-x86_64-mingw32/bin/../lib/gcc/nios2-elf/5.3.0/../../../../../H-x86_64-mingw32/nios2-elf/lib\libc.a(lib_a-findfp.o)
                0x0000000005009964                __sinit_lock_acquire
 .text.__sinit_lock_release
                0x0000000005009968        0x4 c:/intelfpga_lite/18.1/nios2eds/bin/gnu/h-x86_64-mingw32/bin/../lib/gcc/nios2-elf/5.3.0/../../../../../H-x86_64-mingw32/nios2-elf/lib\libc.a(lib_a-findfp.o)
                0x0000000005009968                __sinit_lock_release
 .text.__fp_lock_all
                0x000000000500996c       0x18 c:/intelfpga_lite/18.1/nios2eds/bin/gnu/h-x86_64-mingw32/bin/../lib/gcc/nios2-elf/5.3.0/../../../../../H-x86_64-mingw32/nios2-elf/lib\libc.a(lib_a-findfp.o)
                0x000000000500996c                __fp_lock_all
 .text.__fp_unlock_all
                0x0000000005009984       0x18 c:/intelfpga_lite/18.1/nios2eds/bin/gnu/h-x86_64-mingw32/bin/../lib/gcc/nios2-elf/5.3.0/../../../../../H-x86_64-mingw32/nios2-elf/lib\libc.a(lib_a-findfp.o)
                0x0000000005009984                __fp_unlock_all
 .text          0x000000000500999c        0x0 c:/intelfpga_lite/18.1/nios2eds/bin/gnu/h-x86_64-mingw32/bin/../lib/gcc/nios2-elf/5.3.0/../../../../../H-x86_64-mingw32/nios2-elf/lib\libc.a(lib_a-fputc.o)
 .text._fputc_r
                0x000000000500999c       0x44 c:/intelfpga_lite/18.1/nios2eds/bin/gnu/h-x86_64-mingw32/bin/../lib/gcc/nios2-elf/5.3.0/../../../../../H-x86_64-mingw32/nios2-elf/lib\libc.a(lib_a-fputc.o)
                0x000000000500999c                _fputc_r
 .text.fputc    0x00000000050099e0       0x5c c:/intelfpga_lite/18.1/nios2eds/bin/gnu/h-x86_64-mingw32/bin/../lib/gcc/nios2-elf/5.3.0/../../../../../H-x86_64-mingw32/nios2-elf/lib\libc.a(lib_a-fputc.o)
                0x00000000050099e0                fputc
 .text          0x0000000005009a3c        0x0 c:/intelfpga_lite/18.1/nios2eds/bin/gnu/h-x86_64-mingw32/bin/../lib/gcc/nios2-elf/5.3.0/../../../../../H-x86_64-mingw32/nios2-elf/lib\libc.a(lib_a-fputs.o)
 .text._fputs_r
                0x0000000005009a3c       0x9c c:/intelfpga_lite/18.1/nios2eds/bin/gnu/h-x86_64-mingw32/bin/../lib/gcc/nios2-elf/5.3.0/../../../../../H-x86_64-mingw32/nios2-elf/lib\libc.a(lib_a-fputs.o)
                0x0000000005009a3c                _fputs_r
 .text.fputs    0x0000000005009ad8       0x18 c:/intelfpga_lite/18.1/nios2eds/bin/gnu/h-x86_64-mingw32/bin/../lib/gcc/nios2-elf/5.3.0/../../../../../H-x86_64-mingw32/nios2-elf/lib\libc.a(lib_a-fputs.o)
                0x0000000005009ad8                fputs
 .text          0x0000000005009af0        0x0 c:/intelfpga_lite/18.1/nios2eds/bin/gnu/h-x86_64-mingw32/bin/../lib/gcc/nios2-elf/5.3.0/../../../../../H-x86_64-mingw32/nios2-elf/lib\libc.a(lib_a-freer.o)
 .text._malloc_trim_r
                0x0000000005009af0      0x124 c:/intelfpga_lite/18.1/nios2eds/bin/gnu/h-x86_64-mingw32/bin/../lib/gcc/nios2-elf/5.3.0/../../../../../H-x86_64-mingw32/nios2-elf/lib\libc.a(lib_a-freer.o)
                0x0000000005009af0                _malloc_trim_r
 .text._free_r  0x0000000005009c14      0x310 c:/intelfpga_lite/18.1/nios2eds/bin/gnu/h-x86_64-mingw32/bin/../lib/gcc/nios2-elf/5.3.0/../../../../../H-x86_64-mingw32/nios2-elf/lib\libc.a(lib_a-freer.o)
                0x0000000005009c14                _free_r
 .text          0x0000000005009f24        0x0 c:/intelfpga_lite/18.1/nios2eds/bin/gnu/h-x86_64-mingw32/bin/../lib/gcc/nios2-elf/5.3.0/../../../../../H-x86_64-mingw32/nios2-elf/lib\libc.a(lib_a-fvwrite.o)
 .text.__sfvwrite_r
                0x0000000005009f24      0x4bc c:/intelfpga_lite/18.1/nios2eds/bin/gnu/h-x86_64-mingw32/bin/../lib/gcc/nios2-elf/5.3.0/../../../../../H-x86_64-mingw32/nios2-elf/lib\libc.a(lib_a-fvwrite.o)
                0x0000000005009f24                __sfvwrite_r
 .text          0x000000000500a3e0        0x0 c:/intelfpga_lite/18.1/nios2eds/bin/gnu/h-x86_64-mingw32/bin/../lib/gcc/nios2-elf/5.3.0/../../../../../H-x86_64-mingw32/nios2-elf/lib\libc.a(lib_a-fwalk.o)
 .text._fwalk   0x000000000500a3e0       0xc4 c:/intelfpga_lite/18.1/nios2eds/bin/gnu/h-x86_64-mingw32/bin/../lib/gcc/nios2-elf/5.3.0/../../../../../H-x86_64-mingw32/nios2-elf/lib\libc.a(lib_a-fwalk.o)
                0x000000000500a3e0                _fwalk
 .text._fwalk_reent
                0x000000000500a4a4       0xc4 c:/intelfpga_lite/18.1/nios2eds/bin/gnu/h-x86_64-mingw32/bin/../lib/gcc/nios2-elf/5.3.0/../../../../../H-x86_64-mingw32/nios2-elf/lib\libc.a(lib_a-fwalk.o)
                0x000000000500a4a4                _fwalk_reent
 .text          0x000000000500a568        0x0 c:/intelfpga_lite/18.1/nios2eds/bin/gnu/h-x86_64-mingw32/bin/../lib/gcc/nios2-elf/5.3.0/../../../../../H-x86_64-mingw32/nios2-elf/lib\libc.a(lib_a-locale.o)
 .text._setlocale_r
                0x000000000500a568       0x7c c:/intelfpga_lite/18.1/nios2eds/bin/gnu/h-x86_64-mingw32/bin/../lib/gcc/nios2-elf/5.3.0/../../../../../H-x86_64-mingw32/nios2-elf/lib\libc.a(lib_a-locale.o)
                0x000000000500a568                _setlocale_r
 .text.__locale_charset
                0x000000000500a5e4        0xc c:/intelfpga_lite/18.1/nios2eds/bin/gnu/h-x86_64-mingw32/bin/../lib/gcc/nios2-elf/5.3.0/../../../../../H-x86_64-mingw32/nios2-elf/lib\libc.a(lib_a-locale.o)
                0x000000000500a5e4                __locale_charset
 .text.__locale_mb_cur_max
                0x000000000500a5f0       0x10 c:/intelfpga_lite/18.1/nios2eds/bin/gnu/h-x86_64-mingw32/bin/../lib/gcc/nios2-elf/5.3.0/../../../../../H-x86_64-mingw32/nios2-elf/lib\libc.a(lib_a-locale.o)
                0x000000000500a5f0                __locale_mb_cur_max
 .text.__locale_msgcharset
                0x000000000500a600        0xc c:/intelfpga_lite/18.1/nios2eds/bin/gnu/h-x86_64-mingw32/bin/../lib/gcc/nios2-elf/5.3.0/../../../../../H-x86_64-mingw32/nios2-elf/lib\libc.a(lib_a-locale.o)
                0x000000000500a600                __locale_msgcharset
 .text.__locale_cjk_lang
                0x000000000500a60c        0x8 c:/intelfpga_lite/18.1/nios2eds/bin/gnu/h-x86_64-mingw32/bin/../lib/gcc/nios2-elf/5.3.0/../../../../../H-x86_64-mingw32/nios2-elf/lib\libc.a(lib_a-locale.o)
                0x000000000500a60c                __locale_cjk_lang
 .text._localeconv_r
                0x000000000500a614        0xc c:/intelfpga_lite/18.1/nios2eds/bin/gnu/h-x86_64-mingw32/bin/../lib/gcc/nios2-elf/5.3.0/../../../../../H-x86_64-mingw32/nios2-elf/lib\libc.a(lib_a-locale.o)
                0x000000000500a614                _localeconv_r
 .text.setlocale
                0x000000000500a620       0x18 c:/intelfpga_lite/18.1/nios2eds/bin/gnu/h-x86_64-mingw32/bin/../lib/gcc/nios2-elf/5.3.0/../../../../../H-x86_64-mingw32/nios2-elf/lib\libc.a(lib_a-locale.o)
                0x000000000500a620                setlocale
 .text.localeconv
                0x000000000500a638        0xc c:/intelfpga_lite/18.1/nios2eds/bin/gnu/h-x86_64-mingw32/bin/../lib/gcc/nios2-elf/5.3.0/../../../../../H-x86_64-mingw32/nios2-elf/lib\libc.a(lib_a-locale.o)
                0x000000000500a638                localeconv
 .text          0x000000000500a644        0x0 c:/intelfpga_lite/18.1/nios2eds/bin/gnu/h-x86_64-mingw32/bin/../lib/gcc/nios2-elf/5.3.0/../../../../../H-x86_64-mingw32/nios2-elf/lib\libc.a(lib_a-makebuf.o)
 .text.__smakebuf_r
                0x000000000500a644      0x1bc c:/intelfpga_lite/18.1/nios2eds/bin/gnu/h-x86_64-mingw32/bin/../lib/gcc/nios2-elf/5.3.0/../../../../../H-x86_64-mingw32/nios2-elf/lib\libc.a(lib_a-makebuf.o)
                0x000000000500a644                __smakebuf_r
 .text          0x000000000500a800        0x0 c:/intelfpga_lite/18.1/nios2eds/bin/gnu/h-x86_64-mingw32/bin/../lib/gcc/nios2-elf/5.3.0/../../../../../H-x86_64-mingw32/nios2-elf/lib\libc.a(lib_a-mallocr.o)
 .text._malloc_r
                0x000000000500a800      0x80c c:/intelfpga_lite/18.1/nios2eds/bin/gnu/h-x86_64-mingw32/bin/../lib/gcc/nios2-elf/5.3.0/../../../../../H-x86_64-mingw32/nios2-elf/lib\libc.a(lib_a-mallocr.o)
                0x000000000500a800                _malloc_r
 .text          0x000000000500b00c        0x0 c:/intelfpga_lite/18.1/nios2eds/bin/gnu/h-x86_64-mingw32/bin/../lib/gcc/nios2-elf/5.3.0/../../../../../H-x86_64-mingw32/nios2-elf/lib\libc.a(lib_a-memchr.o)
 .text.memchr   0x000000000500b00c       0xe4 c:/intelfpga_lite/18.1/nios2eds/bin/gnu/h-x86_64-mingw32/bin/../lib/gcc/nios2-elf/5.3.0/../../../../../H-x86_64-mingw32/nios2-elf/lib\libc.a(lib_a-memchr.o)
                0x000000000500b00c                memchr
 .text          0x000000000500b0f0        0x0 c:/intelfpga_lite/18.1/nios2eds/bin/gnu/h-x86_64-mingw32/bin/../lib/gcc/nios2-elf/5.3.0/../../../../../H-x86_64-mingw32/nios2-elf/lib\libc.a(lib_a-mprec.o)
 .text._Balloc  0x000000000500b0f0       0xa8 c:/intelfpga_lite/18.1/nios2eds/bin/gnu/h-x86_64-mingw32/bin/../lib/gcc/nios2-elf/5.3.0/../../../../../H-x86_64-mingw32/nios2-elf/lib\libc.a(lib_a-mprec.o)
                0x000000000500b0f0                _Balloc
 .text._Bfree   0x000000000500b198       0x28 c:/intelfpga_lite/18.1/nios2eds/bin/gnu/h-x86_64-mingw32/bin/../lib/gcc/nios2-elf/5.3.0/../../../../../H-x86_64-mingw32/nios2-elf/lib\libc.a(lib_a-mprec.o)
                0x000000000500b198                _Bfree
 .text.__multadd
                0x000000000500b1c0      0x120 c:/intelfpga_lite/18.1/nios2eds/bin/gnu/h-x86_64-mingw32/bin/../lib/gcc/nios2-elf/5.3.0/../../../../../H-x86_64-mingw32/nios2-elf/lib\libc.a(lib_a-mprec.o)
                0x000000000500b1c0                __multadd
 .text.__s2b    0x000000000500b2e0      0x104 c:/intelfpga_lite/18.1/nios2eds/bin/gnu/h-x86_64-mingw32/bin/../lib/gcc/nios2-elf/5.3.0/../../../../../H-x86_64-mingw32/nios2-elf/lib\libc.a(lib_a-mprec.o)
                0x000000000500b2e0                __s2b
 .text.__hi0bits
                0x000000000500b3e4       0x68 c:/intelfpga_lite/18.1/nios2eds/bin/gnu/h-x86_64-mingw32/bin/../lib/gcc/nios2-elf/5.3.0/../../../../../H-x86_64-mingw32/nios2-elf/lib\libc.a(lib_a-mprec.o)
                0x000000000500b3e4                __hi0bits
 .text.__lo0bits
                0x000000000500b44c       0xb0 c:/intelfpga_lite/18.1/nios2eds/bin/gnu/h-x86_64-mingw32/bin/../lib/gcc/nios2-elf/5.3.0/../../../../../H-x86_64-mingw32/nios2-elf/lib\libc.a(lib_a-mprec.o)
                0x000000000500b44c                __lo0bits
 .text.__i2b    0x000000000500b4fc       0x3c c:/intelfpga_lite/18.1/nios2eds/bin/gnu/h-x86_64-mingw32/bin/../lib/gcc/nios2-elf/5.3.0/../../../../../H-x86_64-mingw32/nios2-elf/lib\libc.a(lib_a-mprec.o)
                0x000000000500b4fc                __i2b
 .text.__multiply
                0x000000000500b538      0x1f8 c:/intelfpga_lite/18.1/nios2eds/bin/gnu/h-x86_64-mingw32/bin/../lib/gcc/nios2-elf/5.3.0/../../../../../H-x86_64-mingw32/nios2-elf/lib\libc.a(lib_a-mprec.o)
                0x000000000500b538                __multiply
 .text.__pow5mult
                0x000000000500b730      0x140 c:/intelfpga_lite/18.1/nios2eds/bin/gnu/h-x86_64-mingw32/bin/../lib/gcc/nios2-elf/5.3.0/../../../../../H-x86_64-mingw32/nios2-elf/lib\libc.a(lib_a-mprec.o)
                0x000000000500b730                __pow5mult
 .text.__lshift
                0x000000000500b870      0x148 c:/intelfpga_lite/18.1/nios2eds/bin/gnu/h-x86_64-mingw32/bin/../lib/gcc/nios2-elf/5.3.0/../../../../../H-x86_64-mingw32/nios2-elf/lib\libc.a(lib_a-mprec.o)
                0x000000000500b870                __lshift
 .text.__mcmp   0x000000000500b9b8       0x60 c:/intelfpga_lite/18.1/nios2eds/bin/gnu/h-x86_64-mingw32/bin/../lib/gcc/nios2-elf/5.3.0/../../../../../H-x86_64-mingw32/nios2-elf/lib\libc.a(lib_a-mprec.o)
                0x000000000500b9b8                __mcmp
 .text.__mdiff  0x000000000500ba18      0x1fc c:/intelfpga_lite/18.1/nios2eds/bin/gnu/h-x86_64-mingw32/bin/../lib/gcc/nios2-elf/5.3.0/../../../../../H-x86_64-mingw32/nios2-elf/lib\libc.a(lib_a-mprec.o)
                0x000000000500ba18                __mdiff
 .text.__ulp    0x000000000500bc14       0x64 c:/intelfpga_lite/18.1/nios2eds/bin/gnu/h-x86_64-mingw32/bin/../lib/gcc/nios2-elf/5.3.0/../../../../../H-x86_64-mingw32/nios2-elf/lib\libc.a(lib_a-mprec.o)
                0x000000000500bc14                __ulp
 .text.__b2d    0x000000000500bc78      0x10c c:/intelfpga_lite/18.1/nios2eds/bin/gnu/h-x86_64-mingw32/bin/../lib/gcc/nios2-elf/5.3.0/../../../../../H-x86_64-mingw32/nios2-elf/lib\libc.a(lib_a-mprec.o)
                0x000000000500bc78                __b2d
 .text.__d2b    0x000000000500bd84      0x14c c:/intelfpga_lite/18.1/nios2eds/bin/gnu/h-x86_64-mingw32/bin/../lib/gcc/nios2-elf/5.3.0/../../../../../H-x86_64-mingw32/nios2-elf/lib\libc.a(lib_a-mprec.o)
                0x000000000500bd84                __d2b
 .text.__ratio  0x000000000500bed0       0xa4 c:/intelfpga_lite/18.1/nios2eds/bin/gnu/h-x86_64-mingw32/bin/../lib/gcc/nios2-elf/5.3.0/../../../../../H-x86_64-mingw32/nios2-elf/lib\libc.a(lib_a-mprec.o)
                0x000000000500bed0                __ratio
 .text._mprec_log10
                0x000000000500bf74       0x74 c:/intelfpga_lite/18.1/nios2eds/bin/gnu/h-x86_64-mingw32/bin/../lib/gcc/nios2-elf/5.3.0/../../../../../H-x86_64-mingw32/nios2-elf/lib\libc.a(lib_a-mprec.o)
                0x000000000500bf74                _mprec_log10
 .text.__copybits
                0x000000000500bfe8       0x78 c:/intelfpga_lite/18.1/nios2eds/bin/gnu/h-x86_64-mingw32/bin/../lib/gcc/nios2-elf/5.3.0/../../../../../H-x86_64-mingw32/nios2-elf/lib\libc.a(lib_a-mprec.o)
                0x000000000500bfe8                __copybits
 .text.__any_on
                0x000000000500c060       0x8c c:/intelfpga_lite/18.1/nios2eds/bin/gnu/h-x86_64-mingw32/bin/../lib/gcc/nios2-elf/5.3.0/../../../../../H-x86_64-mingw32/nios2-elf/lib\libc.a(lib_a-mprec.o)
                0x000000000500c060                __any_on
 .text          0x000000000500c0ec        0x0 c:/intelfpga_lite/18.1/nios2eds/bin/gnu/h-x86_64-mingw32/bin/../lib/gcc/nios2-elf/5.3.0/../../../../../H-x86_64-mingw32/nios2-elf/lib\libc.a(lib_a-reallocr.o)
 .text._realloc_r
                0x000000000500c0ec      0x564 c:/intelfpga_lite/18.1/nios2eds/bin/gnu/h-x86_64-mingw32/bin/../lib/gcc/nios2-elf/5.3.0/../../../../../H-x86_64-mingw32/nios2-elf/lib\libc.a(lib_a-reallocr.o)
                0x000000000500c0ec                _realloc_r
 .text          0x000000000500c650        0x0 c:/intelfpga_lite/18.1/nios2eds/bin/gnu/h-x86_64-mingw32/bin/../lib/gcc/nios2-elf/5.3.0/../../../../../H-x86_64-mingw32/nios2-elf/lib\libc.a(lib_a-refill.o)
 .text.lflush   0x000000000500c650       0x1c c:/intelfpga_lite/18.1/nios2eds/bin/gnu/h-x86_64-mingw32/bin/../lib/gcc/nios2-elf/5.3.0/../../../../../H-x86_64-mingw32/nios2-elf/lib\libc.a(lib_a-refill.o)
 .text.__srefill_r
                0x000000000500c66c      0x1d4 c:/intelfpga_lite/18.1/nios2eds/bin/gnu/h-x86_64-mingw32/bin/../lib/gcc/nios2-elf/5.3.0/../../../../../H-x86_64-mingw32/nios2-elf/lib\libc.a(lib_a-refill.o)
                0x000000000500c66c                __srefill_r
 .text          0x000000000500c840        0x0 c:/intelfpga_lite/18.1/nios2eds/bin/gnu/h-x86_64-mingw32/bin/../lib/gcc/nios2-elf/5.3.0/../../../../../H-x86_64-mingw32/nios2-elf/lib\libc.a(lib_a-s_fpclassify.o)
 .text.__fpclassifyd
                0x000000000500c840       0x74 c:/intelfpga_lite/18.1/nios2eds/bin/gnu/h-x86_64-mingw32/bin/../lib/gcc/nios2-elf/5.3.0/../../../../../H-x86_64-mingw32/nios2-elf/lib\libc.a(lib_a-s_fpclassify.o)
                0x000000000500c840                __fpclassifyd
 .text          0x000000000500c8b4        0x0 c:/intelfpga_lite/18.1/nios2eds/bin/gnu/h-x86_64-mingw32/bin/../lib/gcc/nios2-elf/5.3.0/../../../../../H-x86_64-mingw32/nios2-elf/lib\libc.a(lib_a-sbrkr.o)
 .text._sbrk_r  0x000000000500c8b4       0x54 c:/intelfpga_lite/18.1/nios2eds/bin/gnu/h-x86_64-mingw32/bin/../lib/gcc/nios2-elf/5.3.0/../../../../../H-x86_64-mingw32/nios2-elf/lib\libc.a(lib_a-sbrkr.o)
                0x000000000500c8b4                _sbrk_r
 .text          0x000000000500c908        0x0 c:/intelfpga_lite/18.1/nios2eds/bin/gnu/h-x86_64-mingw32/bin/../lib/gcc/nios2-elf/5.3.0/../../../../../H-x86_64-mingw32/nios2-elf/lib\libc.a(lib_a-stdio.o)
 .text.__sread  0x000000000500c908       0x54 c:/intelfpga_lite/18.1/nios2eds/bin/gnu/h-x86_64-mingw32/bin/../lib/gcc/nios2-elf/5.3.0/../../../../../H-x86_64-mingw32/nios2-elf/lib\libc.a(lib_a-stdio.o)
                0x000000000500c908                __sread
 .text.__seofread
                0x000000000500c95c        0x8 c:/intelfpga_lite/18.1/nios2eds/bin/gnu/h-x86_64-mingw32/bin/../lib/gcc/nios2-elf/5.3.0/../../../../../H-x86_64-mingw32/nios2-elf/lib\libc.a(lib_a-stdio.o)
                0x000000000500c95c                __seofread
 .text.__swrite
                0x000000000500c964       0x7c c:/intelfpga_lite/18.1/nios2eds/bin/gnu/h-x86_64-mingw32/bin/../lib/gcc/nios2-elf/5.3.0/../../../../../H-x86_64-mingw32/nios2-elf/lib\libc.a(lib_a-stdio.o)
                0x000000000500c964                __swrite
 .text.__sseek  0x000000000500c9e0       0x5c c:/intelfpga_lite/18.1/nios2eds/bin/gnu/h-x86_64-mingw32/bin/../lib/gcc/nios2-elf/5.3.0/../../../../../H-x86_64-mingw32/nios2-elf/lib\libc.a(lib_a-stdio.o)
                0x000000000500c9e0                __sseek
 .text.__sclose
                0x000000000500ca3c        0x8 c:/intelfpga_lite/18.1/nios2eds/bin/gnu/h-x86_64-mingw32/bin/../lib/gcc/nios2-elf/5.3.0/../../../../../H-x86_64-mingw32/nios2-elf/lib\libc.a(lib_a-stdio.o)
                0x000000000500ca3c                __sclose
 .text          0x000000000500ca44        0x0 c:/intelfpga_lite/18.1/nios2eds/bin/gnu/h-x86_64-mingw32/bin/../lib/gcc/nios2-elf/5.3.0/../../../../../H-x86_64-mingw32/nios2-elf/lib\libc.a(lib_a-strcmp.o)
 .text.strcmp   0x000000000500ca44       0xdc c:/intelfpga_lite/18.1/nios2eds/bin/gnu/h-x86_64-mingw32/bin/../lib/gcc/nios2-elf/5.3.0/../../../../../H-x86_64-mingw32/nios2-elf/lib\libc.a(lib_a-strcmp.o)
                0x000000000500ca44                strcmp
 .text          0x000000000500cb20        0x0 c:/intelfpga_lite/18.1/nios2eds/bin/gnu/h-x86_64-mingw32/bin/../lib/gcc/nios2-elf/5.3.0/../../../../../H-x86_64-mingw32/nios2-elf/lib\libc.a(lib_a-svfiprintf.o)
 .text.__ssprint_r
                0x000000000500cb20      0x1d0 c:/intelfpga_lite/18.1/nios2eds/bin/gnu/h-x86_64-mingw32/bin/../lib/gcc/nios2-elf/5.3.0/../../../../../H-x86_64-mingw32/nios2-elf/lib\libc.a(lib_a-svfiprintf.o)
                0x000000000500cb20                __ssprint_r
 .text.___svfiprintf_internal_r
                0x000000000500ccf0     0x123c c:/intelfpga_lite/18.1/nios2eds/bin/gnu/h-x86_64-mingw32/bin/../lib/gcc/nios2-elf/5.3.0/../../../../../H-x86_64-mingw32/nios2-elf/lib\libc.a(lib_a-svfiprintf.o)
                0x000000000500ccf0                ___svfiprintf_internal_r
 .text          0x000000000500df2c        0x0 c:/intelfpga_lite/18.1/nios2eds/bin/gnu/h-x86_64-mingw32/bin/../lib/gcc/nios2-elf/5.3.0/../../../../../H-x86_64-mingw32/nios2-elf/lib\libc.a(lib_a-vfiprintf.o)
 .text.__sprint_r.part.0
                0x000000000500df2c       0xfc c:/intelfpga_lite/18.1/nios2eds/bin/gnu/h-x86_64-mingw32/bin/../lib/gcc/nios2-elf/5.3.0/../../../../../H-x86_64-mingw32/nios2-elf/lib\libc.a(lib_a-vfiprintf.o)
 .text.__sprint_r
                0x000000000500e028       0x18 c:/intelfpga_lite/18.1/nios2eds/bin/gnu/h-x86_64-mingw32/bin/../lib/gcc/nios2-elf/5.3.0/../../../../../H-x86_64-mingw32/nios2-elf/lib\libc.a(lib_a-vfiprintf.o)
                0x000000000500e028                __sprint_r
 .text.___vfiprintf_internal_r
                0x000000000500e040     0x145c c:/intelfpga_lite/18.1/nios2eds/bin/gnu/h-x86_64-mingw32/bin/../lib/gcc/nios2-elf/5.3.0/../../../../../H-x86_64-mingw32/nios2-elf/lib\libc.a(lib_a-vfiprintf.o)
                0x000000000500e040                ___vfiprintf_internal_r
 .text.__vfiprintf_internal
                0x000000000500f49c       0x1c c:/intelfpga_lite/18.1/nios2eds/bin/gnu/h-x86_64-mingw32/bin/../lib/gcc/nios2-elf/5.3.0/../../../../../H-x86_64-mingw32/nios2-elf/lib\libc.a(lib_a-vfiprintf.o)
                0x000000000500f49c                __vfiprintf_internal
 .text.__sbprintf
                0x000000000500f4b8       0xbc c:/intelfpga_lite/18.1/nios2eds/bin/gnu/h-x86_64-mingw32/bin/../lib/gcc/nios2-elf/5.3.0/../../../../../H-x86_64-mingw32/nios2-elf/lib\libc.a(lib_a-vfiprintf.o)
 .text          0x000000000500f574        0x0 c:/intelfpga_lite/18.1/nios2eds/bin/gnu/h-x86_64-mingw32/bin/../lib/gcc/nios2-elf/5.3.0/../../../../../H-x86_64-mingw32/nios2-elf/lib\libc.a(lib_a-writer.o)
 .text._write_r
                0x000000000500f574       0x60 c:/intelfpga_lite/18.1/nios2eds/bin/gnu/h-x86_64-mingw32/bin/../lib/gcc/nios2-elf/5.3.0/../../../../../H-x86_64-mingw32/nios2-elf/lib\libc.a(lib_a-writer.o)
                0x000000000500f574                _write_r
 .text          0x000000000500f5d4        0x0 c:/intelfpga_lite/18.1/nios2eds/bin/gnu/h-x86_64-mingw32/bin/../lib/gcc/nios2-elf/5.3.0/../../../../../H-x86_64-mingw32/nios2-elf/lib\libc.a(closer.o)
 .text._close_r
                0x000000000500f5d4       0x54 c:/intelfpga_lite/18.1/nios2eds/bin/gnu/h-x86_64-mingw32/bin/../lib/gcc/nios2-elf/5.3.0/../../../../../H-x86_64-mingw32/nios2-elf/lib\libc.a(closer.o)
                0x000000000500f5d4                _close_r
 .text          0x000000000500f628        0x0 c:/intelfpga_lite/18.1/nios2eds/bin/gnu/h-x86_64-mingw32/bin/../lib/gcc/nios2-elf/5.3.0/../../../../../H-x86_64-mingw32/nios2-elf/lib\libc.a(lib_a-callocr.o)
 .text._calloc_r
                0x000000000500f628       0xc4 c:/intelfpga_lite/18.1/nios2eds/bin/gnu/h-x86_64-mingw32/bin/../lib/gcc/nios2-elf/5.3.0/../../../../../H-x86_64-mingw32/nios2-elf/lib\libc.a(lib_a-callocr.o)
                0x000000000500f628                _calloc_r
 .text          0x000000000500f6ec        0x0 c:/intelfpga_lite/18.1/nios2eds/bin/gnu/h-x86_64-mingw32/bin/../lib/gcc/nios2-elf/5.3.0/../../../../../H-x86_64-mingw32/nios2-elf/lib\libc.a(lib_a-fclose.o)
 .text._fclose_r
                0x000000000500f6ec       0xf0 c:/intelfpga_lite/18.1/nios2eds/bin/gnu/h-x86_64-mingw32/bin/../lib/gcc/nios2-elf/5.3.0/../../../../../H-x86_64-mingw32/nios2-elf/lib\libc.a(lib_a-fclose.o)
                0x000000000500f6ec                _fclose_r
 .text.fclose   0x000000000500f7dc       0x14 c:/intelfpga_lite/18.1/nios2eds/bin/gnu/h-x86_64-mingw32/bin/../lib/gcc/nios2-elf/5.3.0/../../../../../H-x86_64-mingw32/nios2-elf/lib\libc.a(lib_a-fclose.o)
                0x000000000500f7dc                fclose
 .text          0x000000000500f7f0        0x0 c:/intelfpga_lite/18.1/nios2eds/bin/gnu/h-x86_64-mingw32/bin/../lib/gcc/nios2-elf/5.3.0/../../../../../H-x86_64-mingw32/nios2-elf/lib\libc.a(lib_a-fputwc.o)
 .text.__fputwc
                0x000000000500f7f0      0x164 c:/intelfpga_lite/18.1/nios2eds/bin/gnu/h-x86_64-mingw32/bin/../lib/gcc/nios2-elf/5.3.0/../../../../../H-x86_64-mingw32/nios2-elf/lib\libc.a(lib_a-fputwc.o)
                0x000000000500f7f0                __fputwc
 .text._fputwc_r
                0x000000000500f954       0x24 c:/intelfpga_lite/18.1/nios2eds/bin/gnu/h-x86_64-mingw32/bin/../lib/gcc/nios2-elf/5.3.0/../../../../../H-x86_64-mingw32/nios2-elf/lib\libc.a(lib_a-fputwc.o)
                0x000000000500f954                _fputwc_r
 .text.fputwc   0x000000000500f978       0x80 c:/intelfpga_lite/18.1/nios2eds/bin/gnu/h-x86_64-mingw32/bin/../lib/gcc/nios2-elf/5.3.0/../../../../../H-x86_64-mingw32/nios2-elf/lib\libc.a(lib_a-fputwc.o)
                0x000000000500f978                fputwc
 .text          0x000000000500f9f8        0x0 c:/intelfpga_lite/18.1/nios2eds/bin/gnu/h-x86_64-mingw32/bin/../lib/gcc/nios2-elf/5.3.0/../../../../../H-x86_64-mingw32/nios2-elf/lib\libc.a(lib_a-fstatr.o)
 .text._fstat_r
                0x000000000500f9f8       0x5c c:/intelfpga_lite/18.1/nios2eds/bin/gnu/h-x86_64-mingw32/bin/../lib/gcc/nios2-elf/5.3.0/../../../../../H-x86_64-mingw32/nios2-elf/lib\libc.a(lib_a-fstatr.o)
                0x000000000500f9f8                _fstat_r
 .text          0x000000000500fa54        0x0 c:/intelfpga_lite/18.1/nios2eds/bin/gnu/h-x86_64-mingw32/bin/../lib/gcc/nios2-elf/5.3.0/../../../../../H-x86_64-mingw32/nios2-elf/lib\libc.a(lib_a-int_errno.o)
 .text          0x000000000500fa54        0x0 c:/intelfpga_lite/18.1/nios2eds/bin/gnu/h-x86_64-mingw32/bin/../lib/gcc/nios2-elf/5.3.0/../../../../../H-x86_64-mingw32/nios2-elf/lib\libc.a(lib_a-isattyr.o)
 .text._isatty_r
                0x000000000500fa54       0x54 c:/intelfpga_lite/18.1/nios2eds/bin/gnu/h-x86_64-mingw32/bin/../lib/gcc/nios2-elf/5.3.0/../../../../../H-x86_64-mingw32/nios2-elf/lib\libc.a(lib_a-isattyr.o)
                0x000000000500fa54                _isatty_r
 .text          0x000000000500faa8        0x0 c:/intelfpga_lite/18.1/nios2eds/bin/gnu/h-x86_64-mingw32/bin/../lib/gcc/nios2-elf/5.3.0/../../../../../H-x86_64-mingw32/nios2-elf/lib\libc.a(lib_a-lseekr.o)
 .text._lseek_r
                0x000000000500faa8       0x60 c:/intelfpga_lite/18.1/nios2eds/bin/gnu/h-x86_64-mingw32/bin/../lib/gcc/nios2-elf/5.3.0/../../../../../H-x86_64-mingw32/nios2-elf/lib\libc.a(lib_a-lseekr.o)
                0x000000000500faa8                _lseek_r
 .text          0x000000000500fb08        0x0 c:/intelfpga_lite/18.1/nios2eds/bin/gnu/h-x86_64-mingw32/bin/../lib/gcc/nios2-elf/5.3.0/../../../../../H-x86_64-mingw32/nios2-elf/lib\libc.a(lib_a-readr.o)
 .text._read_r  0x000000000500fb08       0x60 c:/intelfpga_lite/18.1/nios2eds/bin/gnu/h-x86_64-mingw32/bin/../lib/gcc/nios2-elf/5.3.0/../../../../../H-x86_64-mingw32/nios2-elf/lib\libc.a(lib_a-readr.o)
                0x000000000500fb08                _read_r
 .text          0x000000000500fb68        0x0 c:/intelfpga_lite/18.1/nios2eds/bin/gnu/h-x86_64-mingw32/bin/../lib/gcc/nios2-elf/5.3.0/../../../../../H-x86_64-mingw32/nios2-elf/lib\libc.a(lib_a-wcrtomb.o)
 .text._wcrtomb_r
                0x000000000500fb68       0x9c c:/intelfpga_lite/18.1/nios2eds/bin/gnu/h-x86_64-mingw32/bin/../lib/gcc/nios2-elf/5.3.0/../../../../../H-x86_64-mingw32/nios2-elf/lib\libc.a(lib_a-wcrtomb.o)
                0x000000000500fb68                _wcrtomb_r
 .text.wcrtomb  0x000000000500fc04       0xc0 c:/intelfpga_lite/18.1/nios2eds/bin/gnu/h-x86_64-mingw32/bin/../lib/gcc/nios2-elf/5.3.0/../../../../../H-x86_64-mingw32/nios2-elf/lib\libc.a(lib_a-wcrtomb.o)
                0x000000000500fc04                wcrtomb
 .text          0x000000000500fcc4        0x0 c:/intelfpga_lite/18.1/nios2eds/bin/gnu/h-x86_64-mingw32/bin/../lib/gcc/nios2-elf/5.3.0/../../../../../H-x86_64-mingw32/nios2-elf/lib\libc.a(lib_a-wctomb_r.o)
 .text.__ascii_wctomb
                0x000000000500fcc4       0x30 c:/intelfpga_lite/18.1/nios2eds/bin/gnu/h-x86_64-mingw32/bin/../lib/gcc/nios2-elf/5.3.0/../../../../../H-x86_64-mingw32/nios2-elf/lib\libc.a(lib_a-wctomb_r.o)
                0x000000000500fcc4                __ascii_wctomb
 .text._wctomb_r
                0x000000000500fcf4       0x5c c:/intelfpga_lite/18.1/nios2eds/bin/gnu/h-x86_64-mingw32/bin/../lib/gcc/nios2-elf/5.3.0/../../../../../H-x86_64-mingw32/nios2-elf/lib\libc.a(lib_a-wctomb_r.o)
                0x000000000500fcf4                _wctomb_r
 .text          0x000000000500fd50      0x578 c:/intelfpga_lite/18.1/nios2eds/bin/gnu/h-x86_64-mingw32/bin/../lib/gcc/nios2-elf/5.3.0\libgcc.a(_udivdi3.o)
                0x000000000500fd50                __udivdi3
 .text          0x00000000050102c8      0x538 c:/intelfpga_lite/18.1/nios2eds/bin/gnu/h-x86_64-mingw32/bin/../lib/gcc/nios2-elf/5.3.0\libgcc.a(_umoddi3.o)
                0x00000000050102c8                __umoddi3
 .text          0x0000000005010800      0x1b4 c:/intelfpga_lite/18.1/nios2eds/bin/gnu/h-x86_64-mingw32/bin/../lib/gcc/nios2-elf/5.3.0\libgcc.a(lib2-divmod.o)
                0x0000000005010800                __divsi3
                0x0000000005010884                __modsi3
                0x00000000050108f8                __udivsi3
                0x000000000501095c                __umodsi3
 .text          0x00000000050109b4      0x8ac c:/intelfpga_lite/18.1/nios2eds/bin/gnu/h-x86_64-mingw32/bin/../lib/gcc/nios2-elf/5.3.0\libgcc.a(adddf3.o)
                0x00000000050109b4                __adddf3
 .text          0x0000000005011260      0x8e8 c:/intelfpga_lite/18.1/nios2eds/bin/gnu/h-x86_64-mingw32/bin/../lib/gcc/nios2-elf/5.3.0\libgcc.a(divdf3.o)
                0x0000000005011260                __divdf3
 .text          0x0000000005011b48       0x88 c:/intelfpga_lite/18.1/nios2eds/bin/gnu/h-x86_64-mingw32/bin/../lib/gcc/nios2-elf/5.3.0\libgcc.a(eqdf2.o)
                0x0000000005011b48                __nedf2
                0x0000000005011b48                __eqdf2
 .text          0x0000000005011bd0       0xdc c:/intelfpga_lite/18.1/nios2eds/bin/gnu/h-x86_64-mingw32/bin/../lib/gcc/nios2-elf/5.3.0\libgcc.a(gedf2.o)
                0x0000000005011bd0                __gedf2
                0x0000000005011bd0                __gtdf2
 .text          0x0000000005011cac       0xf4 c:/intelfpga_lite/18.1/nios2eds/bin/gnu/h-x86_64-mingw32/bin/../lib/gcc/nios2-elf/5.3.0\libgcc.a(ledf2.o)
                0x0000000005011cac                __ledf2
                0x0000000005011cac                __ltdf2
 .text          0x0000000005011da0      0x718 c:/intelfpga_lite/18.1/nios2eds/bin/gnu/h-x86_64-mingw32/bin/../lib/gcc/nios2-elf/5.3.0\libgcc.a(muldf3.o)
                0x0000000005011da0                __muldf3
 .text          0x00000000050124b8      0x8fc c:/intelfpga_lite/18.1/nios2eds/bin/gnu/h-x86_64-mingw32/bin/../lib/gcc/nios2-elf/5.3.0\libgcc.a(subdf3.o)
                0x00000000050124b8                __subdf3
 .text          0x0000000005012db4       0x80 c:/intelfpga_lite/18.1/nios2eds/bin/gnu/h-x86_64-mingw32/bin/../lib/gcc/nios2-elf/5.3.0\libgcc.a(fixdfsi.o)
                0x0000000005012db4                __fixdfsi
 .text          0x0000000005012e34       0xdc c:/intelfpga_lite/18.1/nios2eds/bin/gnu/h-x86_64-mingw32/bin/../lib/gcc/nios2-elf/5.3.0\libgcc.a(floatsidf.o)
                0x0000000005012e34                __floatsidf
 .text          0x0000000005012f10       0xa8 c:/intelfpga_lite/18.1/nios2eds/bin/gnu/h-x86_64-mingw32/bin/../lib/gcc/nios2-elf/5.3.0\libgcc.a(floatunsidf.o)
                0x0000000005012f10                __floatunsidf
 .text          0x0000000005012fb8        0x0 c:/intelfpga_lite/18.1/nios2eds/bin/gnu/h-x86_64-mingw32/bin/../lib/gcc/nios2-elf/5.3.0\libgcc.a(_clz.o)
 .text          0x0000000005012fb8       0x64 c:/intelfpga_lite/18.1/nios2eds/bin/gnu/h-x86_64-mingw32/bin/../lib/gcc/nios2-elf/5.3.0\libgcc.a(_clzsi2.o)
                0x0000000005012fb8                __clzsi2
 .text          0x000000000501301c       0xec ../FPGAEncrypt_bsp/\libucosii_bsp.a(alt_fstat.o)
                0x0000000005013058                fstat
 .text          0x0000000005013108       0xe0 ../FPGAEncrypt_bsp/\libucosii_bsp.a(alt_isatty.o)
                0x0000000005013144                isatty
 .text          0x00000000050131e8      0x110 ../FPGAEncrypt_bsp/\libucosii_bsp.a(alt_lseek.o)
                0x0000000005013224                lseek
 .text          0x00000000050132f8       0xbc ../FPGAEncrypt_bsp/\libucosii_bsp.a(alt_main.o)
                0x00000000050132f8                alt_main
 .text          0x00000000050133b4       0xb0 ../FPGAEncrypt_bsp/\libucosii_bsp.a(alt_sbrk.o)
                0x00000000050133b4                sbrk
 .text          0x0000000005013464      0x124 ../FPGAEncrypt_bsp/\libucosii_bsp.a(alt_env_lock.o)
                0x0000000005013464                __env_lock
                0x0000000005013528                __env_unlock
 .text          0x0000000005013588      0x1ec ../FPGAEncrypt_bsp/\libucosii_bsp.a(alt_malloc_lock.o)
                0x0000000005013588                __malloc_lock
                0x00000000050136a8                __malloc_unlock
 .text          0x0000000005013774     0x2014 ../FPGAEncrypt_bsp/\libucosii_bsp.a(os_core.o)
                0x0000000005013774                OSEventNameGet
                0x0000000005013894                OSEventNameSet
                0x00000000050139d4                OSEventPendMulti
                0x0000000005013fe4                OSInit
                0x000000000501403c                OSIntEnter
                0x0000000005014088                OSIntExit
                0x0000000005014180                OSSchedLock
                0x000000000501420c                OSSchedUnlock
                0x00000000050142e8                OSStart
                0x0000000005014358                OSStatInit
                0x0000000005014408                OSTimeTick
                0x0000000005014628                OSVersion
                0x0000000005014648                OS_Dummy
                0x0000000005014668                OS_EventTaskRdy
                0x0000000005014800                OS_EventTaskWait
                0x0000000005014910                OS_EventTaskWaitMulti
                0x0000000005014a60                OS_EventTaskRemove
                0x0000000005014b18                OS_EventTaskRemoveMulti
                0x0000000005014c18                OS_EventWaitListInit
                0x0000000005014ff8                OS_MemClr
                0x000000000501504c                OS_MemCopy
                0x00000000050150b4                OS_Sched
                0x00000000050151f8                OS_StrCopy
                0x000000000501526c                OS_StrLen
                0x00000000050152c0                OS_TaskIdle
                0x000000000501531c                OS_TaskStat
                0x00000000050153e8                OS_TaskStatStkChk
                0x00000000050154b4                OS_TCBInit
 .text          0x0000000005015788      0x190 ../FPGAEncrypt_bsp/\libucosii_bsp.a(os_dbg.o)
                0x0000000005015788                OSDebugInit
 .text          0x0000000005015918     0x1714 ../FPGAEncrypt_bsp/\libucosii_bsp.a(os_flag.o)
                0x0000000005015918                OSFlagAccept
                0x0000000005015c20                OSFlagCreate
                0x0000000005015d28                OSFlagDel
                0x0000000005015f70                OSFlagNameGet
                0x0000000005016098                OSFlagNameSet
                0x00000000050161e4                OSFlagPend
                0x000000000501679c                OSFlagPendGetFlagsRdy
                0x00000000050167fc                OSFlagPost
                0x0000000005016b90                OSFlagQuery
                0x0000000005016db4                OS_FlagInit
                0x0000000005016f88                OS_FlagUnlink
 .text          0x000000000501702c      0x754 ../FPGAEncrypt_bsp/\libucosii_bsp.a(os_mem.o)
                0x000000000501702c                OSMemCreate
                0x0000000005017200                OSMemGet
                0x00000000050172f0                OSMemNameGet
                0x00000000050173e0                OSMemNameSet
                0x00000000050174f4                OSMemPut
                0x00000000050175cc                OSMemQuery
                0x00000000050176b4                OS_MemInit
 .text          0x0000000005017780     0x1104 ../FPGAEncrypt_bsp/\libucosii_bsp.a(os_q.o)
                0x0000000005017780                OSQAccept
                0x00000000050178c0                OSQCreate
                0x0000000005017a6c                OSQDel
                0x0000000005017cec                OSQFlush
                0x0000000005017da4                OSQPend
                0x0000000005018030                OSQPendAbort
                0x000000000501819c                OSQPost
                0x0000000005018304                OSQPostFront
                0x0000000005018474                OSQPostOpt
                0x0000000005018680                OSQQuery
                0x00000000050187dc                OS_QInit
 .text          0x0000000005018884      0xa60 ../FPGAEncrypt_bsp/\libucosii_bsp.a(os_sem.o)
                0x0000000005018884                OSSemAccept
                0x0000000005018934                OSSemCreate
                0x0000000005018a0c                OSSemDel
                0x0000000005018c4c                OSSemPend
                0x0000000005018e58                OSSemPendAbort
                0x0000000005018fc4                OSSemPost
                0x00000000050190d4                OSSemQuery
                0x00000000050191e4                OSSemSet
 .text          0x00000000050192e4     0x176c ../FPGAEncrypt_bsp/\libucosii_bsp.a(os_task.o)
                0x00000000050192e4                OSTaskChangePrio
                0x00000000050197d4                OSTaskCreate
                0x0000000005019980                OSTaskCreateExt
                0x0000000005019b64                OSTaskDel
                0x0000000005019ea8                OSTaskDelReq
                0x0000000005019ff8                OSTaskNameGet
                0x000000000501a190                OSTaskNameSet
                0x000000000501a344                OSTaskResume
                0x000000000501a518                OSTaskStkChk
                0x000000000501a6d8                OSTaskSuspend
                0x000000000501a8bc                OSTaskQuery
                0x000000000501a9e0                OS_TaskStkClr
 .text          0x000000000501aa50      0x4ec ../FPGAEncrypt_bsp/\libucosii_bsp.a(os_time.o)
                0x000000000501aa50                OSTimeDly
                0x000000000501ab54                OSTimeDlyHMSM
                0x000000000501acac                OSTimeDlyResume
                0x000000000501ae80                OSTimeGet
                0x000000000501aedc                OSTimeSet
 .text          0x000000000501af3c      0x2d8 ../FPGAEncrypt_bsp/\libucosii_bsp.a(alt_sys_init.o)
                0x000000000501af70                alt_irq_init
                0x000000000501afa8                alt_sys_init
 .text          0x000000000501b214      0x164 ../FPGAEncrypt_bsp/\libucosii_bsp.a(altera_avalon_jtag_uart_fd.o)
                0x000000000501b214                altera_avalon_jtag_uart_read_fd
                0x000000000501b274                altera_avalon_jtag_uart_write_fd
                0x000000000501b2d4                altera_avalon_jtag_uart_close_fd
                0x000000000501b324                altera_avalon_jtag_uart_ioctl_fd
 .text          0x000000000501b378      0x558 ../FPGAEncrypt_bsp/\libucosii_bsp.a(altera_avalon_jtag_uart_init.o)
                0x000000000501b378                altera_avalon_jtag_uart_init
                0x000000000501b868                altera_avalon_jtag_uart_close
 .text          0x000000000501b8d0       0xf0 ../FPGAEncrypt_bsp/\libucosii_bsp.a(altera_avalon_jtag_uart_ioctl.o)
                0x000000000501b8d0                altera_avalon_jtag_uart_ioctl
 .text          0x000000000501b9c0      0x2bc ../FPGAEncrypt_bsp/\libucosii_bsp.a(altera_avalon_jtag_uart_read.o)
                0x000000000501b9c0                altera_avalon_jtag_uart_read
 .text          0x000000000501bc7c      0x2c4 ../FPGAEncrypt_bsp/\libucosii_bsp.a(altera_avalon_jtag_uart_write.o)
                0x000000000501bc7c                altera_avalon_jtag_uart_write
 .text          0x000000000501bf40       0xf4 ../FPGAEncrypt_bsp/\libucosii_bsp.a(altera_avalon_timer_sc.o)
                0x000000000501bfb8                alt_avalon_timer_sc_init
 .text          0x000000000501c034      0xb64 ../FPGAEncrypt_bsp/\libucosii_bsp.a(altera_epcq_controller2.o)
                0x000000000501c068                alt_epcq_controller2_lock
                0x000000000501c164                alt_epcq_controller2_get_info
                0x000000000501c1f0                alt_epcq_controller2_erase_block
                0x000000000501c34c                alt_epcq_controller2_write_block
                0x000000000501c590                alt_epcq_controller2_write
                0x000000000501c778                alt_epcq_controller2_read
                0x000000000501c824                altera_epcq_controller2_init
 .text          0x000000000501cb98     0x2120 ../FPGAEncrypt_bsp/\libucosii_bsp.a(altera_msgdma.o)
                0x000000000501d830                alt_msgdma_construct_standard_st_to_mm_descriptor
                0x000000000501d888                alt_msgdma_construct_standard_mm_to_st_descriptor
                0x000000000501d8e0                alt_msgdma_construct_standard_mm_to_mm_descriptor
                0x000000000501d938                alt_msgdma_construct_extended_st_to_mm_descriptor
                0x000000000501d9c8                alt_msgdma_construct_extended_mm_to_st_descriptor
                0x000000000501da58                alt_msgdma_construct_extended_mm_to_mm_descriptor
                0x000000000501dd38                alt_msgdma_construct_prefetcher_standard_mm_to_mm_descriptor
                0x000000000501dd90                alt_msgdma_construct_prefetcher_standard_st_to_mm_descriptor
                0x000000000501dde8                alt_msgdma_construct_prefetcher_standard_mm_to_st_descriptor
                0x000000000501de40                alt_msgdma_construct_prefetcher_extended_st_to_mm_descriptor
                0x000000000501dee0                alt_msgdma_construct_prefetcher_extended_mm_to_st_descriptor
                0x000000000501df78                alt_msgdma_construct_prefetcher_extended_mm_to_mm_descriptor
                0x000000000501e030                alt_msgdma_prefetcher_add_standard_desc_to_list
                0x000000000501e120                alt_msgdma_prefetcher_add_extended_desc_to_list
                0x000000000501e2b8                alt_msgdma_prefetcher_set_std_list_own_by_hw_bits
                0x000000000501e3c4                alt_msgdma_prefetcher_set_extd_list_own_by_hw_bits
                0x000000000501e508                alt_msgdma_start_prefetcher_with_list_addr
                0x000000000501e818                alt_msgdma_start_prefetcher_with_std_desc_list
                0x000000000501e8c4                alt_msgdma_start_prefetcher_with_extd_desc_list
                0x000000000501e970                alt_msgdma_open
                0x000000000501e9c8                alt_msgdma_init
                0x000000000501eb74                alt_msgdma_register_callback
                0x000000000501ebc8                alt_msgdma_standard_descriptor_async_transfer
                0x000000000501ec04                alt_msgdma_extended_descriptor_async_transfer
                0x000000000501ec40                alt_msgdma_standard_descriptor_sync_transfer
                0x000000000501ec7c                alt_msgdma_extended_descriptor_sync_transfer
 .text          0x000000000501ecb8      0x158 ../FPGAEncrypt_bsp/\libucosii_bsp.a(altera_remote_update.o)
                0x000000000501ecb8                altera_remote_update_init
                0x000000000501ecf0                altera_remote_update_open
                0x000000000501ed3c                altera_remote_update_trigger_reconfig
 .text          0x000000000501ee10     0x1bf0 ../FPGAEncrypt_bsp/\libucosii_bsp.a(ins_tse_mac.o)
                0x000000000501ee10                altera_eth_tse_init
                0x000000000501ef60                prep_tse_mac
                0x000000000501f1b8                msgdma_reset
                0x000000000501f234                tse_mac_init
                0x000000000501fe4c                tse_msgdma_write_init
                0x000000000501ff6c                tse_mac_raw_send
                0x0000000005020134                tse_msgdmaRx_isr
                0x00000000050202e8                tse_msgdmaTx_isr
                0x0000000005020348                tse_msgdma_read_init
                0x0000000005020624                allocate_rx_descriptor_chain
                0x0000000005020768                tse_mac_rcv
                0x00000000050208bc                tse_mac_stats
                0x00000000050208fc                tse_mac_close
 .text          0x0000000005020a00       0x48 ../FPGAEncrypt_bsp/\libucosii_bsp.a(alt_iniche_close.o)
                0x0000000005020a00                close
 .text          0x0000000005020a48      0x148 ../FPGAEncrypt_bsp/\libucosii_bsp.a(alt_iniche_dev.o)
                0x0000000005020a48                iniche_devices_init
 .text          0x0000000005020b90       0x70 ../FPGAEncrypt_bsp/\libucosii_bsp.a(alt_iniche_read.o)
                0x0000000005020b90                read
 .text          0x0000000005020c00       0x68 ../FPGAEncrypt_bsp/\libucosii_bsp.a(alt_iniche_write.o)
                0x0000000005020c00                write
 .text          0x0000000005020c68      0xde4 ../FPGAEncrypt_bsp/\libucosii_bsp.a(ipnet.o)
                0x0000000005020c68                Netinit
                0x0000000005021250                fixup_subnet_mask
                0x00000000050213a8                netclose
                0x000000000502148c                pktdemux
                0x0000000005021830                c_older
                0x00000000050218c0                ip2mac
 .text          0x0000000005021a4c      0x468 ../FPGAEncrypt_bsp/\libucosii_bsp.a(ipstart.o)
                0x0000000005021a4c                ip_startup
                0x0000000005021cf0                exit_hook
                0x0000000005021d60                ip_exit
                0x0000000005021e30                if_netnumber
 .text          0x0000000005021eb4      0xf9c ../FPGAEncrypt_bsp/\libucosii_bsp.a(igmp_cmn.o)
                0x0000000005021eb4                igmp_init
                0x0000000005021f58                igmp_input
                0x0000000005022038                igmp_fasttimo
                0x00000000050221ac                igmp_send
                0x0000000005022448                igmp_joingroup
                0x000000000502269c                igmp_leavegroup
                0x000000000502271c                igmp_validate
                0x0000000005022a34                igmp_print_stats
 .text          0x0000000005022e50      0xa88 ../FPGAEncrypt_bsp/\libucosii_bsp.a(bsdsock.o)
                0x0000000005022e50                bsd_accept
                0x0000000005022f74                bsd_getpeername
                0x0000000005023098                bsd_getsockname
                0x00000000050231bc                bsd_i_sockoptlen
                0x00000000050232f8                bsd_getsockopt
                0x0000000005023404                bsd_ioctl
                0x00000000050234f8                bsd_inet_ntoa
                0x000000000502352c                bsd_recvfrom
                0x0000000005023674                bsd_select
                0x00000000050237f8                bsd_setsockopt
 .text          0x00000000050238d8       0xf8 ../FPGAEncrypt_bsp/\libucosii_bsp.a(cksum.o)
                0x00000000050238d8                ccksum
                0x000000000502397c                cksum
 .text          0x00000000050239d0      0xa50 ../FPGAEncrypt_bsp/\libucosii_bsp.a(in_utils.o)
                0x00000000050239d0                do_trap
                0x00000000050239fc                nextarg
                0x0000000005023a78                hexdump
                0x0000000005023bbc                print_ipad
                0x0000000005023c38                print_uptime
                0x0000000005023d78                panic
                0x0000000005023dc0                print_eth
                0x0000000005023f14                uslash
                0x0000000005023f90                ns_printf
                0x0000000005024100                std_out
                0x0000000005024144                con_page
                0x000000000502421c                parse_args
 .text          0x0000000005024420      0x5b4 ../FPGAEncrypt_bsp/\libucosii_bsp.a(tk_crnos.o)
                0x0000000005024420                TK_OSTimeDly
                0x0000000005024450                TK_OSTaskResume
                0x00000000050244c4                tcp_sleep
                0x0000000005024638                tcp_wakeup
                0x0000000005024730                TK_OSTaskQuery
                0x000000000502479c                tk_yield
                0x00000000050247cc                tk_stats
 .text          0x00000000050249d4      0x774 ../FPGAEncrypt_bsp/\libucosii_bsp.a(pktalloc.o)
                0x00000000050249d4                pk_init
                0x0000000005024c70                pk_alloc
                0x0000000005024d34                pk_validate
                0x0000000005024fc0                pk_free
                0x000000000502506c                pk_get_max_intrsafe_buf_len
                0x000000000502508c                dump_buf_estats
 .text          0x0000000005025148      0x268 ../FPGAEncrypt_bsp/\libucosii_bsp.a(q.o)
                0x0000000005025148                getq
                0x0000000005025200                putq
                0x00000000050252b0                qdel
 .text          0x00000000050253b0      0x194 ../FPGAEncrypt_bsp/\libucosii_bsp.a(asm_cksum.o)
                0x00000000050253b0                asm_cksum
 .text          0x0000000005025544      0x27c ../FPGAEncrypt_bsp/\libucosii_bsp.a(brdutils.o)
                0x0000000005025544                dtrap
                0x0000000005025578                kbhit
                0x000000000502560c                getch
                0x0000000005025668                clock_init
                0x00000000050256a0                clock_c
                0x00000000050256c0                cticks_hook
                0x000000000502571c                irq_Mask
                0x000000000502577c                irq_Unmask
 .text          0x00000000050257c0      0x4d0 ../FPGAEncrypt_bsp/\libucosii_bsp.a(osportco.o)
                0x00000000050257c0                LOCK_NET_RESOURCE
                0x0000000005025884                UNLOCK_NET_RESOURCE
                0x000000000502590c                TK_NEWTASK
                0x0000000005025b58                wait_app_sem
                0x0000000005025c14                post_app_sem
 .text          0x0000000005025c90      0x574 ../FPGAEncrypt_bsp/\libucosii_bsp.a(targnios.o)
                0x0000000005025c90                alt_iniche_init
                0x0000000005025e8c                pre_task_setup
                0x0000000005025ed8                post_task_setup
                0x0000000005025ef8                prep_armintcp
                0x0000000005025f30                npalloc_base
                0x000000000502603c                npfree_base
                0x000000000502611c                npalloc
                0x0000000005026150                npfree
                0x0000000005026190                ncpalloc
                0x00000000050261c4                ncpfree
 .text          0x0000000005026204     0x181c ../FPGAEncrypt_bsp/\libucosii_bsp.a(nptcp.o)
                0x0000000005026204                pffindtype
                0x0000000005026294                pffindproto
                0x0000000005026358                m_getnbuf
                0x00000000050264e0                m_free
                0x00000000050265e8                m_freem
                0x000000000502662c                m_copy
                0x0000000005026920                m_adj
                0x0000000005026ae0                mbuf_len
                0x0000000005026b34                dtom
                0x0000000005026bd0                remque
                0x0000000005026c40                insque
                0x0000000005026cbc                nptcp_init
                0x0000000005026db4                tcp_rcv
                0x0000000005026f84                ip_output
                0x0000000005027534                in_broadcast
                0x000000000502756c                np_stripoptions
                0x0000000005027660                so_icmpdu
                0x00000000050279a8                tcp_tick
 .text          0x0000000005027a20      0x970 ../FPGAEncrypt_bsp/\libucosii_bsp.a(rawsock.o)
                0x0000000005027a20                rawip_lookup
                0x0000000005027a7c                rawip_soinput
                0x0000000005027c44                rawip_usrreq
 .text          0x0000000005028390     0x1654 ../FPGAEncrypt_bsp/\libucosii_bsp.a(sockcall.o)
                0x0000000005028390                DOMAIN_CHECK
                0x00000000050283e0                t_socket
                0x0000000005028460                t_bind
                0x00000000050285c4                t_listen
                0x000000000502869c                t_accept
                0x00000000050288f0                t_connect
                0x0000000005028b5c                t_getpeername
                0x0000000005028ba0                t_getsockname
                0x0000000005028dc0                t_setsockopt
                0x0000000005028f80                t_getsockopt
                0x000000000502910c                t_recv
                0x00000000050291ec                t_recvfrom
                0x000000000502932c                t_sendto
                0x0000000005029520                t_send
                0x0000000005029724                t_shutdown
                0x00000000050297fc                t_socketclose
                0x000000000502994c                t_errno
 .text          0x00000000050299e4     0x2034 ../FPGAEncrypt_bsp/\libucosii_bsp.a(socket.o)
                0x00000000050299e4                socreate
                0x0000000005029b8c                sobind
                0x0000000005029be8                solisten
                0x0000000005029cb8                sofree
                0x0000000005029dc8                soclose
                0x000000000502a084                soabort
                0x000000000502a0d4                soaccept
                0x000000000502a16c                soconnect
                0x000000000502a224                sodisconnect
                0x000000000502a2bc                sosend
                0x000000000502a814                soreceive
                0x000000000502af60                soshutdown
                0x000000000502aff8                sorflush
                0x000000000502b0f4                sosetopt
                0x000000000502b524                sogetopt
                0x000000000502b9cc                sohasoutofband
 .text          0x000000000502ba18     0x128c ../FPGAEncrypt_bsp/\libucosii_bsp.a(socket2.o)
                0x000000000502ba18                soisconnecting
                0x000000000502ba88                soisconnected
                0x000000000502bb8c                soisdisconnecting
                0x000000000502bc24                soisdisconnected
                0x000000000502bce8                sonewconn
                0x000000000502bee8                soqinsque
                0x000000000502bf94                soqremque
                0x000000000502c09c                socantsendmore
                0x000000000502c0f4                socantrcvmore
                0x000000000502c14c                sbselqueue
                0x000000000502c188                sbwait
                0x000000000502c1f4                sbwakeup
                0x000000000502c280                soreserve
                0x000000000502c308                sbreserve
                0x000000000502c358                sbrelease
                0x000000000502c3a4                sbappend
                0x000000000502c444                sbappendrecord
                0x000000000502c51c                sbappendaddr
                0x000000000502c6f8                sbcompress
                0x000000000502c8d8                sbflush
                0x000000000502c95c                sbdrop
                0x000000000502cb14                sbdropend
                0x000000000502cc14                sbdroprecord
 .text          0x000000000502cca4      0x87c ../FPGAEncrypt_bsp/\libucosii_bsp.a(soselect.o)
                0x000000000502cca4                t_select
                0x000000000502ce74                sock_selscan
                0x000000000502cfb4                sock_select
                0x000000000502d198                in_pcbnotify
                0x000000000502d25c                tcp_notify
                0x000000000502d2dc                ifd_clr
                0x000000000502d3cc                ifd_set
                0x000000000502d444                ifd_isset
                0x000000000502d4bc                ifd_get
 .text          0x000000000502d520     0x2d80 ../FPGAEncrypt_bsp/\libucosii_bsp.a(tcp_in.o)
                0x000000000502d520                tcp_reass
                0x000000000502d930                tcp_input
                0x000000000502fc60                tcp_dooptions
                0x000000000502fde8                tcp_pulloutofband
                0x000000000502ff14                tcp_xmit_timer
                0x0000000005030160                ip4_tcpmss
                0x00000000050301a8                tcp_mss
 .text          0x00000000050302a0     0x11cc ../FPGAEncrypt_bsp/\libucosii_bsp.a(tcp_out.o)
                0x00000000050302a0                tcp_output
                0x00000000050312a4                tcp_setpersist
 .text          0x000000000503146c      0x93c ../FPGAEncrypt_bsp/\libucosii_bsp.a(tcp_subr.o)
                0x000000000503146c                tcp_init
                0x00000000050314c0                tcp_template
                0x00000000050315c8                tcp_respond
                0x00000000050319c8                tcp_newtcpcb
                0x0000000005031ad4                tcp_drop
                0x0000000005031b80                tcp_close
                0x0000000005031c70                tcp_quench
                0x0000000005031cbc                tcp_putseq
                0x0000000005031d34                tcp_getseq
 .text          0x0000000005031da8      0x750 ../FPGAEncrypt_bsp/\libucosii_bsp.a(tcp_timr.o)
                0x0000000005031da8                tcp_slowtimo
                0x0000000005032018                tcp_canceltimers
                0x0000000005032078                tcp_timers
 .text          0x00000000050324f8      0x988 ../FPGAEncrypt_bsp/\libucosii_bsp.a(tcp_usr.o)
                0x00000000050324f8                tcp_usrreq
                0x0000000005032bcc                tcp_attach
                0x0000000005032ce4                tcp_disconnect
                0x0000000005032db0                tcp_usrclosed
 .text          0x0000000005032e80       0x40 ../FPGAEncrypt_bsp/\libucosii_bsp.a(tcpport.o)
                0x0000000005032e80                tcpinit
 .text          0x0000000005032ec0      0xbb4 ../FPGAEncrypt_bsp/\libucosii_bsp.a(udpsock.o)
                0x0000000005032ec0                udp_lookup
                0x0000000005032f1c                udp_soinput
                0x00000000050330bc                udp_usrreq
                0x00000000050332f8                udp4_sockbind
                0x00000000050335cc                udp4_socksend
                0x000000000503394c                udp4_sockaddr
 .text          0x0000000005033a74      0x12c ../FPGAEncrypt_bsp/\libucosii_bsp.a(alt_alarm_start.o)
                0x0000000005033a74                alt_alarm_start
 .text          0x0000000005033ba0      0x158 ../FPGAEncrypt_bsp/\libucosii_bsp.a(alt_busy_sleep.o)
                0x0000000005033ba0                alt_busy_sleep
 .text          0x0000000005033cf8      0x10c ../FPGAEncrypt_bsp/\libucosii_bsp.a(alt_close.o)
                0x0000000005033d34                alt_close
 .text          0x0000000005033e04       0x78 ../FPGAEncrypt_bsp/\libucosii_bsp.a(alt_dcache_flush.o)
                0x0000000005033e04                alt_dcache_flush
 .text          0x0000000005033e7c       0x2c ../FPGAEncrypt_bsp/\libucosii_bsp.a(alt_dev.o)
 .text          0x0000000005033ea8       0xe0 ../FPGAEncrypt_bsp/\libucosii_bsp.a(alt_dev_llist_insert.o)
                0x0000000005033ee4                alt_dev_llist_insert
 .text          0x0000000005033f88       0x60 ../FPGAEncrypt_bsp/\libucosii_bsp.a(alt_do_ctors.o)
                0x0000000005033f88                _do_ctors
 .text          0x0000000005033fe8       0x60 ../FPGAEncrypt_bsp/\libucosii_bsp.a(alt_do_dtors.o)
                0x0000000005033fe8                _do_dtors
 .text          0x0000000005034048        0x0 ../FPGAEncrypt_bsp/\libucosii_bsp.a(alt_errno.o)
 .text          0x0000000005034048       0x90 ../FPGAEncrypt_bsp/\libucosii_bsp.a(alt_find_dev.o)
                0x0000000005034048                alt_find_dev
 .text          0x00000000050340d8       0xbc ../FPGAEncrypt_bsp/\libucosii_bsp.a(alt_flash_dev.o)
                0x00000000050340d8                alt_flash_open_dev
                0x0000000005034140                alt_flash_close_dev
 .text          0x0000000005034194      0x1b0 ../FPGAEncrypt_bsp/\libucosii_bsp.a(alt_iic.o)
                0x0000000005034194                alt_ic_isr_register
                0x00000000050341e4                alt_ic_irq_enable
                0x000000000503426c                alt_ic_irq_disable
                0x00000000050342f8                alt_ic_irq_enabled
 .text          0x0000000005034344       0xf0 ../FPGAEncrypt_bsp/\libucosii_bsp.a(alt_iic_isr_register.o)
                0x0000000005034344                alt_iic_isr_register
 .text          0x0000000005034434      0x140 ../FPGAEncrypt_bsp/\libucosii_bsp.a(alt_io_redirect.o)
                0x00000000050344f8                alt_io_redirect
 .text          0x0000000005034574        0x0 ../FPGAEncrypt_bsp/\libucosii_bsp.a(alt_irq_entry.o)
 .text          0x0000000005034574        0x0 ../FPGAEncrypt_bsp/\libucosii_bsp.a(alt_irq_handler.o)
 .text          0x0000000005034574        0x0 ../FPGAEncrypt_bsp/\libucosii_bsp.a(alt_irq_vars.o)
 .text          0x0000000005034574      0x254 ../FPGAEncrypt_bsp/\libucosii_bsp.a(alt_open.o)
                0x0000000005034674                open
 .text          0x00000000050347c8      0x22c ../FPGAEncrypt_bsp/\libucosii_bsp.a(alt_printf.o)
                0x00000000050347c8                alt_printf
 .text          0x00000000050349f4       0x3c ../FPGAEncrypt_bsp/\libucosii_bsp.a(alt_putchar.o)
                0x00000000050349f4                alt_putchar
 .text          0x0000000005034a30      0x138 ../FPGAEncrypt_bsp/\libucosii_bsp.a(alt_read.o)
                0x0000000005034a6c                alt_read
 .text          0x0000000005034b68       0x64 ../FPGAEncrypt_bsp/\libucosii_bsp.a(alt_release_fd.o)
                0x0000000005034b68                alt_release_fd
 .text          0x0000000005034bcc       0x34 ../FPGAEncrypt_bsp/\libucosii_bsp.a(alt_remap_cached.o)
                0x0000000005034bcc                alt_remap_cached
 .text          0x0000000005034c00      0x1a4 ../FPGAEncrypt_bsp/\libucosii_bsp.a(alt_tick.o)
                0x0000000005034c00                alt_alarm_stop
                0x0000000005034c9c                alt_tick
 .text          0x0000000005034da4       0x44 ../FPGAEncrypt_bsp/\libucosii_bsp.a(alt_uncached_free.o)
                0x0000000005034da4                alt_uncached_free
 .text          0x0000000005034de8       0x78 ../FPGAEncrypt_bsp/\libucosii_bsp.a(alt_uncached_malloc.o)
                0x0000000005034de8                alt_uncached_malloc
 .text          0x0000000005034e60      0x134 ../FPGAEncrypt_bsp/\libucosii_bsp.a(alt_write.o)
                0x0000000005034e9c                alt_write
 .text          0x0000000005034f94       0x24 ../FPGAEncrypt_bsp/\libucosii_bsp.a(altera_nios2_gen2_irq.o)
                0x0000000005034f94                altera_nios2_gen2_irq_init
 .text          0x0000000005034fb8       0xd0 ../FPGAEncrypt_bsp/\libucosii_bsp.a(os_cpu_a.o)
                0x0000000005034fb8                OSCtxSw
                0x0000000005034fb8                OSIntCtxSw
                0x0000000005035044                OSStartHighRdy
                0x0000000005035064                OSStartTsk
 .text          0x0000000005035088      0x294 ../FPGAEncrypt_bsp/\libucosii_bsp.a(os_cpu_c.o)
                0x0000000005035088                OSTaskStkInit
                0x00000000050351e4                OSTaskCreateHook
                0x0000000005035208                OSTaskDelHook
                0x000000000503522c                OSTaskSwHook
                0x000000000503524c                OSTaskStatHook
                0x000000000503526c                OSTimeTickHook
                0x0000000005035298                OSInitHookBegin
                0x00000000050352b8                OSInitHookEnd
                0x00000000050352d8                OSTaskIdleHook
                0x00000000050352f8                OSTCBInitHook
 .text          0x000000000503531c     0x5148 ../FPGAEncrypt_bsp/\libucosii_bsp.a(altera_avalon_tse.o)
                0x000000000503531c                no_printf
                0x000000000503534c                tse_mac_initTransInfo2
                0x00000000050353ac                tse_mac_sTxWrite
                0x0000000005035474                tse_mac_aRxRead
                0x00000000050354e4                tse_mac_aTxWrite
                0x0000000005035554                tse_mac_SwReset
                0x00000000050355dc                tse_mac_setMIImode
                0x0000000005035630                tse_mac_setGMIImode
                0x0000000005035680                alt_tse_phy_add_profile
                0x0000000005035864                alt_tse_system_add_sys
                0x0000000005036268                alt_tse_sys_enable_mdio_sharing
                0x00000000050363d0                alt_tse_mac_get_common_speed
                0x0000000005036410                alt_tse_mac_set_common_speed
                0x0000000005036458                alt_tse_get_system_index
                0x00000000050364c4                alt_tse_get_mac_group_index
                0x0000000005036538                alt_tse_get_mac_info_index
                0x00000000050365b8                alt_tse_get_mac_info
                0x0000000005036690                alt_tse_mac_set_speed
                0x0000000005036770                alt_tse_mac_set_duplex
                0x00000000050367fc                getPHYSpeed
                0x0000000005037278                alt_tse_phy_rd_mdio_addr
                0x00000000050372c0                alt_tse_phy_wr_mdio_addr
                0x0000000005037318                alt_tse_phy_wr_mdio_reg
                0x0000000005037440                alt_tse_phy_rd_mdio_reg
                0x000000000503750c                alt_tse_phy_add_profile_default
                0x00000000050377d8                alt_tse_phy_print_profile
                0x00000000050379e8                alt_tse_mac_group_init
                0x000000000503808c                alt_tse_mac_get_phy