Archive member included to satisfy reference by file (symbol)

c:/intelfpga_lite/18.1/nios2eds/bin/gnu/h-x86_64-mingw32/bin/../lib/gcc/nios2-elf/5.3.0/../../../../../H-x86_64-mingw32/nios2-elf/lib\libc.a(lib_a-atoi.o)
                              obj/default/iniche_init.o (atoi)
c:/intelfpga_lite/18.1/nios2eds/bin/gnu/h-x86_64-mingw32/bin/../lib/gcc/nios2-elf/5.3.0/../../../../../H-x86_64-mingw32/nios2-elf/lib\libc.a(lib_a-ctype_.o)
                              obj/default/network_utilities.o (__ctype_ptr__)
c:/intelfpga_lite/18.1/nios2eds/bin/gnu/h-x86_64-mingw32/bin/../lib/gcc/nios2-elf/5.3.0/../../../../../H-x86_64-mingw32/nios2-elf/lib\libc.a(lib_a-fprintf.o)
                              obj/default/alt_error_handler.o (fprintf)
c:/intelfpga_lite/18.1/nios2eds/bin/gnu/h-x86_64-mingw32/bin/../lib/gcc/nios2-elf/5.3.0/../../../../../H-x86_64-mingw32/nios2-elf/lib\libc.a(lib_a-fwrite.o)
                              obj/default/alt_error_handler.o (fwrite)
c:/intelfpga_lite/18.1/nios2eds/bin/gnu/h-x86_64-mingw32/bin/../lib/gcc/nios2-elf/5.3.0/../../../../../H-x86_64-mingw32/nios2-elf/lib\libc.a(lib_a-getc.o)
                              obj/default/network_utilities.o (getc)
c:/intelfpga_lite/18.1/nios2eds/bin/gnu/h-x86_64-mingw32/bin/../lib/gcc/nios2-elf/5.3.0/../../../../../H-x86_64-mingw32/nios2-elf/lib\libc.a(lib_a-impure.o)
                              obj/default/alt_error_handler.o (_impure_ptr)
c:/intelfpga_lite/18.1/nios2eds/bin/gnu/h-x86_64-mingw32/bin/../lib/gcc/nios2-elf/5.3.0/../../../../../H-x86_64-mingw32/nios2-elf/lib\libc.a(lib_a-memcpy.o)
                              obj/default/simple_socket_server.o (memcpy)
c:/intelfpga_lite/18.1/nios2eds/bin/gnu/h-x86_64-mingw32/bin/../lib/gcc/nios2-elf/5.3.0/../../../../../H-x86_64-mingw32/nios2-elf/lib\libc.a(lib_a-memmove.o)
                              obj/default/simple_socket_server.o (memmove)
c:/intelfpga_lite/18.1/nios2eds/bin/gnu/h-x86_64-mingw32/bin/../lib/gcc/nios2-elf/5.3.0/../../../../../H-x86_64-mingw32/nios2-elf/lib\libc.a(lib_a-memset.o)
                              obj/default/iniche_init.o (memset)
c:/intelfpga_lite/18.1/nios2eds/bin/gnu/h-x86_64-mingw32/bin/../lib/gcc/nios2-elf/5.3.0/../../../../../H-x86_64-mingw32/nios2-elf/lib\libc.a(lib_a-perror.o)
                              obj/default/alt_error_handler.o (perror)
c:/intelfpga_lite/18.1/nios2eds/bin/gnu/h-x86_64-mingw32/bin/../lib/gcc/nios2-elf/5.3.0/../../../../../H-x86_64-mingw32/nios2-elf/lib\libc.a(lib_a-printf.o)
                              obj/default/alt_error_handler.o (printf)
c:/intelfpga_lite/18.1/nios2eds/bin/gnu/h-x86_64-mingw32/bin/../lib/gcc/nios2-elf/5.3.0/../../../../../H-x86_64-mingw32/nios2-elf/lib\libc.a(lib_a-putc.o)
                              obj/default/network_utilities.o (putc)
c:/intelfpga_lite/18.1/nios2eds/bin/gnu/h-x86_64-mingw32/bin/../lib/gcc/nios2-elf/5.3.0/../../../../../H-x86_64-mingw32/nios2-elf/lib\libc.a(lib_a-putchar.o)
                              obj/default/network_utilities.o (putchar)
c:/intelfpga_lite/18.1/nios2eds/bin/gnu/h-x86_64-mingw32/bin/../lib/gcc/nios2-elf/5.3.0/../../../../../H-x86_64-mingw32/nios2-elf/lib\libc.a(lib_a-puts.o)
                              obj/default/alt_error_handler.o (puts)
c:/intelfpga_lite/18.1/nios2eds/bin/gnu/h-x86_64-mingw32/bin/../lib/gcc/nios2-elf/5.3.0/../../../../../H-x86_64-mingw32/nios2-elf/lib\libc.a(lib_a-rget.o)
                              c:/intelfpga_lite/18.1/nios2eds/bin/gnu/h-x86_64-mingw32/bin/../lib/gcc/nios2-elf/5.3.0/../../../../../H-x86_64-mingw32/nios2-elf/lib\libc.a(lib_a-getc.o) (__srget_r)
c:/intelfpga_lite/18.1/nios2eds/bin/gnu/h-x86_64-mingw32/bin/../lib/gcc/nios2-elf/5.3.0/../../../../../H-x86_64-mingw32/nios2-elf/lib\libc.a(lib_a-sprintf.o)
                              obj/default/iniche_init.o (sprintf)
c:/intelfpga_lite/18.1/nios2eds/bin/gnu/h-x86_64-mingw32/bin/../lib/gcc/nios2-elf/5.3.0/../../../../../H-x86_64-mingw32/nios2-elf/lib\libc.a(lib_a-strchr.o)
                              obj/default/simple_socket_server.o (strchr)
c:/intelfpga_lite/18.1/nios2eds/bin/gnu/h-x86_64-mingw32/bin/../lib/gcc/nios2-elf/5.3.0/../../../../../H-x86_64-mingw32/nios2-elf/lib\libc.a(lib_a-strdup.o)
                              obj/default/iniche_init.o (strdup)
c:/intelfpga_lite/18.1/nios2eds/bin/gnu/h-x86_64-mingw32/bin/../lib/gcc/nios2-elf/5.3.0/../../../../../H-x86_64-mingw32/nios2-elf/lib\libc.a(lib_a-strdup_r.o)
                              c:/intelfpga_lite/18.1/nios2eds/bin/gnu/h-x86_64-mingw32/bin/../lib/gcc/nios2-elf/5.3.0/../../../../../H-x86_64-mingw32/nios2-elf/lib\libc.a(lib_a-strdup.o) (_strdup_r)
c:/intelfpga_lite/18.1/nios2eds/bin/gnu/h-x86_64-mingw32/bin/../lib/gcc/nios2-elf/5.3.0/../../../../../H-x86_64-mingw32/nios2-elf/lib\libc.a(lib_a-strerror.o)
                              c:/intelfpga_lite/18.1/nios2eds/bin/gnu/h-x86_64-mingw32/bin/../lib/gcc/nios2-elf/5.3.0/../../../../../H-x86_64-mingw32/nios2-elf/lib\libc.a(lib_a-perror.o) (_strerror_r)
[...]
Memory Configuration

Name             Origin             Length             Attributes
ext_epcq_flash_avl_mem_BEFORE_RESET 0x0000000000000000 0x0000000000300000
reset            0x0000000000300000 0x0000000000000020
ext_epcq_flash_avl_mem 0x0000000000300020 0x00000000004fffe0
descriptor_memory 0x0000000001004000 0x0000000000002000
sll_hyperbus_controller_top_0_BEFORE_EXCEPTION 0x0000000005000000 0x0000000000000120
sll_hyperbus_controller_top_0 0x0000000005000120 0x0000000000fffee0
onchip_ram       0x0000000007000800 0x0000000000000800
*default*        0x0000000000000000 0xffffffffffffffff

Linker script and memory map

LOAD ../FPGAEncrypt_bsp//obj/HAL/src/crt0.o
LOAD obj/default/alt_error_handler.o
LOAD obj/default/iniche_init.o
LOAD obj/default/led.o
LOAD obj/default/network_utilities.o
LOAD obj/default/simple_socket_server.o
LOAD obj/default/tse_my_system.o
LOAD c:/intelfpga_lite/18.1/nios2eds/bin/gnu/h-x86_64-mingw32/bin/../lib/gcc/nios2-elf/5.3.0/../../../../../H-x86_64-mingw32/nios2-elf/lib\libstdc++.a
LOAD c:/intelfpga_lite/18.1/nios2eds/bin/gnu/h-x86_64-mingw32/bin/../lib/gcc/nios2-elf/5.3.0/../../../../../H-x86_64-mingw32/nios2-elf/lib\libm.a
LOAD c:/intelfpga_lite/18.1/nios2eds/bin/gnu/h-x86_64-mingw32/bin/../lib/gcc/nios2-elf/5.3.0\libgcc.a
START GROUP
LOAD c:/intelfpga_lite/18.1/nios2eds/bin/gnu/h-x86_64-mingw32/bin/../lib/gcc/nios2-elf/5.3.0/../../../../../H-x86_64-mingw32/nios2-elf/lib\libc.a
LOAD c:/intelfpga_lite/18.1/nios2eds/bin/gnu/h-x86_64-mingw32/bin/../lib/gcc/nios2-elf/5.3.0\libgcc.a
LOAD ../FPGAEncrypt_bsp/\libucosii_bsp.a
LOAD c:/intelfpga_lite/18.1/nios2eds/bin/gnu/h-x86_64-mingw32/bin/../lib/gcc/nios2-elf/5.3.0/../../../../../H-x86_64-mingw32/nios2-elf/lib\libm.a
END GROUP
LOAD c:/intelfpga_lite/18.1/nios2eds/bin/gnu/h-x86_64-mingw32/bin/../lib/gcc/nios2-elf/5.3.0\libgcc.a
                0x0000000000000000                __alt_mem_ext_epcq_flash_avl_mem = 0x0
                0x0000000001004000                __alt_mem_descriptor_memory = 0x1004000
                0x0000000005000000                __alt_mem_sll_hyperbus_controller_top_0 = 0x5000000
                0x0000000007000800                __alt_mem_onchip_ram = 0x7000800

.entry          0x0000000000300000        0x0
 *(.entry)
 .entry         0x0000000000300000        0x0 ../FPGAEncrypt_bsp//obj/HAL/src/crt0.o
                0x0000000000300000                __reset

.exceptions     0x0000000005000120      0x224
                [!provide]                        PROVIDE (__ram_exceptions_start, ABSOLUTE (.))
                0x0000000005000120                . = ALIGN (0x20)
 *(.irq)
 *(.exceptions.entry.label)
 .exceptions.entry.label
                0x0000000005000120        0x0 ../FPGAEncrypt_bsp/\libucosii_bsp.a(alt_irq_entry.o)
                0x0000000005000120                alt_irq_entry
 .exceptions.entry.label
                0x0000000005000120        0x0 ../FPGAEncrypt_bsp/\libucosii_bsp.a(alt_exception_entry.o)
                0x0000000005000120                alt_exception
 *(.exceptions.entry.user)
 *(.exceptions.entry.ecc_fatal)
 *(.exceptions.entry)
 .exceptions.entry
                0x0000000005000120       0x54 ../FPGAEncrypt_bsp/\libucosii_bsp.a(alt_exception_entry.o)
 *(.exceptions.irqtest.user)
 *(.exceptions.irqtest)
 .exceptions.irqtest
                0x0000000005000174       0x10 ../FPGAEncrypt_bsp/\libucosii_bsp.a(alt_irq_entry.o)
 *(.exceptions.irqhandler.user)
 *(.exceptions.irqhandler)
 .exceptions.irqhandler
                0x0000000005000184        0x4 ../FPGAEncrypt_bsp/\libucosii_bsp.a(alt_irq_entry.o)
 *(.exceptions.irqreturn.user)
 *(.exceptions.irqreturn)
 .exceptions.irqreturn
                0x0000000005000188        0x4 ../FPGAEncrypt_bsp/\libucosii_bsp.a(alt_irq_entry.o)
 *(.exceptions.notirq.label)
 .exceptions.notirq.label
                0x000000000500018c        0x0 ../FPGAEncrypt_bsp/\libucosii_bsp.a(alt_irq_entry.o)
 *(.exceptions.notirq.user)
 *(.exceptions.notirq)
 .exceptions.notirq
                0x000000000500018c        0x8 ../FPGAEncrypt_bsp/\libucosii_bsp.a(alt_exception_entry.o)
 *(.exceptions.soft.user)
 *(.exceptions.soft)
 *(.exceptions.unknown.user)
 *(.exceptions.unknown)
 .exceptions.unknown
                0x0000000005000194       0x14 ../FPGAEncrypt_bsp/\libucosii_bsp.a(alt_exception_entry.o)
 *(.exceptions.exit.label)
 .exceptions.exit.label
                0x00000000050001a8        0x0 ../FPGAEncrypt_bsp/\libucosii_bsp.a(alt_irq_entry.o)
 .exceptions.exit.label
                0x00000000050001a8        0x0 ../FPGAEncrypt_bsp/\libucosii_bsp.a(alt_exception_entry.o)
 *(.exceptions.exit.user)
 *(.exceptions.exit)
 .exceptions.exit
                0x00000000050001a8       0x54 ../FPGAEncrypt_bsp/\libucosii_bsp.a(alt_exception_entry.o)
 *(.exceptions)
 .exceptions    0x00000000050001fc       0xd4 ../FPGAEncrypt_bsp/\libucosii_bsp.a(alt_irq_handler.o)
                0x00000000050001fc                alt_irq_handler
 .exceptions    0x00000000050002d0       0x74 ../FPGAEncrypt_bsp/\libucosii_bsp.a(alt_instruction_exception_entry.o)
                0x00000000050002d0                alt_instruction_exception_entry
                [!provide]                        PROVIDE (__ram_exceptions_end, ABSOLUTE (.))
                [!provide]                        PROVIDE (__flash_exceptions_start, LOADADDR (.exceptions))

.text           0x0000000005000344    0x4cb88
                [!provide]                        PROVIDE (stext, ABSOLUTE (.))
 *(.interp)
 *(.hash)
 *(.dynsym)
 *(.dynstr)
 *(.gnu.version)
 *(.gnu.version_d)
 *(.gnu.version_r)
 *(.rel.init)
 *(.rela.init)
 *(.rel.text .rel.text.* .rel.gnu.linkonce.t.*)
 *(.rela.text .rela.text.* .rela.gnu.linkonce.t.*)
 *(.rel.fini)
 *(.rela.fini)
 *(.rel.rodata .rel.rodata.* .rel.gnu.linkonce.r.*)
 *(.rela.rodata .rela.rodata.* .rela.gnu.linkonce.r.*)
 *(.rel.data .rel.data.* .rel.gnu.linkonce.d.*)
 *(.rela.data .rela.data.* .rela.gnu.linkonce.d.*)
 *(.rel.tdata .rel.tdata.* .rel.gnu.linkonce.td.*)
 *(.rela.tdata .rela.tdata.* .rela.gnu.linkonce.td.*)
 *(.rel.tbss .rel.tbss.* .rel.gnu.linkonce.tb.*)
 *(.rela.tbss .rela.tbss.* .rela.gnu.linkonce.tb.*)
 *(.rel.ctors)
 *(.rela.ctors)
 *(.rel.dtors)
 *(.rela.dtors)
 *(.rel.got)
 *(.rela.got)
 *(.rel.sdata .rel.sdata.* .rel.gnu.linkonce.s.*)
 *(.rela.sdata .rela.sdata.* .rela.gnu.linkonce.s.*)
 *(.rel.sbss .rel.sbss.* .rel.gnu.linkonce.sb.*)
 *(.rela.sbss .rela.sbss.* .rela.gnu.linkonce.sb.*)
 *(.rel.sdata2 .rel.sdata2.* .rel.gnu.linkonce.s2.*)
 *(.rela.sdata2 .rela.sdata2.* .rela.gnu.linkonce.s2.*)
 *(.rel.sbss2 .rel.sbss2.* .rel.gnu.linkonce.sb2.*)
 *(.rela.sbss2 .rela.sbss2.* .rela.gnu.linkonce.sb2.*)
 *(.rel.bss .rel.bss.* .rel.gnu.linkonce.b.*)
 *(.rela.bss .rela.bss.* .rela.gnu.linkonce.b.*)
 *(.rel.plt)
 *(.rela.plt)
 *(.rel.dyn)
 *(.init)
 *(.plt)
 *(.text .stub .text.* .gnu.linkonce.t.*)
 .text          0x0000000005000344       0x48 ../FPGAEncrypt_bsp//obj/HAL/src/crt0.o
                0x0000000005000344                _start
 .text          0x000000000500038c      0xa60 obj/default/alt_error_handler.o
                0x000000000500038c                alt_uCOSIIErrorHandler
                0x00000000050008f0                alt_NetworkErrorHandler
                0x0000000005000b54                alt_SSSErrorHandler
 .text          0x0000000005000dec      0x748 obj/default/iniche_init.o
                0x0000000005000dec                tcp_server_send
                0x0000000005000f70                load_instructions
                0x000000000500104c                tcp_server_recv
                0x0000000005001438                main
 .text          0x0000000005001534      0x354 obj/default/led.o
                0x0000000005001534                led_bit_toggle
                0x0000000005001640                LED7SegLightshowTask
                0x00000000050016b4                LEDManagementTask
 .text          0x0000000005001888      0x450 obj/default/network_utilities.o
                0x0000000005001888                get_mac_addr
                0x00000000050018dc                get_ip_addr
                0x0000000005001938                get_serial_number
                0x0000000005001af4                generate_and_store_mac_addr
                0x0000000005001b48                generate_mac_addr
                0x0000000005001c80                get_board_mac_addr
                0x0000000005001cac                FindLastFlashSectorOffset
 .text          0x0000000005001cd8      0xa1c obj/default/simple_socket_server.o
                0x0000000005001cd8                SSSCreateOSDataStructs
                0x0000000005001d7c                SSSCreateTasks
                0x0000000005001e4c                sss_reset_connection
                0x0000000005001ebc                sss_send_menu
                0x00000000050020d8                sss_handle_accept
                0x00000000050021a0                sss_exec_command
                0x0000000005002350                sss_handle_receive
                0x0000000005002540                SSSSimpleSocketServerTask
 .text          0x00000000050026f4        0x0 obj/default/tse_my_system.o
 .text          0x00000000050026f4        0x0 c:/intelfpga_lite/18.1/nios2eds/bin/gnu/h-x86_64-mingw32/bin/../lib/gcc/nios2-elf/5.3.0/../../../../../H-x86_64-mingw32/nios2-elf/lib\libc.a(lib_a-atoi.o)
 .text.atoi     0x00000000050026f4        0xc c:/intelfpga_lite/18.1/nios2eds/bin/gnu/h-x86_64-mingw32/bin/../lib/gcc/nios2-elf/5.3.0/../../../../../H-x86_64-mingw32/nios2-elf/lib\libc.a(lib_a-atoi.o)
                0x00000000050026f4                atoi
 .text._atoi_r  0x0000000005002700        0xc c:/intelfpga_lite/18.1/nios2eds/bin/gnu/h-x86_64-mingw32/bin/../lib/gcc/nios2-elf/5.3.0/../../../../../H-x86_64-mingw32/nios2-elf/lib\libc.a(lib_a-atoi.o)
                0x0000000005002700                _atoi_r
 .text          0x000000000500270c        0x0 c:/intelfpga_lite/18.1/nios2eds/bin/gnu/h-x86_64-mingw32/bin/../lib/gcc/nios2-elf/5.3.0/../../../../../H-x86_64-mingw32/nios2-elf/lib\libc.a(lib_a-ctype_.o)
 .text          0x000000000500270c        0x0 c:/intelfpga_lite/18.1/nios2eds/bin/gnu/h-x86_64-mingw32/bin/../lib/gcc/nios2-elf/5.3.0/../../../../../H-x86_64-mingw32/nios2-elf/lib\libc.a(lib_a-fprintf.o)
 .text._fprintf_r
                0x000000000500270c       0x28 c:/intelfpga_lite/18.1/nios2eds/bin/gnu/h-x86_64-mingw32/bin/../lib/gcc/nios2-elf/5.3.0/../../../../../H-x86_64-mingw32/nios2-elf/lib\libc.a(lib_a-fprintf.o)
                0x000000000500270c                _fprintf_r
 .text.fprintf  0x0000000005002734       0x24 c:/intelfpga_lite/18.1/nios2eds/bin/gnu/h-x86_64-mingw32/bin/../lib/gcc/nios2-elf/5.3.0/../../../../../H-x86_64-mingw32/nios2-elf/lib\libc.a(lib_a-fprintf.o)
                0x0000000005002734                fprintf
 .text          0x0000000005002758        0x0 c:/intelfpga_lite/18.1/nios2eds/bin/gnu/h-x86_64-mingw32/bin/../lib/gcc/nios2-elf/5.3.0/../../../../../H-x86_64-mingw32/nios2-elf/lib\libc.a(lib_a-fwrite.o)
 .text._fwrite_r
                0x0000000005002758       0xcc c:/intelfpga_lite/18.1/nios2eds/bin/gnu/h-x86_64-mingw32/bin/../lib/gcc/nios2-elf/5.3.0/../../../../../H-x86_64-mingw32/nios2-elf/lib\libc.a(lib_a-fwrite.o)
                0x0000000005002758                _fwrite_r
 .text.fwrite   0x0000000005002824       0x34 c:/intelfpga_lite/18.1/nios2eds/bin/gnu/h-x86_64-mingw32/bin/../lib/gcc/nios2-elf/5.3.0/../../../../../H-x86_64-mingw32/nios2-elf/lib\libc.a(lib_a-fwrite.o)
                0x0000000005002824                fwrite
 .text          0x0000000005002858        0x0 c:/intelfpga_lite/18.1/nios2eds/bin/gnu/h-x86_64-mingw32/bin/../lib/gcc/nios2-elf/5.3.0/../../../../../H-x86_64-mingw32/nios2-elf/lib\libc.a(lib_a-getc.o)
 .text._getc_r  0x0000000005002858       0x70 c:/intelfpga_lite/18.1/nios2eds/bin/gnu/h-x86_64-mingw32/bin/../lib/gcc/nios2-elf/5.3.0/../../../../../H-x86_64-mingw32/nios2-elf/lib\libc.a(lib_a-getc.o)
                0x0000000005002858                _getc_r
 .text.getc     0x00000000050028c8       0x88 c:/intelfpga_lite/18.1/nios2eds/bin/gnu/h-x86_64-mingw32/bin/../lib/gcc/nios2-elf/5.3.0/../../../../../H-x86_64-mingw32/nios2-elf/lib\libc.a(lib_a-getc.o)
                0x00000000050028c8                getc
 .text          0x0000000005002950        0x0 c:/intelfpga_lite/18.1/nios2eds/bin/gnu/h-x86_64-mingw32/bin/../lib/gcc/nios2-elf/5.3.0/../../../../../H-x86_64-mingw32/nios2-elf/lib\libc.a(lib_a-impure.o)
 .text          0x0000000005002950        0x0 c:/intelfpga_lite/18.1/nios2eds/bin/gnu/h-x86_64-mingw32/bin/../lib/gcc/nios2-elf/5.3.0/../../../../../H-x86_64-mingw32/nios2-elf/lib\libc.a(lib_a-memcpy.o)
 .text.memcpy   0x0000000005002950      0x148 c:/intelfpga_lite/18.1/nios2eds/bin/gnu/h-x86_64-mingw32/bin/../lib/gcc/nios2-elf/5.3.0/../../../../../H-x86_64-mingw32/nios2-elf/lib\libc.a(lib_a-memcpy.o)
                0x0000000005002950                memcpy
 .text          0x0000000005002a98        0x0 c:/intelfpga_lite/18.1/nios2eds/bin/gnu/h-x86_64-mingw32/bin/../lib/gcc/nios2-elf/5.3.0/../../../../../H-x86_64-mingw32/nios2-elf/lib\libc.a(lib_a-memmove.o)
 .text.memmove  0x0000000005002a98      0x15c c:/intelfpga_lite/18.1/nios2eds/bin/gnu/h-x86_64-mingw32/bin/../lib/gcc/nios2-elf/5.3.0/../../../../../H-x86_64-mingw32/nios2-elf/lib\libc.a(lib_a-memmove.o)
                0x0000000005002a98                memmove
 .text          0x0000000005002bf4        0x0 c:/intelfpga_lite/18.1/nios2eds/bin/gnu/h-x86_64-mingw32/bin/../lib/gcc/nios2-elf/5.3.0/../../../../../H-x86_64-mingw32/nios2-elf/lib\libc.a(lib_a-memset.o)
 .text.memset   0x0000000005002bf4      0x128 c:/intelfpga_lite/18.1/nios2eds/bin/gnu/h-x86_64-mingw32/bin/../lib/gcc/nios2-elf/5.3.0/../../../../../H-x86_64-mingw32/nios2-elf/lib\libc.a(lib_a-memset.o)
                0x0000000005002bf4                memset
 .text          0x0000000005002d1c        0x0 c:/intelfpga_lite/18.1/nios2eds/bin/gnu/h-x86_64-mingw32/bin/../lib/gcc/nios2-elf/5.3.0/../../../../../H-x86_64-mingw32/nios2-elf/lib\libc.a(lib_a-perror.o)
 .text._perror_r
                0x0000000005002d1c       0x80 c:/intelfpga_lite/18.1/nios2eds/bin/gnu/h-x86_64-mingw32/bin/../lib/gcc/nios2-elf/5.3.0/../../../../../H-x86_64-mingw32/nios2-elf/lib\libc.a(lib_a-perror.o)
                0x0000000005002d1c                _perror_r
 .text.perror   0x0000000005002d9c       0x14 c:/intelfpga_lite/18.1/nios2eds/bin/gnu/h-x86_64-mingw32/bin/../lib/gcc/nios2-elf/5.3.0/../../../../../H-x86_64-mingw32/nios2-elf/lib\libc.a(lib_a-perror.o)
                0x0000000005002d9c                perror
 .text          0x0000000005002db0        0x0 c:/intelfpga_lite/18.1/nios2eds/bin/gnu/h-x86_64-mingw32/bin/../lib/gcc/nios2-elf/5.3.0/../../../../../H-x86_64-mingw32/nios2-elf/lib\libc.a(lib_a-printf.o)
 .text._printf_r
                0x0000000005002db0       0x30 c:/intelfpga_lite/18.1/nios2eds/bin/gnu/h-x86_64-mingw32/bin/../lib/gcc/nios2-elf/5.3.0/../../../../../H-x86_64-mingw32/nios2-elf/lib\libc.a(lib_a-printf.o)
                0x0000000005002db0                _printf_r
 .text.printf   0x0000000005002de0       0x3c c:/intelfpga_lite/18.1/nios2eds/bin/gnu/h-x86_64-mingw32/bin/../lib/gcc/nios2-elf/5.3.0/../../../../../H-x86_64-mingw32/nios2-elf/lib\libc.a(lib_a-printf.o)
                0x0000000005002de0                printf
 .text          0x0000000005002e1c        0x0 c:/intelfpga_lite/18.1/nios2eds/bin/gnu/h-x86_64-mingw32/bin/../lib/gcc/nios2-elf/5.3.0/../../../../../H-x86_64-mingw32/nios2-elf/lib\libc.a(lib_a-putc.o)
 .text._putc_r  0x0000000005002e1c       0xa0 c:/intelfpga_lite/18.1/nios2eds/bin/gnu/h-x86_64-mingw32/bin/../lib/gcc/nios2-elf/5.3.0/../../../../../H-x86_64-mingw32/nios2-elf/lib\libc.a(lib_a-putc.o)
                0x0000000005002e1c                _putc_r
 .text.putc     0x0000000005002ebc       0xc8 c:/intelfpga_lite/18.1/nios2eds/bin/gnu/h-x86_64-mingw32/bin/../lib/gcc/nios2-elf/5.3.0/../../../../../H-x86_64-mingw32/nios2-elf/lib\libc.a(lib_a-putc.o)
                0x0000000005002ebc                putc
 .text          0x0000000005002f84        0x0 c:/intelfpga_lite/18.1/nios2eds/bin/gnu/h-x86_64-mingw32/bin/../lib/gcc/nios2-elf/5.3.0/../../../../../H-x86_64-mingw32/nios2-elf/lib\libc.a(lib_a-putchar.o)
 .text._putchar_r
                0x0000000005002f84        0x8 c:/intelfpga_lite/18.1/nios2eds/bin/gnu/h-x86_64-mingw32/bin/../lib/gcc/nios2-elf/5.3.0/../../../../../H-x86_64-mingw32/nios2-elf/lib\libc.a(lib_a-putchar.o)
                0x0000000005002f84                _putchar_r
 .text.putchar  0x0000000005002f8c       0x18 c:/intelfpga_lite/18.1/nios2eds/bin/gnu/h-x86_64-mingw32/bin/../lib/gcc/nios2-elf/5.3.0/../../../../../H-x86_64-mingw32/nios2-elf/lib\libc.a(lib_a-putchar.o)
                0x0000000005002f8c                putchar
 .text          0x0000000005002fa4        0x0 c:/intelfpga_lite/18.1/nios2eds/bin/gnu/h-x86_64-mingw32/bin/../lib/gcc/nios2-elf/5.3.0/../../../../../H-x86_64-mingw32/nios2-elf/lib\libc.a(lib_a-puts.o)
 .text._puts_r  0x0000000005002fa4       0xc0 c:/intelfpga_lite/18.1/nios2eds/bin/gnu/h-x86_64-mingw32/bin/../lib/gcc/nios2-elf/5.3.0/../../../../../H-x86_64-mingw32/nios2-elf/lib\libc.a(lib_a-puts.o)
                0x0000000005002fa4                _puts_r
 .text.puts     0x0000000005003064       0x14 c:/intelfpga_lite/18.1/nios2eds/bin/gnu/h-x86_64-mingw32/bin/../lib/gcc/nios2-elf/5.3.0/../../../../../H-x86_64-mingw32/nios2-elf/lib\libc.a(lib_a-puts.o)
                0x0000000005003064                puts
 .text          0x0000000005003078        0x0 c:/intelfpga_lite/18.1/nios2eds/bin/gnu/h-x86_64-mingw32/bin/../lib/gcc/nios2-elf/5.3.0/../../../../../H-x86_64-mingw32/nios2-elf/lib\libc.a(lib_a-rget.o)
 .text.__srget_r
                0x0000000005003078       0x74 c:/intelfpga_lite/18.1/nios2eds/bin/gnu/h-x86_64-mingw32/bin/../lib/gcc/nios2-elf/5.3.0/../../../../../H-x86_64-mingw32/nios2-elf/lib\libc.a(lib_a-rget.o)
                0x0000000005003078                __srget_r
 .text.__srget  0x00000000050030ec       0x14 c:/intelfpga_lite/18.1/nios2eds/bin/gnu/h-x86_64-mingw32/bin/../lib/gcc/nios2-elf/5.3.0/../../../../../H-x86_64-mingw32/nios2-elf/lib\libc.a(lib_a-rget.o)
                0x00000000050030ec                __srget
 .text          0x0000000005003100        0x0 c:/intelfpga_lite/18.1/nios2eds/bin/gnu/h-x86_64-mingw32/bin/../lib/gcc/nios2-elf/5.3.0/../../../../../H-x86_64-mingw32/nios2-elf/lib\libc.a(lib_a-sprintf.o)
 .text._sprintf_r
                0x0000000005003100       0x58 c:/intelfpga_lite/18.1/nios2eds/bin/gnu/h-x86_64-mingw32/bin/../lib/gcc/nios2-elf/5.3.0/../../../../../H-x86_64-mingw32/nios2-elf/lib\libc.a(lib_a-sprintf.o)
                0x0000000005003100                _sprintf_r
 .text.sprintf  0x0000000005003158       0x6c c:/intelfpga_lite/18.1/nios2eds/bin/gnu/h-x86_64-mingw32/bin/../lib/gcc/nios2-elf/5.3.0/../../../../../H-x86_64-mingw32/nios2-elf/lib\libc.a(lib_a-sprintf.o)
                0x0000000005003158                sprintf
 .text          0x00000000050031c4        0x0 c:/intelfpga_lite/18.1/nios2eds/bin/gnu/h-x86_64-mingw32/bin/../lib/gcc/nios2-elf/5.3.0/../../../../../H-x86_64-mingw32/nios2-elf/lib\libc.a(lib_a-strchr.o)
 .text.strchr   0x00000000050031c4      0x164 c:/intelfpga_lite/18.1/nios2eds/bin/gnu/h-x86_64-mingw32/bin/../lib/gcc/nios2-elf/5.3.0/../../../../../H-x86_64-mingw32/nios2-elf/lib\libc.a(lib_a-strchr.o)
                0x00000000050031c4                strchr
 .text          0x0000000005003328        0x0 c:/intelfpga_lite/18.1/nios2eds/bin/gnu/h-x86_64-mingw32/bin/../lib/gcc/nios2-elf/5.3.0/../../../../../H-x86_64-mingw32/nios2-elf/lib\libc.a(lib_a-strdup.o)
 .text.strdup   0x0000000005003328       0x14 c:/intelfpga_lite/18.1/nios2eds/bin/gnu/h-x86_64-mingw32/bin/../lib/gcc/nios2-elf/5.3.0/../../../../../H-x86_64-mingw32/nios2-elf/lib\libc.a(lib_a-strdup.o)
                0x0000000005003328                strdup
 .text          0x000000000500333c        0x0 c:/intelfpga_lite/18.1/nios2eds/bin/gnu/h-x86_64-mingw32/bin/../lib/gcc/nios2-elf/5.3.0/../../../../../H-x86_64-mingw32/nios2-elf/lib\libc.a(lib_a-strdup_r.o)
 .text._strdup_r
                0x000000000500333c       0x68 c:/intelfpga_lite/18.1/nios2eds/bin/gnu/h-x86_64-mingw32/bin/../lib/gcc/nios2-elf/5.3.0/../../../../../H-x86_64-mingw32/nios2-elf/lib\libc.a(lib_a-strdup_r.o)
                0x000000000500333c                _strdup_r
 .text          0x00000000050033a4        0x0 c:/intelfpga_lite/18.1/nios2eds/bin/gnu/h-x86_64-mingw32/bin/../lib/gcc/nios2-elf/5.3.0/../../../../../H-x86_64-mingw32/nios2-elf/lib\libc.a(lib_a-strerror.o)
 .text._strerror_r
                0x00000000050033a4      0x65c c:/intelfpga_lite/18.1/nios2eds/bin/gnu/h-x86_64-mingw32/bin/../lib/gcc/nios2-elf/5.3.0/../../../../../H-x86_64-mingw32/nios2-elf/lib\libc.a(lib_a-strerror.o)
                0x00000000050033a4                _strerror_r
 .text.strerror
                0x0000000005003a00       0x1c c:/intelfpga_lite/18.1/nios2eds/bin/gnu/h-x86_64-mingw32/bin/../lib/gcc/nios2-elf/5.3.0/../../../../../H-x86_64-mingw32/nios2-elf/lib\libc.a(lib_a-strerror.o)
                0x0000000005003a00                strerror
 .text          0x0000000005003a1c        0x0 c:/intelfpga_lite/18.1/nios2eds/bin/gnu/h-x86_64-mingw32/bin/../lib/gcc/nios2-elf/5.3.0/../../../../../H-x86_64-mingw32/nios2-elf/lib\libc.a(lib_a-strlen.o)
 .text.strlen   0x0000000005003a1c       0x98 c:/intelfpga_lite/18.1/nios2eds/bin/gnu/h-x86_64-mingw32/bin/../lib/gcc/nios2-elf/5.3.0/../../../../../H-x86_64-mingw32/nios2-elf/lib\libc.a(lib_a-strlen.o)
                0x0000000005003a1c                strlen
 .text          0x0000000005003ab4        0x0 c:/intelfpga_lite/18.1/nios2eds/bin/gnu/h-x86_64-mingw32/bin/../lib/gcc/nios2-elf/5.3.0/../../../../../H-x86_64-mingw32/nios2-elf/lib\libc.a(lib_a-strtok.o)
 .text.strtok   0x0000000005003ab4       0x18 c:/intelfpga_lite/18.1/nios2eds/bin/gnu/h-x86_64-mingw32/bin/../lib/gcc/nios2-elf/5.3.0/../../../../../H-x86_64-mingw32/nios2-elf/lib\libc.a(lib_a-strtok.o)
                0x0000000005003ab4                strtok
 .text          0x0000000005003acc        0x0 c:/intelfpga_lite/18.1/nios2eds/bin/gnu/h-x86_64-mingw32/bin/../lib/gcc/nios2-elf/5.3.0/../../../../../H-x86_64-mingw32/nios2-elf/lib\libc.a(lib_a-strtok_r.o)
 .text.__strtok_r
                0x0000000005003acc       0x9c c:/intelfpga_lite/18.1/nios2eds/bin/gnu/h-x86_64-mingw32/bin/../lib/gcc/nios2-elf/5.3.0/../../../../../H-x86_64-mingw32/nios2-elf/lib\libc.a(lib_a-strtok_r.o)
                0x0000000005003acc                __strtok_r
 .text.strtok_r
                0x0000000005003b68        0x8 c:/intelfpga_lite/18.1/nios2eds/bin/gnu/h-x86_64-mingw32/bin/../lib/gcc/nios2-elf/5.3.0/../../../../../H-x86_64-mingw32/nios2-elf/lib\libc.a(lib_a-strtok_r.o)
                0x0000000005003b68                strtok_r
 .text          0x0000000005003b70        0x0 c:/intelfpga_lite/18.1/nios2eds/bin/gnu/h-x86_64-mingw32/bin/../lib/gcc/nios2-elf/5.3.0/../../../../../H-x86_64-mingw32/nios2-elf/lib\libc.a(lib_a-strtol.o)
 .text._strtol_r
                0x0000000005003b70      0x238 c:/intelfpga_lite/18.1/nios2eds/bin/gnu/h-x86_64-mingw32/bin/../lib/gcc/nios2-elf/5.3.0/../../../../../H-x86_64-mingw32/nios2-elf/lib\libc.a(lib_a-strtol.o)
                0x0000000005003b70                _strtol_r
 .text.strtol   0x0000000005003da8       0x1c c:/intelfpga_lite/18.1/nios2eds/bin/gnu/h-x86_64-mingw32/bin/../lib/gcc/nios2-elf/5.3.0/../../../../../H-x86_64-mingw32/nios2-elf/lib\libc.a(lib_a-strtol.o)
                0x0000000005003da8                strtol
 .text          0x0000000005003dc4        0x0 c:/intelfpga_lite/18.1/nios2eds/bin/gnu/h-x86_64-mingw32/bin/../lib/gcc/nios2-elf/5.3.0/../../../../../H-x86_64-mingw32/nios2-elf/lib\libc.a(lib_a-svfprintf.o)
 .text.___svfprintf_internal_r
                0x0000000005003dc4     0x21d8 c:/intelfpga_lite/18.1/nios2eds/bin/gnu/h-x86_64-mingw32/bin/../lib/gcc/nios2-elf/5.3.0/../../../../../H-x86_64-mingw32/nios2-elf/lib\libc.a(lib_a-svfprintf.o)
                0x0000000005003dc4                ___svfprintf_internal_r
 .text          0x0000000005005f9c        0x0 c:/intelfpga_lite/18.1/nios2eds/bin/gnu/h-x86_64-mingw32/bin/../lib/gcc/nios2-elf/5.3.0/../../../../../H-x86_64-mingw32/nios2-elf/lib\libc.a(lib_a-u_strerr.o)
 .text._user_strerror
                0x0000000005005f9c        0x8 c:/intelfpga_lite/18.1/nios2eds/bin/gnu/h-x86_64-mingw32/bin/../lib/gcc/nios2-elf/5.3.0/../../../../../H-x86_64-mingw32/nios2-elf/lib\libc.a(lib_a-u_strerr.o)
                0x0000000005005f9c                _user_strerror
 .text          0x0000000005005fa4        0x0 c:/intelfpga_lite/18.1/nios2eds/bin/gnu/h-x86_64-mingw32/bin/../lib/gcc/nios2-elf/5.3.0/../../../../../H-x86_64-mingw32/nios2-elf/lib\libc.a(lib_a-vfprintf.o)
 .text.___vfprintf_internal_r
                0x0000000005005fa4     0x21f8 c:/intelfpga_lite/18.1/nios2eds/bin/gnu/h-x86_64-mingw32/bin/../lib/gcc/nios2-elf/5.3.0/../../../../../H-x86_64-mingw32/nios2-elf/lib\libc.a(lib_a-vfprintf.o)
                0x0000000005005fa4                ___vfprintf_internal_r
 .text.__vfprintf_internal
                0x000000000500819c       0x1c c:/intelfpga_lite/18.1/nios2eds/bin/gnu/h-x86_64-mingw32/bin/../lib/gcc/nios2-elf/5.3.0/../../../../../H-x86_64-mingw32/nios2-elf/lib\libc.a(lib_a-vfprintf.o)
                0x000000000500819c                __vfprintf_internal
 .text.__sbprintf
                0x00000000050081b8       0xbc c:/intelfpga_lite/18.1/nios2eds/bin/gnu/h-x86_64-mingw32/bin/../lib/gcc/nios2-elf/5.3.0/../../../../../H-x86_64-mingw32/nios2-elf/lib\libc.a(lib_a-vfprintf.o)
 .text          0x0000000005008274        0x0 c:/intelfpga_lite/18.1/nios2eds/bin/gnu/h-x86_64-mingw32/bin/../lib/gcc/nios2-elf/5.3.0/../../../../../H-x86_64-mingw32/nios2-elf/lib\libc.a(lib_a-wbuf.o)
 .text.__swbuf_r
                0x0000000005008274      0x140 c:/intelfpga_lite/18.1/nios2eds/bin/gnu/h-x86_64-mingw32/bin/../lib/gcc/nios2-elf/5.3.0/../../../../../H-x86_64-mingw32/nios2-elf/lib\libc.a(lib_a-wbuf.o)
                0x0000000005008274                __swbuf_r
 .text.__swbuf  0x00000000050083b4       0x18 c:/intelfpga_lite/18.1/nios2eds/bin/gnu/h-x86_64-mingw32/bin/../lib/gcc/nios2-elf/5.3.0/../../../../../H-x86_64-mingw32/nios2-elf/lib\libc.a(lib_a-wbuf.o)
                0x00000000050083b4                __swbuf
 .text          0x00000000050083cc        0x0 c:/intelfpga_lite/18.1/nios2eds/bin/gnu/h-x86_64-mingw32/bin/../lib/gcc/nios2-elf/5.3.0/../../../../../H-x86_64-mingw32/nios2-elf/lib\libc.a(lib_a-wsetup.o)
 .text.__swsetup_r
                0x00000000050083cc      0x154 c:/intelfpga_lite/18.1/nios2eds/bin/gnu/h-x86_64-mingw32/bin/../lib/gcc/nios2-elf/5.3.0/../../../../../H-x86_64-mingw32/nios2-elf/lib\libc.a(lib_a-wsetup.o)
                0x00000000050083cc                __swsetup_r
 .text          0x0000000005008520        0x0 c:/intelfpga_lite/18.1/nios2eds/bin/gnu/h-x86_64-mingw32/bin/../lib/gcc/nios2-elf/5.3.0/../../../../../H-x86_64-mingw32/nios2-elf/lib\libc.a(lib_a-dtoa.o)
 .text.quorem   0x0000000005008520      0x200 c:/intelfpga_lite/18.1/nios2eds/bin/gnu/h-x86_64-mingw32/bin/../lib/gcc/nios2-elf/5.3.0/../../../../../H-x86_64-mingw32/nios2-elf/lib\libc.a(lib_a-dtoa.o)
 .text._dtoa_r  0x0000000005008720     0x1688 c:/intelfpga_lite/18.1/nios2eds/bin/gnu/h-x86_64-mingw32/bin/../lib/gcc/nios2-elf/5.3.0/../../../../../H-x86_64-mingw32/nios2-elf/lib\libc.a(lib_a-dtoa.o)
                0x0000000005008720                _dtoa_r
 .text          0x0000000005009da8        0x0 c:/intelfpga_lite/18.1/nios2eds/bin/gnu/h-x86_64-mingw32/bin/../lib/gcc/nios2-elf/5.3.0/../../../../../H-x86_64-mingw32/nios2-elf/lib\libc.a(lib_a-fflush.o)
 .text.__sflush_r
                0x0000000005009da8      0x21c c:/intelfpga_lite/18.1/nios2eds/bin/gnu/h-x86_64-mingw32/bin/../lib/gcc/nios2-elf/5.3.0/../../../../../H-x86_64-mingw32/nios2-elf/lib\libc.a(lib_a-fflush.o)
                0x0000000005009da8                __sflush_r
 .text._fflush_r
                0x0000000005009fc4       0x5c c:/intelfpga_lite/18.1/nios2eds/bin/gnu/h-x86_64-mingw32/bin/../lib/gcc/nios2-elf/5.3.0/../../../../../H-x86_64-mingw32/nios2-elf/lib\libc.a(lib_a-fflush.o)
                0x0000000005009fc4                _fflush_r
 .text.fflush   0x000000000500a020       0x30 c:/intelfpga_lite/18.1/nios2eds/bin/gnu/h-x86_64-mingw32/bin/../lib/gcc/nios2-elf/5.3.0/../../../../../H-x86_64-mingw32/nios2-elf/lib\libc.a(lib_a-fflush.o)
                0x000000000500a020                fflush
 .text          0x000000000500a050        0x0 c:/intelfpga_lite/18.1/nios2eds/bin/gnu/h-x86_64-mingw32/bin/../lib/gcc/nios2-elf/5.3.0/../../../../../H-x86_64-mingw32/nios2-elf/lib\libc.a(lib_a-findfp.o)
 .text.__fp_unlock
                0x000000000500a050        0x8 c:/intelfpga_lite/18.1/nios2eds/bin/gnu/h-x86_64-mingw32/bin/../lib/gcc/nios2-elf/5.3.0/../../../../../H-x86_64-mingw32/nios2-elf/lib\libc.a(lib_a-findfp.o)
 .text._cleanup_r
                0x000000000500a058        0xc c:/intelfpga_lite/18.1/nios2eds/bin/gnu/h-x86_64-mingw32/bin/../lib/gcc/nios2-elf/5.3.0/../../../../../H-x86_64-mingw32/nios2-elf/lib\libc.a(lib_a-findfp.o)
                0x000000000500a058                _cleanup_r
 .text.__sinit.part.1
                0x000000000500a064      0x19c c:/intelfpga_lite/18.1/nios2eds/bin/gnu/h-x86_64-mingw32/bin/../lib/gcc/nios2-elf/5.3.0/../../../../../H-x86_64-mingw32/nios2-elf/lib\libc.a(lib_a-findfp.o)
 .text.__fp_lock
                0x000000000500a200        0x8 c:/intelfpga_lite/18.1/nios2eds/bin/gnu/h-x86_64-mingw32/bin/../lib/gcc/nios2-elf/5.3.0/../../../../../H-x86_64-mingw32/nios2-elf/lib\libc.a(lib_a-findfp.o)
 .text.__sfmoreglue
                0x000000000500a208       0x68 c:/intelfpga_lite/18.1/nios2eds/bin/gnu/h-x86_64-mingw32/bin/../lib/gcc/nios2-elf/5.3.0/../../../../../H-x86_64-mingw32/nios2-elf/lib\libc.a(lib_a-findfp.o)
                0x000000000500a208                __sfmoreglue
 .text.__sfp    0x000000000500a270      0x118 c:/intelfpga_lite/18.1/nios2eds/bin/gnu/h-x86_64-mingw32/bin/../lib/gcc/nios2-elf/5.3.0/../../../../../H-x86_64-mingw32/nios2-elf/lib\libc.a(lib_a-findfp.o)
                0x000000000500a270                __sfp
 .text._cleanup
                0x000000000500a388       0x18 c:/intelfpga_lite/18.1/nios2eds/bin/gnu/h-x86_64-mingw32/bin/../lib/gcc/nios2-elf/5.3.0/../../../../../H-x86_64-mingw32/nios2-elf/lib\libc.a(lib_a-findfp.o)
                0x000000000500a388                _cleanup
 .text.__sinit  0x000000000500a3a0       0x10 c:/intelfpga_lite/18.1/nios2eds/bin/gnu/h-x86_64-mingw32/bin/../lib/gcc/nios2-elf/5.3.0/../../../../../H-x86_64-mingw32/nios2-elf/lib\libc.a(lib_a-findfp.o)
                0x000000000500a3a0                __sinit
 .text.__sfp_lock_acquire
                0x000000000500a3b0        0x4 c:/intelfpga_lite/18.1/nios2eds/bin/gnu/h-x86_64-mingw32/bin/../lib/gcc/nios2-elf/5.3.0/../../../../../H-x86_64-mingw32/nios2-elf/lib\libc.a(lib_a-findfp.o)
                0x000000000500a3b0                __sfp_lock_acquire
 .text.__sfp_lock_release
                0x000000000500a3b4        0x4 c:/intelfpga_lite/18.1/nios2eds/bin/gnu/h-x86_64-mingw32/bin/../lib/gcc/nios2-elf/5.3.0/../../../../../H-x86_64-mingw32/nios2-elf/lib\libc.a(lib_a-findfp.o)
                0x000000000500a3b4                __sfp_lock_release
 .text.__sinit_lock_acquire
                0x000000000500a3b8        0x4 c:/intelfpga_lite/18.1/nios2eds/bin/gnu/h-x86_64-mingw32/bin/../lib/gcc/nios2-elf/5.3.0/../../../../../H-x86_64-mingw32/nios2-elf/lib\libc.a(lib_a-findfp.o)
                0x000000000500a3b8                __sinit_lock_acquire
 .text.__sinit_lock_release
                0x000000000500a3bc        0x4 c:/intelfpga_lite/18.1/nios2eds/bin/gnu/h-x86_64-mingw32/bin/../lib/gcc/nios2-elf/5.3.0/../../../../../H-x86_64-mingw32/nios2-elf/lib\libc.a(lib_a-findfp.o)
                0x000000000500a3bc                __sinit_lock_release
 .text.__fp_lock_all
                0x000000000500a3c0       0x18 c:/intelfpga_lite/18.1/nios2eds/bin/gnu/h-x86_64-mingw32/bin/../lib/gcc/nios2-elf/5.3.0/../../../../../H-x86_64-mingw32/nios2-elf/lib\libc.a(lib_a-findfp.o)
                0x000000000500a3c0                __fp_lock_all
 .text.__fp_unlock_all
                0x000000000500a3d8       0x18 c:/intelfpga_lite/18.1/nios2eds/bin/gnu/h-x86_64-mingw32/bin/../lib/gcc/nios2-elf/5.3.0/../../../../../H-x86_64-mingw32/nios2-elf/lib\libc.a(lib_a-findfp.o)
                0x000000000500a3d8                __fp_unlock_all
 .text          0x000000000500a3f0        0x0 c:/intelfpga_lite/18.1/nios2eds/bin/gnu/h-x86_64-mingw32/bin/../lib/gcc/nios2-elf/5.3.0/../../../../../H-x86_64-mingw32/nios2-elf/lib\libc.a(lib_a-fputc.o)
 .text._fputc_r
                0x000000000500a3f0       0x44 c:/intelfpga_lite/18.1/nios2eds/bin/gnu/h-x86_64-mingw32/bin/../lib/gcc/nios2-elf/5.3.0/../../../../../H-x86_64-mingw32/nios2-elf/lib\libc.a(lib_a-fputc.o)
                0x000000000500a3f0                _fputc_r
 .text.fputc    0x000000000500a434       0x5c c:/intelfpga_lite/18.1/nios2eds/bin/gnu/h-x86_64-mingw32/bin/../lib/gcc/nios2-elf/5.3.0/../../../../../H-x86_64-mingw32/nios2-elf/lib\libc.a(lib_a-fputc.o)
                0x000000000500a434                fputc
 .text          0x000000000500a490        0x0 c:/intelfpga_lite/18.1/nios2eds/bin/gnu/h-x86_64-mingw32/bin/../lib/gcc/nios2-elf/5.3.0/../../../../../H-x86_64-mingw32/nios2-elf/lib\libc.a(lib_a-fputs.o)
 .text._fputs_r
                0x000000000500a490       0x9c c:/intelfpga_lite/18.1/nios2eds/bin/gnu/h-x86_64-mingw32/bin/../lib/gcc/nios2-elf/5.3.0/../../../../../H-x86_64-mingw32/nios2-elf/lib\libc.a(lib_a-fputs.o)
                0x000000000500a490                _fputs_r
 .text.fputs    0x000000000500a52c       0x18 c:/intelfpga_lite/18.1/nios2eds/bin/gnu/h-x86_64-mingw32/bin/../lib/gcc/nios2-elf/5.3.0/../../../../../H-x86_64-mingw32/nios2-elf/lib\libc.a(lib_a-fputs.o)
                0x000000000500a52c                fputs
 .text          0x000000000500a544        0x0 c:/intelfpga_lite/18.1/nios2eds/bin/gnu/h-x86_64-mingw32/bin/../lib/gcc/nios2-elf/5.3.0/../../../../../H-x86_64-mingw32/nios2-elf/lib\libc.a(lib_a-freer.o)
 .text._malloc_trim_r
                0x000000000500a544      0x124 c:/intelfpga_lite/18.1/nios2eds/bin/gnu/h-x86_64-mingw32/bin/../lib/gcc/nios2-elf/5.3.0/../../../../../H-x86_64-mingw32/nios2-elf/lib\libc.a(lib_a-freer.o)
                0x000000000500a544                _malloc_trim_r
 .text._free_r  0x000000000500a668      0x310 c:/intelfpga_lite/18.1/nios2eds/bin/gnu/h-x86_64-mingw32/bin/../lib/gcc/nios2-elf/5.3.0/../../../../../H-x86_64-mingw32/nios2-elf/lib\libc.a(lib_a-freer.o)
                0x000000000500a668                _free_r
 .text          0x000000000500a978        0x0 c:/intelfpga_lite/18.1/nios2eds/bin/gnu/h-x86_64-mingw32/bin/../lib/gcc/nios2-elf/5.3.0/../../../../../H-x86_64-mingw32/nios2-elf/lib\libc.a(lib_a-fvwrite.o)
 .text.__sfvwrite_r
                0x000000000500a978      0x4bc c:/intelfpga_lite/18.1/nios2eds/bin/gnu/h-x86_64-mingw32/bin/../lib/gcc/nios2-elf/5.3.0/../../../../../H-x86_64-mingw32/nios2-elf/lib\libc.a(lib_a-fvwrite.o)
                0x000000000500a978                __sfvwrite_r
 .text          0x000000000500ae34        0x0 c:/intelfpga_lite/18.1/nios2eds/bin/gnu/h-x86_64-mingw32/bin/../lib/gcc/nios2-elf/5.3.0/../../../../../H-x86_64-mingw32/nios2-elf/lib\libc.a(lib_a-fwalk.o)
 .text._fwalk   0x000000000500ae34       0xc4 c:/intelfpga_lite/18.1/nios2eds/bin/gnu/h-x86_64-mingw32/bin/../lib/gcc/nios2-elf/5.3.0/../../../../../H-x86_64-mingw32/nios2-elf/lib\libc.a(lib_a-fwalk.o)
                0x000000000500ae34                _fwalk
 .text._fwalk_reent
                0x000000000500aef8       0xc4 c:/intelfpga_lite/18.1/nios2eds/bin/gnu/h-x86_64-mingw32/bin/../lib/gcc/nios2-elf/5.3.0/../../../../../H-x86_64-mingw32/nios2-elf/lib\libc.a(lib_a-fwalk.o)
                0x000000000500aef8                _fwalk_reent
 .text          0x000000000500afbc        0x0 c:/intelfpga_lite/18.1/nios2eds/bin/gnu/h-x86_64-mingw32/bin/../lib/gcc/nios2-elf/5.3.0/../../../../../H-x86_64-mingw32/nios2-elf/lib\libc.a(lib_a-locale.o)
 .text._setlocale_r
                0x000000000500afbc       0x7c c:/intelfpga_lite/18.1/nios2eds/bin/gnu/h-x86_64-mingw32/bin/../lib/gcc/nios2-elf/5.3.0/../../../../../H-x86_64-mingw32/nios2-elf/lib\libc.a(lib_a-locale.o)
                0x000000000500afbc                _setlocale_r
 .text.__locale_charset
                0x000000000500b038        0xc c:/intelfpga_lite/18.1/nios2eds/bin/gnu/h-x86_64-mingw32/bin/../lib/gcc/nios2-elf/5.3.0/../../../../../H-x86_64-mingw32/nios2-elf/lib\libc.a(lib_a-locale.o)
                0x000000000500b038                __locale_charset
 .text.__locale_mb_cur_max
                0x000000000500b044       0x10 c:/intelfpga_lite/18.1/nios2eds/bin/gnu/h-x86_64-mingw32/bin/../lib/gcc/nios2-elf/5.3.0/../../../../../H-x86_64-mingw32/nios2-elf/lib\libc.a(lib_a-locale.o)
                0x000000000500b044                __locale_mb_cur_max
 .text.__locale_msgcharset
                0x000000000500b054        0xc c:/intelfpga_lite/18.1/nios2eds/bin/gnu/h-x86_64-mingw32/bin/../lib/gcc/nios2-elf/5.3.0/../../../../../H-x86_64-mingw32/nios2-elf/lib\libc.a(lib_a-locale.o)
                0x000000000500b054                __locale_msgcharset
 .text.__locale_cjk_lang
                0x000000000500b060        0x8 c:/intelfpga_lite/18.1/nios2eds/bin/gnu/h-x86_64-mingw32/bin/../lib/gcc/nios2-elf/5.3.0/../../../../../H-x86_64-mingw32/nios2-elf/lib\libc.a(lib_a-locale.o)
                0x000000000500b060                __locale_cjk_lang
 .text._localeconv_r
                0x000000000500b068        0xc c:/intelfpga_lite/18.1/nios2eds/bin/gnu/h-x86_64-mingw32/bin/../lib/gcc/nios2-elf/5.3.0/../../../../../H-x86_64-mingw32/nios2-elf/lib\libc.a(lib_a-locale.o)
                0x000000000500b068                _localeconv_r
 .text.setlocale
                0x000000000500b074       0x18 c:/intelfpga_lite/18.1/nios2eds/bin/gnu/h-x86_64-mingw32/bin/../lib/gcc/nios2-elf/5.3.0/../../../../../H-x86_64-mingw32/nios2-elf/lib\libc.a(lib_a-locale.o)
                0x000000000500b074                setlocale
 .text.localeconv
                0x000000000500b08c        0xc c:/intelfpga_lite/18.1/nios2eds/bin/gnu/h-x86_64-mingw32/bin/../lib/gcc/nios2-elf/5.3.0/../../../../../H-x86_64-mingw32/nios2-elf/lib\libc.a(lib_a-locale.o)
                0x000000000500b08c                localeconv
 .text          0x000000000500b098        0x0 c:/intelfpga_lite/18.1/nios2eds/bin/gnu/h-x86_64-mingw32/bin/../lib/gcc/nios2-elf/5.3.0/../../../../../H-x86_64-mingw32/nios2-elf/lib\libc.a(lib_a-makebuf.o)
 .text.__smakebuf_r
                0x000000000500b098      0x1bc c:/intelfpga_lite/18.1/nios2eds/bin/gnu/h-x86_64-mingw32/bin/../lib/gcc/nios2-elf/5.3.0/../../../../../H-x86_64-mingw32/nios2-elf/lib\libc.a(lib_a-makebuf.o)
                0x000000000500b098                __smakebuf_r
 .text          0x000000000500b254        0x0 c:/intelfpga_lite/18.1/nios2eds/bin/gnu/h-x86_64-mingw32/bin/../lib/gcc/nios2-elf/5.3.0/../../../../../H-x86_64-mingw32/nios2-elf/lib\libc.a(lib_a-mallocr.o)
 .text._malloc_r
                0x000000000500b254      0x80c c:/intelfpga_lite/18.1/nios2eds/bin/gnu/h-x86_64-mingw32/bin/../lib/gcc/nios2-elf/5.3.0/../../../../../H-x86_64-mingw32/nios2-elf/lib\libc.a(lib_a-mallocr.o)
                0x000000000500b254                _malloc_r
 .text          0x000000000500ba60        0x0 c:/intelfpga_lite/18.1/nios2eds/bin/gnu/h-x86_64-mingw32/bin/../lib/gcc/nios2-elf/5.3.0/../../../../../H-x86_64-mingw32/nios2-elf/lib\libc.a(lib_a-memchr.o)
 .text.memchr   0x000000000500ba60       0xe4 c:/intelfpga_lite/18.1/nios2eds/bin/gnu/h-x86_64-mingw32/bin/../lib/gcc/nios2-elf/5.3.0/../../../../../H-x86_64-mingw32/nios2-elf/lib\libc.a(lib_a-memchr.o)
                0x000000000500ba60                memchr
 .text          0x000000000500bb44        0x0 c:/intelfpga_lite/18.1/nios2eds/bin/gnu/h-x86_64-mingw32/bin/../lib/gcc/nios2-elf/5.3.0/../../../../../H-x86_64-mingw32/nios2-elf/lib\libc.a(lib_a-mprec.o)
 .text._Balloc  0x000000000500bb44       0xa8 c:/intelfpga_lite/18.1/nios2eds/bin/gnu/h-x86_64-mingw32/bin/../lib/gcc/nios2-elf/5.3.0/../../../../../H-x86_64-mingw32/nios2-elf/lib\libc.a(lib_a-mprec.o)
                0x000000000500bb44                _Balloc
 .text._Bfree   0x000000000500bbec       0x28 c:/intelfpga_lite/18.1/nios2eds/bin/gnu/h-x86_64-mingw32/bin/../lib/gcc/nios2-elf/5.3.0/../../../../../H-x86_64-mingw32/nios2-elf/lib\libc.a(lib_a-mprec.o)
                0x000000000500bbec                _Bfree
 .text.__multadd
                0x000000000500bc14      0x120 c:/intelfpga_lite/18.1/nios2eds/bin/gnu/h-x86_64-mingw32/bin/../lib/gcc/nios2-elf/5.3.0/../../../../../H-x86_64-mingw32/nios2-elf/lib\libc.a(lib_a-mprec.o)
                0x000000000500bc14                __multadd
 .text.__s2b    0x000000000500bd34      0x104 c:/intelfpga_lite/18.1/nios2eds/bin/gnu/h-x86_64-mingw32/bin/../lib/gcc/nios2-elf/5.3.0/../../../../../H-x86_64-mingw32/nios2-elf/lib\libc.a(lib_a-mprec.o)
                0x000000000500bd34                __s2b
 .text.__hi0bits
                0x000000000500be38       0x68 c:/intelfpga_lite/18.1/nios2eds/bin/gnu/h-x86_64-mingw32/bin/../lib/gcc/nios2-elf/5.3.0/../../../../../H-x86_64-mingw32/nios2-elf/lib\libc.a(lib_a-mprec.o)
                0x000000000500be38                __hi0bits
 .text.__lo0bits
                0x000000000500bea0       0xb0 c:/intelfpga_lite/18.1/nios2eds/bin/gnu/h-x86_64-mingw32/bin/../lib/gcc/nios2-elf/5.3.0/../../../../../H-x86_64-mingw32/nios2-elf/lib\libc.a(lib_a-mprec.o)
                0x000000000500bea0                __lo0bits
 .text.__i2b    0x000000000500bf50       0x3c c:/intelfpga_lite/18.1/nios2eds/bin/gnu/h-x86_64-mingw32/bin/../lib/gcc/nios2-elf/5.3.0/../../../../../H-x86_64-mingw32/nios2-elf/lib\libc.a(lib_a-mprec.o)
                0x000000000500bf50                __i2b
 .text.__multiply
                0x000000000500bf8c      0x1f8 c:/intelfpga_lite/18.1/nios2eds/bin/gnu/h-x86_64-mingw32/bin/../lib/gcc/nios2-elf/5.3.0/../../../../../H-x86_64-mingw32/nios2-elf/lib\libc.a(lib_a-mprec.o)
                0x000000000500bf8c                __multiply
 .text.__pow5mult
                0x000000000500c184      0x140 c:/intelfpga_lite/18.1/nios2eds/bin/gnu/h-x86_64-mingw32/bin/../lib/gcc/nios2-elf/5.3.0/../../../../../H-x86_64-mingw32/nios2-elf/lib\libc.a(lib_a-mprec.o)
                0x000000000500c184                __pow5mult
 .text.__lshift
                0x000000000500c2c4      0x148 c:/intelfpga_lite/18.1/nios2eds/bin/gnu/h-x86_64-mingw32/bin/../lib/gcc/nios2-elf/5.3.0/../../../../../H-x86_64-mingw32/nios2-elf/lib\libc.a(lib_a-mprec.o)
                0x000000000500c2c4                __lshift
 .text.__mcmp   0x000000000500c40c       0x60 c:/intelfpga_lite/18.1/nios2eds/bin/gnu/h-x86_64-mingw32/bin/../lib/gcc/nios2-elf/5.3.0/../../../../../H-x86_64-mingw32/nios2-elf/lib\libc.a(lib_a-mprec.o)
                0x000000000500c40c                __mcmp
 .text.__mdiff  0x000000000500c46c      0x1fc c:/intelfpga_lite/18.1/nios2eds/bin/gnu/h-x86_64-mingw32/bin/../lib/gcc/nios2-elf/5.3.0/../../../../../H-x86_64-mingw32/nios2-elf/lib\libc.a(lib_a-mprec.o)
                0x000000000500c46c                __mdiff
 .text.__ulp    0x000000000500c668       0x64 c:/intelfpga_lite/18.1/nios2eds/bin/gnu/h-x86_64-mingw32/bin/../lib/gcc/nios2-elf/5.3.0/../../../../../H-x86_64-mingw32/nios2-elf/lib\libc.a(lib_a-mprec.o)
                0x000000000500c668                __ulp
 .text.__b2d    0x000000000500c6cc      0x10c c:/intelfpga_lite/18.1/nios2eds/bin/gnu/h-x86_64-mingw32/bin/../lib/gcc/nios2-elf/5.3.0/../../../../../H-x86_64-mingw32/nios2-elf/lib\libc.a(lib_a-mprec.o)
                0x000000000500c6cc                __b2d
 .text.__d2b    0x000000000500c7d8      0x14c c:/intelfpga_lite/18.1/nios2eds/bin/gnu/h-x86_64-mingw32/bin/../lib/gcc/nios2-elf/5.3.0/../../../../../H-x86_64-mingw32/nios2-elf/lib\libc.a(lib_a-mprec.o)
                0x000000000500c7d8                __d2b
 .text.__ratio  0x000000000500c924       0xa4 c:/intelfpga_lite/18.1/nios2eds/bin/gnu/h-x86_64-mingw32/bin/../lib/gcc/nios2-elf/5.3.0/../../../../../H-x86_64-mingw32/nios2-elf/lib\libc.a(lib_a-mprec.o)
                0x000000000500c924                __ratio
 .text._mprec_log10
                0x000000000500c9c8       0x74 c:/intelfpga_lite/18.1/nios2eds/bin/gnu/h-x86_64-mingw32/bin/../lib/gcc/nios2-elf/5.3.0/../../../../../H-x86_64-mingw32/nios2-elf/lib\libc.a(lib_a-mprec.o)
                0x000000000500c9c8                _mprec_log10
 .text.__copybits
                0x000000000500ca3c       0x78 c:/intelfpga_lite/18.1/nios2eds/bin/gnu/h-x86_64-mingw32/bin/../lib/gcc/nios2-elf/5.3.0/../../../../../H-x86_64-mingw32/nios2-elf/lib\libc.a(lib_a-mprec.o)
                0x000000000500ca3c                __copybits
 .text.__any_on
                0x000000000500cab4       0x8c c:/intelfpga_lite/18.1/nios2eds/bin/gnu/h-x86_64-mingw32/bin/../lib/gcc/nios2-elf/5.3.0/../../../../../H-x86_64-mingw32/nios2-elf/lib\libc.a(lib_a-mprec.o)
                0x000000000500cab4                __any_on
 .text          0x000000000500cb40        0x0 c:/intelfpga_lite/18.1/nios2eds/bin/gnu/h-x86_64-mingw32/bin/../lib/gcc/nios2-elf/5.3.0/../../../../../H-x86_64-mingw32/nios2-elf/lib\libc.a(lib_a-reallocr.o)
 .text._realloc_r
                0x000000000500cb40      0x564 c:/intelfpga_lite/18.1/nios2eds/bin/gnu/h-x86_64-mingw32/bin/../lib/gcc/nios2-elf/5.3.0/../../../../../H-x86_64-mingw32/nios2-elf/lib\libc.a(lib_a-reallocr.o)
                0x000000000500cb40                _realloc_r
 .text          0x000000000500d0a4        0x0 c:/intelfpga_lite/18.1/nios2eds/bin/gnu/h-x86_64-mingw32/bin/../lib/gcc/nios2-elf/5.3.0/../../../../../H-x86_64-mingw32/nios2-elf/lib\libc.a(lib_a-refill.o)
 .text.lflush   0x000000000500d0a4       0x1c c:/intelfpga_lite/18.1/nios2eds/bin/gnu/h-x86_64-mingw32/bin/../lib/gcc/nios2-elf/5.3.0/../../../../../H-x86_64-mingw32/nios2-elf/lib\libc.a(lib_a-refill.o)
 .text.__srefill_r
                0x000000000500d0c0      0x1d4 c:/intelfpga_lite/18.1/nios2eds/bin/gnu/h-x86_64-mingw32/bin/../lib/gcc/nios2-elf/5.3.0/../../../../../H-x86_64-mingw32/nios2-elf/lib\libc.a(lib_a-refill.o)
                0x000000000500d0c0                __srefill_r
 .text          0x000000000500d294        0x0 c:/intelfpga_lite/18.1/nios2eds/bin/gnu/h-x86_64-mingw32/bin/../lib/gcc/nios2-elf/5.3.0/../../../../../H-x86_64-mingw32/nios2-elf/lib\libc.a(lib_a-s_fpclassify.o)
 .text.__fpclassifyd
                0x000000000500d294       0x74 c:/intelfpga_lite/18.1/nios2eds/bin/gnu/h-x86_64-mingw32/bin/../lib/gcc/nios2-elf/5.3.0/../../../../../H-x86_64-mingw32/nios2-elf/lib\libc.a(lib_a-s_fpclassify.o)
                0x000000000500d294                __fpclassifyd
 .text          0x000000000500d308        0x0 c:/intelfpga_lite/18.1/nios2eds/bin/gnu/h-x86_64-mingw32/bin/../lib/gcc/nios2-elf/5.3.0/../../../../../H-x86_64-mingw32/nios2-elf/lib\libc.a(lib_a-sbrkr.o)
 .text._sbrk_r  0x000000000500d308       0x54 c:/intelfpga_lite/18.1/nios2eds/bin/gnu/h-x86_64-mingw32/bin/../lib/gcc/nios2-elf/5.3.0/../../../../../H-x86_64-mingw32/nios2-elf/lib\libc.a(lib_a-sbrkr.o)
                0x000000000500d308                _sbrk_r
 .text          0x000000000500d35c        0x0 c:/intelfpga_lite/18.1/nios2eds/bin/gnu/h-x86_64-mingw32/bin/../lib/gcc/nios2-elf/5.3.0/../../../../../H-x86_64-mingw32/nios2-elf/lib\libc.a(lib_a-stdio.o)
 .text.__sread  0x000000000500d35c       0x54 c:/intelfpga_lite/18.1/nios2eds/bin/gnu/h-x86_64-mingw32/bin/../lib/gcc/nios2-elf/5.3.0/../../../../../H-x86_64-mingw32/nios2-elf/lib\libc.a(lib_a-stdio.o)
                0x000000000500d35c                __sread
 .text.__seofread
                0x000000000500d3b0        0x8 c:/intelfpga_lite/18.1/nios2eds/bin/gnu/h-x86_64-mingw32/bin/../lib/gcc/nios2-elf/5.3.0/../../../../../H-x86_64-mingw32/nios2-elf/lib\libc.a(lib_a-stdio.o)
                0x000000000500d3b0                __seofread
 .text.__swrite
                0x000000000500d3b8       0x7c c:/intelfpga_lite/18.1/nios2eds/bin/gnu/h-x86_64-mingw32/bin/../lib/gcc/nios2-elf/5.3.0/../../../../../H-x86_64-mingw32/nios2-elf/lib\libc.a(lib_a-stdio.o)
                0x000000000500d3b8                __swrite
 .text.__sseek  0x000000000500d434       0x5c c:/intelfpga_lite/18.1/nios2eds/bin/gnu/h-x86_64-mingw32/bin/../lib/gcc/nios2-elf/5.3.0/../../../../../H-x86_64-mingw32/nios2-elf/lib\libc.a(lib_a-stdio.o)
                0x000000000500d434                __sseek
 .text.__sclose
                0x000000000500d490        0x8 c:/intelfpga_lite/18.1/nios2eds/bin/gnu/h-x86_64-mingw32/bin/../lib/gcc/nios2-elf/5.3.0/../../../../../H-x86_64-mingw32/nios2-elf/lib\libc.a(lib_a-stdio.o)
                0x000000000500d490                __sclose
 .text          0x000000000500d498        0x0 c:/intelfpga_lite/18.1/nios2eds/bin/gnu/h-x86_64-mingw32/bin/../lib/gcc/nios2-elf/5.3.0/../../../../../H-x86_64-mingw32/nios2-elf/lib\libc.a(lib_a-strcmp.o)
 .text.strcmp   0x000000000500d498       0xdc c:/intelfpga_lite/18.1/nios2eds/bin/gnu/h-x86_64-mingw32/bin/../lib/gcc/nios2-elf/5.3.0/../../../../../H-x86_64-mingw32/nios2-elf/lib\libc.a(lib_a-strcmp.o)
                0x000000000500d498                strcmp
 .text          0x000000000500d574        0x0 c:/intelfpga_lite/18.1/nios2eds/bin/gnu/h-x86_64-mingw32/bin/../lib/gcc/nios2-elf/5.3.0/../../../../../H-x86_64-mingw32/nios2-elf/lib\libc.a(lib_a-svfiprintf.o)
 .text.__ssprint_r
                0x000000000500d574      0x1d0 c:/intelfpga_lite/18.1/nios2eds/bin/gnu/h-x86_64-mingw32/bin/../lib/gcc/nios2-elf/5.3.0/../../../../../H-x86_64-mingw32/nios2-elf/lib\libc.a(lib_a-svfiprintf.o)
                0x000000000500d574                __ssprint_r
 .text.___svfiprintf_internal_r
                0x000000000500d744     0x123c c:/intelfpga_lite/18.1/nios2eds/bin/gnu/h-x86_64-mingw32/bin/../lib/gcc/nios2-elf/5.3.0/../../../../../H-x86_64-mingw32/nios2-elf/lib\libc.a(lib_a-svfiprintf.o)
                0x000000000500d744                ___svfiprintf_internal_r
 .text          0x000000000500e980        0x0 c:/intelfpga_lite/18.1/nios2eds/bin/gnu/h-x86_64-mingw32/bin/../lib/gcc/nios2-elf/5.3.0/../../../../../H-x86_64-mingw32/nios2-elf/lib\libc.a(lib_a-vfiprintf.o)
 .text.__sprint_r.part.0
                0x000000000500e980       0xfc c:/intelfpga_lite/18.1/nios2eds/bin/gnu/h-x86_64-mingw32/bin/../lib/gcc/nios2-elf/5.3.0/../../../../../H-x86_64-mingw32/nios2-elf/lib\libc.a(lib_a-vfiprintf.o)
 .text.__sprint_r
                0x000000000500ea7c       0x18 c:/intelfpga_lite/18.1/nios2eds/bin/gnu/h-x86_64-mingw32/bin/../lib/gcc/nios2-elf/5.3.0/../../../../../H-x86_64-mingw32/nios2-elf/lib\libc.a(lib_a-vfiprintf.o)
                0x000000000500ea7c                __sprint_r
 .text.___vfiprintf_internal_r
                0x000000000500ea94     0x145c c:/intelfpga_lite/18.1/nios2eds/bin/gnu/h-x86_64-mingw32/bin/../lib/gcc/nios2-elf/5.3.0/../../../../../H-x86_64-mingw32/nios2-elf/lib\libc.a(lib_a-vfiprintf.o)
                0x000000000500ea94                ___vfiprintf_internal_r
 .text.__vfiprintf_internal
                0x000000000500fef0       0x1c c:/intelfpga_lite/18.1/nios2eds/bin/gnu/h-x86_64-mingw32/bin/../lib/gcc/nios2-elf/5.3.0/../../../../../H-x86_64-mingw32/nios2-elf/lib\libc.a(lib_a-vfiprintf.o)
                0x000000000500fef0                __vfiprintf_internal
 .text.__sbprintf
                0x000000000500ff0c       0xbc c:/intelfpga_lite/18.1/nios2eds/bin/gnu/h-x86_64-mingw32/bin/../lib/gcc/nios2-elf/5.3.0/../../../../../H-x86_64-mingw32/nios2-elf/lib\libc.a(lib_a-vfiprintf.o)
 .text          0x000000000500ffc8        0x0 c:/intelfpga_lite/18.1/nios2eds/bin/gnu/h-x86_64-mingw32/bin/../lib/gcc/nios2-elf/5.3.0/../../../../../H-x86_64-mingw32/nios2-elf/lib\libc.a(lib_a-writer.o)
 .text._write_r
                0x000000000500ffc8       0x60 c:/intelfpga_lite/18.1/nios2eds/bin/gnu/h-x86_64-mingw32/bin/../lib/gcc/nios2-elf/5.3.0/../../../../../H-x86_64-mingw32/nios2-elf/lib\libc.a(lib_a-writer.o)
                0x000000000500ffc8                _write_r
 .text          0x0000000005010028        0x0 c:/intelfpga_lite/18.1/nios2eds/bin/gnu/h-x86_64-mingw32/bin/../lib/gcc/nios2-elf/5.3.0/../../../../../H-x86_64-mingw32/nios2-elf/lib\libc.a(closer.o)
 .text._close_r
                0x0000000005010028       0x54 c:/intelfpga_lite/18.1/nios2eds/bin/gnu/h-x86_64-mingw32/bin/../lib/gcc/nios2-elf/5.3.0/../../../../../H-x86_64-mingw32/nios2-elf/lib\libc.a(closer.o)
                0x0000000005010028                _close_r
 .text          0x000000000501007c        0x0 c:/intelfpga_lite/18.1/nios2eds/bin/gnu/h-x86_64-mingw32/bin/../lib/gcc/nios2-elf/5.3.0/../../../../../H-x86_64-mingw32/nios2-elf/lib\libc.a(lib_a-callocr.o)
 .text._calloc_r
                0x000000000501007c       0xc4 c:/intelfpga_lite/18.1/nios2eds/bin/gnu/h-x86_64-mingw32/bin/../lib/gcc/nios2-elf/5.3.0/../../../../../H-x86_64-mingw32/nios2-elf/lib\libc.a(lib_a-callocr.o)
                0x000000000501007c                _calloc_r
 .text          0x0000000005010140        0x0 c:/intelfpga_lite/18.1/nios2eds/bin/gnu/h-x86_64-mingw32/bin/../lib/gcc/nios2-elf/5.3.0/../../../../../H-x86_64-mingw32/nios2-elf/lib\libc.a(lib_a-fclose.o)
 .text._fclose_r
                0x0000000005010140       0xf0 c:/intelfpga_lite/18.1/nios2eds/bin/gnu/h-x86_64-mingw32/bin/../lib/gcc/nios2-elf/5.3.0/../../../../../H-x86_64-mingw32/nios2-elf/lib\libc.a(lib_a-fclose.o)
                0x0000000005010140                _fclose_r
 .text.fclose   0x0000000005010230       0x14 c:/intelfpga_lite/18.1/nios2eds/bin/gnu/h-x86_64-mingw32/bin/../lib/gcc/nios2-elf/5.3.0/../../../../../H-x86_64-mingw32/nios2-elf/lib\libc.a(lib_a-fclose.o)
                0x0000000005010230                fclose
 .text          0x0000000005010244        0x0 c:/intelfpga_lite/18.1/nios2eds/bin/gnu/h-x86_64-mingw32/bin/../lib/gcc/nios2-elf/5.3.0/../../../../../H-x86_64-mingw32/nios2-elf/lib\libc.a(lib_a-fputwc.o)
 .text.__fputwc
                0x0000000005010244      0x164 c:/intelfpga_lite/18.1/nios2eds/bin/gnu/h-x86_64-mingw32/bin/../lib/gcc/nios2-elf/5.3.0/../../../../../H-x86_64-mingw32/nios2-elf/lib\libc.a(lib_a-fputwc.o)
                0x0000000005010244                __fputwc
 .text._fputwc_r
                0x00000000050103a8       0x24 c:/intelfpga_lite/18.1/nios2eds/bin/gnu/h-x86_64-mingw32/bin/../lib/gcc/nios2-elf/5.3.0/../../../../../H-x86_64-mingw32/nios2-elf/lib\libc.a(lib_a-fputwc.o)
                0x00000000050103a8                _fputwc_r
 .text.fputwc   0x00000000050103cc       0x80 c:/intelfpga_lite/18.1/nios2eds/bin/gnu/h-x86_64-mingw32/bin/../lib/gcc/nios2-elf/5.3.0/../../../../../H-x86_64-mingw32/nios2-elf/lib\libc.a(lib_a-fputwc.o)
                0x00000000050103cc                fputwc
 .text          0x000000000501044c        0x0 c:/intelfpga_lite/18.1/nios2eds/bin/gnu/h-x86_64-mingw32/bin/../lib/gcc/nios2-elf/5.3.0/../../../../../H-x86_64-mingw32/nios2-elf/lib\libc.a(lib_a-fstatr.o)
 .text._fstat_r
                0x000000000501044c       0x5c c:/intelfpga_lite/18.1/nios2eds/bin/gnu/h-x86_64-mingw32/bin/../lib/gcc/nios2-elf/5.3.0/../../../../../H-x86_64-mingw32/nios2-elf/lib\libc.a(lib_a-fstatr.o)
                0x000000000501044c                _fstat_r
 .text          0x00000000050104a8        0x0 c:/intelfpga_lite/18.1/nios2eds/bin/gnu/h-x86_64-mingw32/bin/../lib/gcc/nios2-elf/5.3.0/../../../../../H-x86_64-mingw32/nios2-elf/lib\libc.a(lib_a-int_errno.o)
 .text          0x00000000050104a8        0x0 c:/intelfpga_lite/18.1/nios2eds/bin/gnu/h-x86_64-mingw32/bin/../lib/gcc/nios2-elf/5.3.0/../../../../../H-x86_64-mingw32/nios2-elf/lib\libc.a(lib_a-isattyr.o)
 .text._isatty_r
                0x00000000050104a8       0x54 c:/intelfpga_lite/18.1/nios2eds/bin/gnu/h-x86_64-mingw32/bin/../lib/gcc/nios2-elf/5.3.0/../../../../../H-x86_64-mingw32/nios2-elf/lib\libc.a(lib_a-isattyr.o)
                0x00000000050104a8                _isatty_r
 .text          0x00000000050104fc        0x0 c:/intelfpga_lite/18.1/nios2eds/bin/gnu/h-x86_64-mingw32/bin/../lib/gcc/nios2-elf/5.3.0/../../../../../H-x86_64-mingw32/nios2-elf/lib\libc.a(lib_a-lseekr.o)
 .text._lseek_r
                0x00000000050104fc       0x60 c:/intelfpga_lite/18.1/nios2eds/bin/gnu/h-x86_64-mingw32/bin/../lib/gcc/nios2-elf/5.3.0/../../../../../H-x86_64-mingw32/nios2-elf/lib\libc.a(lib_a-lseekr.o)
                0x00000000050104fc                _lseek_r
 .text          0x000000000501055c        0x0 c:/intelfpga_lite/18.1/nios2eds/bin/gnu/h-x86_64-mingw32/bin/../lib/gcc/nios2-elf/5.3.0/../../../../../H-x86_64-mingw32/nios2-elf/lib\libc.a(lib_a-readr.o)
 .text._read_r  0x000000000501055c       0x60 c:/intelfpga_lite/18.1/nios2eds/bin/gnu/h-x86_64-mingw32/bin/../lib/gcc/nios2-elf/5.3.0/../../../../../H-x86_64-mingw32/nios2-elf/lib\libc.a(lib_a-readr.o)
                0x000000000501055c                _read_r
 .text          0x00000000050105bc        0x0 c:/intelfpga_lite/18.1/nios2eds/bin/gnu/h-x86_64-mingw32/bin/../lib/gcc/nios2-elf/5.3.0/../../../../../H-x86_64-mingw32/nios2-elf/lib\libc.a(lib_a-wcrtomb.o)
 .text._wcrtomb_r
                0x00000000050105bc       0x9c c:/intelfpga_lite/18.1/nios2eds/bin/gnu/h-x86_64-mingw32/bin/../lib/gcc/nios2-elf/5.3.0/../../../../../H-x86_64-mingw32/nios2-elf/lib\libc.a(lib_a-wcrtomb.o)
                0x00000000050105bc                _wcrtomb_r
 .text.wcrtomb  0x0000000005010658       0xc0 c:/intelfpga_lite/18.1/nios2eds/bin/gnu/h-x86_64-mingw32/bin/../lib/gcc/nios2-elf/5.3.0/../../../../../H-x86_64-mingw32/nios2-elf/lib\libc.a(lib_a-wcrtomb.o)
                0x0000000005010658                wcrtomb
 .text          0x0000000005010718        0x0 c:/intelfpga_lite/18.1/nios2eds/bin/gnu/h-x86_64-mingw32/bin/../lib/gcc/nios2-elf/5.3.0/../../../../../H-x86_64-mingw32/nios2-elf/lib\libc.a(lib_a-wctomb_r.o)
 .text.__ascii_wctomb
                0x0000000005010718       0x30 c:/intelfpga_lite/18.1/nios2eds/bin/gnu/h-x86_64-mingw32/bin/../lib/gcc/nios2-elf/5.3.0/../../../../../H-x86_64-mingw32/nios2-elf/lib\libc.a(lib_a-wctomb_r.o)
                0x0000000005010718                __ascii_wctomb
 .text._wctomb_r
                0x0000000005010748       0x5c c:/intelfpga_lite/18.1/nios2eds/bin/gnu/h-x86_64-mingw32/bin/../lib/gcc/nios2-elf/5.3.0/../../../../../H-x86_64-mingw32/nios2-elf/lib\libc.a(lib_a-wctomb_r.o)
                0x0000000005010748                _wctomb_r
 .text          0x00000000050107a4      0x578 c:/intelfpga_lite/18.1/nios2eds/bin/gnu/h-x86_64-mingw32/bin/../lib/gcc/nios2-elf/5.3.0\libgcc.a(_udivdi3.o)
                0x00000000050107a4                __udivdi3
 .text          0x0000000005010d1c      0x538 c:/intelfpga_lite/18.1/nios2eds/bin/gnu/h-x86_64-mingw32/bin/../lib/gcc/nios2-elf/5.3.0\libgcc.a(_umoddi3.o)
                0x0000000005010d1c                __umoddi3
 .text          0x0000000005011254      0x1b4 c:/intelfpga_lite/18.1/nios2eds/bin/gnu/h-x86_64-mingw32/bin/../lib/gcc/nios2-elf/5.3.0\libgcc.a(lib2-divmod.o)
                0x0000000005011254                __divsi3
                0x00000000050112d8                __modsi3
                0x000000000501134c                __udivsi3
                0x00000000050113b0                __umodsi3
 .text          0x0000000005011408      0x8ac c:/intelfpga_lite/18.1/nios2eds/bin/gnu/h-x86_64-mingw32/bin/../lib/gcc/nios2-elf/5.3.0\libgcc.a(adddf3.o)
                0x0000000005011408                __adddf3
 .text          0x0000000005011cb4      0x8e8 c:/intelfpga_lite/18.1/nios2eds/bin/gnu/h-x86_64-mingw32/bin/../lib/gcc/nios2-elf/5.3.0\libgcc.a(divdf3.o)
                0x0000000005011cb4                __divdf3
 .text          0x000000000501259c       0x88 c:/intelfpga_lite/18.1/nios2eds/bin/gnu/h-x86_64-mingw32/bin/../lib/gcc/nios2-elf/5.3.0\libgcc.a(eqdf2.o)
                0x000000000501259c                __nedf2
                0x000000000501259c                __eqdf2
 .text          0x0000000005012624       0xdc c:/intelfpga_lite/18.1/nios2eds/bin/gnu/h-x86_64-mingw32/bin/../lib/gcc/nios2-elf/5.3.0\libgcc.a(gedf2.o)
                0x0000000005012624                __gedf2
                0x0000000005012624                __gtdf2
 .text          0x0000000005012700       0xf4 c:/intelfpga_lite/18.1/nios2eds/bin/gnu/h-x86_64-mingw32/bin/../lib/gcc/nios2-elf/5.3.0\libgcc.a(ledf2.o)
                0x0000000005012700                __ledf2
                0x0000000005012700                __ltdf2
 .text          0x00000000050127f4      0x718 c:/intelfpga_lite/18.1/nios2eds/bin/gnu/h-x86_64-mingw32/bin/../lib/gcc/nios2-elf/5.3.0\libgcc.a(muldf3.o)
                0x00000000050127f4                __muldf3
 .text          0x0000000005012f0c      0x8fc c:/intelfpga_lite/18.1/nios2eds/bin/gnu/h-x86_64-mingw32/bin/../lib/gcc/nios2-elf/5.3.0\libgcc.a(subdf3.o)
                0x0000000005012f0c                __subdf3
 .text          0x0000000005013808       0x80 c:/intelfpga_lite/18.1/nios2eds/bin/gnu/h-x86_64-mingw32/bin/../lib/gcc/nios2-elf/5.3.0\libgcc.a(fixdfsi.o)
                0x0000000005013808                __fixdfsi
 .text          0x0000000005013888       0xdc c:/intelfpga_lite/18.1/nios2eds/bin/gnu/h-x86_64-mingw32/bin/../lib/gcc/nios2-elf/5.3.0\libgcc.a(floatsidf.o)
                0x0000000005013888                __floatsidf
 .text          0x0000000005013964       0xa8 c:/intelfpga_lite/18.1/nios2eds/bin/gnu/h-x86_64-mingw32/bin/../lib/gcc/nios2-elf/5.3.0\libgcc.a(floatunsidf.o)
                0x0000000005013964                __floatunsidf
 .text          0x0000000005013a0c        0x0 c:/intelfpga_lite/18.1/nios2eds/bin/gnu/h-x86_64-mingw32/bin/../lib/gcc/nios2-elf/5.3.0\libgcc.a(_clz.o)
 .text          0x0000000005013a0c       0x64 c:/intelfpga_lite/18.1/nios2eds/bin/gnu/h-x86_64-mingw32/bin/../lib/gcc/nios2-elf/5.3.0\libgcc.a(_clzsi2.o)
                0x0000000005013a0c                __clzsi2
 .text          0x0000000005013a70       0xec ../FPGAEncrypt_bsp/\libucosii_bsp.a(alt_fstat.o)
                0x0000000005013aac                fstat
 .text          0x0000000005013b5c       0xe0 ../FPGAEncrypt_bsp/\libucosii_bsp.a(alt_isatty.o)
                0x0000000005013b98                isatty
 .text          0x0000000005013c3c      0x110 ../FPGAEncrypt_bsp/\libucosii_bsp.a(alt_lseek.o)
                0x0000000005013c78                lseek
 .text          0x0000000005013d4c       0xbc ../FPGAEncrypt_bsp/\libucosii_bsp.a(alt_main.o)
                0x0000000005013d4c                alt_main
 .text          0x0000000005013e08       0xb0 ../FPGAEncrypt_bsp/\libucosii_bsp.a(alt_sbrk.o)
                0x0000000005013e08                sbrk
 .text          0x0000000005013eb8      0x124 ../FPGAEncrypt_bsp/\libucosii_bsp.a(alt_env_lock.o)
                0x0000000005013eb8                __env_lock
                0x0000000005013f7c                __env_unlock
 .text          0x0000000005013fdc      0x1ec ../FPGAEncrypt_bsp/\libucosii_bsp.a(alt_malloc_lock.o)
                0x0000000005013fdc                __malloc_lock
                0x00000000050140fc                __malloc_unlock
 .text          0x00000000050141c8     0x2014 ../FPGAEncrypt_bsp/\libucosii_bsp.a(os_core.o)
                0x00000000050141c8                OSEventNameGet
                0x00000000050142e8                OSEventNameSet
                0x0000000005014428                OSEventPendMulti
                0x0000000005014a38                OSInit
                0x0000000005014a90                OSIntEnter
                0x0000000005014adc                OSIntExit
                0x0000000005014bd4                OSSchedLock
                0x0000000005014c60                OSSchedUnlock
                0x0000000005014d3c                OSStart
                0x0000000005014dac                OSStatInit
                0x0000000005014e5c                OSTimeTick
                0x000000000501507c                OSVersion
                0x000000000501509c                OS_Dummy
                0x00000000050150bc                OS_EventTaskRdy
                0x0000000005015254                OS_EventTaskWait
                0x0000000005015364                OS_EventTaskWaitMulti
                0x00000000050154b4                OS_EventTaskRemove
                0x000000000501556c                OS_EventTaskRemoveMulti
                0x000000000501566c                OS_EventWaitListInit
                0x0000000005015a4c                OS_MemClr
                0x0000000005015aa0                OS_MemCopy
                0x0000000005015b08                OS_Sched
                0x0000000005015c4c                OS_StrCopy
                0x0000000005015cc0                OS_StrLen
                0x0000000005015d14                OS_TaskIdle
                0x0000000005015d70                OS_TaskStat
                0x0000000005015e3c                OS_TaskStatStkChk
                0x0000000005015f08                OS_TCBInit
 .text          0x00000000050161dc      0x190 ../FPGAEncrypt_bsp/\libucosii_bsp.a(os_dbg.o)
                0x00000000050161dc                OSDebugInit
 .text          0x000000000501636c     0x1714 ../FPGAEncrypt_bsp/\libucosii_bsp.a(os_flag.o)
                0x000000000501636c                OSFlagAccept
                0x0000000005016674                OSFlagCreate
                0x000000000501677c                OSFlagDel
                0x00000000050169c4                OSFlagNameGet
                0x0000000005016aec                OSFlagNameSet
                0x0000000005016c38                OSFlagPend
                0x00000000050171f0                OSFlagPendGetFlagsRdy
                0x0000000005017250                OSFlagPost
                0x00000000050175e4                OSFlagQuery
                0x0000000005017808                OS_FlagInit
                0x00000000050179dc                OS_FlagUnlink
 .text          0x0000000005017a80      0x754 ../FPGAEncrypt_bsp/\libucosii_bsp.a(os_mem.o)
                0x0000000005017a80                OSMemCreate
                0x0000000005017c54                OSMemGet
                0x0000000005017d44                OSMemNameGet
                0x0000000005017e34                OSMemNameSet
                0x0000000005017f48                OSMemPut
                0x0000000005018020                OSMemQuery
                0x0000000005018108                OS_MemInit
 .text          0x00000000050181d4     0x1104 ../FPGAEncrypt_bsp/\libucosii_bsp.a(os_q.o)
                0x00000000050181d4                OSQAccept
                0x0000000005018314                OSQCreate
                0x00000000050184c0                OSQDel
                0x0000000005018740                OSQFlush
                0x00000000050187f8                OSQPend
                0x0000000005018a84                OSQPendAbort
                0x0000000005018bf0                OSQPost
                0x0000000005018d58                OSQPostFront
                0x0000000005018ec8                OSQPostOpt
                0x00000000050190d4                OSQQuery
                0x0000000005019230                OS_QInit
 .text          0x00000000050192d8      0xa60 ../FPGAEncrypt_bsp/\libucosii_bsp.a(os_sem.o)
                0x00000000050192d8                OSSemAccept
                0x0000000005019388                OSSemCreate
                0x0000000005019460                OSSemDel
                0x00000000050196a0                OSSemPend
                0x00000000050198ac                OSSemPendAbort
                0x0000000005019a18                OSSemPost
                0x0000000005019b28                OSSemQuery
                0x0000000005019c38                OSSemSet
 .text          0x0000000005019d38     0x176c ../FPGAEncrypt_bsp/\libucosii_bsp.a(os_task.o)
                0x0000000005019d38                OSTaskChangePrio
                0x000000000501a228                OSTaskCreate
                0x000000000501a3d4                OSTaskCreateExt
                0x000000000501a5b8                OSTaskDel
                0x000000000501a8fc                OSTaskDelReq
                0x000000000501aa4c                OSTaskNameGet
                0x000000000501abe4                OSTaskNameSet
                0x000000000501ad98                OSTaskResume
                0x000000000501af6c                OSTaskStkChk
                0x000000000501b12c                OSTaskSuspend
                0x000000000501b310                OSTaskQuery
                0x000000000501b434                OS_TaskStkClr
 .text          0x000000000501b4a4      0x4ec ../FPGAEncrypt_bsp/\libucosii_bsp.a(os_time.o)
                0x000000000501b4a4                OSTimeDly
                0x000000000501b5a8                OSTimeDlyHMSM
                0x000000000501b700                OSTimeDlyResume
                0x000000000501b8d4                OSTimeGet
                0x000000000501b930                OSTimeSet
 .text          0x000000000501b990      0x2d8 ../FPGAEncrypt_bsp/\libucosii_bsp.a(alt_sys_init.o)
                0x000000000501b9c4                alt_irq_init
                0x000000000501b9fc                alt_sys_init
 .text          0x000000000501bc68      0x164 ../FPGAEncrypt_bsp/\libucosii_bsp.a(altera_avalon_jtag_uart_fd.o)
                0x000000000501bc68                altera_avalon_jtag_uart_read_fd
                0x000000000501bcc8                altera_avalon_jtag_uart_write_fd
                0x000000000501bd28                altera_avalon_jtag_uart_close_fd
                0x000000000501bd78                altera_avalon_jtag_uart_ioctl_fd
 .text          0x000000000501bdcc      0x558 ../FPGAEncrypt_bsp/\libucosii_bsp.a(altera_avalon_jtag_uart_init.o)
                0x000000000501bdcc                altera_avalon_jtag_uart_init
                0x000000000501c2bc                altera_avalon_jtag_uart_close
 .text          0x000000000501c324       0xf0 ../FPGAEncrypt_bsp/\libucosii_bsp.a(altera_avalon_jtag_uart_ioctl.o)
                0x000000000501c324                altera_avalon_jtag_uart_ioctl
 .text          0x000000000501c414      0x2bc ../FPGAEncrypt_bsp/\libucosii_bsp.a(altera_avalon_jtag_uart_read.o)
                0x000000000501c414                altera_avalon_jtag_uart_read
 .text          0x000000000501c6d0      0x2c4 ../FPGAEncrypt_bsp/\libucosii_bsp.a(altera_avalon_jtag_uart_write.o)
                0x000000000501c6d0                altera_avalon_jtag_uart_write
 .text          0x000000000501c994       0xf4 ../FPGAEncrypt_bsp/\libucosii_bsp.a(altera_avalon_timer_sc.o)
                0x000000000501ca0c                alt_avalon_timer_sc_init
 .text          0x000000000501ca88      0xb64 ../FPGAEncrypt_bsp/\libucosii_bsp.a(altera_epcq_controller2.o)
                0x000000000501cabc                alt_epcq_controller2_lock
                0x000000000501cbb8                alt_epcq_controller2_get_info
                0x000000000501cc44                alt_epcq_controller2_erase_block
                0x000000000501cda0                alt_epcq_controller2_write_block
                0x000000000501cfe4                alt_epcq_controller2_write
                0x000000000501d1cc                alt_epcq_controller2_read
                0x000000000501d278                altera_epcq_controller2_init
 .text          0x000000000501d5ec     0x2120 ../FPGAEncrypt_bsp/\libucosii_bsp.a(altera_msgdma.o)
                0x000000000501e284                alt_msgdma_construct_standard_st_to_mm_descriptor
                0x000000000501e2dc                alt_msgdma_construct_standard_mm_to_st_descriptor
                0x000000000501e334                alt_msgdma_construct_standard_mm_to_mm_descriptor
                0x000000000501e38c                alt_msgdma_construct_extended_st_to_mm_descriptor
                0x000000000501e41c                alt_msgdma_construct_extended_mm_to_st_descriptor
                0x000000000501e4ac                alt_msgdma_construct_extended_mm_to_mm_descriptor
                0x000000000501e78c                alt_msgdma_construct_prefetcher_standard_mm_to_mm_descriptor
                0x000000000501e7e4                alt_msgdma_construct_prefetcher_standard_st_to_mm_descriptor
                0x000000000501e83c                alt_msgdma_construct_prefetcher_standard_mm_to_st_descriptor
                0x000000000501e894                alt_msgdma_construct_prefetcher_extended_st_to_mm_descriptor
                0x000000000501e934                alt_msgdma_construct_prefetcher_extended_mm_to_st_descriptor
                0x000000000501e9cc                alt_msgdma_construct_prefetcher_extended_mm_to_mm_descriptor
                0x000000000501ea84                alt_msgdma_prefetcher_add_standard_desc_to_list
                0x000000000501eb74                alt_msgdma_prefetcher_add_extended_desc_to_list
                0x000000000501ed0c                alt_msgdma_prefetcher_set_std_list_own_by_hw_bits
                0x000000000501ee18                alt_msgdma_prefetcher_set_extd_list_own_by_hw_bits
                0x000000000501ef5c                alt_msgdma_start_prefetcher_with_list_addr
                0x000000000501f26c                alt_msgdma_start_prefetcher_with_std_desc_list
                0x000000000501f318                alt_msgdma_start_prefetcher_with_extd_desc_list
                0x000000000501f3c4                alt_msgdma_open
                0x000000000501f41c                alt_msgdma_init
                0x000000000501f5c8                alt_msgdma_register_callback
                0x000000000501f61c                alt_msgdma_standard_descriptor_async_transfer
                0x000000000501f658                alt_msgdma_extended_descriptor_async_transfer
                0x000000000501f694                alt_msgdma_standard_descriptor_sync_transfer
                0x000000000501f6d0                alt_msgdma_extended_descriptor_sync_transfer
 .text          0x000000000501f70c      0x158 ../FPGAEncrypt_bsp/\libucosii_bsp.a(altera_remote_update.o)
                0x000000000501f70c                altera_remote_update_init
                0x000000000501f744                altera_remote_update_open
                0x000000000501f790                altera_remote_update_trigger_reconfig
 .text          0x000000000501f864     0x1bf0 ../FPGAEncrypt_bsp/\libucosii_bsp.a(ins_tse_mac.o)
                0x000000000501f864                altera_eth_tse_init
                0x000000000501f9b4                prep_tse_mac
                0x000000000501fc0c                msgdma_reset
                0x000000000501fc88                tse_mac_init
                0x00000000050208a0                tse_msgdma_write_init
                0x00000000050209c0                tse_mac_raw_send
                0x0000000005020b88                tse_msgdmaRx_isr
                0x0000000005020d3c                tse_msgdmaTx_isr
                0x0000000005020d9c                tse_msgdma_read_init
                0x0000000005021078                allocate_rx_descriptor_chain
                0x00000000050211bc                tse_mac_rcv
                0x0000000005021310                tse_mac_stats
                0x0000000005021350                tse_mac_close
 .text          0x0000000005021454       0x48 ../FPGAEncrypt_bsp/\libucosii_bsp.a(alt_iniche_close.o)
                0x0000000005021454                close
 .text          0x000000000502149c      0x148 ../FPGAEncrypt_bsp/\libucosii_bsp.a(alt_iniche_dev.o)
                0x000000000502149c                iniche_devices_init
 .text          0x00000000050215e4       0x70 ../FPGAEncrypt_bsp/\libucosii_bsp.a(alt_iniche_read.o)
                0x00000000050215e4                read
 .text          0x0000000005021654       0x68 ../FPGAEncrypt_bsp/\libucosii_bsp.a(alt_iniche_write.o)
                0x0000000005021654                write
 .text          0x00000000050216bc      0xde4 ../FPGAEncrypt_bsp/\libucosii_bsp.a(ipnet.o)
                0x00000000050216bc                Netinit
                0x0000000005021ca4                fixup_subnet_mask
                0x0000000005021dfc                netclose
                0x0000000005021ee0                pktdemux
                0x0000000005022284                c_older
                0x0000000005022314                ip2mac
 .text          0x00000000050224a0      0x468 ../FPGAEncrypt_bsp/\libucosii_bsp.a(ipstart.o)
                0x00000000050224a0                ip_startup
                0x0000000005022744                exit_hook
                0x00000000050227b4                ip_exit
                0x0000000005022884                if_netnumber
 .text          0x0000000005022908      0xf9c ../FPGAEncrypt_bsp/\libucosii_bsp.a(igmp_cmn.o)
                0x0000000005022908                igmp_init
                0x00000000050229ac                igmp_input
                0x0000000005022a8c                igmp_fasttimo
                0x0000000005022c00                igmp_send
                0x0000000005022e9c                igmp_joingroup
                0x00000000050230f0                igmp_leavegroup
                0x0000000005023170                igmp_validate
                0x0000000005023488                igmp_print_stats
 .text          0x00000000050238a4      0xa88 ../FPGAEncrypt_bsp/\libucosii_bsp.a(bsdsock.o)
                0x00000000050238a4                bsd_accept
                0x00000000050239c8                bsd_getpeername
                0x0000000005023aec                bsd_getsockname
                0x0000000005023c10                bsd_i_sockoptlen
                0x0000000005023d4c                bsd_getsockopt
                0x0000000005023e58                bsd_ioctl
                0x0000000005023f4c                bsd_inet_ntoa
                0x0000000005023f80                bsd_recvfrom
                0x00000000050240c8                bsd_select
                0x000000000502424c                bsd_setsockopt
 .text          0x000000000502432c       0xf8 ../FPGAEncrypt_bsp/\libucosii_bsp.a(cksum.o)
                0x000000000502432c                ccksum
                0x00000000050243d0                cksum
 .text          0x0000000005024424      0xa50 ../FPGAEncrypt_bsp/\libucosii_bsp.a(in_utils.o)
                0x0000000005024424                do_trap
                0x0000000005024450                nextarg
                0x00000000050244cc                hexdump
                0x0000000005024610                print_ipad
                0x000000000502468c                print_uptime
                0x00000000050247cc                panic
                0x0000000005024814                print_eth
                0x0000000005024968                uslash
                0x00000000050249e4                ns_printf
                0x0000000005024b54                std_out
                0x0000000005024b98                con_page
                0x0000000005024c70                parse_args
 .text          0x0000000005024e74      0x1a0 ../FPGAEncrypt_bsp/\libucosii_bsp.a(netmain.o)
                0x0000000005024e74                netmain
                0x0000000005024f54                tk_netmain
                0x0000000005024fcc                tk_nettick
 .text          0x0000000005025014      0x5b4 ../FPGAEncrypt_bsp/\libucosii_bsp.a(tk_crnos.o)
                0x0000000005025014                TK_OSTimeDly
                0x0000000005025044                TK_OSTaskResume
                0x00000000050250b8                tcp_sleep
                0x000000000502522c                tcp_wakeup
                0x0000000005025324                TK_OSTaskQuery
                0x0000000005025390                tk_yield
                0x00000000050253c0                tk_stats
 .text          0x00000000050255c8     0x2c28 ../FPGAEncrypt_bsp/\libucosii_bsp.a(dhcpclnt.o)
                0x00000000050255c8                dhc_get_srv_ipaddr
                0x0000000005025650                dhc_init
                0x0000000005025700                dhc_set_callback
                0x0000000005025748                dhc_upcall
                0x0000000005025ef8                dhc_buildheader
                0x00000000050260dc                dhc_discover
                0x0000000005026584                dhc_rx_offer
                0x0000000005026668                dhc_request
                0x00000000050270ec                dhc_setip
                0x0000000005027368                dhc_resetip
                0x000000000502744c                dhc_decline
                0x0000000005027600                dhc_extract_opts
                0x0000000005027870                dhc_second
                0x0000000005027dc0                dhc_halt
                0x0000000005027e40                dhc_reclaim
                0x0000000005027ff8                dhc_state_init
                0x0000000005028050                dhc_alldone
                0x00000000050280d8                dhc_ifacedone
                0x0000000005028140                dhc_set_state
 .text          0x00000000050281f0       0xc0 ../FPGAEncrypt_bsp/\libucosii_bsp.a(dhcputil.o)
                0x00000000050281f0                find_opt
 .text          0x00000000050282b0      0x774 ../FPGAEncrypt_bsp/\libucosii_bsp.a(pktalloc.o)
                0x00000000050282b0                pk_init
                0x000000000502854c                pk_alloc
                0x0000000005028610                pk_validate
                0x000000000502889c                pk_free
                0x0000000005028948                pk_get_max_intrsafe_buf_len
                0x0000000005028968                dump_buf_estats
 .text          0x0000000005028a24      0x268 ../FPGAEncrypt_bsp/\libucosii_bsp.a(q.o)
                0x0000000005028a24                getq
                0x0000000005028adc                putq
                0x0000000005028b8c                qdel
 .text          0x0000000005028c8c      0x2d4 ../FPGAEncrypt_bsp/\libucosii_bsp.a(udp_open.o)
                0x0000000005028c8c                udp_open
                0x0000000005028e88                udp_close
 .text          0x0000000005028f60      0x194 ../FPGAEncrypt_bsp/\libucosii_bsp.a(asm_cksum.o)
                0x0000000005028f60                asm_cksum
 .text          0x00000000050290f4      0x27c ../FPGAEncrypt_bsp/\libucosii_bsp.a(brdutils.o)
                0x00000000050290f4                dtrap
                0x0000000005029128                kbhit
                0x00000000050291bc                getch
                0x0000000005029218                clock_init
                0x0000000005029250                clock_c
                0x0000000005029270                cticks_hook
                0x00000000050292cc                irq_Mask
                0x000000000502932c                irq_Unmask
 .text          0x0000000005029370      0x4d0 ../FPGAEncrypt_bsp/\libucosii_bsp.a(osportco.o)
                0x0000000005029370                LOCK_NET_RESOURCE
                0x0000000005029434                UNLOCK_NET_RESOURCE
                0x00000000050294bc                TK_NEWTASK
                0x0000000005029708                wait_app_sem
                0x00000000050297c4                post_app_sem
 .text          0x0000000005029840      0x574 ../FPGAEncrypt_bsp/\libucosii_bsp.a(targnios.o)
                0x0000000005029840                alt_iniche_init
                0x0000000005029a3c                pre_task_setup
                0x0000000005029a88                post_task_setup
                0x0000000005029aa8                prep_armintcp
                0x0000000005029ae0                npalloc_base
                0x0000000005029bec                npfree_base
                0x0000000005029ccc                npalloc
                0x0000000005029d00                npfree
                0x0000000005029d40                ncpalloc
                0x0000000005029d74                ncpfree
 .text          0x0000000005029db4     0x181c ../FPGAEncrypt_bsp/\libucosii_bsp.a(nptcp.o)
                0x0000000005029db4                pffindtype
                0x0000000005029e44                pffindproto
                0x0000000005029f08                m_getnbuf
                0x000000000502a090                m_free
                0x000000000502a198                m_freem
                0x000000000502a1dc                m_copy
                0x000000000502a4d0                m_adj
                0x000000000502a690                mbuf_len
                0x000000000502a6e4                dtom
                0x000000000502a780                remque
                0x000000000502a7f0                insque
                0x000000000502a86c                nptcp_init
                0x000000000502a964                tcp_rcv
                0x000000000502ab34                ip_output
                0x000000000502b0e4                in_broadcast
                0x000000000502b11c                np_stripoptions
                0x000000000502b210                so_icmpdu
                0x000000000502b558                tcp_tick
 .text          0x000000000502b5d0      0x970 ../FPGAEncrypt_bsp/\libucosii_bsp.a(rawsock.o)
                0x000000000502b5d0                rawip_lookup
                0x000000000502b62c                rawip_soinput
                0x000000000502b7f4                rawip_usrreq
 .text          0x000000000502bf40     0x1654 ../FPGAEncrypt_bsp/\libucosii_bsp.a(sockcall.o)
                0x000000000502bf40                DOMAIN_CHECK
                0x000000000502bf90                t_socket
                0x000000000502c010                t_bind
                0x000000000502c174                t_listen
                0x000000000502c24c                t_accept
                0x000000000502c4a0                t_connect
                0x000000000502c70c                t_getpeername
                0x000000000502c750                t_getsockname
                0x000000000502c970                t_setsockopt
                0x000000000502cb30                t_getsockopt
                0x000000000502ccbc                t_recv
                0x000000000502cd9c                t_recvfrom
                0x000000000502cedc                t_sendto
                0x000000000502d0d0                t_send
                0x000000000502d2d4                t_shutdown
                0x000000000502d3ac                t_socketclose
                0x000000000502d4fc                t_errno
 .text          0x000000000502d594     0x2034 ../FPGAEncrypt_bsp/\libucosii_bsp.a(socket.o)
                0x000000000502d594                socreate
                0x000000000502d73c                sobind
                0x000000000502d798                solisten
                0x000000000502d868                sofree
                0x000000000502d978                soclose
                0x000000000502dc34                soabort
                0x000000000502dc84                soaccept
                0x000000000502dd1c                soconnect
                0x000000000502ddd4                sodisconnect
                0x000000000502de6c                sosend
                0x000000000502e3c4                soreceive
                0x000000000502eb10                soshutdown
                0x000000000502eba8                sorflush
                0x000000000502eca4                sosetopt
                0x000000000502f0d4                sogetopt
                0x000000000502f57c                sohasoutofband
 .text          0x000000000502f5c8     0x128c ../FPGAEncrypt_bsp/\libucosii_bsp.a(socket2.o)
                0x000000000502f5c8                soisconnecting
                0x000000000502f638                soisconnected
                0x000000000502f73c                soisdisconnecting
                0x000000000502f7d4                soisdisconnected
                0x000000000502f898                sonewconn
                0x000000000502fa98                soqinsque
                0x000000000502fb44                soqremque
                0x000000000502fc4c                socantsendmore
                0x000000000502fca4                socantrcvmore
                0x000000000502fcfc                sbselqueue
                0x000000000502fd38                sbwait
                0x000000000502fda4                sbwakeup
                0x000000000502fe30                soreserve
                0x000000000502feb8                sbreserve
                0x000000000502ff08                sbrelease
                0x000000000502ff54                sbappend
                0x000000000502fff4                sbappendrecord
                0x00000000050300cc                sbappendaddr
                0x00000000050302a8                sbcompress
                0x0000000005030488                sbflush
                0x000000000503050c                sbdrop
                0x00000000050306c4                sbdropend
                0x00000000050307c4                sbdroprecord
 .text          0x0000000005030854      0x87c ../FPGAEncrypt_bsp/\libucosii_bsp.a(soselect.o)
                0x0000000005030854                t_select
                0x0000000005030a24                sock_selscan
                0x0000000005030b64                sock_select
                0x0000000005030d48                in_pcbnotify
                0x0000000005030e0c                tcp_notify
                0x0000000005030e8c                ifd_clr
                0x0000000005030f7c                ifd_set
                0x0000000005030ff4                ifd_isset
                0x000000000503106c                ifd_get
 .text          0x00000000050310d0     0x2d80 ../FPGAEncrypt_bsp/\libucosii_bsp.a(tcp_in.o)
                0x00000000050310d0                tcp_reass
                0x00000000050314e0                tcp_input
                0x0000000005033810                tcp_dooptions
                0x0000000005033998                tcp_pulloutofband
                0x0000000005033ac4                tcp_xmit_timer
                0x0000000005033d10                ip4_tcpmss
                0x0000000005033d58                tcp_mss
 .text          0x0000000005033e50     0x11cc ../FPGAEncrypt_bsp/\libucosii_bsp.a(tcp_out.o)
                0x0000000005033e50                tcp_output
                0x0000000005034e54                tcp_setpersist
 .text          0x000000000503501c      0x93c ../FPGAEncrypt_bsp/\libucosii_bsp.a(tcp_subr.o)
                0x000000000503501c                tcp_init
                0x0000000005035070                tcp_template
                0x0000000005035178                tcp_respond
                0x0000000005035578                tcp_newtcpcb
                0x0000000005035684                tcp_drop
                0x0000000005035730                tcp_close
                0x0000000005035820                tcp_quench
                0x000000000503586c                tcp_putseq
                0x00000000050358e4                tcp_getseq
 .text          0x0000000005035958      0x750 ../FPGAEncrypt_bsp/\libucosii_bsp.a(tcp_timr.o)
                0x0000000005035958                tcp_slowtimo
                0x0000000005035bc8                tcp_canceltimers
                0x0000000005035c28                tcp_timers
 .text          0x00000000050360a8      0x988 ../FPGAEncrypt_bsp/\libucosii_bsp.a(tcp_usr.o)
                0x00000000050360a8                tcp_usrreq
                0x000000000503677c                tcp_attach
                0x0000000005036894                tcp_disconnect
                0x0000000005036960                tcp_usrclosed
 .text          0x0000000005036a30       0x40 ../FPGAEncrypt_bsp/\libucosii_bsp.a(tcpport.o)
                0x0000000005036a30                tcpinit
 .text          0x0000000005036a70      0xbb4 ../FPGAEncrypt_bsp/\libucosii_bsp.a(udpsock.o)
                0x0000000005036a70                udp_lookup
                0x0000000005036acc                udp_soinput
                0x0000000005036c6c                udp_usrreq
                0x0000000005036ea8                udp4_sockbind
                0x000000000503717c                udp4_socksend
                0x00000000050374fc                udp4_sockaddr
 .text          0x0000000005037624      0x12c ../FPGAEncrypt_bsp/\libucosii_bsp.a(alt_alarm_start.o)
                0x0000000005037624                alt_alarm_start
 .text          0x0000000005037750      0x158 ../FPGAEncrypt_bsp/\libucosii_bsp.a(alt_busy_sleep.o)
                0x0000000005037750                alt_busy_sleep
 .text          0x00000000050378a8      0x10c ../FPGAEncrypt_bsp/\libucosii_bsp.a(alt_close.o)
                0x00000000050378e4                alt_close
 .text          0x00000000050379b4       0x78 ../FPGAEncrypt_bsp/\libucosii_bsp.a(alt_dcache_flush.o)
                0x00000000050379b4                alt_dcache_flush
 .text          0x0000000005037a2c       0x2c ../FPGAEncrypt_bsp/\libucosii_bsp.a(alt_dev.o)
 .text          0x0000000005037a58       0xe0 ../FPGAEncrypt_bsp/\libucosii_bsp.a(alt_dev_llist_insert.o)
                0x0000000005037a94                alt_dev_llist_insert
 .text          0x0000000005037b38       0x60 ../FPGAEncrypt_bsp/\libucosii_bsp.a(alt_do_ctors.o)
                0x0000000005037b38                _do_ctors
 .text          0x0000000005037b98       0x60 ../FPGAEncrypt_bsp/\libucosii_bsp.a(alt_do_dtors.o)
                0x0000000005037b98                _do_dtors
 .text          0x0000000005037bf8        0x0 ../FPGAEncrypt_bsp/\libucosii_bsp.a(alt_errno.o)
 .text          0x0000000005037bf8       0x90 ../FPGAEncrypt_bsp/\libucosii_bsp.a(alt_find_dev.o)
                0x0000000005037bf8                alt_find_dev
 .text          0x0000000005037c88       0xbc ../FPGAEncrypt_bsp/\libucosii_bsp.a(alt_flash_dev.o)
                0x0000000005037c88                alt_flash_open_dev
                0x0000000005037cf0                alt_flash_close_dev
 .text          0x0000000005037d44      0x1b0 ../FPGAEncrypt_bsp/\libucosii_bsp.a(alt_iic.o)
                0x0000000005037d44                alt_ic_isr_register
                0x0000000005037d94                alt_ic_irq_enable
                0x0000000005037e1c                alt_ic_irq_disable
                0x0000000005037ea8                alt_ic_irq_enabled