------------------------------------------------------------
Timing Analyzer Summary
------------------------------------------------------------

Type  : Slow 1200mV 100C Model Setup 'clkout0'
Slack : -0.301
TNS   : -0.301

Type  : Slow 1200mV 100C Model Setup 'q_sys_inst|sll_hyperbus_controller_top_0|U_IO|pll_.U_SLL_HBC_T001_PLL|altpll_component|auto_generated|pll1|clk[2]'
Slack : 0.681
TNS   : 0.000

Type  : Slow 1200mV 100C Model Setup 'q_sys_inst|sll_hyperbus_controller_top_0|U_IO|pll_.U_SLL_HBC_T001_PLL|altpll_component|auto_generated|pll1|clk[1]'
Slack : 0.820
TNS   : 0.000

Type  : Slow 1200mV 100C Model Setup 'enet_tx_clk_125m'
Slack : 0.831
TNS   : 0.000

Type  : Slow 1200mV 100C Model Setup 'enet_rx_clk_125m'
Slack : 1.131
TNS   : 0.000

Type  : Slow 1200mV 100C Model Setup 'rds_clk0'
Slack : 1.165
TNS   : 0.000

Type  : Slow 1200mV 100C Model Setup 'q_sys_inst|sll_hyperbus_controller_top_0|U_IO|pll_.U_SLL_HBC_T001_PLL|altpll_component|auto_generated|pll1|clk[0]'
Slack : 1.171
TNS   : 0.000

Type  : Slow 1200mV 100C Model Setup 'q_sys_inst|sll_hyperbus_controller_top_0|U_IO|pll_.U_SLL_HBC_T001_PLL|altpll_component|auto_generated|pll1|clk[3]'
Slack : 1.432
TNS   : 0.000

Type  : Slow 1200mV 100C Model Setup 'q_sys_inst|enet_pll|sd1|pll7|clk[0]'
Slack : 1.870
TNS   : 0.000

Type  : Slow 1200mV 100C Model Setup 'altera_reserved_tck'
Slack : 3.510
TNS   : 0.000

Type  : Slow 1200mV 100C Model Setup 'enet_tx_clk_25m'
Slack : 8.079
TNS   : 0.000

Type  : Slow 1200mV 100C Model Setup 'enet_rx_clk_25m'
Slack : 9.131
TNS   : 0.000

Type  : Slow 1200mV 100C Model Setup 'q_sys_inst|enet_pll|sd1|pll7|clk[1]'
Slack : 11.219
TNS   : 0.000

Type  : Slow 1200mV 100C Model Setup 'hbus_clk_50m'
Slack : 16.736
TNS   : 0.000

Type  : Slow 1200mV 100C Model Setup 'c10_clk50m'
Slack : 18.954
TNS   : 0.000

Type  : Slow 1200mV 100C Model Setup 'enet_tx_clk_2m5'
Slack : 92.048
TNS   : 0.000

Type  : Slow 1200mV 100C Model Setup 'enet_rx_clk_2m5'
Slack : 99.131
TNS   : 0.000

Type  : Slow 1200mV 100C Model Setup 'q_sys_inst|enet_pll|sd1|pll7|clk[2]'
Slack : 99.818
TNS   : 0.000

Type  : Slow 1200mV 100C Model Hold 'enet_tx_clk_125m'
Slack : 0.254
TNS   : 0.000

Type  : Slow 1200mV 100C Model Hold 'rds_clk0'
Slack : 0.257
TNS   : 0.000

Type  : Slow 1200mV 100C Model Hold 'q_sys_inst|sll_hyperbus_controller_top_0|U_IO|pll_.U_SLL_HBC_T001_PLL|altpll_component|auto_generated|pll1|clk[3]'
Slack : 0.342
TNS   : 0.000

Type  : Slow 1200mV 100C Model Hold 'enet_rx_clk_125m'
Slack : 0.346
TNS   : 0.000

Type  : Slow 1200mV 100C Model Hold 'enet_rx_clk_25m'
Slack : 0.346
TNS   : 0.000

Type  : Slow 1200mV 100C Model Hold 'enet_rx_clk_2m5'
Slack : 0.346
TNS   : 0.000

Type  : Slow 1200mV 100C Model Hold 'q_sys_inst|enet_pll|sd1|pll7|clk[1]'
Slack : 0.398
TNS   : 0.000

Type  : Slow 1200mV 100C Model Hold 'q_sys_inst|enet_pll|sd1|pll7|clk[0]'
Slack : 0.403
TNS   : 0.000

Type  : Slow 1200mV 100C Model Hold 'q_sys_inst|enet_pll|sd1|pll7|clk[2]'
Slack : 0.403
TNS   : 0.000

Type  : Slow 1200mV 100C Model Hold 'altera_reserved_tck'
Slack : 0.416
TNS   : 0.000

Type  : Slow 1200mV 100C Model Hold 'hbus_clk_50m'
Slack : 0.417
TNS   : 0.000

Type  : Slow 1200mV 100C Model Hold 'q_sys_inst|sll_hyperbus_controller_top_0|U_IO|pll_.U_SLL_HBC_T001_PLL|altpll_component|auto_generated|pll1|clk[0]'
Slack : 0.418
TNS   : 0.000

Type  : Slow 1200mV 100C Model Hold 'clkout0'
Slack : 0.438
TNS   : 0.000

Type  : Slow 1200mV 100C Model Hold 'c10_clk50m'
Slack : 0.441
TNS   : 0.000

Type  : Slow 1200mV 100C Model Hold 'q_sys_inst|sll_hyperbus_controller_top_0|U_IO|pll_.U_SLL_HBC_T001_PLL|altpll_component|auto_generated|pll1|clk[1]'
Slack : 2.181
TNS   : 0.000

Type  : Slow 1200mV 100C Model Hold 'q_sys_inst|sll_hyperbus_controller_top_0|U_IO|pll_.U_SLL_HBC_T001_PLL|altpll_component|auto_generated|pll1|clk[2]'
Slack : 4.975
TNS   : 0.000

Type  : Slow 1200mV 100C Model Hold 'enet_tx_clk_25m'
Slack : 8.973
TNS   : 0.000

Type  : Slow 1200mV 100C Model Hold 'enet_tx_clk_2m5'
Slack : 104.942
TNS   : 0.000

Type  : Slow 1200mV 100C Model Recovery 'q_sys_inst|sll_hyperbus_controller_top_0|U_IO|pll_.U_SLL_HBC_T001_PLL|altpll_component|auto_generated|pll1|clk[2]'
Slack : 0.224
TNS   : 0.000

Type  : Slow 1200mV 100C Model Recovery 'q_sys_inst|sll_hyperbus_controller_top_0|U_IO|pll_.U_SLL_HBC_T001_PLL|altpll_component|auto_generated|pll1|clk[0]'
Slack : 3.652
TNS   : 0.000

Type  : Slow 1200mV 100C Model Recovery 'q_sys_inst|enet_pll|sd1|pll7|clk[0]'
Slack : 3.681
TNS   : 0.000

Type  : Slow 1200mV 100C Model Recovery 'enet_rx_clk_125m'
Slack : 3.879
TNS   : 0.000

Type  : Slow 1200mV 100C Model Recovery 'q_sys_inst|sll_hyperbus_controller_top_0|U_IO|pll_.U_SLL_HBC_T001_PLL|altpll_component|auto_generated|pll1|clk[3]'
Slack : 6.259
TNS   : 0.000

Type  : Slow 1200mV 100C Model Recovery 'q_sys_inst|enet_pll|sd1|pll7|clk[1]'
Slack : 17.241
TNS   : 0.000

Type  : Slow 1200mV 100C Model Recovery 'altera_reserved_tck'
Slack : 18.350
TNS   : 0.000

Type  : Slow 1200mV 100C Model Recovery 'enet_rx_clk_25m'
Slack : 35.879
TNS   : 0.000

Type  : Slow 1200mV 100C Model Recovery 'enet_rx_clk_2m5'
Slack : 96.302
TNS   : 0.000

Type  : Slow 1200mV 100C Model Recovery 'q_sys_inst|enet_pll|sd1|pll7|clk[2]'
Slack : 96.571
TNS   : 0.000

Type  : Slow 1200mV 100C Model Removal 'altera_reserved_tck'
Slack : 1.017
TNS   : 0.000

Type  : Slow 1200mV 100C Model Removal 'q_sys_inst|sll_hyperbus_controller_top_0|U_IO|pll_.U_SLL_HBC_T001_PLL|altpll_component|auto_generated|pll1|clk[3]'
Slack : 1.027
TNS   : 0.000

Type  : Slow 1200mV 100C Model Removal 'q_sys_inst|enet_pll|sd1|pll7|clk[1]'
Slack : 1.028
TNS   : 0.000

Type  : Slow 1200mV 100C Model Removal 'enet_rx_clk_125m'
Slack : 1.063
TNS   : 0.000

Type  : Slow 1200mV 100C Model Removal 'enet_rx_clk_25m'
Slack : 1.063
TNS   : 0.000

Type  : Slow 1200mV 100C Model Removal 'enet_rx_clk_2m5'
Slack : 1.063
TNS   : 0.000

Type  : Slow 1200mV 100C Model Removal 'q_sys_inst|enet_pll|sd1|pll7|clk[0]'
Slack : 1.381
TNS   : 0.000

Type  : Slow 1200mV 100C Model Removal 'q_sys_inst|enet_pll|sd1|pll7|clk[2]'
Slack : 1.381
TNS   : 0.000

Type  : Slow 1200mV 100C Model Removal 'q_sys_inst|sll_hyperbus_controller_top_0|U_IO|pll_.U_SLL_HBC_T001_PLL|altpll_component|auto_generated|pll1|clk[0]'
Slack : 1.445
TNS   : 0.000

Type  : Slow 1200mV 100C Model Removal 'q_sys_inst|sll_hyperbus_controller_top_0|U_IO|pll_.U_SLL_HBC_T001_PLL|altpll_component|auto_generated|pll1|clk[2]'
Slack : 5.480
TNS   : 0.000

Type  : Slow 1200mV 100C Model Minimum Pulse Width 'q_sys_inst|sll_hyperbus_controller_top_0|U_IO|pll_.U_SLL_HBC_T001_PLL|altpll_component|auto_generated|pll1|clk[1]'
Slack : 2.666
TNS   : 0.000

Type  : Slow 1200mV 100C Model Minimum Pulse Width 'rds_clk0'
Slack : 2.666
TNS   : 0.000

Type  : Slow 1200mV 100C Model Minimum Pulse Width 'q_sys_inst|sll_hyperbus_controller_top_0|U_IO|pll_.U_SLL_HBC_T001_PLL|altpll_component|auto_generated|pll1|clk[0]'
Slack : 2.956
TNS   : 0.000

Type  : Slow 1200mV 100C Model Minimum Pulse Width 'q_sys_inst|sll_hyperbus_controller_top_0|U_IO|pll_.U_SLL_HBC_T001_PLL|altpll_component|auto_generated|pll1|clk[2]'
Slack : 3.147
TNS   : 0.000

Type  : Slow 1200mV 100C Model Minimum Pulse Width 'clkout0'
Slack : 3.158
TNS   : 0.000

Type  : Slow 1200mV 100C Model Minimum Pulse Width 'enet_rx_clk_125m'
Slack : 3.507
TNS   : 0.000

Type  : Slow 1200mV 100C Model Minimum Pulse Width 'q_sys_inst|enet_pll|sd1|pll7|clk[0]'
Slack : 3.631
TNS   : 0.000

Type  : Slow 1200mV 100C Model Minimum Pulse Width 'enet_tx_clk_125m'
Slack : 3.790
TNS   : 0.000

Type  : Slow 1200mV 100C Model Minimum Pulse Width 'q_sys_inst|enet_pll|sd1|pll7|clk[3]'
Slack : 3.805
TNS   : 0.000

Type  : Slow 1200mV 100C Model Minimum Pulse Width 'enet_clk_125m'
Slack : 3.812
TNS   : 0.000

Type  : Slow 1200mV 100C Model Minimum Pulse Width 'q_sys_inst|sll_hyperbus_controller_top_0|U_IO|pll_.U_SLL_HBC_T001_PLL|altpll_component|auto_generated|pll1|clk[3]'
Slack : 6.228
TNS   : 0.000

Type  : Slow 1200mV 100C Model Minimum Pulse Width 'c10_clk50m'
Slack : 9.635
TNS   : 0.000

Type  : Slow 1200mV 100C Model Minimum Pulse Width 'hbus_clk_50m'
Slack : 9.637
TNS   : 0.000

Type  : Slow 1200mV 100C Model Minimum Pulse Width 'q_sys_inst|enet_pll|sd1|pll7|clk[1]'
Slack : 9.685
TNS   : 0.000

Type  : Slow 1200mV 100C Model Minimum Pulse Width 'enet_rx_clk_25m'
Slack : 19.507
TNS   : 0.000

Type  : Slow 1200mV 100C Model Minimum Pulse Width 'q_sys_inst|enet_pll|sd1|pll7|clk[4]'
Slack : 19.803
TNS   : 0.000

Type  : Slow 1200mV 100C Model Minimum Pulse Width 'enet_tx_clk_25m'
Slack : 19.870
TNS   : 0.000

Type  : Slow 1200mV 100C Model Minimum Pulse Width 'altera_reserved_tck'
Slack : 20.448
TNS   : 0.000

Type  : Slow 1200mV 100C Model Minimum Pulse Width 'enet_rx_clk_2m5'
Slack : 199.507
TNS   : 0.000

Type  : Slow 1200mV 100C Model Minimum Pulse Width 'q_sys_inst|enet_pll|sd1|pll7|clk[2]'
Slack : 199.659
TNS   : 0.000

Type  : Slow 1200mV 100C Model Minimum Pulse Width 'enet_tx_clk_2m5'
Slack : 200.000
TNS   : 0.000

Type  : Slow 1200mV 100C Model Max Skew 'set_max_skew'
Slack : 4.691

Type  : Slow 1200mV 100C Model Max Skew 'set_max_skew'
Slack : 4.919

Type  : Slow 1200mV 100C Model Max Skew 'set_max_skew'
Slack : 5.304

Type  : Slow 1200mV 100C Model Max Skew 'set_max_skew'
Slack : 5.930

Type  : Slow 1200mV 100C Model Max Skew 'set_max_skew'
Slack : 5.971

Type  : Slow 1200mV 100C Model Max Skew 'set_max_skew'
Slack : 6.073

Type  : Slow 1200mV 100C Model Max Skew 'set_max_skew'
Slack : 6.150

Type  : Slow 1200mV 100C Model Max Skew 'set_max_skew'
Slack : 6.152

Type  : Slow 1200mV 100C Model Max Skew 'set_max_skew'
Slack : 6.396

Type  : Slow 1200mV 100C Model Max Skew 'set_max_skew'
Slack : 6.540

Type  : Slow 1200mV 100C Model Max Skew 'set_max_skew'
Slack : 6.559

Type  : Slow 1200mV 100C Model Max Skew 'set_max_skew'
Slack : 6.642

Type  : Slow 1200mV 100C Model Net Delay 'set_net_delay'
Slack : 2.234

Type  : Slow 1200mV 100C Model Net Delay 'set_net_delay'
Slack : 2.466

Type  : Slow 1200mV 100C Model Net Delay 'set_net_delay'
Slack : 4.539

Type  : Slow 1200mV 100C Model Net Delay 'set_net_delay'
Slack : 4.647

Type  : Slow 1200mV 100C Model Net Delay 'set_net_delay'
Slack : 4.682

Type  : Slow 1200mV 100C Model Net Delay 'set_net_delay'
Slack : 4.766

Type  : Slow 1200mV 100C Model Net Delay 'set_net_delay'
Slack : 4.808

Type  : Slow 1200mV 100C Model Net Delay 'set_net_delay'
Slack : 4.829

Type  : Slow 1200mV 100C Model Net Delay 'set_net_delay'
Slack : 4.929

Type  : Slow 1200mV 100C Model Net Delay 'set_net_delay'
Slack : 5.078

Type  : Slow 1200mV 100C Model Net Delay 'set_net_delay'
Slack : 5.959

Type  : Slow 1200mV 100C Model Net Delay 'set_net_delay'
Slack : 6.654

Type  : Slow 1200mV 0C Model Setup 'clkout0'
Slack : -0.115
TNS   : -0.115

Type  : Slow 1200mV 0C Model Setup 'enet_tx_clk_125m'
Slack : 0.835
TNS   : 0.000

Type  : Slow 1200mV 0C Model Setup 'rds_clk0'
Slack : 0.947
TNS   : 0.000

Type  : Slow 1200mV 0C Model Setup 'q_sys_inst|sll_hyperbus_controller_top_0|U_IO|pll_.U_SLL_HBC_T001_PLL|altpll_component|auto_generated|pll1|clk[2]'
Slack : 0.959
TNS   : 0.000

Type  : Slow 1200mV 0C Model Setup 'q_sys_inst|sll_hyperbus_controller_top_0|U_IO|pll_.U_SLL_HBC_T001_PLL|altpll_component|auto_generated|pll1|clk[1]'
Slack : 1.053
TNS   : 0.000

Type  : Slow 1200mV 0C Model Setup 'enet_rx_clk_125m'
Slack : 1.072
TNS   : 0.000

Type  : Slow 1200mV 0C Model Setup 'q_sys_inst|sll_hyperbus_controller_top_0|U_IO|pll_.U_SLL_HBC_T001_PLL|altpll_component|auto_generated|pll1|clk[0]'
Slack : 1.665
TNS   : 0.000

Type  : Slow 1200mV 0C Model Setup 'q_sys_inst|sll_hyperbus_controller_top_0|U_IO|pll_.U_SLL_HBC_T001_PLL|altpll_component|auto_generated|pll1|clk[3]'
Slack : 2.454
TNS   : 0.000

Type  : Slow 1200mV 0C Model Setup 'q_sys_inst|enet_pll|sd1|pll7|clk[0]'
Slack : 2.571
TNS   : 0.000

Type  : Slow 1200mV 0C Model Setup 'altera_reserved_tck'
Slack : 4.547
TNS   : 0.000

Type  : Slow 1200mV 0C Model Setup 'enet_tx_clk_25m'
Slack : 8.202
TNS   : 0.000

Type  : Slow 1200mV 0C Model Setup 'enet_rx_clk_25m'
Slack : 9.072
TNS   : 0.000

Type  : Slow 1200mV 0C Model Setup 'q_sys_inst|enet_pll|sd1|pll7|clk[1]'
Slack : 11.779
TNS   : 0.000

Type  : Slow 1200mV 0C Model Setup 'hbus_clk_50m'
Slack : 17.100
TNS   : 0.000

Type  : Slow 1200mV 0C Model Setup 'c10_clk50m'
Slack : 19.051
TNS   : 0.000

Type  : Slow 1200mV 0C Model Setup 'enet_tx_clk_2m5'
Slack : 92.756
TNS   : 0.000

Type  : Slow 1200mV 0C Model Setup 'enet_rx_clk_2m5'
Slack : 99.072
TNS   : 0.000

Type  : Slow 1200mV 0C Model Setup 'q_sys_inst|enet_pll|sd1|pll7|clk[2]'
Slack : 99.796
TNS   : 0.000

Type  : Slow 1200mV 0C Model Hold 'enet_tx_clk_125m'
Slack : 0.291
TNS   : 0.000

Type  : Slow 1200mV 0C Model Hold 'rds_clk0'
Slack : 0.329
TNS   : 0.000

Type  : Slow 1200mV 0C Model Hold 'q_sys_inst|enet_pll|sd1|pll7|clk[1]'
Slack : 0.344
TNS   : 0.000

Type  : Slow 1200mV 0C Model Hold 'q_sys_inst|sll_hyperbus_controller_top_0|U_IO|pll_.U_SLL_HBC_T001_PLL|altpll_component|auto_generated|pll1|clk[3]'
Slack : 0.345
TNS   : 0.000

Type  : Slow 1200mV 0C Model Hold 'enet_rx_clk_125m'
Slack : 0.350
TNS   : 0.000

Type  : Slow 1200mV 0C Model Hold 'enet_rx_clk_25m'
Slack : 0.350
TNS   : 0.000

Type  : Slow 1200mV 0C Model Hold 'enet_rx_clk_2m5'
Slack : 0.350
TNS   : 0.000

Type  : Slow 1200mV 0C Model Hold 'q_sys_inst|enet_pll|sd1|pll7|clk[0]'
Slack : 0.358
TNS   : 0.000

Type  : Slow 1200mV 0C Model Hold 'q_sys_inst|enet_pll|sd1|pll7|clk[2]'
Slack : 0.358
TNS   : 0.000

Type  : Slow 1200mV 0C Model Hold 'altera_reserved_tck'
Slack : 0.362
TNS   : 0.000

Type  : Slow 1200mV 0C Model Hold 'hbus_clk_50m'
Slack : 0.362
TNS   : 0.000

Type  : Slow 1200mV 0C Model Hold 'q_sys_inst|sll_hyperbus_controller_top_0|U_IO|pll_.U_SLL_HBC_T001_PLL|altpll_component|auto_generated|pll1|clk[0]'
Slack : 0.362
TNS   : 0.000

Type  : Slow 1200mV 0C Model Hold 'c10_clk50m'
Slack : 0.405
TNS   : 0.000

Type  : Slow 1200mV 0C Model Hold 'clkout0'
Slack : 0.453
TNS   : 0.000

Type  : Slow 1200mV 0C Model Hold 'q_sys_inst|sll_hyperbus_controller_top_0|U_IO|pll_.U_SLL_HBC_T001_PLL|altpll_component|auto_generated|pll1|clk[1]'
Slack : 2.149
TNS   : 0.000

Type  : Slow 1200mV 0C Model Hold 'q_sys_inst|sll_hyperbus_controller_top_0|U_IO|pll_.U_SLL_HBC_T001_PLL|altpll_component|auto_generated|pll1|clk[2]'
Slack : 4.791
TNS   : 0.000

Type  : Slow 1200mV 0C Model Hold 'enet_tx_clk_25m'
Slack : 8.961
TNS   : 0.000

Type  : Slow 1200mV 0C Model Hold 'enet_tx_clk_2m5'
Slack : 104.352
TNS   : 0.000

Type  : Slow 1200mV 0C Model Recovery 'q_sys_inst|sll_hyperbus_controller_top_0|U_IO|pll_.U_SLL_HBC_T001_PLL|altpll_component|auto_generated|pll1|clk[2]'
Slack : 0.490
TNS   : 0.000

Type  : Slow 1200mV 0C Model Recovery 'q_sys_inst|sll_hyperbus_controller_top_0|U_IO|pll_.U_SLL_HBC_T001_PLL|altpll_component|auto_generated|pll1|clk[0]'
Slack : 3.905
TNS   : 0.000

Type  : Slow 1200mV 0C Model Recovery 'q_sys_inst|enet_pll|sd1|pll7|clk[0]'
Slack : 4.146
TNS   : 0.000

Type  : Slow 1200mV 0C Model Recovery 'enet_rx_clk_125m'
Slack : 4.213
TNS   : 0.000

Type  : Slow 1200mV 0C Model Recovery 'q_sys_inst|sll_hyperbus_controller_top_0|U_IO|pll_.U_SLL_HBC_T001_PLL|altpll_component|auto_generated|pll1|clk[3]'
Slack : 6.886
TNS   : 0.000

Type  : Slow 1200mV 0C Model Recovery 'q_sys_inst|enet_pll|sd1|pll7|clk[1]'
Slack : 17.510
TNS   : 0.000

Type  : Slow 1200mV 0C Model Recovery 'altera_reserved_tck'
Slack : 18.708
TNS   : 0.000

Type  : Slow 1200mV 0C Model Recovery 'enet_rx_clk_25m'
Slack : 36.213
TNS   : 0.000

Type  : Slow 1200mV 0C Model Recovery 'enet_rx_clk_2m5'
Slack : 96.591
TNS   : 0.000

Type  : Slow 1200mV 0C Model Recovery 'q_sys_inst|enet_pll|sd1|pll7|clk[2]'
Slack : 96.845
TNS   : 0.000

Type  : Slow 1200mV 0C Model Removal 'altera_reserved_tck'
Slack : 0.914
TNS   : 0.000

Type  : Slow 1200mV 0C Model Removal 'q_sys_inst|enet_pll|sd1|pll7|clk[1]'
Slack : 0.930
TNS   : 0.000

Type  : Slow 1200mV 0C Model Removal 'q_sys_inst|sll_hyperbus_controller_top_0|U_IO|pll_.U_SLL_HBC_T001_PLL|altpll_component|auto_generated|pll1|clk[3]'
Slack : 0.930
TNS   : 0.000

Type  : Slow 1200mV 0C Model Removal 'enet_rx_clk_125m'
Slack : 0.966
TNS   : 0.000

Type  : Slow 1200mV 0C Model Removal 'enet_rx_clk_25m'
Slack : 0.966
TNS   : 0.000

Type  : Slow 1200mV 0C Model Removal 'enet_rx_clk_2m5'
Slack : 0.966
TNS   : 0.000

Type  : Slow 1200mV 0C Model Removal 'q_sys_inst|enet_pll|sd1|pll7|clk[0]'
Slack : 1.220
TNS   : 0.000

Type  : Slow 1200mV 0C Model Removal 'q_sys_inst|enet_pll|sd1|pll7|clk[2]'
Slack : 1.220
TNS   : 0.000

Type  : Slow 1200mV 0C Model Removal 'q_sys_inst|sll_hyperbus_controller_top_0|U_IO|pll_.U_SLL_HBC_T001_PLL|altpll_component|auto_generated|pll1|clk[0]'
Slack : 1.303
TNS   : 0.000

Type  : Slow 1200mV 0C Model Removal 'q_sys_inst|sll_hyperbus_controller_top_0|U_IO|pll_.U_SLL_HBC_T001_PLL|altpll_component|auto_generated|pll1|clk[2]'
Slack : 5.259
TNS   : 0.000

Type  : Slow 1200mV 0C Model Minimum Pulse Width 'q_sys_inst|sll_hyperbus_controller_top_0|U_IO|pll_.U_SLL_HBC_T001_PLL|altpll_component|auto_generated|pll1|clk[1]'
Slack : 2.666
TNS   : 0.000

Type  : Slow 1200mV 0C Model Minimum Pulse Width 'rds_clk0'
Slack : 2.666
TNS   : 0.000

Type  : Slow 1200mV 0C Model Minimum Pulse Width 'q_sys_inst|sll_hyperbus_controller_top_0|U_IO|pll_.U_SLL_HBC_T001_PLL|altpll_component|auto_generated|pll1|clk[0]'
Slack : 3.010
TNS   : 0.000

Type  : Slow 1200mV 0C Model Minimum Pulse Width 'q_sys_inst|sll_hyperbus_controller_top_0|U_IO|pll_.U_SLL_HBC_T001_PLL|altpll_component|auto_generated|pll1|clk[2]'
Slack : 3.146
TNS   : 0.000

Type  : Slow 1200mV 0C Model Minimum Pulse Width 'clkout0'
Slack : 3.158
TNS   : 0.000

Type  : Slow 1200mV 0C Model Minimum Pulse Width 'enet_rx_clk_125m'
Slack : 3.512
TNS   : 0.000

Type  : Slow 1200mV 0C Model Minimum Pulse Width 'q_sys_inst|enet_pll|sd1|pll7|clk[0]'
Slack : 3.593
TNS   : 0.000

Type  : Slow 1200mV 0C Model Minimum Pulse Width 'enet_tx_clk_125m'
Slack : 3.790
TNS   : 0.000

Type  : Slow 1200mV 0C Model Minimum Pulse Width 'q_sys_inst|enet_pll|sd1|pll7|clk[3]'
Slack : 3.790
TNS   : 0.000

Type  : Slow 1200mV 0C Model Minimum Pulse Width 'enet_clk_125m'
Slack : 3.797
TNS   : 0.000

Type  : Slow 1200mV 0C Model Minimum Pulse Width 'q_sys_inst|sll_hyperbus_controller_top_0|U_IO|pll_.U_SLL_HBC_T001_PLL|altpll_component|auto_generated|pll1|clk[3]'
Slack : 6.266
TNS   : 0.000

Type  : Slow 1200mV 0C Model Minimum Pulse Width 'hbus_clk_50m'
Slack : 9.646
TNS   : 0.000

Type  : Slow 1200mV 0C Model Minimum Pulse Width 'c10_clk50m'
Slack : 9.647
TNS   : 0.000

Type  : Slow 1200mV 0C Model Minimum Pulse Width 'q_sys_inst|enet_pll|sd1|pll7|clk[1]'
Slack : 9.736
TNS   : 0.000

Type  : Slow 1200mV 0C Model Minimum Pulse Width 'enet_rx_clk_25m'
Slack : 19.512
TNS   : 0.000

Type  : Slow 1200mV 0C Model Minimum Pulse Width 'q_sys_inst|enet_pll|sd1|pll7|clk[4]'
Slack : 19.776
TNS   : 0.000

Type  : Slow 1200mV 0C Model Minimum Pulse Width 'enet_tx_clk_25m'
Slack : 19.834
TNS   : 0.000

Type  : Slow 1200mV 0C Model Minimum Pulse Width 'altera_reserved_tck'
Slack : 20.372
TNS   : 0.000

Type  : Slow 1200mV 0C Model Minimum Pulse Width 'enet_rx_clk_2m5'
Slack : 199.512
TNS   : 0.000

Type  : Slow 1200mV 0C Model Minimum Pulse Width 'q_sys_inst|enet_pll|sd1|pll7|clk[2]'
Slack : 199.672
TNS   : 0.000

Type  : Slow 1200mV 0C Model Minimum Pulse Width 'enet_tx_clk_2m5'
Slack : 200.000
TNS   : 0.000

Type  : Slow 1200mV 0C Model Max Skew 'set_max_skew'
Slack : 5.001

Type  : Slow 1200mV 0C Model Max Skew 'set_max_skew'
Slack : 5.189

Type  : Slow 1200mV 0C Model Max Skew 'set_max_skew'
Slack : 5.568

Type  : Slow 1200mV 0C Model Max Skew 'set_max_skew'
Slack : 6.037

Type  : Slow 1200mV 0C Model Max Skew 'set_max_skew'
Slack : 6.115

Type  : Slow 1200mV 0C Model Max Skew 'set_max_skew'
Slack : 6.204

Type  : Slow 1200mV 0C Model Max Skew 'set_max_skew'
Slack : 6.293

Type  : Slow 1200mV 0C Model Max Skew 'set_max_skew'
Slack : 6.296

Type  : Slow 1200mV 0C Model Max Skew 'set_max_skew'
Slack : 6.536

Type  : Slow 1200mV 0C Model Max Skew 'set_max_skew'
Slack : 6.631

Type  : Slow 1200mV 0C Model Max Skew 'set_max_skew'
Slack : 6.667

Type  : Slow 1200mV 0C Model Max Skew 'set_max_skew'
Slack : 6.715

Type  : Slow 1200mV 0C Model Net Delay 'set_net_delay'
Slack : 2.530

Type  : Slow 1200mV 0C Model Net Delay 'set_net_delay'
Slack : 2.618

Type  : Slow 1200mV 0C Model Net Delay 'set_net_delay'
Slack : 4.685

Type  : Slow 1200mV 0C Model Net Delay 'set_net_delay'
Slack : 4.791

Type  : Slow 1200mV 0C Model Net Delay 'set_net_delay'
Slack : 4.801

Type  : Slow 1200mV 0C Model Net Delay 'set_net_delay'
Slack : 4.909

Type  : Slow 1200mV 0C Model Net Delay 'set_net_delay'
Slack : 4.932

Type  : Slow 1200mV 0C Model Net Delay 'set_net_delay'
Slack : 4.947

Type  : Slow 1200mV 0C Model Net Delay 'set_net_delay'
Slack : 5.043

Type  : Slow 1200mV 0C Model Net Delay 'set_net_delay'
Slack : 5.175

Type  : Slow 1200mV 0C Model Net Delay 'set_net_delay'
Slack : 6.304

Type  : Slow 1200mV 0C Model Net Delay 'set_net_delay'
Slack : 7.064

Type  : Fast 1200mV 0C Model Setup 'rds_clk0'
Slack : 0.240
TNS   : 0.000

Type  : Fast 1200mV 0C Model Setup 'enet_rx_clk_125m'
Slack : 0.490
TNS   : 0.000

Type  : Fast 1200mV 0C Model Setup 'clkout0'
Slack : 0.554
TNS   : 0.000

Type  : Fast 1200mV 0C Model Setup 'enet_tx_clk_125m'
Slack : 0.883
TNS   : 0.000

Type  : Fast 1200mV 0C Model Setup 'q_sys_inst|sll_hyperbus_controller_top_0|U_IO|pll_.U_SLL_HBC_T001_PLL|altpll_component|auto_generated|pll1|clk[2]'
Slack : 1.971
TNS   : 0.000

Type  : Fast 1200mV 0C Model Setup 'q_sys_inst|sll_hyperbus_controller_top_0|U_IO|pll_.U_SLL_HBC_T001_PLL|altpll_component|auto_generated|pll1|clk[1]'
Slack : 1.996
TNS   : 0.000

Type  : Fast 1200mV 0C Model Setup 'q_sys_inst|sll_hyperbus_controller_top_0|U_IO|pll_.U_SLL_HBC_T001_PLL|altpll_component|auto_generated|pll1|clk[0]'
Slack : 4.160
TNS   : 0.000

Type  : Fast 1200mV 0C Model Setup 'q_sys_inst|enet_pll|sd1|pll7|clk[0]'
Slack : 4.909
TNS   : 0.000

Type  : Fast 1200mV 0C Model Setup 'q_sys_inst|sll_hyperbus_controller_top_0|U_IO|pll_.U_SLL_HBC_T001_PLL|altpll_component|auto_generated|pll1|clk[3]'
Slack : 7.261
TNS   : 0.000

Type  : Fast 1200mV 0C Model Setup 'enet_tx_clk_25m'
Slack : 8.456
TNS   : 0.000

Type  : Fast 1200mV 0C Model Setup 'enet_rx_clk_25m'
Slack : 8.490
TNS   : 0.000

Type  : Fast 1200mV 0C Model Setup 'altera_reserved_tck'
Slack : 9.078
TNS   : 0.000

Type  : Fast 1200mV 0C Model Setup 'q_sys_inst|enet_pll|sd1|pll7|clk[1]'
Slack : 15.921
TNS   : 0.000

Type  : Fast 1200mV 0C Model Setup 'hbus_clk_50m'
Slack : 18.420
TNS   : 0.000

Type  : Fast 1200mV 0C Model Setup 'c10_clk50m'
Slack : 19.512
TNS   : 0.000

Type  : Fast 1200mV 0C Model Setup 'enet_tx_clk_2m5'
Slack : 95.357
TNS   : 0.000

Type  : Fast 1200mV 0C Model Setup 'enet_rx_clk_2m5'
Slack : 98.490
TNS   : 0.000

Type  : Fast 1200mV 0C Model Setup 'q_sys_inst|enet_pll|sd1|pll7|clk[2]'
Slack : 99.726
TNS   : 0.000

Type  : Fast 1200mV 0C Model Hold 'q_sys_inst|sll_hyperbus_controller_top_0|U_IO|pll_.U_SLL_HBC_T001_PLL|altpll_component|auto_generated|pll1|clk[3]'
Slack : 0.140
TNS   : 0.000

Type  : Fast 1200mV 0C Model Hold 'enet_rx_clk_125m'
Slack : 0.141
TNS   : 0.000

Type  : Fast 1200mV 0C Model Hold 'enet_rx_clk_25m'
Slack : 0.141
TNS   : 0.000

Type  : Fast 1200mV 0C Model Hold 'enet_rx_clk_2m5'
Slack : 0.141
TNS   : 0.000

Type  : Fast 1200mV 0C Model Hold 'rds_clk0'
Slack : 0.147
TNS   : 0.000

Type  : Fast 1200mV 0C Model Hold 'q_sys_inst|enet_pll|sd1|pll7|clk[1]'
Slack : 0.178
TNS   : 0.000

Type  : Fast 1200mV 0C Model Hold 'altera_reserved_tck'
Slack : 0.186
TNS   : 0.000

Type  : Fast 1200mV 0C Model Hold 'hbus_clk_50m'
Slack : 0.186
TNS   : 0.000

Type  : Fast 1200mV 0C Model Hold 'q_sys_inst|enet_pll|sd1|pll7|clk[0]'
Slack : 0.186
TNS   : 0.000

Type  : Fast 1200mV 0C Model Hold 'q_sys_inst|enet_pll|sd1|pll7|clk[2]'
Slack : 0.186
TNS   : 0.000

Type  : Fast 1200mV 0C Model Hold 'q_sys_inst|sll_hyperbus_controller_top_0|U_IO|pll_.U_SLL_HBC_T001_PLL|altpll_component|auto_generated|pll1|clk[0]'
Slack : 0.187
TNS   : 0.000

Type  : Fast 1200mV 0C Model Hold 'c10_clk50m'
Slack : 0.194
TNS   : 0.000

Type  : Fast 1200mV 0C Model Hold 'clkout0'
Slack : 0.545
TNS   : 0.000

Type  : Fast 1200mV 0C Model Hold 'enet_tx_clk_125m'
Slack : 0.640
TNS   : 0.000

Type  : Fast 1200mV 0C Model Hold 'q_sys_inst|sll_hyperbus_controller_top_0|U_IO|pll_.U_SLL_HBC_T001_PLL|altpll_component|auto_generated|pll1|clk[1]'
Slack : 1.839
TNS   : 0.000

Type  : Fast 1200mV 0C Model Hold 'q_sys_inst|sll_hyperbus_controller_top_0|U_IO|pll_.U_SLL_HBC_T001_PLL|altpll_component|auto_generated|pll1|clk[2]'
Slack : 4.095
TNS   : 0.000

Type  : Fast 1200mV 0C Model Hold 'enet_tx_clk_25m'
Slack : 9.023
TNS   : 0.000

Type  : Fast 1200mV 0C Model Hold 'enet_tx_clk_2m5'
Slack : 102.035
TNS   : 0.000

Type  : Fast 1200mV 0C Model Recovery 'q_sys_inst|sll_hyperbus_controller_top_0|U_IO|pll_.U_SLL_HBC_T001_PLL|altpll_component|auto_generated|pll1|clk[2]'
Slack : 1.757
TNS   : 0.000

Type  : Fast 1200mV 0C Model Recovery 'q_sys_inst|sll_hyperbus_controller_top_0|U_IO|pll_.U_SLL_HBC_T001_PLL|altpll_component|auto_generated|pll1|clk[0]'
Slack : 5.142
TNS   : 0.000

Type  : Fast 1200mV 0C Model Recovery 'q_sys_inst|enet_pll|sd1|pll7|clk[0]'
Slack : 5.757
TNS   : 0.000

Type  : Fast 1200mV 0C Model Recovery 'enet_rx_clk_125m'
Slack : 5.814
TNS   : 0.000

Type  : Fast 1200mV 0C Model Recovery 'q_sys_inst|sll_hyperbus_controller_top_0|U_IO|pll_.U_SLL_HBC_T001_PLL|altpll_component|auto_generated|pll1|clk[3]'
Slack : 9.568
TNS   : 0.000

Type  : Fast 1200mV 0C Model Recovery 'q_sys_inst|enet_pll|sd1|pll7|clk[1]'
Slack : 18.597
TNS   : 0.000

Type  : Fast 1200mV 0C Model Recovery 'altera_reserved_tck'
Slack : 19.884
TNS   : 0.000

Type  : Fast 1200mV 0C Model Recovery 'enet_rx_clk_25m'
Slack : 37.814
TNS   : 0.000

Type  : Fast 1200mV 0C Model Recovery 'enet_rx_clk_2m5'
Slack : 98.013
TNS   : 0.000

Type  : Fast 1200mV 0C Model Recovery 'q_sys_inst|enet_pll|sd1|pll7|clk[2]'
Slack : 98.145
TNS   : 0.000

Type  : Fast 1200mV 0C Model Removal 'q_sys_inst|enet_pll|sd1|pll7|clk[1]'
Slack : 0.485
TNS   : 0.000

Type  : Fast 1200mV 0C Model Removal 'q_sys_inst|sll_hyperbus_controller_top_0|U_IO|pll_.U_SLL_HBC_T001_PLL|altpll_component|auto_generated|pll1|clk[3]'
Slack : 0.487
TNS   : 0.000

Type  : Fast 1200mV 0C Model Removal 'altera_reserved_tck'
Slack : 0.494
TNS   : 0.000

Type  : Fast 1200mV 0C Model Removal 'enet_rx_clk_125m'
Slack : 0.503
TNS   : 0.000

Type  : Fast 1200mV 0C Model Removal 'enet_rx_clk_25m'
Slack : 0.503
TNS   : 0.000

Type  : Fast 1200mV 0C Model Removal 'enet_rx_clk_2m5'
Slack : 0.503
TNS   : 0.000

Type  : Fast 1200mV 0C Model Removal 'q_sys_inst|enet_pll|sd1|pll7|clk[0]'
Slack : 0.637
TNS   : 0.000

Type  : Fast 1200mV 0C Model Removal 'q_sys_inst|enet_pll|sd1|pll7|clk[2]'
Slack : 0.637
TNS   : 0.000

Type  : Fast 1200mV 0C Model Removal 'q_sys_inst|sll_hyperbus_controller_top_0|U_IO|pll_.U_SLL_HBC_T001_PLL|altpll_component|auto_generated|pll1|clk[0]'
Slack : 0.672
TNS   : 0.000

Type  : Fast 1200mV 0C Model Removal 'q_sys_inst|sll_hyperbus_controller_top_0|U_IO|pll_.U_SLL_HBC_T001_PLL|altpll_component|auto_generated|pll1|clk[2]'
Slack : 4.348
TNS   : 0.000

Type  : Fast 1200mV 0C Model Minimum Pulse Width 'q_sys_inst|sll_hyperbus_controller_top_0|U_IO|pll_.U_SLL_HBC_T001_PLL|altpll_component|auto_generated|pll1|clk[1]'
Slack : 2.666
TNS   : 0.000

Type  : Fast 1200mV 0C Model Minimum Pulse Width 'rds_clk0'
Slack : 2.666
TNS   : 0.000

Type  : Fast 1200mV 0C Model Minimum Pulse Width 'q_sys_inst|sll_hyperbus_controller_top_0|U_IO|pll_.U_SLL_HBC_T001_PLL|altpll_component|auto_generated|pll1|clk[0]'
Slack : 3.066
TNS   : 0.000

Type  : Fast 1200mV 0C Model Minimum Pulse Width 'q_sys_inst|sll_hyperbus_controller_top_0|U_IO|pll_.U_SLL_HBC_T001_PLL|altpll_component|auto_generated|pll1|clk[2]'
Slack : 3.142
TNS   : 0.000

Type  : Fast 1200mV 0C Model Minimum Pulse Width 'enet_rx_clk_125m'
Slack : 3.180
TNS   : 0.000

Type  : Fast 1200mV 0C Model Minimum Pulse Width 'clkout0'
Slack : 3.329
TNS   : 0.000

Type  : Fast 1200mV 0C Model Minimum Pulse Width 'enet_clk_125m'
Slack : 3.416
TNS   : 0.000

Type  : Fast 1200mV 0C Model Minimum Pulse Width 'q_sys_inst|enet_pll|sd1|pll7|clk[0]'
Slack : 3.695
TNS   : 0.000

Type  : Fast 1200mV 0C Model Minimum Pulse Width 'q_sys_inst|enet_pll|sd1|pll7|clk[3]'
Slack : 3.753
TNS   : 0.000

Type  : Fast 1200mV 0C Model Minimum Pulse Width 'enet_tx_clk_125m'
Slack : 3.976
TNS   : 0.000

Type  : Fast 1200mV 0C Model Minimum Pulse Width 'q_sys_inst|sll_hyperbus_controller_top_0|U_IO|pll_.U_SLL_HBC_T001_PLL|altpll_component|auto_generated|pll1|clk[3]'
Slack : 6.387
TNS   : 0.000

Type  : Fast 1200mV 0C Model Minimum Pulse Width 'c10_clk50m'
Slack : 9.249
TNS   : 0.000

Type  : Fast 1200mV 0C Model Minimum Pulse Width 'hbus_clk_50m'
Slack : 9.250
TNS   : 0.000

Type  : Fast 1200mV 0C Model Minimum Pulse Width 'q_sys_inst|enet_pll|sd1|pll7|clk[1]'
Slack : 9.835
TNS   : 0.000

Type  : Fast 1200mV 0C Model Minimum Pulse Width 'enet_rx_clk_25m'
Slack : 19.180
TNS   : 0.000

Type  : Fast 1200mV 0C Model Minimum Pulse Width 'q_sys_inst|enet_pll|sd1|pll7|clk[4]'
Slack : 19.737
TNS   : 0.000

Type  : Fast 1200mV 0C Model Minimum Pulse Width 'enet_tx_clk_25m'
Slack : 19.960
TNS   : 0.000

Type  : Fast 1200mV 0C Model Minimum Pulse Width 'altera_reserved_tck'
Slack : 20.175
TNS   : 0.000

Type  : Fast 1200mV 0C Model Minimum Pulse Width 'enet_rx_clk_2m5'
Slack : 199.180
TNS   : 0.000

Type  : Fast 1200mV 0C Model Minimum Pulse Width 'q_sys_inst|enet_pll|sd1|pll7|clk[2]'
Slack : 199.725
TNS   : 0.000

Type  : Fast 1200mV 0C Model Minimum Pulse Width 'enet_tx_clk_2m5'
Slack : 200.000
TNS   : 0.000

Type  : Fast 1200mV 0C Model Max Skew 'set_max_skew'
Slack : 6.056

Type  : Fast 1200mV 0C Model Max Skew 'set_max_skew'
Slack : 6.112

Type  : Fast 1200mV 0C Model Max Skew 'set_max_skew'
Slack : 6.367

Type  : Fast 1200mV 0C Model Max Skew 'set_max_skew'
Slack : 6.652

Type  : Fast 1200mV 0C Model Max Skew 'set_max_skew'
Slack : 6.702

Type  : Fast 1200mV 0C Model Max Skew 'set_max_skew'
Slack : 6.718

Type  : Fast 1200mV 0C Model Max Skew 'set_max_skew'
Slack : 6.797

Type  : Fast 1200mV 0C Model Max Skew 'set_max_skew'
Slack : 6.799

Type  : Fast 1200mV 0C Model Max Skew 'set_max_skew'
Slack : 6.917

Type  : Fast 1200mV 0C Model Max Skew 'set_max_skew'
Slack : 6.972

Type  : Fast 1200mV 0C Model Max Skew 'set_max_skew'
Slack : 6.999

Type  : Fast 1200mV 0C Model Max Skew 'set_max_skew'
Slack : 7.064

Type  : Fast 1200mV 0C Model Net Delay 'set_net_delay'
Slack : 3.206

Type  : Fast 1200mV 0C Model Net Delay 'set_net_delay'
Slack : 3.991

Type  : Fast 1200mV 0C Model Net Delay 'set_net_delay'
Slack : 5.242

Type  : Fast 1200mV 0C Model Net Delay 'set_net_delay'
Slack : 5.268

Type  : Fast 1200mV 0C Model Net Delay 'set_net_delay'
Slack : 5.314

Type  : Fast 1200mV 0C Model Net Delay 'set_net_delay'
Slack : 5.376

Type  : Fast 1200mV 0C Model Net Delay 'set_net_delay'
Slack : 5.419

Type  : Fast 1200mV 0C Model Net Delay 'set_net_delay'
Slack : 5.425

Type  : Fast 1200mV 0C Model Net Delay 'set_net_delay'
Slack : 5.475

Type  : Fast 1200mV 0C Model Net Delay 'set_net_delay'
Slack : 5.569

Type  : Fast 1200mV 0C Model Net Delay 'set_net_delay'
Slack : 8.110

Type  : Fast 1200mV 0C Model Net Delay 'set_net_delay'
Slack : 8.420

------------------------------------------------------------
