------------------------------------------------------------
Timing Analyzer Summary
------------------------------------------------------------

Type  : Slow 1200mV 100C Model Setup 'q_sys_inst|sll_hyperbus_controller_top_0|U_IO|pll_.U_SLL_HBC_T001_PLL|altpll_component|auto_generated|pll1|clk[3]'
Slack : -1.990
TNS   : -77.032

Type  : Slow 1200mV 100C Model Setup 'clkout0'
Slack : 0.398
TNS   : 0.000

Type  : Slow 1200mV 100C Model Setup 'enet_tx_clk_125m'
Slack : 0.547
TNS   : 0.000

Type  : Slow 1200mV 100C Model Setup 'q_sys_inst|sll_hyperbus_controller_top_0|U_IO|pll_.U_SLL_HBC_T001_PLL|altpll_component|auto_generated|pll1|clk[2]'
Slack : 0.996
TNS   : 0.000

Type  : Slow 1200mV 100C Model Setup 'enet_rx_clk_125m'
Slack : 1.080
TNS   : 0.000

Type  : Slow 1200mV 100C Model Setup 'rds_clk0'
Slack : 1.125
TNS   : 0.000

Type  : Slow 1200mV 100C Model Setup 'q_sys_inst|sll_hyperbus_controller_top_0|U_IO|pll_.U_SLL_HBC_T001_PLL|altpll_component|auto_generated|pll1|clk[0]'
Slack : 1.210
TNS   : 0.000

Type  : Slow 1200mV 100C Model Setup 'q_sys_inst|sll_hyperbus_controller_top_0|U_IO|pll_.U_SLL_HBC_T001_PLL|altpll_component|auto_generated|pll1|clk[1]'
Slack : 1.370
TNS   : 0.000

Type  : Slow 1200mV 100C Model Setup 'q_sys_inst|enet_pll|sd1|pll7|clk[0]'
Slack : 1.680
TNS   : 0.000

Type  : Slow 1200mV 100C Model Setup 'altera_reserved_tck'
Slack : 2.478
TNS   : 0.000

Type  : Slow 1200mV 100C Model Setup 'enet_tx_clk_25m'
Slack : 8.724
TNS   : 0.000

Type  : Slow 1200mV 100C Model Setup 'enet_rx_clk_25m'
Slack : 9.080
TNS   : 0.000

Type  : Slow 1200mV 100C Model Setup 'q_sys_inst|enet_pll|sd1|pll7|clk[1]'
Slack : 10.399
TNS   : 0.000

Type  : Slow 1200mV 100C Model Setup 'hbus_clk_50m'
Slack : 16.737
TNS   : 0.000

Type  : Slow 1200mV 100C Model Setup 'c10_clk50m'
Slack : 18.772
TNS   : 0.000

Type  : Slow 1200mV 100C Model Setup 'enet_tx_clk_2m5'
Slack : 91.104
TNS   : 0.000

Type  : Slow 1200mV 100C Model Setup 'enet_rx_clk_2m5'
Slack : 99.080
TNS   : 0.000

Type  : Slow 1200mV 100C Model Setup 'q_sys_inst|enet_pll|sd1|pll7|clk[2]'
Slack : 101.096
TNS   : 0.000

Type  : Slow 1200mV 100C Model Hold 'rds_clk0'
Slack : 0.318
TNS   : 0.000

Type  : Slow 1200mV 100C Model Hold 'enet_rx_clk_125m'
Slack : 0.352
TNS   : 0.000

Type  : Slow 1200mV 100C Model Hold 'enet_rx_clk_25m'
Slack : 0.352
TNS   : 0.000

Type  : Slow 1200mV 100C Model Hold 'enet_rx_clk_2m5'
Slack : 0.352
TNS   : 0.000

Type  : Slow 1200mV 100C Model Hold 'q_sys_inst|enet_pll|sd1|pll7|clk[1]'
Slack : 0.400
TNS   : 0.000

Type  : Slow 1200mV 100C Model Hold 'altera_reserved_tck'
Slack : 0.416
TNS   : 0.000

Type  : Slow 1200mV 100C Model Hold 'q_sys_inst|enet_pll|sd1|pll7|clk[0]'
Slack : 0.416
TNS   : 0.000

Type  : Slow 1200mV 100C Model Hold 'q_sys_inst|enet_pll|sd1|pll7|clk[2]'
Slack : 0.416
TNS   : 0.000

Type  : Slow 1200mV 100C Model Hold 'q_sys_inst|sll_hyperbus_controller_top_0|U_IO|pll_.U_SLL_HBC_T001_PLL|altpll_component|auto_generated|pll1|clk[3]'
Slack : 0.416
TNS   : 0.000

Type  : Slow 1200mV 100C Model Hold 'hbus_clk_50m'
Slack : 0.417
TNS   : 0.000

Type  : Slow 1200mV 100C Model Hold 'q_sys_inst|sll_hyperbus_controller_top_0|U_IO|pll_.U_SLL_HBC_T001_PLL|altpll_component|auto_generated|pll1|clk[0]'
Slack : 0.417
TNS   : 0.000

Type  : Slow 1200mV 100C Model Hold 'clkout0'
Slack : 0.437
TNS   : 0.000

Type  : Slow 1200mV 100C Model Hold 'c10_clk50m'
Slack : 0.442
TNS   : 0.000

Type  : Slow 1200mV 100C Model Hold 'enet_tx_clk_125m'
Slack : 0.443
TNS   : 0.000

Type  : Slow 1200mV 100C Model Hold 'q_sys_inst|sll_hyperbus_controller_top_0|U_IO|pll_.U_SLL_HBC_T001_PLL|altpll_component|auto_generated|pll1|clk[1]'
Slack : 2.223
TNS   : 0.000

Type  : Slow 1200mV 100C Model Hold 'q_sys_inst|sll_hyperbus_controller_top_0|U_IO|pll_.U_SLL_HBC_T001_PLL|altpll_component|auto_generated|pll1|clk[2]'
Slack : 4.667
TNS   : 0.000

Type  : Slow 1200mV 100C Model Hold 'enet_tx_clk_25m'
Slack : 8.332
TNS   : 0.000

Type  : Slow 1200mV 100C Model Hold 'enet_tx_clk_2m5'
Slack : 105.888
TNS   : 0.000

Type  : Slow 1200mV 100C Model Recovery 'q_sys_inst|sll_hyperbus_controller_top_0|U_IO|pll_.U_SLL_HBC_T001_PLL|altpll_component|auto_generated|pll1|clk[2]'
Slack : 0.429
TNS   : 0.000

Type  : Slow 1200mV 100C Model Recovery 'enet_rx_clk_125m'
Slack : 3.417
TNS   : 0.000

Type  : Slow 1200mV 100C Model Recovery 'q_sys_inst|sll_hyperbus_controller_top_0|U_IO|pll_.U_SLL_HBC_T001_PLL|altpll_component|auto_generated|pll1|clk[0]'
Slack : 3.787
TNS   : 0.000

Type  : Slow 1200mV 100C Model Recovery 'q_sys_inst|enet_pll|sd1|pll7|clk[0]'
Slack : 4.134
TNS   : 0.000

Type  : Slow 1200mV 100C Model Recovery 'q_sys_inst|sll_hyperbus_controller_top_0|U_IO|pll_.U_SLL_HBC_T001_PLL|altpll_component|auto_generated|pll1|clk[3]'
Slack : 8.132
TNS   : 0.000

Type  : Slow 1200mV 100C Model Recovery 'q_sys_inst|enet_pll|sd1|pll7|clk[1]'
Slack : 15.826
TNS   : 0.000

Type  : Slow 1200mV 100C Model Recovery 'altera_reserved_tck'
Slack : 17.800
TNS   : 0.000

Type  : Slow 1200mV 100C Model Recovery 'enet_rx_clk_25m'
Slack : 35.417
TNS   : 0.000

Type  : Slow 1200mV 100C Model Recovery 'enet_rx_clk_2m5'
Slack : 95.417
TNS   : 0.000

Type  : Slow 1200mV 100C Model Recovery 'q_sys_inst|enet_pll|sd1|pll7|clk[2]'
Slack : 97.088
TNS   : 0.000

Type  : Slow 1200mV 100C Model Removal 'q_sys_inst|sll_hyperbus_controller_top_0|U_IO|pll_.U_SLL_HBC_T001_PLL|altpll_component|auto_generated|pll1|clk[3]'
Slack : 0.763
TNS   : 0.000

Type  : Slow 1200mV 100C Model Removal 'altera_reserved_tck'
Slack : 1.018
TNS   : 0.000

Type  : Slow 1200mV 100C Model Removal 'q_sys_inst|enet_pll|sd1|pll7|clk[1]'
Slack : 1.063
TNS   : 0.000

Type  : Slow 1200mV 100C Model Removal 'enet_rx_clk_125m'
Slack : 1.085
TNS   : 0.000

Type  : Slow 1200mV 100C Model Removal 'enet_rx_clk_25m'
Slack : 1.085
TNS   : 0.000

Type  : Slow 1200mV 100C Model Removal 'enet_rx_clk_2m5'
Slack : 1.085
TNS   : 0.000

Type  : Slow 1200mV 100C Model Removal 'q_sys_inst|enet_pll|sd1|pll7|clk[0]'
Slack : 1.427
TNS   : 0.000

Type  : Slow 1200mV 100C Model Removal 'q_sys_inst|enet_pll|sd1|pll7|clk[2]'
Slack : 1.427
TNS   : 0.000

Type  : Slow 1200mV 100C Model Removal 'q_sys_inst|sll_hyperbus_controller_top_0|U_IO|pll_.U_SLL_HBC_T001_PLL|altpll_component|auto_generated|pll1|clk[0]'
Slack : 1.556
TNS   : 0.000

Type  : Slow 1200mV 100C Model Removal 'q_sys_inst|sll_hyperbus_controller_top_0|U_IO|pll_.U_SLL_HBC_T001_PLL|altpll_component|auto_generated|pll1|clk[2]'
Slack : 5.229
TNS   : 0.000

Type  : Slow 1200mV 100C Model Minimum Pulse Width 'q_sys_inst|sll_hyperbus_controller_top_0|U_IO|pll_.U_SLL_HBC_T001_PLL|altpll_component|auto_generated|pll1|clk[1]'
Slack : 2.666
TNS   : 0.000

Type  : Slow 1200mV 100C Model Minimum Pulse Width 'rds_clk0'
Slack : 2.666
TNS   : 0.000

Type  : Slow 1200mV 100C Model Minimum Pulse Width 'q_sys_inst|sll_hyperbus_controller_top_0|U_IO|pll_.U_SLL_HBC_T001_PLL|altpll_component|auto_generated|pll1|clk[0]'
Slack : 2.956
TNS   : 0.000

Type  : Slow 1200mV 100C Model Minimum Pulse Width 'q_sys_inst|sll_hyperbus_controller_top_0|U_IO|pll_.U_SLL_HBC_T001_PLL|altpll_component|auto_generated|pll1|clk[2]'
Slack : 3.146
TNS   : 0.000

Type  : Slow 1200mV 100C Model Minimum Pulse Width 'clkout0'
Slack : 3.158
TNS   : 0.000

Type  : Slow 1200mV 100C Model Minimum Pulse Width 'enet_rx_clk_125m'
Slack : 3.512
TNS   : 0.000

Type  : Slow 1200mV 100C Model Minimum Pulse Width 'q_sys_inst|enet_pll|sd1|pll7|clk[0]'
Slack : 3.669
TNS   : 0.000

Type  : Slow 1200mV 100C Model Minimum Pulse Width 'enet_tx_clk_125m'
Slack : 3.790
TNS   : 0.000

Type  : Slow 1200mV 100C Model Minimum Pulse Width 'q_sys_inst|enet_pll|sd1|pll7|clk[3]'
Slack : 3.798
TNS   : 0.000

Type  : Slow 1200mV 100C Model Minimum Pulse Width 'enet_clk_125m'
Slack : 3.812
TNS   : 0.000

Type  : Slow 1200mV 100C Model Minimum Pulse Width 'q_sys_inst|sll_hyperbus_controller_top_0|U_IO|pll_.U_SLL_HBC_T001_PLL|altpll_component|auto_generated|pll1|clk[3]'
Slack : 6.236
TNS   : 0.000

Type  : Slow 1200mV 100C Model Minimum Pulse Width 'q_sys_inst|enet_pll|sd1|pll7|clk[1]'
Slack : 9.633
TNS   : 0.000

Type  : Slow 1200mV 100C Model Minimum Pulse Width 'c10_clk50m'
Slack : 9.634
TNS   : 0.000

Type  : Slow 1200mV 100C Model Minimum Pulse Width 'hbus_clk_50m'
Slack : 9.634
TNS   : 0.000

Type  : Slow 1200mV 100C Model Minimum Pulse Width 'enet_rx_clk_25m'
Slack : 19.512
TNS   : 0.000

Type  : Slow 1200mV 100C Model Minimum Pulse Width 'q_sys_inst|enet_pll|sd1|pll7|clk[4]'
Slack : 19.754
TNS   : 0.000

Type  : Slow 1200mV 100C Model Minimum Pulse Width 'enet_tx_clk_25m'
Slack : 19.915
TNS   : 0.000

Type  : Slow 1200mV 100C Model Minimum Pulse Width 'altera_reserved_tck'
Slack : 20.438
TNS   : 0.000

Type  : Slow 1200mV 100C Model Minimum Pulse Width 'enet_rx_clk_2m5'
Slack : 199.512
TNS   : 0.000

Type  : Slow 1200mV 100C Model Minimum Pulse Width 'q_sys_inst|enet_pll|sd1|pll7|clk[2]'
Slack : 199.676
TNS   : 0.000

Type  : Slow 1200mV 100C Model Minimum Pulse Width 'enet_tx_clk_2m5'
Slack : 200.000
TNS   : 0.000

Type  : Slow 1200mV 100C Model Max Skew 'set_max_skew'
Slack : 5.459

Type  : Slow 1200mV 100C Model Max Skew 'set_max_skew'
Slack : 5.554

Type  : Slow 1200mV 100C Model Max Skew 'set_max_skew'
Slack : 5.571

Type  : Slow 1200mV 100C Model Max Skew 'set_max_skew'
Slack : 5.581

Type  : Slow 1200mV 100C Model Max Skew 'set_max_skew'
Slack : 6.049

Type  : Slow 1200mV 100C Model Max Skew 'set_max_skew'
Slack : 6.096

Type  : Slow 1200mV 100C Model Max Skew 'set_max_skew'
Slack : 6.120

Type  : Slow 1200mV 100C Model Max Skew 'set_max_skew'
Slack : 6.295

Type  : Slow 1200mV 100C Model Max Skew 'set_max_skew'
Slack : 6.301

Type  : Slow 1200mV 100C Model Max Skew 'set_max_skew'
Slack : 6.333

Type  : Slow 1200mV 100C Model Max Skew 'set_max_skew'
Slack : 6.616

Type  : Slow 1200mV 100C Model Max Skew 'set_max_skew'
Slack : 6.617

Type  : Slow 1200mV 100C Model Net Delay 'set_net_delay'
Slack : 1.356

Type  : Slow 1200mV 100C Model Net Delay 'set_net_delay'
Slack : 2.507

Type  : Slow 1200mV 100C Model Net Delay 'set_net_delay'
Slack : 4.242

Type  : Slow 1200mV 100C Model Net Delay 'set_net_delay'
Slack : 4.702

Type  : Slow 1200mV 100C Model Net Delay 'set_net_delay'
Slack : 4.707

Type  : Slow 1200mV 100C Model Net Delay 'set_net_delay'
Slack : 4.715

Type  : Slow 1200mV 100C Model Net Delay 'set_net_delay'
Slack : 4.746

Type  : Slow 1200mV 100C Model Net Delay 'set_net_delay'
Slack : 4.845

Type  : Slow 1200mV 100C Model Net Delay 'set_net_delay'
Slack : 5.251

Type  : Slow 1200mV 100C Model Net Delay 'set_net_delay'
Slack : 5.255

Type  : Slow 1200mV 100C Model Net Delay 'set_net_delay'
Slack : 5.992

Type  : Slow 1200mV 100C Model Net Delay 'set_net_delay'
Slack : 7.750

Type  : Slow 1200mV 0C Model Setup 'q_sys_inst|sll_hyperbus_controller_top_0|U_IO|pll_.U_SLL_HBC_T001_PLL|altpll_component|auto_generated|pll1|clk[3]'
Slack : -0.759
TNS   : -5.467

Type  : Slow 1200mV 0C Model Setup 'clkout0'
Slack : 0.421
TNS   : 0.000

Type  : Slow 1200mV 0C Model Setup 'enet_tx_clk_125m'
Slack : 0.584
TNS   : 0.000

Type  : Slow 1200mV 0C Model Setup 'rds_clk0'
Slack : 0.826
TNS   : 0.000

Type  : Slow 1200mV 0C Model Setup 'enet_rx_clk_125m'
Slack : 1.029
TNS   : 0.000

Type  : Slow 1200mV 0C Model Setup 'q_sys_inst|sll_hyperbus_controller_top_0|U_IO|pll_.U_SLL_HBC_T001_PLL|altpll_component|auto_generated|pll1|clk[2]'
Slack : 1.190
TNS   : 0.000

Type  : Slow 1200mV 0C Model Setup 'q_sys_inst|sll_hyperbus_controller_top_0|U_IO|pll_.U_SLL_HBC_T001_PLL|altpll_component|auto_generated|pll1|clk[1]'
Slack : 1.552
TNS   : 0.000

Type  : Slow 1200mV 0C Model Setup 'q_sys_inst|sll_hyperbus_controller_top_0|U_IO|pll_.U_SLL_HBC_T001_PLL|altpll_component|auto_generated|pll1|clk[0]'
Slack : 1.713
TNS   : 0.000

Type  : Slow 1200mV 0C Model Setup 'q_sys_inst|enet_pll|sd1|pll7|clk[0]'
Slack : 2.122
TNS   : 0.000

Type  : Slow 1200mV 0C Model Setup 'altera_reserved_tck'
Slack : 3.652
TNS   : 0.000

Type  : Slow 1200mV 0C Model Setup 'enet_tx_clk_25m'
Slack : 8.766
TNS   : 0.000

Type  : Slow 1200mV 0C Model Setup 'enet_rx_clk_25m'
Slack : 9.029
TNS   : 0.000

Type  : Slow 1200mV 0C Model Setup 'q_sys_inst|enet_pll|sd1|pll7|clk[1]'
Slack : 10.989
TNS   : 0.000

Type  : Slow 1200mV 0C Model Setup 'hbus_clk_50m'
Slack : 17.102
TNS   : 0.000

Type  : Slow 1200mV 0C Model Setup 'c10_clk50m'
Slack : 18.897
TNS   : 0.000

Type  : Slow 1200mV 0C Model Setup 'enet_tx_clk_2m5'
Slack : 91.856
TNS   : 0.000

Type  : Slow 1200mV 0C Model Setup 'enet_rx_clk_2m5'
Slack : 99.029
TNS   : 0.000

Type  : Slow 1200mV 0C Model Setup 'q_sys_inst|enet_pll|sd1|pll7|clk[2]'
Slack : 100.905
TNS   : 0.000

Type  : Slow 1200mV 0C Model Hold 'q_sys_inst|enet_pll|sd1|pll7|clk[1]'
Slack : 0.347
TNS   : 0.000

Type  : Slow 1200mV 0C Model Hold 'enet_rx_clk_125m'
Slack : 0.354
TNS   : 0.000

Type  : Slow 1200mV 0C Model Hold 'enet_rx_clk_25m'
Slack : 0.354
TNS   : 0.000

Type  : Slow 1200mV 0C Model Hold 'enet_rx_clk_2m5'
Slack : 0.354
TNS   : 0.000

Type  : Slow 1200mV 0C Model Hold 'q_sys_inst|sll_hyperbus_controller_top_0|U_IO|pll_.U_SLL_HBC_T001_PLL|altpll_component|auto_generated|pll1|clk[3]'
Slack : 0.361
TNS   : 0.000

Type  : Slow 1200mV 0C Model Hold 'altera_reserved_tck'
Slack : 0.362
TNS   : 0.000

Type  : Slow 1200mV 0C Model Hold 'q_sys_inst|enet_pll|sd1|pll7|clk[0]'
Slack : 0.362
TNS   : 0.000

Type  : Slow 1200mV 0C Model Hold 'q_sys_inst|enet_pll|sd1|pll7|clk[2]'
Slack : 0.362
TNS   : 0.000

Type  : Slow 1200mV 0C Model Hold 'q_sys_inst|sll_hyperbus_controller_top_0|U_IO|pll_.U_SLL_HBC_T001_PLL|altpll_component|auto_generated|pll1|clk[0]'
Slack : 0.362
TNS   : 0.000

Type  : Slow 1200mV 0C Model Hold 'hbus_clk_50m'
Slack : 0.363
TNS   : 0.000

Type  : Slow 1200mV 0C Model Hold 'rds_clk0'
Slack : 0.364
TNS   : 0.000

Type  : Slow 1200mV 0C Model Hold 'enet_tx_clk_125m'
Slack : 0.405
TNS   : 0.000

Type  : Slow 1200mV 0C Model Hold 'c10_clk50m'
Slack : 0.406
TNS   : 0.000

Type  : Slow 1200mV 0C Model Hold 'clkout0'
Slack : 0.454
TNS   : 0.000

Type  : Slow 1200mV 0C Model Hold 'q_sys_inst|sll_hyperbus_controller_top_0|U_IO|pll_.U_SLL_HBC_T001_PLL|altpll_component|auto_generated|pll1|clk[1]'
Slack : 2.187
TNS   : 0.000

Type  : Slow 1200mV 0C Model Hold 'q_sys_inst|sll_hyperbus_controller_top_0|U_IO|pll_.U_SLL_HBC_T001_PLL|altpll_component|auto_generated|pll1|clk[2]'
Slack : 4.509
TNS   : 0.000

Type  : Slow 1200mV 0C Model Hold 'enet_tx_clk_25m'
Slack : 8.329
TNS   : 0.000

Type  : Slow 1200mV 0C Model Hold 'enet_tx_clk_2m5'
Slack : 105.167
TNS   : 0.000

Type  : Slow 1200mV 0C Model Recovery 'q_sys_inst|sll_hyperbus_controller_top_0|U_IO|pll_.U_SLL_HBC_T001_PLL|altpll_component|auto_generated|pll1|clk[2]'
Slack : 0.680
TNS   : 0.000

Type  : Slow 1200mV 0C Model Recovery 'enet_rx_clk_125m'
Slack : 3.729
TNS   : 0.000

Type  : Slow 1200mV 0C Model Recovery 'q_sys_inst|sll_hyperbus_controller_top_0|U_IO|pll_.U_SLL_HBC_T001_PLL|altpll_component|auto_generated|pll1|clk[0]'
Slack : 4.020
TNS   : 0.000

Type  : Slow 1200mV 0C Model Recovery 'q_sys_inst|enet_pll|sd1|pll7|clk[0]'
Slack : 4.448
TNS   : 0.000

Type  : Slow 1200mV 0C Model Recovery 'q_sys_inst|sll_hyperbus_controller_top_0|U_IO|pll_.U_SLL_HBC_T001_PLL|altpll_component|auto_generated|pll1|clk[3]'
Slack : 8.567
TNS   : 0.000

Type  : Slow 1200mV 0C Model Recovery 'q_sys_inst|enet_pll|sd1|pll7|clk[1]'
Slack : 16.162
TNS   : 0.000

Type  : Slow 1200mV 0C Model Recovery 'altera_reserved_tck'
Slack : 18.171
TNS   : 0.000

Type  : Slow 1200mV 0C Model Recovery 'enet_rx_clk_25m'
Slack : 35.729
TNS   : 0.000

Type  : Slow 1200mV 0C Model Recovery 'enet_rx_clk_2m5'
Slack : 95.729
TNS   : 0.000

Type  : Slow 1200mV 0C Model Recovery 'q_sys_inst|enet_pll|sd1|pll7|clk[2]'
Slack : 97.327
TNS   : 0.000

Type  : Slow 1200mV 0C Model Removal 'q_sys_inst|sll_hyperbus_controller_top_0|U_IO|pll_.U_SLL_HBC_T001_PLL|altpll_component|auto_generated|pll1|clk[3]'
Slack : 0.588
TNS   : 0.000

Type  : Slow 1200mV 0C Model Removal 'altera_reserved_tck'
Slack : 0.917
TNS   : 0.000

Type  : Slow 1200mV 0C Model Removal 'q_sys_inst|enet_pll|sd1|pll7|clk[1]'
Slack : 0.966
TNS   : 0.000

Type  : Slow 1200mV 0C Model Removal 'enet_rx_clk_125m'
Slack : 0.985
TNS   : 0.000

Type  : Slow 1200mV 0C Model Removal 'enet_rx_clk_25m'
Slack : 0.985
TNS   : 0.000

Type  : Slow 1200mV 0C Model Removal 'enet_rx_clk_2m5'
Slack : 0.985
TNS   : 0.000

Type  : Slow 1200mV 0C Model Removal 'q_sys_inst|enet_pll|sd1|pll7|clk[0]'
Slack : 1.294
TNS   : 0.000

Type  : Slow 1200mV 0C Model Removal 'q_sys_inst|enet_pll|sd1|pll7|clk[2]'
Slack : 1.294
TNS   : 0.000

Type  : Slow 1200mV 0C Model Removal 'q_sys_inst|sll_hyperbus_controller_top_0|U_IO|pll_.U_SLL_HBC_T001_PLL|altpll_component|auto_generated|pll1|clk[0]'
Slack : 1.397
TNS   : 0.000

Type  : Slow 1200mV 0C Model Removal 'q_sys_inst|sll_hyperbus_controller_top_0|U_IO|pll_.U_SLL_HBC_T001_PLL|altpll_component|auto_generated|pll1|clk[2]'
Slack : 5.027
TNS   : 0.000

Type  : Slow 1200mV 0C Model Minimum Pulse Width 'q_sys_inst|sll_hyperbus_controller_top_0|U_IO|pll_.U_SLL_HBC_T001_PLL|altpll_component|auto_generated|pll1|clk[1]'
Slack : 2.666
TNS   : 0.000

Type  : Slow 1200mV 0C Model Minimum Pulse Width 'rds_clk0'
Slack : 2.666
TNS   : 0.000

Type  : Slow 1200mV 0C Model Minimum Pulse Width 'q_sys_inst|sll_hyperbus_controller_top_0|U_IO|pll_.U_SLL_HBC_T001_PLL|altpll_component|auto_generated|pll1|clk[0]'
Slack : 3.012
TNS   : 0.000

Type  : Slow 1200mV 0C Model Minimum Pulse Width 'q_sys_inst|sll_hyperbus_controller_top_0|U_IO|pll_.U_SLL_HBC_T001_PLL|altpll_component|auto_generated|pll1|clk[2]'
Slack : 3.147
TNS   : 0.000

Type  : Slow 1200mV 0C Model Minimum Pulse Width 'clkout0'
Slack : 3.158
TNS   : 0.000

Type  : Slow 1200mV 0C Model Minimum Pulse Width 'enet_rx_clk_125m'
Slack : 3.512
TNS   : 0.000

Type  : Slow 1200mV 0C Model Minimum Pulse Width 'q_sys_inst|enet_pll|sd1|pll7|clk[0]'
Slack : 3.606
TNS   : 0.000

Type  : Slow 1200mV 0C Model Minimum Pulse Width 'q_sys_inst|enet_pll|sd1|pll7|clk[3]'
Slack : 3.743
TNS   : 0.000

Type  : Slow 1200mV 0C Model Minimum Pulse Width 'enet_tx_clk_125m'
Slack : 3.790
TNS   : 0.000

Type  : Slow 1200mV 0C Model Minimum Pulse Width 'enet_clk_125m'
Slack : 3.797
TNS   : 0.000

Type  : Slow 1200mV 0C Model Minimum Pulse Width 'q_sys_inst|sll_hyperbus_controller_top_0|U_IO|pll_.U_SLL_HBC_T001_PLL|altpll_component|auto_generated|pll1|clk[3]'
Slack : 6.250
TNS   : 0.000

Type  : Slow 1200mV 0C Model Minimum Pulse Width 'c10_clk50m'
Slack : 9.647
TNS   : 0.000

Type  : Slow 1200mV 0C Model Minimum Pulse Width 'hbus_clk_50m'
Slack : 9.647
TNS   : 0.000

Type  : Slow 1200mV 0C Model Minimum Pulse Width 'q_sys_inst|enet_pll|sd1|pll7|clk[1]'
Slack : 9.782
TNS   : 0.000

Type  : Slow 1200mV 0C Model Minimum Pulse Width 'enet_rx_clk_25m'
Slack : 19.512
TNS   : 0.000

Type  : Slow 1200mV 0C Model Minimum Pulse Width 'q_sys_inst|enet_pll|sd1|pll7|clk[4]'
Slack : 19.767
TNS   : 0.000

Type  : Slow 1200mV 0C Model Minimum Pulse Width 'enet_tx_clk_25m'
Slack : 19.825
TNS   : 0.000

Type  : Slow 1200mV 0C Model Minimum Pulse Width 'altera_reserved_tck'
Slack : 20.380
TNS   : 0.000

Type  : Slow 1200mV 0C Model Minimum Pulse Width 'enet_rx_clk_2m5'
Slack : 199.512
TNS   : 0.000

Type  : Slow 1200mV 0C Model Minimum Pulse Width 'q_sys_inst|enet_pll|sd1|pll7|clk[2]'
Slack : 199.617
TNS   : 0.000

Type  : Slow 1200mV 0C Model Minimum Pulse Width 'enet_tx_clk_2m5'
Slack : 200.000
TNS   : 0.000

Type  : Slow 1200mV 0C Model Max Skew 'set_max_skew'
Slack : 5.694

Type  : Slow 1200mV 0C Model Max Skew 'set_max_skew'
Slack : 5.738

Type  : Slow 1200mV 0C Model Max Skew 'set_max_skew'
Slack : 5.758

Type  : Slow 1200mV 0C Model Max Skew 'set_max_skew'
Slack : 5.773

Type  : Slow 1200mV 0C Model Max Skew 'set_max_skew'
Slack : 6.183

Type  : Slow 1200mV 0C Model Max Skew 'set_max_skew'
Slack : 6.201

Type  : Slow 1200mV 0C Model Max Skew 'set_max_skew'
Slack : 6.267

Type  : Slow 1200mV 0C Model Max Skew 'set_max_skew'
Slack : 6.404

Type  : Slow 1200mV 0C Model Max Skew 'set_max_skew'
Slack : 6.453

Type  : Slow 1200mV 0C Model Max Skew 'set_max_skew'
Slack : 6.475

Type  : Slow 1200mV 0C Model Max Skew 'set_max_skew'
Slack : 6.695

Type  : Slow 1200mV 0C Model Max Skew 'set_max_skew'
Slack : 6.707

Type  : Slow 1200mV 0C Model Net Delay 'set_net_delay'
Slack : 1.678

Type  : Slow 1200mV 0C Model Net Delay 'set_net_delay'
Slack : 2.613

Type  : Slow 1200mV 0C Model Net Delay 'set_net_delay'
Slack : 4.394

Type  : Slow 1200mV 0C Model Net Delay 'set_net_delay'
Slack : 4.816

Type  : Slow 1200mV 0C Model Net Delay 'set_net_delay'
Slack : 4.821

Type  : Slow 1200mV 0C Model Net Delay 'set_net_delay'
Slack : 4.845

Type  : Slow 1200mV 0C Model Net Delay 'set_net_delay'
Slack : 4.854

Type  : Slow 1200mV 0C Model Net Delay 'set_net_delay'
Slack : 4.946

Type  : Slow 1200mV 0C Model Net Delay 'set_net_delay'
Slack : 5.329

Type  : Slow 1200mV 0C Model Net Delay 'set_net_delay'
Slack : 5.330

Type  : Slow 1200mV 0C Model Net Delay 'set_net_delay'
Slack : 6.464

Type  : Slow 1200mV 0C Model Net Delay 'set_net_delay'
Slack : 8.001

Type  : Fast 1200mV 0C Model Setup 'rds_clk0'
Slack : 0.192
TNS   : 0.000

Type  : Fast 1200mV 0C Model Setup 'enet_rx_clk_125m'
Slack : 0.456
TNS   : 0.000

Type  : Fast 1200mV 0C Model Setup 'clkout0'
Slack : 0.554
TNS   : 0.000

Type  : Fast 1200mV 0C Model Setup 'enet_tx_clk_125m'
Slack : 0.742
TNS   : 0.000

Type  : Fast 1200mV 0C Model Setup 'q_sys_inst|sll_hyperbus_controller_top_0|U_IO|pll_.U_SLL_HBC_T001_PLL|altpll_component|auto_generated|pll1|clk[2]'
Slack : 2.170
TNS   : 0.000

Type  : Fast 1200mV 0C Model Setup 'q_sys_inst|sll_hyperbus_controller_top_0|U_IO|pll_.U_SLL_HBC_T001_PLL|altpll_component|auto_generated|pll1|clk[1]'
Slack : 2.331
TNS   : 0.000

Type  : Fast 1200mV 0C Model Setup 'q_sys_inst|sll_hyperbus_controller_top_0|U_IO|pll_.U_SLL_HBC_T001_PLL|altpll_component|auto_generated|pll1|clk[0]'
Slack : 4.201
TNS   : 0.000

Type  : Fast 1200mV 0C Model Setup 'q_sys_inst|enet_pll|sd1|pll7|clk[0]'
Slack : 4.766
TNS   : 0.000

Type  : Fast 1200mV 0C Model Setup 'q_sys_inst|sll_hyperbus_controller_top_0|U_IO|pll_.U_SLL_HBC_T001_PLL|altpll_component|auto_generated|pll1|clk[3]'
Slack : 5.910
TNS   : 0.000

Type  : Fast 1200mV 0C Model Setup 'enet_rx_clk_25m'
Slack : 8.456
TNS   : 0.000

Type  : Fast 1200mV 0C Model Setup 'altera_reserved_tck'
Slack : 8.511
TNS   : 0.000

Type  : Fast 1200mV 0C Model Setup 'enet_tx_clk_25m'
Slack : 8.794
TNS   : 0.000

Type  : Fast 1200mV 0C Model Setup 'q_sys_inst|enet_pll|sd1|pll7|clk[1]'
Slack : 15.373
TNS   : 0.000

Type  : Fast 1200mV 0C Model Setup 'hbus_clk_50m'
Slack : 18.421
TNS   : 0.000

Type  : Fast 1200mV 0C Model Setup 'c10_clk50m'
Slack : 19.413
TNS   : 0.000

Type  : Fast 1200mV 0C Model Setup 'enet_tx_clk_2m5'
Slack : 94.929
TNS   : 0.000

Type  : Fast 1200mV 0C Model Setup 'enet_rx_clk_2m5'
Slack : 98.456
TNS   : 0.000

Type  : Fast 1200mV 0C Model Setup 'q_sys_inst|enet_pll|sd1|pll7|clk[2]'
Slack : 100.346
TNS   : 0.000

Type  : Fast 1200mV 0C Model Hold 'enet_rx_clk_125m'
Slack : 0.141
TNS   : 0.000

Type  : Fast 1200mV 0C Model Hold 'enet_rx_clk_25m'
Slack : 0.141
TNS   : 0.000

Type  : Fast 1200mV 0C Model Hold 'enet_rx_clk_2m5'
Slack : 0.141
TNS   : 0.000

Type  : Fast 1200mV 0C Model Hold 'q_sys_inst|enet_pll|sd1|pll7|clk[1]'
Slack : 0.179
TNS   : 0.000

Type  : Fast 1200mV 0C Model Hold 'rds_clk0'
Slack : 0.185
TNS   : 0.000

Type  : Fast 1200mV 0C Model Hold 'hbus_clk_50m'
Slack : 0.186
TNS   : 0.000

Type  : Fast 1200mV 0C Model Hold 'q_sys_inst|enet_pll|sd1|pll7|clk[0]'
Slack : 0.186
TNS   : 0.000

Type  : Fast 1200mV 0C Model Hold 'q_sys_inst|enet_pll|sd1|pll7|clk[2]'
Slack : 0.186
TNS   : 0.000

Type  : Fast 1200mV 0C Model Hold 'q_sys_inst|sll_hyperbus_controller_top_0|U_IO|pll_.U_SLL_HBC_T001_PLL|altpll_component|auto_generated|pll1|clk[0]'
Slack : 0.186
TNS   : 0.000

Type  : Fast 1200mV 0C Model Hold 'q_sys_inst|sll_hyperbus_controller_top_0|U_IO|pll_.U_SLL_HBC_T001_PLL|altpll_component|auto_generated|pll1|clk[3]'
Slack : 0.186
TNS   : 0.000

Type  : Fast 1200mV 0C Model Hold 'altera_reserved_tck'
Slack : 0.187
TNS   : 0.000

Type  : Fast 1200mV 0C Model Hold 'c10_clk50m'
Slack : 0.195
TNS   : 0.000

Type  : Fast 1200mV 0C Model Hold 'clkout0'
Slack : 0.545
TNS   : 0.000

Type  : Fast 1200mV 0C Model Hold 'enet_tx_clk_125m'
Slack : 0.609
TNS   : 0.000

Type  : Fast 1200mV 0C Model Hold 'q_sys_inst|sll_hyperbus_controller_top_0|U_IO|pll_.U_SLL_HBC_T001_PLL|altpll_component|auto_generated|pll1|clk[1]'
Slack : 1.859
TNS   : 0.000

Type  : Fast 1200mV 0C Model Hold 'q_sys_inst|sll_hyperbus_controller_top_0|U_IO|pll_.U_SLL_HBC_T001_PLL|altpll_component|auto_generated|pll1|clk[2]'
Slack : 3.941
TNS   : 0.000

Type  : Fast 1200mV 0C Model Hold 'enet_tx_clk_25m'
Slack : 8.816
TNS   : 0.000

Type  : Fast 1200mV 0C Model Hold 'enet_tx_clk_2m5'
Slack : 102.603
TNS   : 0.000

Type  : Fast 1200mV 0C Model Recovery 'q_sys_inst|sll_hyperbus_controller_top_0|U_IO|pll_.U_SLL_HBC_T001_PLL|altpll_component|auto_generated|pll1|clk[2]'
Slack : 1.920
TNS   : 0.000

Type  : Fast 1200mV 0C Model Recovery 'q_sys_inst|sll_hyperbus_controller_top_0|U_IO|pll_.U_SLL_HBC_T001_PLL|altpll_component|auto_generated|pll1|clk[0]'
Slack : 5.156
TNS   : 0.000

Type  : Fast 1200mV 0C Model Recovery 'enet_rx_clk_125m'
Slack : 5.469
TNS   : 0.000

Type  : Fast 1200mV 0C Model Recovery 'q_sys_inst|enet_pll|sd1|pll7|clk[0]'
Slack : 6.007
TNS   : 0.000

Type  : Fast 1200mV 0C Model Recovery 'q_sys_inst|sll_hyperbus_controller_top_0|U_IO|pll_.U_SLL_HBC_T001_PLL|altpll_component|auto_generated|pll1|clk[3]'
Slack : 10.567
TNS   : 0.000

Type  : Fast 1200mV 0C Model Recovery 'q_sys_inst|enet_pll|sd1|pll7|clk[1]'
Slack : 17.809
TNS   : 0.000

Type  : Fast 1200mV 0C Model Recovery 'altera_reserved_tck'
Slack : 19.591
TNS   : 0.000

Type  : Fast 1200mV 0C Model Recovery 'enet_rx_clk_25m'
Slack : 37.469
TNS   : 0.000

Type  : Fast 1200mV 0C Model Recovery 'enet_rx_clk_2m5'
Slack : 97.469
TNS   : 0.000

Type  : Fast 1200mV 0C Model Recovery 'q_sys_inst|enet_pll|sd1|pll7|clk[2]'
Slack : 98.453
TNS   : 0.000

Type  : Fast 1200mV 0C Model Removal 'q_sys_inst|sll_hyperbus_controller_top_0|U_IO|pll_.U_SLL_HBC_T001_PLL|altpll_component|auto_generated|pll1|clk[3]'
Slack : 0.251
TNS   : 0.000

Type  : Fast 1200mV 0C Model Removal 'altera_reserved_tck'
Slack : 0.495
TNS   : 0.000

Type  : Fast 1200mV 0C Model Removal 'q_sys_inst|enet_pll|sd1|pll7|clk[1]'
Slack : 0.502
TNS   : 0.000

Type  : Fast 1200mV 0C Model Removal 'enet_rx_clk_125m'
Slack : 0.514
TNS   : 0.000

Type  : Fast 1200mV 0C Model Removal 'enet_rx_clk_25m'
Slack : 0.514
TNS   : 0.000

Type  : Fast 1200mV 0C Model Removal 'enet_rx_clk_2m5'
Slack : 0.514
TNS   : 0.000

Type  : Fast 1200mV 0C Model Removal 'q_sys_inst|enet_pll|sd1|pll7|clk[0]'
Slack : 0.666
TNS   : 0.000

Type  : Fast 1200mV 0C Model Removal 'q_sys_inst|enet_pll|sd1|pll7|clk[2]'
Slack : 0.666
TNS   : 0.000

Type  : Fast 1200mV 0C Model Removal 'q_sys_inst|sll_hyperbus_controller_top_0|U_IO|pll_.U_SLL_HBC_T001_PLL|altpll_component|auto_generated|pll1|clk[0]'
Slack : 0.735
TNS   : 0.000

Type  : Fast 1200mV 0C Model Removal 'q_sys_inst|sll_hyperbus_controller_top_0|U_IO|pll_.U_SLL_HBC_T001_PLL|altpll_component|auto_generated|pll1|clk[2]'
Slack : 4.226
TNS   : 0.000

Type  : Fast 1200mV 0C Model Minimum Pulse Width 'q_sys_inst|sll_hyperbus_controller_top_0|U_IO|pll_.U_SLL_HBC_T001_PLL|altpll_component|auto_generated|pll1|clk[1]'
Slack : 2.666
TNS   : 0.000

Type  : Fast 1200mV 0C Model Minimum Pulse Width 'rds_clk0'
Slack : 2.666
TNS   : 0.000

Type  : Fast 1200mV 0C Model Minimum Pulse Width 'q_sys_inst|sll_hyperbus_controller_top_0|U_IO|pll_.U_SLL_HBC_T001_PLL|altpll_component|auto_generated|pll1|clk[0]'
Slack : 3.065
TNS   : 0.000

Type  : Fast 1200mV 0C Model Minimum Pulse Width 'q_sys_inst|sll_hyperbus_controller_top_0|U_IO|pll_.U_SLL_HBC_T001_PLL|altpll_component|auto_generated|pll1|clk[2]'
Slack : 3.142
TNS   : 0.000

Type  : Fast 1200mV 0C Model Minimum Pulse Width 'enet_rx_clk_125m'
Slack : 3.180
TNS   : 0.000

Type  : Fast 1200mV 0C Model Minimum Pulse Width 'clkout0'
Slack : 3.329
TNS   : 0.000

Type  : Fast 1200mV 0C Model Minimum Pulse Width 'enet_clk_125m'
Slack : 3.416
TNS   : 0.000

Type  : Fast 1200mV 0C Model Minimum Pulse Width 'q_sys_inst|enet_pll|sd1|pll7|clk[0]'
Slack : 3.573
TNS   : 0.000

Type  : Fast 1200mV 0C Model Minimum Pulse Width 'q_sys_inst|enet_pll|sd1|pll7|clk[3]'
Slack : 3.654
TNS   : 0.000

Type  : Fast 1200mV 0C Model Minimum Pulse Width 'enet_tx_clk_125m'
Slack : 3.877
TNS   : 0.000

Type  : Fast 1200mV 0C Model Minimum Pulse Width 'q_sys_inst|sll_hyperbus_controller_top_0|U_IO|pll_.U_SLL_HBC_T001_PLL|altpll_component|auto_generated|pll1|clk[3]'
Slack : 6.241
TNS   : 0.000

Type  : Fast 1200mV 0C Model Minimum Pulse Width 'c10_clk50m'
Slack : 9.248
TNS   : 0.000

Type  : Fast 1200mV 0C Model Minimum Pulse Width 'hbus_clk_50m'
Slack : 9.250
TNS   : 0.000

Type  : Fast 1200mV 0C Model Minimum Pulse Width 'q_sys_inst|enet_pll|sd1|pll7|clk[1]'
Slack : 9.795
TNS   : 0.000

Type  : Fast 1200mV 0C Model Minimum Pulse Width 'enet_rx_clk_25m'
Slack : 19.180
TNS   : 0.000

Type  : Fast 1200mV 0C Model Minimum Pulse Width 'q_sys_inst|enet_pll|sd1|pll7|clk[4]'
Slack : 19.626
TNS   : 0.000

Type  : Fast 1200mV 0C Model Minimum Pulse Width 'enet_tx_clk_25m'
Slack : 19.849
TNS   : 0.000

Type  : Fast 1200mV 0C Model Minimum Pulse Width 'altera_reserved_tck'
Slack : 20.163
TNS   : 0.000

Type  : Fast 1200mV 0C Model Minimum Pulse Width 'enet_rx_clk_2m5'
Slack : 199.180
TNS   : 0.000

Type  : Fast 1200mV 0C Model Minimum Pulse Width 'q_sys_inst|enet_pll|sd1|pll7|clk[2]'
Slack : 199.602
TNS   : 0.000

Type  : Fast 1200mV 0C Model Minimum Pulse Width 'enet_tx_clk_2m5'
Slack : 200.000
TNS   : 0.000

Type  : Fast 1200mV 0C Model Max Skew 'set_max_skew'
Slack : 6.384

Type  : Fast 1200mV 0C Model Max Skew 'set_max_skew'
Slack : 6.425

Type  : Fast 1200mV 0C Model Max Skew 'set_max_skew'
Slack : 6.459

Type  : Fast 1200mV 0C Model Max Skew 'set_max_skew'
Slack : 6.503

Type  : Fast 1200mV 0C Model Max Skew 'set_max_skew'
Slack : 6.747

Type  : Fast 1200mV 0C Model Max Skew 'set_max_skew'
Slack : 6.749

Type  : Fast 1200mV 0C Model Max Skew 'set_max_skew'
Slack : 6.790

Type  : Fast 1200mV 0C Model Max Skew 'set_max_skew'
Slack : 6.848

Type  : Fast 1200mV 0C Model Max Skew 'set_max_skew'
Slack : 6.861

Type  : Fast 1200mV 0C Model Max Skew 'set_max_skew'
Slack : 6.884

Type  : Fast 1200mV 0C Model Max Skew 'set_max_skew'
Slack : 7.027

Type  : Fast 1200mV 0C Model Max Skew 'set_max_skew'
Slack : 7.036

Type  : Fast 1200mV 0C Model Net Delay 'set_net_delay'
Slack : 3.237

Type  : Fast 1200mV 0C Model Net Delay 'set_net_delay'
Slack : 3.458

Type  : Fast 1200mV 0C Model Net Delay 'set_net_delay'
Slack : 5.047

Type  : Fast 1200mV 0C Model Net Delay 'set_net_delay'
Slack : 5.307

Type  : Fast 1200mV 0C Model Net Delay 'set_net_delay'
Slack : 5.324

Type  : Fast 1200mV 0C Model Net Delay 'set_net_delay'
Slack : 5.340

Type  : Fast 1200mV 0C Model Net Delay 'set_net_delay'
Slack : 5.357

Type  : Fast 1200mV 0C Model Net Delay 'set_net_delay'
Slack : 5.446

Type  : Fast 1200mV 0C Model Net Delay 'set_net_delay'
Slack : 5.634

Type  : Fast 1200mV 0C Model Net Delay 'set_net_delay'
Slack : 5.636

Type  : Fast 1200mV 0C Model Net Delay 'set_net_delay'
Slack : 8.098

Type  : Fast 1200mV 0C Model Net Delay 'set_net_delay'
Slack : 9.070

------------------------------------------------------------
