Flow report for FPGAEncrypt
Wed Nov 19 09:06:07 2025
Quartus Prime Version 18.1.0 Build 625 09/12/2018 SJ Lite Edition


---------------------
; Table of Contents ;
---------------------
  1. Legal Notice
  2. Flow Summary
  3. Flow Settings
  4. Flow Non-Default Global Settings
  5. Flow Elapsed Time
  6. Flow OS Summary
  7. Flow Log
  8. Flow Messages
  9. Flow Suppressed Messages



----------------
; Legal Notice ;
----------------
Copyright (C) 2018  Intel Corporation. All rights reserved.
Your use of Intel Corporation's design tools, logic functions 
and other software and tools, and its AMPP partner logic 
functions, and any output files from any of the foregoing 
(including device programming or simulation files), and any 
associated documentation or information are expressly subject 
to the terms and conditions of the Intel Program License 
Subscription Agreement, the Intel Quartus Prime License Agreement,
the Intel FPGA IP License Agreement, or other applicable license
agreement, including, without limitation, that your use is for
the sole purpose of programming logic devices manufactured by
Intel and sold by Intel or its authorized distributors.  Please
refer to the applicable agreement for further details.



+----------------------------------------------------------------------------------+
; Flow Summary                                                                     ;
+------------------------------------+---------------------------------------------+
; Flow Status                        ; Successful - Wed Nov 19 09:05:57 2025       ;
; Quartus Prime Version              ; 18.1.0 Build 625 09/12/2018 SJ Lite Edition ;
; Revision Name                      ; FPGAEncrypt                                 ;
; Top-level Entity Name              ; c10lp_rgmii                                 ;
; Family                             ; Cyclone 10 LP                               ;
; Device                             ; 10CL025YU256I7G                             ;
; Timing Models                      ; Final                                       ;
; Total logic elements               ; 16,117 / 24,624 ( 65 % )                    ;
;     Total combinational functions  ; 12,762 / 24,624 ( 52 % )                    ;
;     Dedicated logic registers      ; 10,526 / 24,624 ( 43 % )                    ;
; Total registers                    ; 10562                                       ;
; Total pins                         ; 138 / 151 ( 91 % )                          ;
; Total virtual pins                 ; 0                                           ;
; Total memory bits                  ; 295,136 / 608,256 ( 49 % )                  ;
; Embedded Multiplier 9-bit elements ; 6 / 132 ( 5 % )                             ;
; Total PLLs                         ; 2 / 4 ( 50 % )                              ;
+------------------------------------+---------------------------------------------+


+-----------------------------------------+
; Flow Settings                           ;
+-------------------+---------------------+
; Option            ; Setting             ;
+-------------------+---------------------+
; Start date & time ; 11/19/2025 09:01:40 ;
; Main task         ; Compilation         ;
; Revision Name     ; FPGAEncrypt         ;
+-------------------+---------------------+


+-------------------------------------------------------------------------------------------------------------------------------------------+
; Flow Non-Default Global Settings                                                                                                          ;
+---------------------------------------------------+----------------------------------------+---------------+-------------+----------------+
; Assignment Name                                   ; Value                                  ; Default Value ; Entity Name ; Section Id     ;
+---------------------------------------------------+----------------------------------------+---------------+-------------+----------------+
; ADV_NETLIST_OPT_SYNTH_WYSIWYG_REMAP               ; On                                     ; Off           ; --          ; --             ;
; ALLOW_REGISTER_MERGING                            ; Off                                    ; On            ; --          ; --             ;
; ALLOW_REGISTER_RETIMING                           ; Off                                    ; On            ; --          ; --             ;
; COMPILER_SIGNATURE_ID                             ; 14071519436722.176355369908000         ; --            ; --          ; --             ;
; CYCLONEII_OPTIMIZATION_TECHNIQUE                  ; Speed                                  ; Balanced      ; --          ; --             ;
; ECO_REGENERATE_REPORT                             ; On                                     ; Off           ; --          ; --             ;
; EDA_OUTPUT_DATA_FORMAT                            ; None                                   ; --            ; --          ; eda_simulation ;
; ENABLE_SIGNALTAP                                  ; Off                                    ; --            ; --          ; --             ;
; FITTER_EFFORT                                     ; Standard Fit                           ; Auto Fit      ; --          ; --             ;
; FIT_ATTEMPTS_TO_SKIP                              ; 0                                      ; 0.0           ; --          ; --             ;
; MAX_CORE_JUNCTION_TEMP                            ; 100                                    ; --            ; --          ; --             ;
; MIN_CORE_JUNCTION_TEMP                            ; 0                                      ; --            ; --          ; --             ;
; MISC_FILE                                         ; ip/AlteraIP/enet_clk_ddio.bsf          ; --            ; --          ; --             ;
; MISC_FILE                                         ; ip/AlteraIP/enet_clk_ddio_inst.v       ; --            ; --          ; --             ;
; MISC_FILE                                         ; ip/AlteraIP/enet_clk_ddio_bb.v         ; --            ; --          ; --             ;
; MISC_FILE                                         ; ip/AlteraIP/enet_clk_ddio.inc          ; --            ; --          ; --             ;
; MISC_FILE                                         ; ip/AlteraIP/enet_clk_ddio.cmp          ; --            ; --          ; --             ;
; MISC_FILE                                         ; ip/AlteraIP/enet_clk_ddio.ppf          ; --            ; --          ; --             ;
; MUX_RESTRUCTURE                                   ; Off                                    ; Auto          ; --          ; --             ;
; OPTIMIZATION_MODE                                 ; High Performance Effort                ; Balanced      ; --          ; --             ;
; OUTPUT_IO_TIMING_FAR_END_VMEAS                    ; Half Signal Swing                      ; --            ; --          ; --             ;
; OUTPUT_IO_TIMING_FAR_END_VMEAS                    ; Half Signal Swing                      ; --            ; --          ; --             ;
; OUTPUT_IO_TIMING_NEAR_END_VMEAS                   ; Half Vccio                             ; --            ; --          ; --             ;
; OUTPUT_IO_TIMING_NEAR_END_VMEAS                   ; Half Vccio                             ; --            ; --          ; --             ;
; PARTITION_COLOR                                   ; -- (Not supported for targeted family) ; --            ; c10lp_rgmii ; Top            ;
; PARTITION_FITTER_PRESERVATION_LEVEL               ; -- (Not supported for targeted family) ; --            ; c10lp_rgmii ; Top            ;
; PARTITION_NETLIST_TYPE                            ; -- (Not supported for targeted family) ; --            ; c10lp_rgmii ; Top            ;
; PHYSICAL_SYNTHESIS_ASYNCHRONOUS_SIGNAL_PIPELINING ; On                                     ; Off           ; --          ; --             ;
; PHYSICAL_SYNTHESIS_COMBO_LOGIC                    ; On                                     ; Off           ; --          ; --             ;
; PHYSICAL_SYNTHESIS_COMBO_LOGIC_FOR_AREA           ; On                                     ; Off           ; --          ; --             ;
; PHYSICAL_SYNTHESIS_REGISTER_DUPLICATION           ; On                                     ; Off           ; --          ; --             ;
; PLACEMENT_EFFORT_MULTIPLIER                       ; 4.0                                    ; 1.0           ; --          ; --             ;
; POWER_BOARD_THERMAL_MODEL                         ; None (CONSERVATIVE)                    ; --            ; --          ; --             ;
; POWER_PRESET_COOLING_SOLUTION                     ; 23 MM HEAT SINK WITH 200 LFPM AIRFLOW  ; --            ; --          ; --             ;
; PROJECT_OUTPUT_DIRECTORY                          ; output_files                           ; --            ; --          ; --             ;
; QII_AUTO_PACKED_REGISTERS                         ; Normal                                 ; Auto          ; --          ; --             ;
; REMOVE_DUPLICATE_REGISTERS                        ; Off                                    ; On            ; --          ; --             ;
; ROUTER_CLOCKING_TOPOLOGY_ANALYSIS                 ; On                                     ; Off           ; --          ; --             ;
; ROUTER_LCELL_INSERTION_AND_LOGIC_DUPLICATION      ; On                                     ; Auto          ; --          ; --             ;
; ROUTER_TIMING_OPTIMIZATION_LEVEL                  ; MAXIMUM                                ; Normal        ; --          ; --             ;
; TOP_LEVEL_ENTITY                                  ; c10lp_rgmii                            ; FPGAEncrypt   ; --          ; --             ;
; USE_SIGNALTAP_FILE                                ; ethernet_debug_rev.stp                 ; --            ; --          ; --             ;
+---------------------------------------------------+----------------------------------------+---------------+-------------+----------------+


+--------------------------------------------------------------------------------------------------------------------------+
; Flow Elapsed Time                                                                                                        ;
+----------------------+--------------+-------------------------+---------------------+------------------------------------+
; Module Name          ; Elapsed Time ; Average Processors Used ; Peak Virtual Memory ; Total CPU Time (on all processors) ;
+----------------------+--------------+-------------------------+---------------------+------------------------------------+
; Analysis & Synthesis ; 00:02:35     ; 1.0                     ; 5429 MB             ; 00:02:48                           ;
; Fitter               ; 00:01:23     ; 2.0                     ; 6296 MB             ; 00:04:19                           ;
; Assembler            ; 00:00:03     ; 1.0                     ; 4752 MB             ; 00:00:03                           ;
; Timing Analyzer      ; 00:00:09     ; 2.0                     ; 5090 MB             ; 00:00:15                           ;
; Total                ; 00:04:10     ; --                      ; --                  ; 00:07:25                           ;
+----------------------+--------------+-------------------------+---------------------+------------------------------------+


+------------------------------------------------------------------------------------+
; Flow OS Summary                                                                    ;
+----------------------+------------------+------------+------------+----------------+
; Module Name          ; Machine Hostname ; OS Name    ; OS Version ; Processor type ;
+----------------------+------------------+------------+------------+----------------+
; Analysis & Synthesis ; NITRO-PEDRO      ; Windows 10 ; 10.0       ; x86_64         ;
; Fitter               ; NITRO-PEDRO      ; Windows 10 ; 10.0       ; x86_64         ;
; Assembler            ; NITRO-PEDRO      ; Windows 10 ; 10.0       ; x86_64         ;
; Timing Analyzer      ; NITRO-PEDRO      ; Windows 10 ; 10.0       ; x86_64         ;
+----------------------+------------------+------------+------------+----------------+


------------
; Flow Log ;
------------
quartus_map --read_settings_files=on --write_settings_files=off FPGAEncrypt -c FPGAEncrypt
quartus_fit --read_settings_files=off --write_settings_files=off FPGAEncrypt -c FPGAEncrypt
quartus_asm --read_settings_files=off --write_settings_files=off FPGAEncrypt -c FPGAEncrypt
quartus_sta FPGAEncrypt -c FPGAEncrypt



